11-29 08:35:07.507 W/PackageManager( 1829): Not removing non-existent package com.albacontrol
11-29 08:38:00.296 W/PackageFreezer( 1829): Freeze package com.albacontrol about 0.285 seconds for reason: installPackageLI
11-29 08:38:00.300 I/BackupManagerService( 1829): [UserID:0] restoreAtInstall pkg=com.albacontrol token=51 restoreSet=0
11-29 08:38:00.301 I/InstallationTiming( 1829): com.albacontrol|null|10142|811|45|147|0|3673|0
11-29 08:38:00.302 I/AppsFilter( 1829): interaction: PackageSetting{477e120 com.example.albacontrol.test/10890} -> PackageSetting{4bf0a93 com.albacontrol/10217} BLOCKED
11-29 08:38:00.302 I/AppsFilter( 1829): interaction: PackageSetting{cb4ac9e com.fido.asm/10152} -> PackageSetting{4bf0a93 com.albacontrol/10217} BLOCKED
11-29 08:38:00.302 I/AppsFilter( 1829): interaction: PackageSetting{7d59ec0 com.example.albacontrol/10113} -> PackageSetting{4bf0a93 com.albacontrol/10217} BLOCKED
11-29 08:38:00.317 I/MiuiCompatModePackages( 1829): package com.albacontrol updated, removing config
11-29 08:38:00.701 E/VerityUtils( 1829): Failed to measure fs-verity, errno 1: /data/app/~~_Ya1EzbwulYCUUXkYIoBHQ==/com.albacontrol-LwD909yJplc7_ajAdjgQQA==/base.apk
11-29 08:38:00.897 I/AppsFilter( 1829): interaction: PackageSetting{477e120 com.example.albacontrol.test/10890} -> PackageSetting{ce75a3c com.albacontrol/10217} BLOCKED
11-29 08:38:00.897 I/AppsFilter( 1829): interaction: PackageSetting{cb4ac9e com.fido.asm/10152} -> PackageSetting{ce75a3c com.albacontrol/10217} BLOCKED
11-29 08:38:00.897 I/AppsFilter( 1829): interaction: PackageSetting{7d59ec0 com.example.albacontrol/10113} -> PackageSetting{ce75a3c com.albacontrol/10217} BLOCKED
11-29 08:38:00.994 W/BackupTransportManager( 1829): Package com.albacontrol enabled setting: 0
11-29 08:38:20.585 I/ActivityTaskManager( 1829): START u0 {act=android.intent.action.MAIN cat=[android.intent.category.LAUNCHER] flg=0x10200000 cmp=com.albacontrol/.MainActivity bnds=[833,604][1006,777] (has extras)} from uid 10103 from pid 3272 callingPackage com.miui.home
11-29 08:38:20.607 I/WindowManager( 1829): When perf version lower than 2.3, MiGTStub result: false, gameType: 1, packageName: com.albacontrol
11-29 08:38:20.618 D/WindowManager( 1829): setLockTaskAuth: task=Task{ed524ef #327 type=standard A=10217:com.albacontrol U=0 visible=false visibleRequested=false mode=fullscreen translucent=true sz=0} mLockTaskAuth=LOCK_TASK_AUTH_PINNABLE
11-29 08:38:20.621 D/WindowManager( 1829): setLockTaskAuth: task=Task{ed524ef #327 type=standard A=10217:com.albacontrol U=0 visible=true visibleRequested=false mode=fullscreen translucent=true sz=1} mLockTaskAuth=LOCK_TASK_AUTH_PINNABLE
11-29 08:38:20.640 I/SmartPower.com.albacontrol/10217(0)( 1829): -1->invisible(0ms) R(become foreground) adj=-10000.
11-29 08:38:20.663 D/Boost   ( 1829): hostingType=next-top-activity, hostingName={com.albacontrol/com.albacontrol.MainActivity}, callerPackage=com.miui.home, isSystem=true, isBoostNeeded=false.
11-29 08:38:20.679 I/ActivityManager( 1829): Start proc 20190:com.albacontrol/u0a217 for next-top-activity {com.albacontrol/com.albacontrol.MainActivity} caller=com.miui.home
11-29 08:38:20.682 D/CoreBackPreview( 1829): Window{b02a683 u0 Splash Screen com.albacontrol}: Setting back callback OnBackInvokedCallbackInfo{mCallback=android.window.IOnBackInvokedCallback$Stub$Proxy@33f27df, mPriority=0}
11-29 08:38:20.721 I/SmartPower.com.albacontrol/10217(0)( 1829): invisible->visible(81ms) R(become visible) adj=-10000.
11-29 08:38:20.733 I/WindowManager( 1829): wms.showSurfaceRobustly mWin:Window{b02a683 u0 Splash Screen com.albacontrol}
11-29 08:38:21.514 D/CoreBackPreview( 1829): Window{b19353d u0 com.albacontrol/com.albacontrol.MainActivity}: Setting back callback OnBackInvokedCallbackInfo{mCallback=android.window.IOnBackInvokedCallback$Stub$Proxy@1b89800, mPriority=0}
11-29 08:38:21.516 W/Looper  (20190): PerfMonitor looperActivity : package=com.albacontrol/.MainActivity time=244ms latency=414ms  procState=-1  historyMsgCount=3
11-29 08:38:21.517 W/Looper  (20190): PerfMonitor looperActivity : package=com.albacontrol/.MainActivity time=0ms latency=658ms  procState=-1  historyMsgCount=4
11-29 08:38:21.548 D/WindowManager( 1829): wms.Input focus has changed to Window{b19353d u0 com.albacontrol/com.albacontrol.MainActivity} display=0 updateInputWindows = true
11-29 08:38:21.549 D/WindowManager( 1829): wms.Update InputWindowHandle: b19353d com.albacontrol/com.albacontrol.MainActivity, frame=[0,0,0,0], touchableRegion=SkRegion((0,0,1080,2400)), scaleFactor=1.0, transform=null, windowToken=android.os.BinderProxy@5da694, isClone=false, visibal=true, focusable=true, changed=true
11-29 08:38:21.802 D/WindowManager( 1829): wms.finishDrawingLocked: mDrawState=COMMIT_DRAW_PENDING Window{b19353d u0 com.albacontrol/com.albacontrol.MainActivity} in Surface(name=com.albacontrol/com.albacontrol.MainActivity)/@0xe054a90
11-29 08:38:21.803 D/MiuiFreeFormGesturePointerEventListener( 1829): finishDrawingWindow: topFullScreenWindow= Window{b19353d u0 com.albacontrol/com.albacontrol.MainActivity}
11-29 08:38:21.818 I/WindowManager( 1829): wms.showSurfaceRobustly mWin:Window{b19353d u0 com.albacontrol/com.albacontrol.MainActivity}
11-29 08:38:21.831 D/WindowManager( 1829): wms.Update InputWindowHandle: b19353d com.albacontrol/com.albacontrol.MainActivity, frame=[0,0,0,0], touchableRegion=SkRegion((0,0,1080,2400)), scaleFactor=1.0, transform=null, windowToken=android.os.BinderProxy@5da694, isClone=false, visibal=true, focusable=true, changed=true
11-29 08:38:21.871 D/WindowManager( 1829): wms.Update InputWindowHandle: b19353d com.albacontrol/com.albacontrol.MainActivity, frame=[0,0,0,0], touchableRegion=SkRegion((0,0,1080,2400)), scaleFactor=1.0, transform=null, windowToken=android.os.BinderProxy@5da694, isClone=false, visibal=true, focusable=true, changed=true
11-29 08:38:21.889 D/CoreBackPreview( 1829): Window{b02a683 u0 Splash Screen com.albacontrol EXITING}: Setting back callback null
11-29 08:38:28.811 D/WindowManager( 1829): wms.Input focus has changed to Window{b19353d u0 com.albacontrol/com.albacontrol.MainActivity} display=0 updateInputWindows = true
11-29 08:38:28.871 D/PerfShielderService( 1829): com.albacontrol|com.albacontrol/com.albacontrol.MainActivity|89|80305843457020|81|5|2
11-29 08:38:28.872 W/MiuiPerfServiceClient( 5087): interceptAndQueuing:20190|com.albacontrol|89|81|80305843457020|Slow issue draw commands|2
11-29 08:38:31.570 W/NotificationService( 1829): Toast already killed. pkg=com.albacontrol token=android.os.BinderProxy@60561a0
11-29 08:38:34.767 E/AndroidRuntime(20190): Process: com.albacontrol, PID: 20190
11-29 08:38:34.767 E/AndroidRuntime(20190): 	at com.albacontrol.ui.NuevoAlbaranFragment.pickImageLauncher_delegate$lambda$4(NuevoAlbaranFragment.kt:61)
11-29 08:38:34.767 E/AndroidRuntime(20190): 	at com.albacontrol.ui.NuevoAlbaranFragment.$r8$lambda$3ph4r9JNIWg1mUpQPTF4mjhwwaw(Unknown Source:0)
11-29 08:38:34.767 E/AndroidRuntime(20190): 	at com.albacontrol.ui.NuevoAlbaranFragment$$ExternalSyntheticLambda1.invoke(D8$$SyntheticClass:0)
11-29 08:38:34.767 E/AndroidRuntime(20190): 	at com.albacontrol.ui.NuevoAlbaranFragment.getPickImageLauncher(NuevoAlbaranFragment.kt:60)
11-29 08:38:34.767 E/AndroidRuntime(20190): 	at com.albacontrol.ui.NuevoAlbaranFragment.onCreateView$lambda$13(NuevoAlbaranFragment.kt:171)
11-29 08:38:34.767 E/AndroidRuntime(20190): 	at com.albacontrol.ui.NuevoAlbaranFragment.$r8$lambda$ZCiGtvrzA-D6N2RUAKoS6WVHSFc(Unknown Source:0)
11-29 08:38:34.767 E/AndroidRuntime(20190): 	at com.albacontrol.ui.NuevoAlbaranFragment$$ExternalSyntheticLambda14.onClick(D8$$SyntheticClass:0)
11-29 08:38:34.814 W/ActivityTaskManager( 1829):   Force finishing activity com.albacontrol/.MainActivity
11-29 08:38:34.885 I/ActivityManager( 1829): Process com.albacontrol (pid 20190) has died: fg  TOP 
11-29 08:38:34.885 I/WindowManager( 1829): WIN DEATH: Window{b19353d u0 com.albacontrol/com.albacontrol.MainActivity}
11-29 08:38:35.069 W/WindowManager( 1829): Failed to deliver inset state change to w=Window{b19353d u0 com.albacontrol/com.albacontrol.MainActivity EXITING}
11-29 08:38:35.089 W/WindowManager( 1829): Exception thrown during dispatchAppVisibility Window{b19353d u0 com.albacontrol/com.albacontrol.MainActivity EXITING}
11-29 08:38:35.318 W/ActivityTaskManager( 1829): Activity top resumed state loss timeout for ActivityRecord{22d9dce u0 com.albacontrol/.MainActivity} t-1 f}}
11-29 08:38:35.769 W/NotificationService( 1829): Toast already killed. pkg=com.albacontrol token=android.os.BinderProxy@d5675e
11-29 08:38:44.366 I/ActivityTaskManager( 1829): START u0 {act=android.intent.action.MAIN cat=[android.intent.category.LAUNCHER] flg=0x10300000 cmp=com.albacontrol/.MainActivity (has extras)} from uid 10103 from pid -1 callingPackage com.miui.home
11-29 08:38:44.368 D/WindowManager( 1829): setLockTaskAuth: task=Task{ed524ef #327 type=standard A=10217:com.albacontrol U=0 visible=false visibleRequested=false mode=fullscreen translucent=true sz=0} mLockTaskAuth=LOCK_TASK_AUTH_PINNABLE
11-29 08:38:44.371 D/WindowManager( 1829): setLockTaskAuth: task=Task{ed524ef #327 type=standard A=10217:com.albacontrol U=0 visible=false visibleRequested=false mode=fullscreen translucent=true sz=1} mLockTaskAuth=LOCK_TASK_AUTH_PINNABLE
11-29 08:38:44.391 D/CoreBackPreview( 1829): Window{f3f40b3 u0 Splash Screen com.albacontrol}: Setting back callback OnBackInvokedCallbackInfo{mCallback=android.window.IOnBackInvokedCallback$Stub$Proxy@9a75a6e, mPriority=0}
11-29 08:38:44.415 D/Boost   ( 1829): hostingType=next-top-activity, hostingName={com.albacontrol/com.albacontrol.MainActivity}, callerPackage=com.miui.home, isSystem=true, isBoostNeeded=false.
11-29 08:38:44.417 I/ActivityManager( 1829): Start proc 20542:com.albacontrol/u0a217 for next-top-activity {com.albacontrol/com.albacontrol.MainActivity} caller=com.miui.home
11-29 08:38:44.501 I/SmartPower.com.albacontrol/10217(20542)( 1829): died->invisible(9616ms) R(process start ) adj=-10000.
11-29 08:38:44.528 I/SmartPower.com.albacontrol/10217(20542)( 1829): invisible->visible(27ms) R(become visible) adj=0.
11-29 08:38:44.538 I/WindowManager( 1829): wms.showSurfaceRobustly mWin:Window{f3f40b3 u0 Splash Screen com.albacontrol}
11-29 08:38:45.059 D/CoreBackPreview( 1829): Window{c0cb582 u0 com.albacontrol/com.albacontrol.MainActivity}: Setting back callback OnBackInvokedCallbackInfo{mCallback=android.window.IOnBackInvokedCallback$Stub$Proxy@a86bcd0, mPriority=0}
11-29 08:38:45.061 W/Looper  (20542): PerfMonitor looperActivity : package=com.albacontrol/.MainActivity time=208ms latency=338ms  procState=-1  historyMsgCount=3
11-29 08:38:45.061 W/Looper  (20542): PerfMonitor looperActivity : package=com.albacontrol/.MainActivity time=0ms latency=546ms  procState=-1  historyMsgCount=4
11-29 08:38:45.084 D/WindowManager( 1829): wms.Input focus has changed to Window{c0cb582 u0 com.albacontrol/com.albacontrol.MainActivity} display=0 updateInputWindows = true
11-29 08:38:45.086 D/WindowManager( 1829): wms.Update InputWindowHandle: c0cb582 com.albacontrol/com.albacontrol.MainActivity, frame=[0,0,0,0], touchableRegion=SkRegion((0,0,1080,2400)), scaleFactor=1.0, transform=null, windowToken=android.os.BinderProxy@f0b98cd, isClone=false, visibal=true, focusable=true, changed=true
11-29 08:38:45.168 D/WindowManager( 1829): wms.finishDrawingLocked: mDrawState=COMMIT_DRAW_PENDING Window{c0cb582 u0 com.albacontrol/com.albacontrol.MainActivity} in Surface(name=com.albacontrol/com.albacontrol.MainActivity)/@0xc1772da
11-29 08:38:45.168 D/MiuiFreeFormGesturePointerEventListener( 1829): finishDrawingWindow: topFullScreenWindow= Window{c0cb582 u0 com.albacontrol/com.albacontrol.MainActivity}
11-29 08:38:45.174 I/WindowManager( 1829): wms.showSurfaceRobustly mWin:Window{c0cb582 u0 com.albacontrol/com.albacontrol.MainActivity}
11-29 08:38:45.179 D/WindowManager( 1829): wms.Update InputWindowHandle: c0cb582 com.albacontrol/com.albacontrol.MainActivity, frame=[0,0,0,0], touchableRegion=SkRegion((0,0,1080,2400)), scaleFactor=1.0, transform=null, windowToken=android.os.BinderProxy@f0b98cd, isClone=false, visibal=true, focusable=true, changed=true
11-29 08:38:45.204 D/CoreBackPreview( 1829): Window{f3f40b3 u0 Splash Screen com.albacontrol}: Setting back callback null
11-29 08:38:45.222 D/WindowManager( 1829): wms.Update InputWindowHandle: c0cb582 com.albacontrol/com.albacontrol.MainActivity, frame=[0,0,0,0], touchableRegion=SkRegion((0,0,1080,2400)), scaleFactor=1.0, transform=null, windowToken=android.os.BinderProxy@f0b98cd, isClone=false, visibal=true, focusable=true, changed=true
11-29 08:38:45.439 I/SmartPower.com.albacontrol/10217(20542)( 1829): visible->invisible(911ms) R(become invisible) adj=200.
11-29 08:38:45.439 I/SmartPower.com.albacontrol/10217(20542)( 1829): invisible->background(0ms) R(become background) adj=200.
11-29 08:38:49.604 I/AppsFilter( 1829): interaction: PackageSetting{12c89c1 com.albacontrol/10217} -> PackageSetting{7abad5c com.example.albacontrol/10113} BLOCKED
11-29 08:38:50.442 I/SmartPower.com.albacontrol/10217(20542)( 1829): background->idle(5003ms) R(become background) adj=700.
11-29 08:38:52.556 I/ActivityTaskManager( 1829): START u0 {act=android.intent.action.MAIN cat=[android.intent.category.LAUNCHER] flg=0x10200000 cmp=com.albacontrol/.MainActivity bnds=[329,970][502,1143] (has extras)} from uid 10103 from pid 3272 callingPackage com.miui.home
11-29 08:38:52.559 I/SmartPower.com.albacontrol/10217(20542)( 1829): idle->invisible(2117ms) R(become foreground) adj=700.
11-29 08:38:52.628 D/WindowManager( 1829): wms.Input focus has changed to Window{c0cb582 u0 com.albacontrol/com.albacontrol.MainActivity} display=0 updateInputWindows = true
11-29 08:38:52.631 D/WindowManager( 1829): wms.Update InputWindowHandle: c0cb582 com.albacontrol/com.albacontrol.MainActivity, frame=[0,0,0,0], touchableRegion=SkRegion((0,0,1080,2400)), scaleFactor=1.0, transform=null, windowToken=android.os.BinderProxy@f0b98cd, isClone=false, visibal=true, focusable=true, changed=true
11-29 08:38:52.641 D/WindowManager( 1829): wms.finishDrawingLocked: mDrawState=COMMIT_DRAW_PENDING Window{c0cb582 u0 com.albacontrol/com.albacontrol.MainActivity} in Surface(name=com.albacontrol/com.albacontrol.MainActivity)/@0x1bf7259
11-29 08:38:52.641 D/MiuiFreeFormGesturePointerEventListener( 1829): finishDrawingWindow: topFullScreenWindow= Window{c0cb582 u0 com.albacontrol/com.albacontrol.MainActivity}
11-29 08:38:52.648 I/SmartPower.com.albacontrol/10217(20542)( 1829): invisible->visible(89ms) R(become visible) adj=0.
11-29 08:38:52.654 I/WindowManager( 1829): wms.showSurfaceRobustly mWin:Window{c0cb582 u0 com.albacontrol/com.albacontrol.MainActivity}
11-29 08:38:52.840 D/WindowManager( 1829): wms.Update InputWindowHandle: c0cb582 com.albacontrol/com.albacontrol.MainActivity, frame=[0,0,0,0], touchableRegion=SkRegion((0,0,1080,2400)), scaleFactor=1.0, transform=null, windowToken=android.os.BinderProxy@f0b98cd, isClone=false, visibal=true, focusable=true, changed=true
11-29 08:38:56.278 I/AppsFilter( 1829): interaction: PackageSetting{93b76c9 com.albacontrol/10217} -> PackageSetting{4f901ce com.google.android.apps.docs/10285} BLOCKED
11-29 08:39:02.340 D/ContentCapturePerUserService( 1829): Notified activity assist data for activity: Token{bd14e04 ActivityRecord{18d1a17 u0 com.albacontrol/.MainActivity} t327}} without a session Id
11-29 08:39:02.519 I/WindowManager( 1829): WMS.showImePostLayout(), imeTarget = Window{c0cb582 u0 com.albacontrol/com.albacontrol.MainActivity}
11-29 08:39:07.923 E/AndroidRuntime(20542): Process: com.albacontrol, PID: 20542
11-29 08:39:07.923 E/AndroidRuntime(20542): 	at com.albacontrol.ui.NuevoAlbaranFragment.takePictureLauncher_delegate$lambda$1(NuevoAlbaranFragment.kt:53)
11-29 08:39:07.923 E/AndroidRuntime(20542): 	at com.albacontrol.ui.NuevoAlbaranFragment.$r8$lambda$sIOxErq92F75t_fo7pEroMdnlzg(Unknown Source:0)
11-29 08:39:07.923 E/AndroidRuntime(20542): 	at com.albacontrol.ui.NuevoAlbaranFragment$$ExternalSyntheticLambda29.invoke(D8$$SyntheticClass:0)
11-29 08:39:07.923 E/AndroidRuntime(20542): 	at com.albacontrol.ui.NuevoAlbaranFragment.getTakePictureLauncher(NuevoAlbaranFragment.kt:52)
11-29 08:39:07.923 E/AndroidRuntime(20542): 	at com.albacontrol.ui.NuevoAlbaranFragment.onCreateView$lambda$12(NuevoAlbaranFragment.kt:166)
11-29 08:39:07.923 E/AndroidRuntime(20542): 	at com.albacontrol.ui.NuevoAlbaranFragment.$r8$lambda$DH4u9FpnYTpKQK3_3fHJ5IKlaLE(Unknown Source:0)
11-29 08:39:07.923 E/AndroidRuntime(20542): 	at com.albacontrol.ui.NuevoAlbaranFragment$$ExternalSyntheticLambda13.onClick(D8$$SyntheticClass:0)
11-29 08:39:07.961 W/ActivityTaskManager( 1829):   Force finishing activity com.albacontrol/.MainActivity
11-29 08:39:07.995 I/ActivityManager( 1829): Showing crash dialog for package com.albacontrol u0
11-29 08:39:08.242 D/WindowManager( 1829): wms.Input focus has changed to Window{98ce7e0 u0 Application Error: com.albacontrol} display=0 updateInputWindows = false
11-29 08:39:08.244 D/WindowManager( 1829): wms.Focus not requested for window=Window{98ce7e0 u0 Application Error: com.albacontrol} because it has no surface or is not focusable.
11-29 08:39:08.244 D/CoreBackPreview( 1829): Window{98ce7e0 u0 Application Error: com.albacontrol}: Setting back callback OnBackInvokedCallbackInfo{mCallback=android.window.WindowOnBackInvokedDispatcher$OnBackInvokedCallbackWrapper@8019c0d, mPriority=0}
11-29 08:39:08.263 D/WindowManager( 1829): wms.Update InputWindowHandle: 98ce7e0 Application Error: com.albacontrol, frame=[0,0,0,0], touchableRegion=SkRegion((-1114,-3747,2126,3453)), scaleFactor=1.0, transform=null, windowToken=android.view.ViewRootImpl$W@ed4119d, isClone=false, visibal=true, focusable=true, changed=true
11-29 08:39:08.288 D/WindowManager( 1829): wms.finishDrawingLocked: mDrawState=COMMIT_DRAW_PENDING Window{98ce7e0 u0 Application Error: com.albacontrol} in Surface(name=Application Error: com.albacontrol)/@0x19ff934
11-29 08:39:08.299 I/WindowManager( 1829): wms.showSurfaceRobustly mWin:Window{98ce7e0 u0 Application Error: com.albacontrol}
11-29 08:39:08.464 W/ActivityTaskManager( 1829): Activity top resumed state loss timeout for ActivityRecord{18d1a17 u0 com.albacontrol/.MainActivity} t327 f}}
11-29 08:39:08.484 W/ActivityTaskManager( 1829): Activity pause timeout for ActivityRecord{18d1a17 u0 com.albacontrol/.MainActivity} t327 f}}
11-29 08:39:08.631 I/SmartPower.com.albacontrol/10217(20542)( 1829): visible->invisible(15983ms) R(become invisible) adj=200.
11-29 08:39:08.631 I/SmartPower.com.albacontrol/10217(20542)( 1829): invisible->background(0ms) R(become background) adj=200.
11-29 08:39:09.622 D/CoreBackPreview( 1829): Window{98ce7e0 u0 Application Error: com.albacontrol}: Setting back callback null
11-29 08:39:09.622 W/WindowManager( 1829):   Force finishing activity com.albacontrol/.MainActivity
11-29 08:39:09.626 I/WindowManager( 1829): wms.showSurfaceRobustly mWin:Window{c0cb582 u0 com.albacontrol/com.albacontrol.MainActivity}
11-29 08:39:09.640 I/ActivityManager( 1829): Killing 20542:com.albacontrol/u0a217 (adj 900): crash
11-29 08:39:11.877 I/ActivityTaskManager( 1829): START u0 {act=android.intent.action.MAIN cat=[android.intent.category.LAUNCHER] flg=0x10200000 cmp=com.albacontrol/.MainActivity bnds=[328,606][501,779] (has extras)} from uid 10103 from pid 3272 callingPackage com.miui.home
11-29 08:39:11.883 I/WindowManager( 1829): When perf version lower than 2.3, MiGTStub result: false, gameType: 1, packageName: com.albacontrol
11-29 08:39:11.885 D/WindowManager( 1829): setLockTaskAuth: task=Task{bf6e299 #329 type=standard A=10217:com.albacontrol U=0 visible=false visibleRequested=false mode=fullscreen translucent=true sz=0} mLockTaskAuth=LOCK_TASK_AUTH_PINNABLE
11-29 08:39:11.887 D/WindowManager( 1829): setLockTaskAuth: task=Task{bf6e299 #329 type=standard A=10217:com.albacontrol U=0 visible=true visibleRequested=false mode=fullscreen translucent=true sz=1} mLockTaskAuth=LOCK_TASK_AUTH_PINNABLE
11-29 08:39:11.914 D/CoreBackPreview( 1829): Window{2bf825b u0 Splash Screen com.albacontrol}: Setting back callback OnBackInvokedCallbackInfo{mCallback=android.window.IOnBackInvokedCallback$Stub$Proxy@c694bd1, mPriority=0}
11-29 08:39:11.915 D/Boost   ( 1829): hostingType=next-top-activity, hostingName={com.albacontrol/com.albacontrol.MainActivity}, callerPackage=com.miui.home, isSystem=true, isBoostNeeded=false.
11-29 08:39:11.918 I/ActivityManager( 1829): Start proc 21114:com.albacontrol/u0a217 for next-top-activity {com.albacontrol/com.albacontrol.MainActivity} caller=com.miui.home
11-29 08:39:11.948 I/SmartPower.com.albacontrol/10217(0)( 1829): died->visible(2316ms) R(become visible) adj=-10000.
11-29 08:39:11.955 I/WindowManager( 1829): wms.showSurfaceRobustly mWin:Window{2bf825b u0 Splash Screen com.albacontrol}
11-29 08:39:12.575 D/CoreBackPreview( 1829): Window{475dc35 u0 com.albacontrol/com.albacontrol.MainActivity}: Setting back callback OnBackInvokedCallbackInfo{mCallback=android.window.IOnBackInvokedCallback$Stub$Proxy@2354a3b, mPriority=0}
11-29 08:39:12.577 W/Looper  (21114): PerfMonitor looperActivity : package=com.albacontrol/.MainActivity time=213ms latency=337ms  procState=-1  historyMsgCount=2
11-29 08:39:12.577 W/Looper  (21114): PerfMonitor looperActivity : package=com.albacontrol/.MainActivity time=0ms latency=548ms  procState=-1  historyMsgCount=3
11-29 08:39:12.602 D/WindowManager( 1829): wms.Input focus has changed to Window{475dc35 u0 com.albacontrol/com.albacontrol.MainActivity} display=0 updateInputWindows = true
11-29 08:39:12.603 D/WindowManager( 1829): wms.Update InputWindowHandle: 475dc35 com.albacontrol/com.albacontrol.MainActivity, frame=[0,0,0,0], touchableRegion=SkRegion((0,0,1080,2400)), scaleFactor=1.0, transform=null, windowToken=android.os.BinderProxy@8692e6c, isClone=false, visibal=true, focusable=true, changed=true
11-29 08:39:12.692 D/WindowManager( 1829): wms.finishDrawingLocked: mDrawState=COMMIT_DRAW_PENDING Window{475dc35 u0 com.albacontrol/com.albacontrol.MainActivity} in Surface(name=com.albacontrol/com.albacontrol.MainActivity)/@0x7fff722
11-29 08:39:12.692 D/MiuiFreeFormGesturePointerEventListener( 1829): finishDrawingWindow: topFullScreenWindow= Window{475dc35 u0 com.albacontrol/com.albacontrol.MainActivity}
11-29 08:39:12.701 I/WindowManager( 1829): wms.showSurfaceRobustly mWin:Window{475dc35 u0 com.albacontrol/com.albacontrol.MainActivity}
11-29 08:39:12.705 D/WindowManager( 1829): wms.Update InputWindowHandle: 475dc35 com.albacontrol/com.albacontrol.MainActivity, frame=[0,0,0,0], touchableRegion=SkRegion((0,0,1080,2400)), scaleFactor=1.0, transform=null, windowToken=android.os.BinderProxy@8692e6c, isClone=false, visibal=true, focusable=true, changed=true
11-29 08:39:12.722 D/CoreBackPreview( 1829): Window{2bf825b u0 Splash Screen com.albacontrol}: Setting back callback null
11-29 08:39:12.738 D/WindowManager( 1829): wms.Update InputWindowHandle: 475dc35 com.albacontrol/com.albacontrol.MainActivity, frame=[0,0,0,0], touchableRegion=SkRegion((0,0,1080,2400)), scaleFactor=1.0, transform=null, windowToken=android.os.BinderProxy@8692e6c, isClone=false, visibal=true, focusable=true, changed=true
11-29 08:39:22.497 W/PackageConfigPersister( 1829): App-specific configuration not found for packageName: com.albacontrol and userId: 0
11-29 08:39:22.681 D/CoreBackPreview( 1829): Window{475dc35 u0 com.albacontrol/com.albacontrol.MainActivity}: Setting back callback null
11-29 08:39:22.843 D/CoreBackPreview( 1829): Window{4228bda u0 com.albacontrol/com.albacontrol.MainActivity}: Setting back callback OnBackInvokedCallbackInfo{mCallback=android.window.IOnBackInvokedCallback$Stub$Proxy@21c96e8, mPriority=0}
11-29 08:39:22.854 D/CoreBackPreview( 1829): Window{4228bda u0 com.albacontrol/com.albacontrol.MainActivity}: Setting back callback null
11-29 08:39:22.957 D/CoreBackPreview( 1829): Window{35539e7 u0 com.albacontrol/com.albacontrol.MainActivity}: Setting back callback OnBackInvokedCallbackInfo{mCallback=android.window.IOnBackInvokedCallback$Stub$Proxy@8d3cc3d, mPriority=0}
11-29 08:39:23.003 D/WindowManager( 1829): wms.Input focus has changed to Window{35539e7 u0 com.albacontrol/com.albacontrol.MainActivity} display=0 updateInputWindows = true
11-29 08:39:23.007 D/WindowManager( 1829): wms.Update InputWindowHandle: 35539e7 com.albacontrol/com.albacontrol.MainActivity, frame=[0,0,0,0], touchableRegion=SkRegion((0,0,1080,2400)), scaleFactor=1.0, transform=null, windowToken=android.os.BinderProxy@32d8ba6, isClone=false, visibal=true, focusable=true, changed=true
11-29 08:39:23.064 I/WindowManager( 1829): finishDrawing of relaunch: Window{35539e7 u0 com.albacontrol/com.albacontrol.MainActivity} 220ms
11-29 08:39:23.065 D/WindowManager( 1829): wms.finishDrawingLocked: mDrawState=COMMIT_DRAW_PENDING Window{35539e7 u0 com.albacontrol/com.albacontrol.MainActivity} in Surface(name=com.albacontrol/com.albacontrol.MainActivity)/@0xaf0697e
11-29 08:39:23.065 D/MiuiFreeFormGesturePointerEventListener( 1829): finishDrawingWindow: topFullScreenWindow= Window{35539e7 u0 com.albacontrol/com.albacontrol.MainActivity}
11-29 08:39:23.073 I/WindowManager( 1829): wms.showSurfaceRobustly mWin:Window{35539e7 u0 com.albacontrol/com.albacontrol.MainActivity}
11-29 08:39:23.223 D/WindowManager( 1829): wms.Update InputWindowHandle: 35539e7 com.albacontrol/com.albacontrol.MainActivity, frame=[0,0,0,0], touchableRegion=SkRegion((0,0,1080,2400)), scaleFactor=1.0, transform=null, windowToken=android.os.BinderProxy@32d8ba6, isClone=false, visibal=true, focusable=true, changed=true
11-29 08:39:23.674 E/NotificationService( 1829): Package has already queued 5 toasts. Not showing more. Package=com.albacontrol
11-29 08:39:23.813 E/NotificationService( 1829): Package has already queued 5 toasts. Not showing more. Package=com.albacontrol
11-29 08:39:23.948 E/NotificationService( 1829): Package has already queued 5 toasts. Not showing more. Package=com.albacontrol
11-29 08:39:24.078 E/NotificationService( 1829): Package has already queued 5 toasts. Not showing more. Package=com.albacontrol
11-29 08:39:24.205 E/NotificationService( 1829): Package has already queued 5 toasts. Not showing more. Package=com.albacontrol
11-29 08:39:24.329 E/NotificationService( 1829): Package has already queued 5 toasts. Not showing more. Package=com.albacontrol
11-29 08:39:24.462 E/NotificationService( 1829): Package has already queued 5 toasts. Not showing more. Package=com.albacontrol
11-29 08:39:24.584 E/NotificationService( 1829): Package has already queued 5 toasts. Not showing more. Package=com.albacontrol
11-29 08:39:24.714 E/NotificationService( 1829): Package has already queued 5 toasts. Not showing more. Package=com.albacontrol
11-29 08:39:24.981 E/NotificationService( 1829): Package has already queued 5 toasts. Not showing more. Package=com.albacontrol
11-29 08:39:25.095 W/NotificationService( 1829): Toast already killed. pkg=com.albacontrol token=android.os.BinderProxy@2ec9665
11-29 08:39:25.145 E/NotificationService( 1829): Package has already queued 5 toasts. Not showing more. Package=com.albacontrol
11-29 08:39:25.284 E/NotificationService( 1829): Package has already queued 5 toasts. Not showing more. Package=com.albacontrol
11-29 08:39:25.429 E/NotificationService( 1829): Package has already queued 5 toasts. Not showing more. Package=com.albacontrol
11-29 08:39:25.558 E/NotificationService( 1829): Package has already queued 5 toasts. Not showing more. Package=com.albacontrol
11-29 08:39:25.675 E/NotificationService( 1829): Package has already queued 5 toasts. Not showing more. Package=com.albacontrol
11-29 08:39:25.824 E/NotificationService( 1829): Package has already queued 5 toasts. Not showing more. Package=com.albacontrol
11-29 08:39:25.944 E/NotificationService( 1829): Package has already queued 5 toasts. Not showing more. Package=com.albacontrol
11-29 08:39:26.062 E/NotificationService( 1829): Package has already queued 5 toasts. Not showing more. Package=com.albacontrol
11-29 08:39:26.178 E/NotificationService( 1829): Package has already queued 5 toasts. Not showing more. Package=com.albacontrol
11-29 08:39:26.291 E/NotificationService( 1829): Package has already queued 5 toasts. Not showing more. Package=com.albacontrol
11-29 08:39:26.404 E/NotificationService( 1829): Package has already queued 5 toasts. Not showing more. Package=com.albacontrol
11-29 08:39:26.519 E/NotificationService( 1829): Package has already queued 5 toasts. Not showing more. Package=com.albacontrol
11-29 08:39:26.638 E/NotificationService( 1829): Package has already queued 5 toasts. Not showing more. Package=com.albacontrol
11-29 08:39:26.759 E/NotificationService( 1829): Package has already queued 5 toasts. Not showing more. Package=com.albacontrol
11-29 08:39:26.877 E/NotificationService( 1829): Package has already queued 5 toasts. Not showing more. Package=com.albacontrol
11-29 08:39:27.005 E/NotificationService( 1829): Package has already queued 5 toasts. Not showing more. Package=com.albacontrol
11-29 08:39:27.123 E/NotificationService( 1829): Package has already queued 5 toasts. Not showing more. Package=com.albacontrol
11-29 08:39:27.243 E/NotificationService( 1829): Package has already queued 5 toasts. Not showing more. Package=com.albacontrol
11-29 08:39:27.357 E/NotificationService( 1829): Package has already queued 5 toasts. Not showing more. Package=com.albacontrol
11-29 08:39:27.587 E/NotificationService( 1829): Package has already queued 5 toasts. Not showing more. Package=com.albacontrol
11-29 08:39:27.692 W/NotificationService( 1829): Toast already killed. pkg=com.albacontrol token=android.os.BinderProxy@b5fab8c
11-29 08:39:27.746 E/NotificationService( 1829): Package has already queued 5 toasts. Not showing more. Package=com.albacontrol
11-29 08:39:27.892 E/NotificationService( 1829): Package has already queued 5 toasts. Not showing more. Package=com.albacontrol
11-29 08:39:28.013 E/NotificationService( 1829): Package has already queued 5 toasts. Not showing more. Package=com.albacontrol
11-29 08:39:28.148 E/NotificationService( 1829): Package has already queued 5 toasts. Not showing more. Package=com.albacontrol
11-29 08:39:28.282 E/NotificationService( 1829): Package has already queued 5 toasts. Not showing more. Package=com.albacontrol
11-29 08:39:28.416 E/NotificationService( 1829): Package has already queued 5 toasts. Not showing more. Package=com.albacontrol
11-29 08:39:28.545 E/NotificationService( 1829): Package has already queued 5 toasts. Not showing more. Package=com.albacontrol
11-29 08:39:28.665 E/NotificationService( 1829): Package has already queued 5 toasts. Not showing more. Package=com.albacontrol
11-29 08:39:28.787 E/NotificationService( 1829): Package has already queued 5 toasts. Not showing more. Package=com.albacontrol
11-29 08:39:28.908 E/NotificationService( 1829): Package has already queued 5 toasts. Not showing more. Package=com.albacontrol
11-29 08:39:29.034 E/NotificationService( 1829): Package has already queued 5 toasts. Not showing more. Package=com.albacontrol
11-29 08:39:29.160 E/NotificationService( 1829): Package has already queued 5 toasts. Not showing more. Package=com.albacontrol
11-29 08:39:29.303 E/NotificationService( 1829): Package has already queued 5 toasts. Not showing more. Package=com.albacontrol
11-29 08:39:29.420 E/NotificationService( 1829): Package has already queued 5 toasts. Not showing more. Package=com.albacontrol
11-29 08:39:29.553 E/NotificationService( 1829): Package has already queued 5 toasts. Not showing more. Package=com.albacontrol
11-29 08:39:29.684 E/NotificationService( 1829): Package has already queued 5 toasts. Not showing more. Package=com.albacontrol
11-29 08:39:29.808 E/NotificationService( 1829): Package has already queued 5 toasts. Not showing more. Package=com.albacontrol
11-29 08:39:29.926 E/NotificationService( 1829): Package has already queued 5 toasts. Not showing more. Package=com.albacontrol
11-29 08:39:30.213 E/NotificationService( 1829): Package has already queued 5 toasts. Not showing more. Package=com.albacontrol
11-29 08:39:30.297 W/NotificationService( 1829): Toast already killed. pkg=com.albacontrol token=android.os.BinderProxy@2ea5b8e
11-29 08:39:30.339 E/NotificationService( 1829): Package has already queued 5 toasts. Not showing more. Package=com.albacontrol
11-29 08:39:30.477 E/NotificationService( 1829): Package has already queued 5 toasts. Not showing more. Package=com.albacontrol
11-29 08:39:30.603 E/NotificationService( 1829): Package has already queued 5 toasts. Not showing more. Package=com.albacontrol
11-29 08:39:30.733 E/NotificationService( 1829): Package has already queued 5 toasts. Not showing more. Package=com.albacontrol
11-29 08:39:30.861 E/NotificationService( 1829): Package has already queued 5 toasts. Not showing more. Package=com.albacontrol
11-29 08:39:30.987 E/NotificationService( 1829): Package has already queued 5 toasts. Not showing more. Package=com.albacontrol
11-29 08:39:31.106 E/NotificationService( 1829): Package has already queued 5 toasts. Not showing more. Package=com.albacontrol
11-29 08:39:31.224 E/NotificationService( 1829): Package has already queued 5 toasts. Not showing more. Package=com.albacontrol
11-29 08:39:31.347 E/NotificationService( 1829): Package has already queued 5 toasts. Not showing more. Package=com.albacontrol
11-29 08:39:31.465 E/NotificationService( 1829): Package has already queued 5 toasts. Not showing more. Package=com.albacontrol
11-29 08:39:31.585 E/NotificationService( 1829): Package has already queued 5 toasts. Not showing more. Package=com.albacontrol
11-29 08:39:31.706 E/NotificationService( 1829): Package has already queued 5 toasts. Not showing more. Package=com.albacontrol
11-29 08:39:31.826 E/NotificationService( 1829): Package has already queued 5 toasts. Not showing more. Package=com.albacontrol
11-29 08:39:31.945 E/NotificationService( 1829): Package has already queued 5 toasts. Not showing more. Package=com.albacontrol
11-29 08:39:32.067 E/NotificationService( 1829): Package has already queued 5 toasts. Not showing more. Package=com.albacontrol
11-29 08:39:32.185 E/NotificationService( 1829): Package has already queued 5 toasts. Not showing more. Package=com.albacontrol
11-29 08:39:32.325 E/NotificationService( 1829): Package has already queued 5 toasts. Not showing more. Package=com.albacontrol
11-29 08:39:32.447 E/NotificationService( 1829): Package has already queued 5 toasts. Not showing more. Package=com.albacontrol
11-29 08:39:32.568 E/NotificationService( 1829): Package has already queued 5 toasts. Not showing more. Package=com.albacontrol
11-29 08:39:32.806 E/NotificationService( 1829): Package has already queued 5 toasts. Not showing more. Package=com.albacontrol
11-29 08:39:32.906 W/NotificationService( 1829): Toast already killed. pkg=com.albacontrol token=android.os.BinderProxy@81207c0
11-29 08:39:33.014 E/NotificationService( 1829): Package has already queued 5 toasts. Not showing more. Package=com.albacontrol
11-29 08:39:33.151 E/NotificationService( 1829): Package has already queued 5 toasts. Not showing more. Package=com.albacontrol
11-29 08:39:33.289 E/NotificationService( 1829): Package has already queued 5 toasts. Not showing more. Package=com.albacontrol
11-29 08:39:33.426 E/NotificationService( 1829): Package has already queued 5 toasts. Not showing more. Package=com.albacontrol
11-29 08:39:33.551 E/NotificationService( 1829): Package has already queued 5 toasts. Not showing more. Package=com.albacontrol
11-29 08:39:33.677 E/NotificationService( 1829): Package has already queued 5 toasts. Not showing more. Package=com.albacontrol
11-29 08:39:33.792 E/NotificationService( 1829): Package has already queued 5 toasts. Not showing more. Package=com.albacontrol
11-29 08:39:33.933 E/NotificationService( 1829): Package has already queued 5 toasts. Not showing more. Package=com.albacontrol
11-29 08:39:34.046 E/NotificationService( 1829): Package has already queued 5 toasts. Not showing more. Package=com.albacontrol
11-29 08:39:34.167 E/NotificationService( 1829): Package has already queued 5 toasts. Not showing more. Package=com.albacontrol
11-29 08:39:34.284 E/NotificationService( 1829): Package has already queued 5 toasts. Not showing more. Package=com.albacontrol
11-29 08:39:34.385 E/NotificationService( 1829): Package has already queued 5 toasts. Not showing more. Package=com.albacontrol
11-29 08:39:34.500 E/NotificationService( 1829): Package has already queued 5 toasts. Not showing more. Package=com.albacontrol
11-29 08:39:34.621 E/NotificationService( 1829): Package has already queued 5 toasts. Not showing more. Package=com.albacontrol
11-29 08:39:34.739 E/NotificationService( 1829): Package has already queued 5 toasts. Not showing more. Package=com.albacontrol
11-29 08:39:34.865 E/NotificationService( 1829): Package has already queued 5 toasts. Not showing more. Package=com.albacontrol
11-29 08:39:34.987 E/NotificationService( 1829): Package has already queued 5 toasts. Not showing more. Package=com.albacontrol
11-29 08:39:35.106 E/NotificationService( 1829): Package has already queued 5 toasts. Not showing more. Package=com.albacontrol
11-29 08:39:35.345 E/NotificationService( 1829): Package has already queued 5 toasts. Not showing more. Package=com.albacontrol
11-29 08:39:35.468 E/NotificationService( 1829): Package has already queued 5 toasts. Not showing more. Package=com.albacontrol
11-29 08:39:35.487 W/NotificationService( 1829): Toast already killed. pkg=com.albacontrol token=android.os.BinderProxy@e41f4a2
11-29 08:39:35.614 E/NotificationService( 1829): Package has already queued 5 toasts. Not showing more. Package=com.albacontrol
11-29 08:39:35.727 E/NotificationService( 1829): Package has already queued 5 toasts. Not showing more. Package=com.albacontrol
11-29 08:39:35.847 E/NotificationService( 1829): Package has already queued 5 toasts. Not showing more. Package=com.albacontrol
11-29 08:39:35.966 E/NotificationService( 1829): Package has already queued 5 toasts. Not showing more. Package=com.albacontrol
11-29 08:39:36.087 E/NotificationService( 1829): Package has already queued 5 toasts. Not showing more. Package=com.albacontrol
11-29 08:39:36.211 E/NotificationService( 1829): Package has already queued 5 toasts. Not showing more. Package=com.albacontrol
11-29 08:39:36.333 E/NotificationService( 1829): Package has already queued 5 toasts. Not showing more. Package=com.albacontrol
11-29 08:39:36.453 E/NotificationService( 1829): Package has already queued 5 toasts. Not showing more. Package=com.albacontrol
11-29 08:39:36.580 E/NotificationService( 1829): Package has already queued 5 toasts. Not showing more. Package=com.albacontrol
11-29 08:39:36.707 E/NotificationService( 1829): Package has already queued 5 toasts. Not showing more. Package=com.albacontrol
11-29 08:39:36.827 E/NotificationService( 1829): Package has already queued 5 toasts. Not showing more. Package=com.albacontrol
11-29 08:39:36.947 E/NotificationService( 1829): Package has already queued 5 toasts. Not showing more. Package=com.albacontrol
11-29 08:39:37.063 E/NotificationService( 1829): Package has already queued 5 toasts. Not showing more. Package=com.albacontrol
11-29 08:39:37.191 E/NotificationService( 1829): Package has already queued 5 toasts. Not showing more. Package=com.albacontrol
11-29 08:39:37.317 E/NotificationService( 1829): Package has already queued 5 toasts. Not showing more. Package=com.albacontrol
11-29 08:39:37.426 E/NotificationService( 1829): Package has already queued 5 toasts. Not showing more. Package=com.albacontrol
11-29 08:39:37.549 E/NotificationService( 1829): Package has already queued 5 toasts. Not showing more. Package=com.albacontrol
11-29 08:39:37.667 E/NotificationService( 1829): Package has already queued 5 toasts. Not showing more. Package=com.albacontrol
11-29 08:39:37.785 E/NotificationService( 1829): Package has already queued 5 toasts. Not showing more. Package=com.albacontrol
11-29 08:39:38.071 E/NotificationService( 1829): Package has already queued 5 toasts. Not showing more. Package=com.albacontrol
11-29 08:39:38.096 W/NotificationService( 1829): Toast already killed. pkg=com.albacontrol token=android.os.BinderProxy@c8ad2b4
11-29 08:39:38.211 E/NotificationService( 1829): Package has already queued 5 toasts. Not showing more. Package=com.albacontrol
11-29 08:39:38.324 E/NotificationService( 1829): Package has already queued 5 toasts. Not showing more. Package=com.albacontrol
11-29 08:39:38.440 E/NotificationService( 1829): Package has already queued 5 toasts. Not showing more. Package=com.albacontrol
11-29 08:39:38.570 E/NotificationService( 1829): Package has already queued 5 toasts. Not showing more. Package=com.albacontrol
11-29 08:39:38.685 E/NotificationService( 1829): Package has already queued 5 toasts. Not showing more. Package=com.albacontrol
11-29 08:39:38.804 E/NotificationService( 1829): Package has already queued 5 toasts. Not showing more. Package=com.albacontrol
11-29 08:39:38.932 E/NotificationService( 1829): Package has already queued 5 toasts. Not showing more. Package=com.albacontrol
11-29 08:39:39.939 D/PerfShielderService( 1829): com.albacontrol|com.albacontrol/com.albacontrol.MainActivity|2964|80377818027618|161|0|28
11-29 08:39:39.941 W/MiuiPerfServiceClient( 5087): interceptAndQueuing:21114|com.albacontrol|2964|161|80377818027618|Slow main thread|28
11-29 08:39:40.037 E/NotificationService( 1829): Package has already queued 5 toasts. Not showing more. Package=com.albacontrol
11-29 08:39:40.164 E/NotificationService( 1829): Package has already queued 5 toasts. Not showing more. Package=com.albacontrol
11-29 08:39:40.282 E/NotificationService( 1829): Package has already queued 5 toasts. Not showing more. Package=com.albacontrol
11-29 08:39:40.385 E/NotificationService( 1829): Package has already queued 5 toasts. Not showing more. Package=com.albacontrol
11-29 08:39:40.624 E/NotificationService( 1829): Package has already queued 5 toasts. Not showing more. Package=com.albacontrol
11-29 08:39:40.682 W/NotificationService( 1829): Toast already killed. pkg=com.albacontrol token=android.os.BinderProxy@1c2c913
11-29 08:39:40.720 E/NotificationService( 1829): Package has already queued 5 toasts. Not showing more. Package=com.albacontrol
11-29 08:39:40.829 E/NotificationService( 1829): Package has already queued 5 toasts. Not showing more. Package=com.albacontrol
11-29 08:39:40.938 E/NotificationService( 1829): Package has already queued 5 toasts. Not showing more. Package=com.albacontrol
11-29 08:39:41.042 E/NotificationService( 1829): Package has already queued 5 toasts. Not showing more. Package=com.albacontrol
11-29 08:39:41.148 E/NotificationService( 1829): Package has already queued 5 toasts. Not showing more. Package=com.albacontrol
11-29 08:39:41.261 E/NotificationService( 1829): Package has already queued 5 toasts. Not showing more. Package=com.albacontrol
11-29 08:39:41.370 E/NotificationService( 1829): Package has already queued 5 toasts. Not showing more. Package=com.albacontrol
11-29 08:39:41.482 E/NotificationService( 1829): Package has already queued 5 toasts. Not showing more. Package=com.albacontrol
11-29 08:39:41.593 E/NotificationService( 1829): Package has already queued 5 toasts. Not showing more. Package=com.albacontrol
11-29 08:39:41.717 E/NotificationService( 1829): Package has already queued 5 toasts. Not showing more. Package=com.albacontrol
11-29 08:39:41.833 E/NotificationService( 1829): Package has already queued 5 toasts. Not showing more. Package=com.albacontrol
11-29 08:39:41.950 E/NotificationService( 1829): Package has already queued 5 toasts. Not showing more. Package=com.albacontrol
11-29 08:39:42.054 E/NotificationService( 1829): Package has already queued 5 toasts. Not showing more. Package=com.albacontrol
11-29 08:39:42.153 E/NotificationService( 1829): Package has already queued 5 toasts. Not showing more. Package=com.albacontrol
11-29 08:39:42.254 E/NotificationService( 1829): Package has already queued 5 toasts. Not showing more. Package=com.albacontrol
11-29 08:39:42.356 E/NotificationService( 1829): Package has already queued 5 toasts. Not showing more. Package=com.albacontrol
11-29 08:39:42.456 E/NotificationService( 1829): Package has already queued 5 toasts. Not showing more. Package=com.albacontrol
11-29 08:39:42.567 E/NotificationService( 1829): Package has already queued 5 toasts. Not showing more. Package=com.albacontrol
11-29 08:39:42.680 E/NotificationService( 1829): Package has already queued 5 toasts. Not showing more. Package=com.albacontrol
11-29 08:39:42.795 E/NotificationService( 1829): Package has already queued 5 toasts. Not showing more. Package=com.albacontrol
11-29 08:39:42.901 E/NotificationService( 1829): Package has already queued 5 toasts. Not showing more. Package=com.albacontrol
11-29 08:39:43.105 E/NotificationService( 1829): Package has already queued 5 toasts. Not showing more. Package=com.albacontrol
11-29 08:39:43.224 E/NotificationService( 1829): Package has already queued 5 toasts. Not showing more. Package=com.albacontrol
11-29 08:39:43.273 W/NotificationService( 1829): Toast already killed. pkg=com.albacontrol token=android.os.BinderProxy@7b0efbd
11-29 08:39:43.365 E/NotificationService( 1829): Package has already queued 5 toasts. Not showing more. Package=com.albacontrol
11-29 08:39:43.493 E/NotificationService( 1829): Package has already queued 5 toasts. Not showing more. Package=com.albacontrol
11-29 08:39:43.601 E/NotificationService( 1829): Package has already queued 5 toasts. Not showing more. Package=com.albacontrol
11-29 08:39:43.706 E/NotificationService( 1829): Package has already queued 5 toasts. Not showing more. Package=com.albacontrol
11-29 08:39:43.813 E/NotificationService( 1829): Package has already queued 5 toasts. Not showing more. Package=com.albacontrol
11-29 08:39:43.918 E/NotificationService( 1829): Package has already queued 5 toasts. Not showing more. Package=com.albacontrol
11-29 08:39:44.016 E/NotificationService( 1829): Package has already queued 5 toasts. Not showing more. Package=com.albacontrol
11-29 08:39:44.109 E/NotificationService( 1829): Package has already queued 5 toasts. Not showing more. Package=com.albacontrol
11-29 08:39:44.204 E/NotificationService( 1829): Package has already queued 5 toasts. Not showing more. Package=com.albacontrol
11-29 08:39:44.298 E/NotificationService( 1829): Package has already queued 5 toasts. Not showing more. Package=com.albacontrol
11-29 08:39:44.389 E/NotificationService( 1829): Package has already queued 5 toasts. Not showing more. Package=com.albacontrol
11-29 08:39:44.486 E/NotificationService( 1829): Package has already queued 5 toasts. Not showing more. Package=com.albacontrol
11-29 08:39:44.582 E/NotificationService( 1829): Package has already queued 5 toasts. Not showing more. Package=com.albacontrol
11-29 08:39:44.691 E/NotificationService( 1829): Package has already queued 5 toasts. Not showing more. Package=com.albacontrol
11-29 08:39:44.837 E/NotificationService( 1829): Package has already queued 5 toasts. Not showing more. Package=com.albacontrol
11-29 08:39:44.932 E/NotificationService( 1829): Package has already queued 5 toasts. Not showing more. Package=com.albacontrol
11-29 08:39:45.026 E/NotificationService( 1829): Package has already queued 5 toasts. Not showing more. Package=com.albacontrol
11-29 08:39:45.120 E/NotificationService( 1829): Package has already queued 5 toasts. Not showing more. Package=com.albacontrol
11-29 08:39:45.219 E/NotificationService( 1829): Package has already queued 5 toasts. Not showing more. Package=com.albacontrol
11-29 08:39:45.310 E/NotificationService( 1829): Package has already queued 5 toasts. Not showing more. Package=com.albacontrol
11-29 08:39:45.403 E/NotificationService( 1829): Package has already queued 5 toasts. Not showing more. Package=com.albacontrol
11-29 08:39:45.525 E/NotificationService( 1829): Package has already queued 5 toasts. Not showing more. Package=com.albacontrol
11-29 08:39:45.736 E/NotificationService( 1829): Package has already queued 5 toasts. Not showing more. Package=com.albacontrol
11-29 08:39:45.843 E/NotificationService( 1829): Package has already queued 5 toasts. Not showing more. Package=com.albacontrol
11-29 08:39:45.860 W/NotificationService( 1829): Toast already killed. pkg=com.albacontrol token=android.os.BinderProxy@5fbe257
11-29 08:39:45.958 E/NotificationService( 1829): Package has already queued 5 toasts. Not showing more. Package=com.albacontrol
11-29 08:39:46.063 E/NotificationService( 1829): Package has already queued 5 toasts. Not showing more. Package=com.albacontrol
11-29 08:39:46.174 E/NotificationService( 1829): Package has already queued 5 toasts. Not showing more. Package=com.albacontrol
11-29 08:39:46.279 E/NotificationService( 1829): Package has already queued 5 toasts. Not showing more. Package=com.albacontrol
11-29 08:39:46.381 E/NotificationService( 1829): Package has already queued 5 toasts. Not showing more. Package=com.albacontrol
11-29 08:39:46.483 E/NotificationService( 1829): Package has already queued 5 toasts. Not showing more. Package=com.albacontrol
11-29 08:39:46.591 E/NotificationService( 1829): Package has already queued 5 toasts. Not showing more. Package=com.albacontrol
11-29 08:39:46.696 E/NotificationService( 1829): Package has already queued 5 toasts. Not showing more. Package=com.albacontrol
11-29 08:39:46.789 E/NotificationService( 1829): Package has already queued 5 toasts. Not showing more. Package=com.albacontrol
11-29 08:39:46.883 E/NotificationService( 1829): Package has already queued 5 toasts. Not showing more. Package=com.albacontrol
11-29 08:39:46.986 E/NotificationService( 1829): Package has already queued 5 toasts. Not showing more. Package=com.albacontrol
