11-29 08:44:55.760 D/CameraBlackCoveredManager( 1829): mForegroundPackage = com.albacontrol mOccupiedPackage = com.miui.face
11-29 08:44:55.761 I/GST     (11799): forePkg: com.albacontrol, preForePkg: com.miui.home
11-29 08:44:55.761 D/AppObserver( 3272): ForegroundInfo{mForegroundPackageName='com.albacontrol', mForegroundUid=10217, mForegroundPid=22443, mLastForegroundPackageName='com.miui.home', mLastForegroundUid=10103, mLastForegroundPid=3272, mMultiWindowForegroundPackageName='com.albacontrol', mMultiWindowForegroundUid=10217, mFlags=1}
11-29 08:44:55.761 I/ProcessMonitor( 5615): onForegroundInfoChanged: ForegroundInfo{mForegroundPackageName='com.albacontrol', mForegroundUid=10217, mForegroundPid=22443, mLastForegroundPackageName='com.miui.home', mLastForegroundUid=10103, mLastForegroundPid=3272, mMultiWindowForegroundPackageName='com.albacontrol', mMultiWindowForegroundUid=10217, mFlags=1}
11-29 08:44:55.761 D/A2dpLatencyMode(16692): ForegroundInfo{mForegroundPackageName='com.albacontrol', mForegroundUid=10217, mForegroundPid=22443, mLastForegroundPackageName='com.miui.home', mLastForegroundUid=10103, mLastForegroundPid=3272, mMultiWindowForegroundPackageName='com.albacontrol', mMultiWindowForegroundUid=10217, mFlags=1}
11-29 08:44:55.767 D/PerfEngineController( 7490): ForegroundInfo{mForegroundPackageName='com.albacontrol', mForegroundUid=10217, mForegroundPid=22443, mLastForegroundPackageName='com.miui.home', mLastForegroundUid=10103, mLastForegroundPid=3272, mMultiWindowForegroundPackageName='com.albacontrol', mMultiWindowForegroundUid=10217, mFlags=1}
11-29 08:44:55.769 W/RecentsModel( 3272): getRunningTask   taskInfo=TaskInfo{userId=0 taskId=330 displayId=0 isRunning=true baseIntent=Intent { act=android.intent.action.MAIN cat=[android.intent.category.LAUNCHER] flg=0x10200000 cmp=com.albacontrol/.MainActivity } baseActivity=ComponentInfo{com.albacontrol/com.albacontrol.MainActivity} topActivity=ComponentInfo{com.albacontrol/com.albacontrol.MainActivity} origActivity=null realActivity=ComponentInfo{com.albacontrol/com.albacontrol.MainActivity} numActivities=1 lastActiveTime=166087621 supportsSplitScreenMultiWindow=true supportsMultiWindow=true resizeMode=1 isResizeable=true minWidth=-1 minHeight=-1 defaultMinSize=200 token=WCT{android.window.IWindowContainerToken$Stub$Proxy@7ddcf2f} topActivityType=1 pictureInPictureParams=null shouldDockBigOverlays=false launchIntoPipHostTaskId=0 displayCutoutSafeInsets=Rect(0, 93 - 0, 0) topActivityInfo=ActivityInfo{bebb93c com.albacontrol.MainActivity} launchCookies=[] positionInParent=Point(0, 0) parentTaskId=-1 isFocused=true isVisible=true isSleeping=false topActivityInSizeCompat=false topActivityInMiuiSizeCompat=false topActivityEligibleForLetterboxEducation= false locusId=null displayAreaFeatureId=1 cameraCompatControlState=hidden mIsCastMode=false}
11-29 08:44:55.769 W/RecentsModel( 3272): getTaskInfoIgnoreHomeAndFreeform   taskInfo=ComponentInfo{com.albacontrol/com.albacontrol.MainActivity}
11-29 08:44:55.774 E/ActivityManagerWrapper( 3272): getRecentTasks: mainTaskId=330   userId=0   baseIntent=Intent { act=android.intent.action.MAIN flag=270532608 cmp=ComponentInfo{com.albacontrol/com.albacontrol.MainActivity} }
11-29 08:44:56.019 D/nativeloader(22443): Configuring clns-4 for other apk /data/app/~~_Ya1EzbwulYCUUXkYIoBHQ==/com.albacontrol-LwD909yJplc7_ajAdjgQQA==/base.apk. target_sdk_version=34, uses_libraries=, library_path=/data/app/~~_Ya1EzbwulYCUUXkYIoBHQ==/com.albacontrol-LwD909yJplc7_ajAdjgQQA==/lib/arm64:/data/app/~~_Ya1EzbwulYCUUXkYIoBHQ==/com.albacontrol-LwD909yJplc7_ajAdjgQQA==/base.apk!/lib/arm64-v8a, permitted_path=/data:/mnt/expand:/data/user/0/com.albacontrol
11-29 08:44:56.037 V/GraphicsEnvironment(22443): ANGLE Developer option for 'com.albacontrol' set to: 'default'
11-29 08:44:56.037 V/GraphicsEnvironment(22443): ANGLE GameManagerService for com.albacontrol: false
11-29 08:44:56.041 I/ForceDarkHelperStubImpl(22443): initialize for com.albacontrol , ForceDarkOrigin
11-29 08:44:56.043 D/com.albacontrol(22443): JNI_OnLoad success
11-29 08:44:56.196 I/com.albacontrol(22443): hiddenapi: Accessing hidden method Landroid/view/View;->computeFitSystemWindows(Landroid/graphics/Rect;Landroid/graphics/Rect;)Z (runtime_flags=0, domain=platform, api=unsupported) from Landroidx/appcompat/widget/ViewUtils; (domain=app) using reflection: allowed
11-29 08:44:56.196 I/com.albacontrol(22443): hiddenapi: Accessing hidden method Landroid/view/ViewGroup;->makeOptionalFitsSystemWindows()V (runtime_flags=0, domain=platform, api=unsupported) from Landroidx/appcompat/widget/ViewUtils; (domain=app) using reflection: allowed
11-29 08:44:56.303 D/CoreBackPreview( 1829): Window{448e4bc u0 com.albacontrol/com.albacontrol.MainActivity}: Setting back callback OnBackInvokedCallbackInfo{mCallback=android.window.IOnBackInvokedCallback$Stub$Proxy@652ff9a, mPriority=0}
11-29 08:44:56.304 W/Looper  (22443): PerfMonitor looperActivity : package=com.albacontrol/.MainActivity time=208ms latency=325ms  procState=-1  historyMsgCount=1
11-29 08:44:56.305 D/RecentsImpl( 3272): mActivityStateObserver com.albacontrol.MainActivity
11-29 08:44:56.305 W/Looper  (22443): PerfMonitor looperActivity : package=com.albacontrol/.MainActivity time=0ms latency=533ms  procState=-1  historyMsgCount=2
11-29 08:44:56.305 W/RecentsImpl( 3272): onResumed className=com.albacontrol.MainActivity   mIsInAnotherPro=false   isKeyguardLocked=false   mSecuritySpaceGuideShown=false
11-29 08:44:56.326 D/WindowManager( 1829): wms.Input focus has changed to Window{448e4bc u0 com.albacontrol/com.albacontrol.MainActivity} display=0 updateInputWindows = true
11-29 08:44:56.327 D/WindowManager( 1829): wms.Update InputWindowHandle: 448e4bc com.albacontrol/com.albacontrol.MainActivity, frame=[0,0,0,0], touchableRegion=SkRegion((0,0,1080,2400)), scaleFactor=1.0, transform=null, windowToken=android.os.BinderProxy@b0e78af, isClone=false, visibal=true, focusable=true, changed=true
11-29 08:44:56.330 I/SurfaceFlinger( 1258): sf.setTransactionState focusRequest transactionId:7855495347667 frontWin:448e4bc com.albacontrol/com.albacontrol.MainActivity
11-29 08:44:56.344 D/SurfaceFlinger( 1258): updateInputFlinger::setFocusedWindow: windowName=448e4bc com.albacontrol/com.albacontrol.MainActivity focusRequests.size=1
11-29 08:44:56.405 D/com.albacontrol(22443): MiuiProcessManagerServiceStub setSchedFifo
11-29 08:44:56.421 D/WindowManager( 1829): wms.finishDrawingLocked: mDrawState=COMMIT_DRAW_PENDING Window{448e4bc u0 com.albacontrol/com.albacontrol.MainActivity} in Surface(name=com.albacontrol/com.albacontrol.MainActivity)/@0x40f0f54
11-29 08:44:56.421 D/MiuiFreeFormGesturePointerEventListener( 1829): finishDrawingWindow: topFullScreenWindow= Window{448e4bc u0 com.albacontrol/com.albacontrol.MainActivity}
11-29 08:44:56.434 I/WindowManager( 1829): wms.showSurfaceRobustly mWin:Window{448e4bc u0 com.albacontrol/com.albacontrol.MainActivity}
11-29 08:44:56.436 I/ActivityTaskManager( 1829): Displayed com.albacontrol/.MainActivity: +823ms
11-29 08:44:56.443 D/WindowManager( 1829): wms.Update InputWindowHandle: 448e4bc com.albacontrol/com.albacontrol.MainActivity, frame=[0,0,0,0], touchableRegion=SkRegion((0,0,1080,2400)), scaleFactor=1.0, transform=null, windowToken=android.os.BinderProxy@b0e78af, isClone=false, visibal=true, focusable=true, changed=true
11-29 08:44:56.454 W/InputManager-JNI( 1829): Input channel object 'ae3ef18 Splash Screen com.albacontrol (client)' was disposed without first being removed with the input manager!
11-29 08:44:56.468 D/WindowManager( 1829): wms.Update InputWindowHandle: 448e4bc com.albacontrol/com.albacontrol.MainActivity, frame=[0,0,0,0], touchableRegion=SkRegion((0,0,1080,2400)), scaleFactor=1.0, transform=null, windowToken=android.os.BinderProxy@b0e78af, isClone=false, visibal=true, focusable=true, changed=true
11-29 08:44:56.469 D/CoreBackPreview( 1829): Window{ae3ef18 u0 Splash Screen com.albacontrol EXITING}: Setting back callback null
11-29 08:44:56.482 I/GoogleInputMethodService( 8267): GoogleInputMethodService.onStartInput():1347 onStartInput(EditorInfo{EditorInfo{packageName=com.albacontrol, inputType=0, inputTypeString=NULL, enableLearning=false, autoCorrection=false, autoComplete=false, imeOptions=0, privateImeOptions=null, actionName=UNSPECIFIED, actionLabel=null, initialSelStart=-1, initialSelEnd=-1, initialCapsMode=0, label=null, fieldId=-1, fieldName=null, extras=Bundle[mParcelledData.dataSize=72], hintText=null, hintLocales=[]}}, false)
11-29 08:44:56.903 I/com.albacontrol(22443): Compiler allocated 4883KB to compile void android.view.ViewRootImpl.performTraversals()
11-29 08:44:57.250 D/MIUIInput( 1829): [MotionEvent] publisher action=0x0, 80696053, channel '448e4bc com.albacontrol/com.albacontrol.MainActivity (server)'
11-29 08:44:57.369 D/MIUIInput( 1829): [MotionEvent] publisher action=0x1, 80696172, channel '448e4bc com.albacontrol/com.albacontrol.MainActivity (server)'
11-29 08:44:57.627 D/collectorManager( 7490): ThermalScenarioValue setForegroundCounts: com.albacontrol
11-29 08:44:59.455 D/MIUIInput( 1829): [MotionEvent] publisher action=0x0, 80698256, channel '448e4bc com.albacontrol/com.albacontrol.MainActivity (server)'
11-29 08:44:59.569 D/MIUIInput( 1829): [MotionEvent] publisher action=0x1, 80698371, channel '448e4bc com.albacontrol/com.albacontrol.MainActivity (server)'
11-29 08:44:59.585 E/AndroidRuntime(22443): Process: com.albacontrol, PID: 22443
11-29 08:44:59.585 E/AndroidRuntime(22443): 	at com.albacontrol.ui.NuevoAlbaranFragment.takePictureLauncher_delegate$lambda$1(NuevoAlbaranFragment.kt:53)
11-29 08:44:59.585 E/AndroidRuntime(22443): 	at com.albacontrol.ui.NuevoAlbaranFragment.$r8$lambda$sIOxErq92F75t_fo7pEroMdnlzg(Unknown Source:0)
11-29 08:44:59.585 E/AndroidRuntime(22443): 	at com.albacontrol.ui.NuevoAlbaranFragment$$ExternalSyntheticLambda29.invoke(D8$$SyntheticClass:0)
11-29 08:44:59.585 E/AndroidRuntime(22443): 	at com.albacontrol.ui.NuevoAlbaranFragment.getTakePictureLauncher(NuevoAlbaranFragment.kt:52)
11-29 08:44:59.585 E/AndroidRuntime(22443): 	at com.albacontrol.ui.NuevoAlbaranFragment.onCreateView$lambda$12(NuevoAlbaranFragment.kt:166)
11-29 08:44:59.585 E/AndroidRuntime(22443): 	at com.albacontrol.ui.NuevoAlbaranFragment.$r8$lambda$DH4u9FpnYTpKQK3_3fHJ5IKlaLE(Unknown Source:0)
11-29 08:44:59.585 E/AndroidRuntime(22443): 	at com.albacontrol.ui.NuevoAlbaranFragment$$ExternalSyntheticLambda13.onClick(D8$$SyntheticClass:0)
11-29 08:44:59.586 W/com.albacontrol(22443): type=1400 audit(0.0:427381): avc: denied { search } for name="miuilog" dev="dm-40" ino=457366 scontext=u:r:untrusted_app:s0:c217,c256,c512,c768 tcontext=u:object_r:data_log_file:s0 tclass=dir permissive=0 app=com.albacontrol
11-29 08:44:59.586 W/com.albacontrol(22443): type=1400 audit(0.0:427382): avc: denied { search } for name="miuilog" dev="dm-40" ino=457366 scontext=u:r:untrusted_app:s0:c217,c256,c512,c768 tcontext=u:object_r:data_log_file:s0 tclass=dir permissive=0 app=com.albacontrol
11-29 08:44:59.586 W/com.albacontrol(22443): type=1400 audit(0.0:427383): avc: denied { search } for name="miuilog" dev="dm-40" ino=457366 scontext=u:r:untrusted_app:s0:c217,c256,c512,c768 tcontext=u:object_r:data_log_file:s0 tclass=dir permissive=0 app=com.albacontrol
11-29 08:44:59.586 W/com.albacontrol(22443): type=1400 audit(0.0:427384): avc: denied { search } for name="miuilog" dev="dm-40" ino=457366 scontext=u:r:untrusted_app:s0:c217,c256,c512,c768 tcontext=u:object_r:data_log_file:s0 tclass=dir permissive=0 app=com.albacontrol
11-29 08:44:59.586 W/com.albacontrol(22443): type=1400 audit(0.0:427385): avc: denied { search } for name="miuilog" dev="dm-40" ino=457366 scontext=u:r:untrusted_app:s0:c217,c256,c512,c768 tcontext=u:object_r:data_log_file:s0 tclass=dir permissive=0 app=com.albacontrol
11-29 08:44:59.612 W/ActivityTaskManager( 1829):   Force finishing activity com.albacontrol/.MainActivity
11-29 08:44:59.620 D/DigestGenerator( 5087): digest=============com.albacontroljava.lang.IllegalStateException: Fragment NuevoAlbaranFragment{XX} (XX-XX-XX-XX-XX id=XX) is attempting to registerForActivityResult after being created. Fragments must call registerForActivityResult() before they are created (i.e. initialization, onAttach(), or onCreate()).
11-29 08:44:59.620 D/DigestGenerator( 5087): at com.albacontrol.ui.NuevoAlbaranFragment.takePictureLauncher_delegate$lambda$(NuevoAlbaranFragment.kt:XX)
11-29 08:44:59.620 D/DigestGenerator( 5087): at com.albacontrol.ui.NuevoAlbaranFragment.$r$lambda$sIOxErqFt_fopEroMdnlzg(Unknown Source:)
11-29 08:44:59.620 D/DigestGenerator( 5087): at com.albacontrol.ui.NuevoAlbaranFragment$$ExternalSyntheticLambda.invoke(XX$$SyntheticClass:)
11-29 08:44:59.620 D/DigestGenerator( 5087): at com.albacontrol.ui.NuevoAlbaranFragment.getTakePictureLauncher(NuevoAlbaranFragment.kt:XX)
11-29 08:44:59.620 D/DigestGenerator( 5087): at com.albacontrol.ui.NuevoAlbaranFragment.onCreateView$lambda$XX(NuevoAlbaranFragment.kt:XX)
11-29 08:44:59.620 D/DigestGenerator( 5087): at com.albacontrol.ui.NuevoAlbaranFragment.$r$lambda$DHuFpnYTpKQK_fHJIKlaLE(Unknown Source:)
11-29 08:44:59.620 D/DigestGenerator( 5087): at com.albacontrol.ui.NuevoAlbaranFragment$$ExternalSyntheticLambda.onClick(XX$$SyntheticClass:)
11-29 08:44:59.627 W/JavaExceptionHandler( 5087): Too noisy! skip duplicate java exception report:com.albacontrol now=1764402299627 mLastReportTime=1764402288213 interval=60000
11-29 08:44:59.627 W/MQSEventManager( 5087): Too noisy! Bail the event:com.albacontrol type:1
11-29 08:44:59.645 I/ActivityManager( 1829): Showing crash dialog for package com.albacontrol u0
11-29 08:44:59.705 D/WindowManager( 1829): wms.Input focus has changed to Window{3e3b898 u0 Application Error: com.albacontrol} display=0 updateInputWindows = false
11-29 08:44:59.706 D/CoreBackPreview( 1829): Window{3e3b898 u0 Application Error: com.albacontrol}: Setting back callback OnBackInvokedCallbackInfo{mCallback=android.window.WindowOnBackInvokedDispatcher$OnBackInvokedCallbackWrapper@12799dc, mPriority=0}
11-29 08:44:59.711 D/WindowManager( 1829): wms.Focus not requested for window=Window{3e3b898 u0 Application Error: com.albacontrol} because it has no surface or is not focusable.
11-29 08:44:59.719 D/WindowManager( 1829): wms.Update InputWindowHandle: 3e3b898 Application Error: com.albacontrol, frame=[0,0,0,0], touchableRegion=SkRegion((-1114,-3747,2126,3453)), scaleFactor=1.0, transform=null, windowToken=android.view.ViewRootImpl$W@2c98a0a, isClone=false, visibal=true, focusable=true, changed=true
11-29 08:44:59.720 I/SurfaceFlinger( 1258): sf.setTransactionState focusRequest transactionId:7855495347713 frontWin:3e3b898 Application Error: com.albacontrol
11-29 08:44:59.735 D/SurfaceFlinger( 1258): updateInputFlinger::setFocusedWindow: windowName=3e3b898 Application Error: com.albacontrol focusRequests.size=1
11-29 08:44:59.743 D/WindowManager( 1829): wms.finishDrawingLocked: mDrawState=COMMIT_DRAW_PENDING Window{3e3b898 u0 Application Error: com.albacontrol} in Surface(name=Application Error: com.albacontrol)/@0x23bb573
11-29 08:44:59.747 I/WindowManager( 1829): wms.showSurfaceRobustly mWin:Window{3e3b898 u0 Application Error: com.albacontrol}
11-29 08:45:00.114 W/ActivityTaskManager( 1829): Activity top resumed state loss timeout for ActivityRecord{dc7d039 u0 com.albacontrol/.MainActivity} t330 f}}
11-29 08:45:00.135 W/ActivityTaskManager( 1829): Activity pause timeout for ActivityRecord{dc7d039 u0 com.albacontrol/.MainActivity} t330 f}}
11-29 08:45:00.151 D/PerfEngineController( 7490): ForegroundInfo{mForegroundPackageName='com.miui.home', mForegroundUid=10103, mForegroundPid=3272, mLastForegroundPackageName='com.albacontrol', mLastForegroundUid=10217, mLastForegroundPid=22443, mMultiWindowForegroundPackageName='com.miui.home', mMultiWindowForegroundUid=10103, mFlags=0}
11-29 08:45:00.151 I/ProcessMonitor( 5615): onForegroundInfoChanged: ForegroundInfo{mForegroundPackageName='com.miui.home', mForegroundUid=10103, mForegroundPid=3272, mLastForegroundPackageName='com.albacontrol', mLastForegroundUid=10217, mLastForegroundPid=22443, mMultiWindowForegroundPackageName='com.miui.home', mMultiWindowForegroundUid=10103, mFlags=0}
11-29 08:45:00.151 I/GST     (11799): forePkg: com.miui.home, preForePkg: com.albacontrol
11-29 08:45:00.151 D/A2dpLatencyMode(16692): ForegroundInfo{mForegroundPackageName='com.miui.home', mForegroundUid=10103, mForegroundPid=3272, mLastForegroundPackageName='com.albacontrol', mLastForegroundUid=10217, mLastForegroundPid=22443, mMultiWindowForegroundPackageName='com.miui.home', mMultiWindowForegroundUid=10103, mFlags=0}
11-29 08:45:00.151 D/AppObserver( 3272): ForegroundInfo{mForegroundPackageName='com.miui.home', mForegroundUid=10103, mForegroundPid=3272, mLastForegroundPackageName='com.albacontrol', mLastForegroundUid=10217, mLastForegroundPid=22443, mMultiWindowForegroundPackageName='com.miui.home', mMultiWindowForegroundUid=10103, mFlags=0}
11-29 08:45:00.202 I/SmartPower.com.albacontrol/10217(22443)( 1829): visible->invisible(4526ms) R(become invisible) adj=200.
11-29 08:45:00.202 I/SmartPower.com.albacontrol/10217(22443)( 1829): invisible->background(0ms) R(become background) adj=200.
11-29 08:45:00.253 E/ActivityManagerWrapper( 3272): getRecentTasks: mainTaskId=330   userId=0   baseIntent=Intent { act=android.intent.action.MAIN flag=270532608 cmp=ComponentInfo{com.albacontrol/com.albacontrol.MainActivity} }
11-29 08:45:00.266 E/ActivityManagerWrapper( 3272): getRecentTasks: mainTaskId=330   userId=0   baseIntent=Intent { act=android.intent.action.MAIN flag=270532608 cmp=ComponentInfo{com.albacontrol/com.albacontrol.MainActivity} }
11-29 08:45:03.204 I/SmartPower.com.albacontrol/10217(22443)( 1829): background->idle(3001ms) R(become invisible) adj=900.
11-29 08:45:07.694 W/InputDispatcher( 1829): Window 448e4bc com.albacontrol/com.albacontrol.MainActivity (server) is unresponsive: 448e4bc com.albacontrol/com.albacontrol.MainActivity (server) is not responding. Waited 8002ms for FocusEvent(hasFocus=false)
11-29 08:45:07.694 W/InputDispatcher( 1829): Canceling events for 448e4bc com.albacontrol/com.albacontrol.MainActivity (server) because it is unresponsive
11-29 08:45:07.694 I/WindowManager( 1829): ANR in Window{448e4bc u0 com.albacontrol/com.albacontrol.MainActivity}. Reason:448e4bc com.albacontrol/com.albacontrol.MainActivity (server) is not responding. Waited 8002ms for FocusEvent(hasFocus=false)
11-29 08:45:07.831 D/ActivityManagerServiceImpl( 1829): checkThawTime uid=10217 report=Input dispatching timed out (448e4bc com.albacontrol/com.albacontrol.MainActivity (server) is not responding. Waited 8002ms for FocusEvent(hasFocus=false))
11-29 08:45:08.011 I/ActivityManager( 1829): Crashing app skipping ANR: com.android.server.am.ProcessErrorStateRecord@bc97555 Input dispatching timed out (448e4bc com.albacontrol/com.albacontrol.MainActivity (server) is not responding. Waited 8002ms for FocusEvent(hasFocus=false))
11-29 08:45:08.012 D/ActivityManager( 1829): Completed ANR of com.albacontrol in 179ms, latency 2ms
11-29 08:45:09.707 D/MIUIInput( 1829): [MotionEvent] publisher action=0x0, 80708508, channel '3e3b898 Application Error: com.albacontrol (server)'
11-29 08:45:09.796 D/MIUIInput( 1829): [MotionEvent] publisher action=0x1, 80708599, channel '3e3b898 Application Error: com.albacontrol (server)'
11-29 08:45:09.799 D/CoreBackPreview( 1829): Window{3e3b898 u0 Application Error: com.albacontrol}: Setting back callback null
11-29 08:45:09.799 W/WindowManager( 1829):   Force finishing activity com.albacontrol/.MainActivity
11-29 08:45:09.803 I/WindowManager( 1829): wms.showSurfaceRobustly mWin:Window{448e4bc u0 com.albacontrol/com.albacontrol.MainActivity}
11-29 08:45:09.809 W/InputManager-JNI( 1829): Input channel object '3e3b898 Application Error: com.albacontrol (client)' was disposed without first being removed with the input manager!
11-29 08:45:09.818 I/ActivityManager( 1829): Killing 22443:com.albacontrol/u0a217 (adj 900): crash
11-29 08:45:09.819 W/InputManager-JNI( 1829): Input channel object '448e4bc com.albacontrol/com.albacontrol.MainActivity (client)' was disposed without first being removed with the input manager!
11-29 08:45:09.842 E/ActivityManagerWrapper( 3272): getRecentTasks: mainTaskId=330   userId=0   baseIntent=Intent { act=android.intent.action.MAIN flag=270532608 cmp=ComponentInfo{com.albacontrol/com.albacontrol.MainActivity} }
11-29 08:45:59.735 D/MiSightJni( 5087): MiSight: Java_com_miui_misight_MiSight_nativeSendEvent enter called. '{"PackageName":"com.albacontrol","Times":1}'
11-29 08:45:59.736 D/MiEvent ( 5087): flatten EventId 901003005 -t 1764402359 -paraList {"PackageName":"com.albacontrol","Times":1}
11-29 08:45:59.738 D/DigestGenerator( 5087): digest=============exp_appbootfailcom.albacontrol
11-29 08:46:10.104 E/ActivityManagerWrapper( 3272): getRecentTasks: mainTaskId=330   userId=0   baseIntent=Intent { act=android.intent.action.MAIN flag=270532608 cmp=ComponentInfo{com.albacontrol/com.albacontrol.MainActivity} }
11-29 08:46:10.188 E/ActivityManagerWrapper( 3272): getRecentTasks: mainTaskId=330   userId=0   baseIntent=Intent { act=android.intent.action.MAIN flag=270532608 cmp=ComponentInfo{com.albacontrol/com.albacontrol.MainActivity} }
11-29 08:47:07.665 I/Finsky  (21210): [2] VerifyApps: Install-time verification requested for package com.albacontrol, PackageManager id = 81, Verifier id = a956899d-7100-46ea-a31e-578e5b14c3e0
11-29 08:47:07.819 I/Finsky  (21210): [1405] VerifyApps: Anti-malware verification task started for package=com.albacontrol
11-29 08:47:08.099 I/Finsky  (21210): [1194] VerifyApps: Starting APK Analysis scan for com.albacontrol.
11-29 08:47:08.101 I/Finsky  (21210): [1194] Scanning package com.albacontrol contents with client side protections. File: [haSz6ug9Gzab-ahcWUbqPUQvIYEVgeyrhkaMljkBM2M]
11-29 08:47:09.171 I/Finsky  (21210): [1410] VerifyApps: Verification package=com.albacontrol, id=81, response=0, upload_requested=false, enable_ecm=false
11-29 08:47:09.175 I/Finsky  (21210): [1410] VerifyApps: PAM result saving to datastore delayed for package: com.albacontrol
11-29 08:47:11.597 I/Finsky  (21210): [1196] VerifyApps: APK Analysis scan finished for com.albacontrol. Verdict: SAFE
11-29 08:47:11.630 I/Finsky  (21210): [2] VerifyApps: Install-time verification complete: id=81, package_name=com.albacontrol
11-29 08:47:11.742 E/ActivityManagerWrapper( 3272): getRecentTasks: mainTaskId=330   userId=0   baseIntent=Intent { act=android.intent.action.MAIN flag=270532608 cmp=ComponentInfo{com.albacontrol/com.albacontrol.MainActivity} }
11-29 08:47:12.366 D/PerfStubImpl( 1829): perfAppUpdateBoost: com.albacontrol, -1, 0
11-29 08:47:12.376 E/ActivityManagerWrapper( 3272): getRecentTasks: mainTaskId=330   userId=0   baseIntent=Intent { act=android.intent.action.MAIN flag=270532608 cmp=ComponentInfo{com.albacontrol/com.albacontrol.MainActivity} }
11-29 08:47:12.379 I/ActivityManager( 1829): Force stopping com.albacontrol appid=10217 user=-1: installPackageLI
11-29 08:47:12.381 I/PackageManager( 1829): Update package com.albacontrol code path from /data/app/~~_Ya1EzbwulYCUUXkYIoBHQ==/com.albacontrol-LwD909yJplc7_ajAdjgQQA== to /data/app/~~Q47JI7LU6ph-U5YdjC-6Aw==/com.albacontrol-mEBpM28AetslTY_pnT5Ulw==; Retain data and using new
11-29 08:47:12.381 I/AppsFilter( 1829): interaction: PackageSetting{29b2db9 com.example.albacontrol.test/10890} -> PackageSetting{248005d com.albacontrol/10217} BLOCKED
11-29 08:47:12.384 I/AppsFilter( 1829): interaction: PackageSetting{15215f com.fido.asm/10152} -> PackageSetting{248005d com.albacontrol/10217} BLOCKED
11-29 08:47:12.384 I/AppsFilter( 1829): interaction: PackageSetting{29b2db9 com.example.albacontrol.test/10890} -> PackageSetting{12c89c1 com.albacontrol/10217} BLOCKED
11-29 08:47:12.384 I/AppsFilter( 1829): interaction: PackageSetting{15215f com.fido.asm/10152} -> PackageSetting{12c89c1 com.albacontrol/10217} BLOCKED
11-29 08:47:12.611 E/ActivityManagerWrapper( 3272): getRecentTasks: mainTaskId=330   userId=0   baseIntent=Intent { act=android.intent.action.MAIN flag=270532608 cmp=ComponentInfo{com.albacontrol/com.albacontrol.MainActivity} }
11-29 08:47:12.615 W/PackageFreezer( 1829): Freeze package com.albacontrol about 0.236 seconds for reason: installPackageLI
11-29 08:47:12.615 I/InstallationTiming( 1829): com.albacontrol|null|6104|814|82|147|0|4023|0
11-29 08:47:12.616 I/AppsFilter( 1829): interaction: PackageSetting{29b2db9 com.example.albacontrol.test/10890} -> PackageSetting{12c89c1 com.albacontrol/10217} BLOCKED
11-29 08:47:12.616 I/AppsFilter( 1829): interaction: PackageSetting{15215f com.fido.asm/10152} -> PackageSetting{12c89c1 com.albacontrol/10217} BLOCKED
11-29 08:47:12.627 I/ActivityManager( 1829): Force stopping com.albacontrol appid=10217 user=0: pkg removed
11-29 08:47:12.706 D/MiuiNetworkPolicyAppBuckets( 1829): updateAppPN packageName=com.albacontrol,uid=10217,installed=false
11-29 08:47:12.709 E/InstallApkReceiver( 3272): uninstall:package:com.albacontrol
11-29 08:47:12.719 D/NotificationProvider( 3215): call method=clearPkgUsageInfoWhenRemoved extras=Bundle[{packageName=com.albacontrol}]
11-29 08:47:12.731 D/BluetoothMapAppObserver(16692): The removed package is: com.albacontrol
11-29 08:47:12.742 D/MiuiClockController( 3215): receive package changed com.albacontrol
11-29 08:47:12.758 D/ContactDirectoryManager(21878): onPackageChanged,updateDirectoriesForPackage, packageName:com.albacontrol
11-29 08:47:12.772 I/MiuiCompatModePackages( 1829): package com.albacontrol updated, removing config
11-29 08:47:12.774 W/SQLiteLog( 5168): (28) double-quoted string literal: "com.albacontrol"
11-29 08:47:12.774 I/SdkSandboxManager( 1829): No SDKs used. Skipping SDK data reconcilation for CallingInfo{mUid=10217, mPackageName='com.albacontrol, mAppProcessToken='null'}
11-29 08:47:12.780 D/MiuiNetworkPolicyAppBuckets( 1829): updateAppPN packageName=com.albacontrol,uid=10217,installed=true
11-29 08:47:12.781 E/InstallApkReceiver( 3272): install:package:com.albacontrol
11-29 08:47:12.785 D/HCENfc_RegisteredServicesCache( 5107): onReceive() - pkg: com.albacontrol
11-29 08:47:12.793 D/CarrierSvcBindHelper( 3213): onPackageUpdateFinished: com.albacontrol
11-29 08:47:12.796 D/CarrierSvcBindHelper( 3213): onPackageModified: com.albacontrol
11-29 08:47:12.800 D/AppInstalledReceiver( 5615): packageName: com.albacontrol
11-29 08:47:12.804 D/BluetoothMapAppObserver(16692): The installed package is: com.albacontrol
11-29 08:47:12.804 D/Avrcp_ext(16692): AvrcpServiceBroadcastReceiver-> packageName: com.albacontrol
11-29 08:47:12.804 D/Avrcp_ext(16692): packageName: com.albacontrol removed: false
11-29 08:47:12.805 I/SdkSandboxManager( 1829): No SDKs used. Skipping SDK data reconcilation for CallingInfo{mUid=10217, mPackageName='com.albacontrol, mAppProcessToken='null'}
11-29 08:47:12.806 D/ContactDirectoryManager(21878): onPackageChanged,updateDirectoriesForPackage, packageName:com.albacontrol
11-29 08:47:12.808 D/MiuiClockController( 3215): receive package changed com.albacontrol
11-29 08:47:12.812 D/ContactDirectoryManager(21878): onPackageChanged,updateDirectoriesForPackage, packageName:com.albacontrol
11-29 08:47:12.841 I/Telecom ( 1829): CarModeTracker: Package com.albacontrol is not tracked.: SSH.oR@FZk
11-29 08:47:12.854 D/ImsResolver( 3213): maybeAddedImsService, packageName: com.albacontrol
11-29 08:47:12.854 I/Finsky  (21210): [2] AIM: AppInfoCacheUpdater -> invalidating apps: [com.albacontrol]
11-29 08:47:12.861 I/Finsky  (21210): [1194] AIM: AppInfoManager-Perf > OnDeviceAppInfo > cacheHitCount=0, cacheMissCount=1. Missed  in cache (limit 10) : [com.albacontrol]
11-29 08:47:12.868 E/AppScanObserverService( 1829): Try to add a invalid package: com.albacontrol | 10217 | 0
11-29 08:47:12.885 D/HCENfc_RegisteredServicesCache( 5107): onReceive() - pkg: com.albacontrol
11-29 08:47:12.885 D/HCENfc_RegisteredServicesCache( 5107): onReceive() - pkg: com.albacontrol
11-29 08:47:12.909 I/Finsky  (21210): [2] AIM: AppInfoCacheUpdater -> invalidating apps: [com.albacontrol]
11-29 08:47:12.933 I/Finsky  (21210): [1194] AIM: AppInfoManager-Perf > OnDeviceAppInfo > cacheHitCount=0, cacheMissCount=1. Missed  in cache (limit 10) : [com.albacontrol]
11-29 08:47:13.039 I/ProximityAuth( 3469): [RecentAppsMediator] Package added: (user=UserHandle{0}) com.albacontrol
11-29 08:47:13.065 E/VerityUtils( 1829): Failed to measure fs-verity, errno 1: /data/app/~~Q47JI7LU6ph-U5YdjC-6Aw==/com.albacontrol-mEBpM28AetslTY_pnT5Ulw==/base.apk
11-29 08:47:13.080 W/SQLiteLog( 5168): (28) double-quoted string literal: "com.albacontrol"
11-29 08:47:13.101 D/HCENfc_RegisteredServicesCache( 5107): invalidateCache() - mLastAddedPackage: com.albacontrol
11-29 08:47:13.120 W/AlarmManager( 1829): Package com.albacontrol, uid 10217 lost permission to set exact alarms!
11-29 08:47:13.321 E/VerityUtils( 1829): Failed to measure fs-verity, errno 1: /data/app/~~Q47JI7LU6ph-U5YdjC-6Aw==/com.albacontrol-mEBpM28AetslTY_pnT5Ulw==/base.apk
11-29 08:47:13.389 W/SQLiteLog( 4351): (28) double-quoted string literal: "com.albacontrol"
11-29 08:47:13.653 I/PI-ScanDispatch(22693): service bind, pkgName = com.albacontrol, installer = null, isReplace = true, firstGoogleTime = 1660577604917
11-29 08:47:14.691 D/Launcher.Model( 3272): LauncherAppsCallback onPackageChanged|com.albacontrol|UserHandle{0}
11-29 08:47:14.702 D/Launcher.AllAppsList( 3272): updatePackage, packageName=com.albacontrol, loadMissing=false, user=UserHandle{0}, matchedSize=1
11-29 08:47:14.703 D/Launcher.AllAppsList( 3272): updatePackage, find appInfo=AppInfo, id=-1, itemType=0, user=UserHandle{0}, mIconType=0, pkgName=com.albacontrol, className=com.albacontrol.MainActivity, screenId=-1, container=-1, cellX=-1, cellY=-1, spanX=1, spanY=1 from ComponentInfo{com.albacontrol/com.albacontrol.MainActivity}
11-29 08:47:14.706 D/Launcher.Model( 3272): onReceiveBackground, mAllAppsList=add=[], remove=[], modified=[(0, AppInfo, id=-1, itemType=0, user=UserHandle{0}, mIconType=0, pkgName=com.albacontrol, className=com.albacontrol.MainActivity, screenId=-1, container=-1, cellX=-1, cellY=-1, spanX=1, spanY=1)]
11-29 08:47:15.750 I/AppsFilter( 1829): interaction: PackageSetting{5032bd9 com.albacontrol/10217} -> PackageSetting{c8bf99e com.facebook.appmanager/10178} BLOCKED
11-29 08:47:19.318 W/Monkey  (23365): args: [-p, com.albacontrol, -c, android.intent.category.LAUNCHER, 1]
11-29 08:47:19.319 W/Monkey  (23365):  arg: "com.albacontrol"
11-29 08:47:19.319 W/Monkey  (23365): data="com.albacontrol"
11-29 08:47:19.374 I/ActivityTaskManager( 1829): START u0 {act=android.intent.action.MAIN cat=[android.intent.category.LAUNCHER] flg=0x10200000 cmp=com.albacontrol/.MainActivity} from uid 2000 from pid 23365 callingPackage com.android.shell
11-29 08:47:19.383 D/MiGgameTypeIdentificationImpl( 1829): checkIfGameBeSupported app:com.albacontrol
11-29 08:47:19.383 I/WindowManager( 1829): When perf version lower than 2.3, MiGTStub result: false, gameType: 1, packageName: com.albacontrol
11-29 08:47:19.387 D/WindowManager( 1829): setLockTaskAuth: task=Task{ea6e67b #332 type=standard A=10217:com.albacontrol U=0 visible=false visibleRequested=false mode=fullscreen translucent=true sz=0} mLockTaskAuth=LOCK_TASK_AUTH_PINNABLE
11-29 08:47:19.389 D/WindowManager( 1829): setLockTaskAuth: task=Task{ea6e67b #332 type=standard A=10217:com.albacontrol U=0 visible=true visibleRequested=false mode=fullscreen translucent=true sz=1} mLockTaskAuth=LOCK_TASK_AUTH_PINNABLE
11-29 08:47:19.405 D/KeyguardEditorHelper( 3215): onTopActivityMayChanged, topActivity=ComponentInfo{com.albacontrol/com.albacontrol.MainActivity}; mState=IDEL
11-29 08:47:19.406 I/FocusedNotifPromptContr( 3215): onTopActivityMayChanged: topActivity=com.albacontrol
11-29 08:47:19.406 I/FocusedNotifPromptContr( 3215): topActivityMayChanged: topActivity=com.albacontrol
11-29 08:47:19.464 D/Boost   ( 1829): hostingType=top-activity, hostingName={com.albacontrol/com.albacontrol.MainActivity}, callerPackage=com.android.shell, isSystem=true, isBoostNeeded=false.
11-29 08:47:19.465 I/ActivityManager( 1829): Start proc 23381:com.albacontrol/u0a217 for top-activity {com.albacontrol/com.albacontrol.MainActivity} caller=com.android.shell
11-29 08:47:19.473 W/RecentsModel( 3272): getRunningTask   taskInfo=TaskInfo{userId=0 taskId=332 displayId=0 isRunning=true baseIntent=Intent { act=android.intent.action.MAIN cat=[android.intent.category.LAUNCHER] flg=0x10200000 cmp=com.albacontrol/.MainActivity } baseActivity=ComponentInfo{com.albacontrol/com.albacontrol.MainActivity} topActivity=ComponentInfo{com.albacontrol/com.albacontrol.MainActivity} origActivity=null realActivity=ComponentInfo{com.albacontrol/com.albacontrol.MainActivity} numActivities=1 lastActiveTime=166231242 supportsSplitScreenMultiWindow=true supportsMultiWindow=true resizeMode=1 isResizeable=true minWidth=-1 minHeight=-1 defaultMinSize=200 token=WCT{android.window.IWindowContainerToken$Stub$Proxy@209bd0} topActivityType=1 pictureInPictureParams=null shouldDockBigOverlays=false launchIntoPipHostTaskId=0 displayCutoutSafeInsets=Rect(0, 93 - 0, 0) topActivityInfo=ActivityInfo{3be7c9 com.albacontrol.MainActivity} launchCookies=[] positionInParent=Point(0, 0) parentTaskId=-1 isFocused=false isVisible=false isSleeping=true topActivityInSizeCompat=false topActivityInMiuiSizeCompat=false topActivityEligibleForLetterboxEducation= false locusId=null displayAreaFeatureId=1 cameraCompatControlState=hidden mIsCastMode=false}
11-29 08:47:19.473 W/RecentsModel( 3272): getTaskInfoIgnoreHomeAndFreeform   taskInfo=ComponentInfo{com.albacontrol/com.albacontrol.MainActivity}
11-29 08:47:19.479 E/Zygote  (23381): process_name_ptr:23381 com.albacontrol
11-29 08:47:19.479 E/ActivityManagerWrapper( 3272): getRecentTasks: mainTaskId=332   userId=0   baseIntent=Intent { act=android.intent.action.MAIN flag=270532608 cmp=ComponentInfo{com.albacontrol/com.albacontrol.MainActivity} }
11-29 08:47:19.492 I/com.albacontrol(23381): Late-enabling -Xcheck:jni
11-29 08:47:19.521 I/com.albacontrol(23381): Using CollectorTypeCC GC.
11-29 08:47:19.533 W/RecentsModel( 3272): getRunningTask   taskInfo=TaskInfo{userId=0 taskId=332 displayId=0 isRunning=true baseIntent=Intent { act=android.intent.action.MAIN cat=[android.intent.category.LAUNCHER] flg=0x10200000 cmp=com.albacontrol/.MainActivity } baseActivity=ComponentInfo{com.albacontrol/com.albacontrol.MainActivity} topActivity=ComponentInfo{com.albacontrol/com.albacontrol.MainActivity} origActivity=null realActivity=ComponentInfo{com.albacontrol/com.albacontrol.MainActivity} numActivities=1 lastActiveTime=166231242 supportsSplitScreenMultiWindow=true supportsMultiWindow=true resizeMode=1 isResizeable=true minWidth=-1 minHeight=-1 defaultMinSize=200 token=WCT{android.window.IWindowContainerToken$Stub$Proxy@64e54df} topActivityType=1 pictureInPictureParams=null shouldDockBigOverlays=false launchIntoPipHostTaskId=0 displayCutoutSafeInsets=Rect(0, 93 - 0, 0) topActivityInfo=ActivityInfo{b0452c com.albacontrol.MainActivity} launchCookies=[] positionInParent=Point(0, 0) parentTaskId=-1 isFocused=false isVisible=false isSleeping=true topActivityInSizeCompat=false topActivityInMiuiSizeCompat=false topActivityEligibleForLetterboxEducation= false locusId=null displayAreaFeatureId=1 cameraCompatControlState=hidden mIsCastMode=false}
11-29 08:47:19.533 W/RecentsModel( 3272): getTaskInfoIgnoreHomeAndFreeform   taskInfo=ComponentInfo{com.albacontrol/com.albacontrol.MainActivity}
11-29 08:47:19.538 E/ActivityManagerWrapper( 3272): getRecentTasks: mainTaskId=332   userId=0   baseIntent=Intent { act=android.intent.action.MAIN flag=270532608 cmp=ComponentInfo{com.albacontrol/com.albacontrol.MainActivity} }
11-29 08:47:19.545 I/SmartPower.com.albacontrol/10217(23381)( 1829): died->invisible(129743ms) R(process start ) adj=-10000.
11-29 08:47:19.552 I/SmartPower.com.albacontrol/10217(23381)( 1829): invisible->visible(7ms) R(become visible) adj=-10000.
11-29 08:47:19.559 I/SmartPower.com.albacontrol/10217(23381)( 1829): visible->invisible(7ms) R(become invisible) adj=-10000.
11-29 08:47:19.559 I/SmartPower.com.albacontrol/10217(23381)( 1829): invisible->background(0ms) R(become background) adj=-10000.
11-29 08:47:19.563 D/CameraBlackCoveredManager( 1829): mForegroundPackage = com.albacontrol mOccupiedPackage = com.miui.face
11-29 08:47:19.565 D/PerfEngineController( 7490): ForegroundInfo{mForegroundPackageName='com.albacontrol', mForegroundUid=10217, mForegroundPid=23381, mLastForegroundPackageName='com.miui.home', mLastForegroundUid=10103, mLastForegroundPid=3272, mMultiWindowForegroundPackageName='com.albacontrol', mMultiWindowForegroundUid=10217, mFlags=1}
11-29 08:47:19.567 I/ProcessMonitor( 5615): onForegroundInfoChanged: ForegroundInfo{mForegroundPackageName='com.albacontrol', mForegroundUid=10217, mForegroundPid=23381, mLastForegroundPackageName='com.miui.home', mLastForegroundUid=10103, mLastForegroundPid=3272, mMultiWindowForegroundPackageName='com.albacontrol', mMultiWindowForegroundUid=10217, mFlags=1}
11-29 08:47:19.569 D/AppObserver( 3272): ForegroundInfo{mForegroundPackageName='com.albacontrol', mForegroundUid=10217, mForegroundPid=23381, mLastForegroundPackageName='com.miui.home', mLastForegroundUid=10103, mLastForegroundPid=3272, mMultiWindowForegroundPackageName='com.albacontrol', mMultiWindowForegroundUid=10217, mFlags=1}
11-29 08:47:19.570 I/GST     (11799): forePkg: com.albacontrol, preForePkg: com.miui.home
11-29 08:47:19.570 D/A2dpLatencyMode(16692): ForegroundInfo{mForegroundPackageName='com.albacontrol', mForegroundUid=10217, mForegroundPid=23381, mLastForegroundPackageName='com.miui.home', mLastForegroundUid=10103, mLastForegroundPid=3272, mMultiWindowForegroundPackageName='com.albacontrol', mMultiWindowForegroundUid=10217, mFlags=1}
11-29 08:47:19.784 D/nativeloader(23381): Configuring clns-4 for other apk /data/app/~~Q47JI7LU6ph-U5YdjC-6Aw==/com.albacontrol-mEBpM28AetslTY_pnT5Ulw==/base.apk. target_sdk_version=34, uses_libraries=, library_path=/data/app/~~Q47JI7LU6ph-U5YdjC-6Aw==/com.albacontrol-mEBpM28AetslTY_pnT5Ulw==/lib/arm64:/data/app/~~Q47JI7LU6ph-U5YdjC-6Aw==/com.albacontrol-mEBpM28AetslTY_pnT5Ulw==/base.apk!/lib/arm64-v8a, permitted_path=/data:/mnt/expand:/data/user/0/com.albacontrol
11-29 08:47:19.801 V/GraphicsEnvironment(23381): ANGLE Developer option for 'com.albacontrol' set to: 'default'
11-29 08:47:19.802 V/GraphicsEnvironment(23381): ANGLE GameManagerService for com.albacontrol: false
11-29 08:47:19.807 I/ForceDarkHelperStubImpl(23381): initialize for com.albacontrol , ForceDarkOrigin
11-29 08:47:19.809 D/com.albacontrol(23381): JNI_OnLoad success
11-29 08:47:19.951 I/com.albacontrol(23381): hiddenapi: Accessing hidden method Landroid/view/View;->computeFitSystemWindows(Landroid/graphics/Rect;Landroid/graphics/Rect;)Z (runtime_flags=0, domain=platform, api=unsupported) from Landroidx/appcompat/widget/ViewUtils; (domain=app) using reflection: allowed
11-29 08:47:19.951 I/com.albacontrol(23381): hiddenapi: Accessing hidden method Landroid/view/ViewGroup;->makeOptionalFitsSystemWindows()V (runtime_flags=0, domain=platform, api=unsupported) from Landroidx/appcompat/widget/ViewUtils; (domain=app) using reflection: allowed
11-29 08:47:20.047 D/CoreBackPreview( 1829): Window{a7cf5e3 u0 com.albacontrol/com.albacontrol.MainActivity}: Setting back callback OnBackInvokedCallbackInfo{mCallback=android.window.IOnBackInvokedCallback$Stub$Proxy@cad7e99, mPriority=0}
11-29 08:47:20.048 W/Looper  (23381): PerfMonitor looperActivity : package=com.albacontrol/.MainActivity time=189ms latency=303ms  procState=-1  historyMsgCount=3
11-29 08:47:20.048 W/Looper  (23381): PerfMonitor looperActivity : package=com.albacontrol/.MainActivity time=0ms latency=491ms  procState=-1  historyMsgCount=4
11-29 08:47:20.050 D/RecentsImpl( 3272): mActivityStateObserver com.albacontrol.MainActivity
11-29 08:47:20.050 W/Looper  (23381): PerfMonitor looperActivity : package=com.albacontrol/.MainActivity time=1ms latency=489ms  procState=-1  historyMsgCount=6
11-29 08:47:20.052 W/RecentsImpl( 3272): onResumed className=com.albacontrol.MainActivity   mIsInAnotherPro=false   isKeyguardLocked=true   mSecuritySpaceGuideShown=false
11-29 08:47:20.053 W/Looper  (23381): PerfMonitor looperActivity : package=com.albacontrol/.MainActivity time=3ms latency=484ms  procState=-1  historyMsgCount=5
11-29 08:47:20.159 W/RecentsModel( 3272): getRunningTask   taskInfo=TaskInfo{userId=0 taskId=332 displayId=0 isRunning=true baseIntent=Intent { act=android.intent.action.MAIN cat=[android.intent.category.LAUNCHER] flg=0x10200000 cmp=com.albacontrol/.MainActivity } baseActivity=ComponentInfo{com.albacontrol/com.albacontrol.MainActivity} topActivity=ComponentInfo{com.albacontrol/com.albacontrol.MainActivity} origActivity=null realActivity=ComponentInfo{com.albacontrol/com.albacontrol.MainActivity} numActivities=1 lastActiveTime=166231410 supportsSplitScreenMultiWindow=true supportsMultiWindow=true resizeMode=1 isResizeable=true minWidth=-1 minHeight=-1 defaultMinSize=200 token=WCT{android.window.IWindowContainerToken$Stub$Proxy@c290bf5} topActivityType=1 pictureInPictureParams=null shouldDockBigOverlays=false launchIntoPipHostTaskId=0 displayCutoutSafeInsets=Rect(0, 93 - 0, 0) topActivityInfo=ActivityInfo{39ced8a com.albacontrol.MainActivity} launchCookies=[] positionInParent=Point(0, 0) parentTaskId=-1 isFocused=true isVisible=false isSleeping=true topActivityInSizeCompat=false topActivityInMiuiSizeCompat=false topActivityEligibleForLetterboxEducation= false locusId=null displayAreaFeatureId=1 cameraCompatControlState=hidden mIsCastMode=false}
11-29 08:47:20.159 W/RecentsModel( 3272): getTaskInfoIgnoreHomeAndFreeform   taskInfo=ComponentInfo{com.albacontrol/com.albacontrol.MainActivity}
11-29 08:47:20.169 E/ActivityManagerWrapper( 3272): getRecentTasks: mainTaskId=332   userId=0   baseIntent=Intent { act=android.intent.action.MAIN flag=270532608 cmp=ComponentInfo{com.albacontrol/com.albacontrol.MainActivity} }
11-29 08:47:20.186 W/RecentsModel( 3272): getRunningTask   taskInfo=TaskInfo{userId=0 taskId=332 displayId=0 isRunning=true baseIntent=Intent { act=android.intent.action.MAIN cat=[android.intent.category.LAUNCHER] flg=0x10200000 cmp=com.albacontrol/.MainActivity } baseActivity=ComponentInfo{com.albacontrol/com.albacontrol.MainActivity} topActivity=ComponentInfo{com.albacontrol/com.albacontrol.MainActivity} origActivity=null realActivity=ComponentInfo{com.albacontrol/com.albacontrol.MainActivity} numActivities=1 lastActiveTime=166231410 supportsSplitScreenMultiWindow=true supportsMultiWindow=true resizeMode=1 isResizeable=true minWidth=-1 minHeight=-1 defaultMinSize=200 token=WCT{android.window.IWindowContainerToken$Stub$Proxy@ced5ffb} topActivityType=1 pictureInPictureParams=null shouldDockBigOverlays=false launchIntoPipHostTaskId=0 displayCutoutSafeInsets=Rect(0, 93 - 0, 0) topActivityInfo=ActivityInfo{b728818 com.albacontrol.MainActivity} launchCookies=[] positionInParent=Point(0, 0) parentTaskId=-1 isFocused=true isVisible=false isSleeping=true topActivityInSizeCompat=false topActivityInMiuiSizeCompat=false topActivityEligibleForLetterboxEducation= false locusId=null displayAreaFeatureId=1 cameraCompatControlState=hidden mIsCastMode=false}
11-29 08:47:20.186 W/RecentsModel( 3272): getTaskInfoIgnoreHomeAndFreeform   taskInfo=ComponentInfo{com.albacontrol/com.albacontrol.MainActivity}
11-29 08:47:20.196 E/ActivityManagerWrapper( 3272): getRecentTasks: mainTaskId=332   userId=0   baseIntent=Intent { act=android.intent.action.MAIN flag=270532608 cmp=ComponentInfo{com.albacontrol/com.albacontrol.MainActivity} }
11-29 08:47:22.062 I/com.albacontrol(23381): Compiler allocated 4885KB to compile void android.view.ViewRootImpl.performTraversals()
11-29 08:47:24.395 W/ProcessStats( 1829): Tracking association SourceState{d048e28 com.albacontrol/10217 Top #328286} whose proc state 1 is better than process ProcessState{d9257c8 com.google.android.gms.persistent/10205 pkg=com.google.android.gms} proc state 3 (1654 skipped)
11-29 08:47:25.561 D/ProfileInstaller(23381): Installing profile for com.albacontrol
11-29 08:47:27.070 I/CameraManager( 5235): Open camera top activityName is com.albacontrol.MainActivity
11-29 08:47:27.070 D/CameraImpl( 1622): splitClientPackageActivityName: app packageName is com.miui.face,activityName is com.albacontrol.MainActivity
11-29 08:47:27.269 D/MiCameraSceneIdentify( 1622): isScanScene: The activity is com.albacontrol.MainActivity 
11-29 08:47:28.725 D/PerfStubImpl( 1829): perfWarmLaunchBoost: com.albacontrol, -1, 2
11-29 08:47:28.737 I/SmartPower.com.albacontrol/10217(23381)( 1829): background->invisible(9178ms) R(become foreground) adj=0.
11-29 08:47:28.762 D/RecentsImpl( 3272): mActivityStateObserver com.albacontrol.MainActivity
11-29 08:47:28.765 W/RecentsImpl( 3272): onResumed className=com.albacontrol.MainActivity   mIsInAnotherPro=false   isKeyguardLocked=true   mSecuritySpaceGuideShown=false
11-29 08:47:28.829 D/com.albacontrol(23381): MiuiProcessManagerServiceStub setSchedFifo
11-29 08:47:28.899 D/WindowManager( 1829): wms.finishDrawingLocked: mDrawState=COMMIT_DRAW_PENDING Window{a7cf5e3 u0 com.albacontrol/com.albacontrol.MainActivity} in Surface(name=com.albacontrol/com.albacontrol.MainActivity)/@0xb6de556
11-29 08:47:28.899 D/MiuiFreeFormGesturePointerEventListener( 1829): finishDrawingWindow: topFullScreenWindow= Window{a7cf5e3 u0 com.albacontrol/com.albacontrol.MainActivity}
11-29 08:47:28.905 I/SmartPower.com.albacontrol/10217(23381)( 1829): invisible->visible(168ms) R(become visible) adj=0.
11-29 08:47:28.915 I/WindowManager( 1829): wms.showSurfaceRobustly mWin:Window{a7cf5e3 u0 com.albacontrol/com.albacontrol.MainActivity}
11-29 08:47:28.970 D/WindowManager( 1829): wms.Input focus has changed to Window{a7cf5e3 u0 com.albacontrol/com.albacontrol.MainActivity} display=0 updateInputWindows = true
11-29 08:47:28.977 I/SurfaceFlinger( 1258): sf.setTransactionState focusRequest transactionId:7855495348073 frontWin:a7cf5e3 com.albacontrol/com.albacontrol.MainActivity
11-29 08:47:28.994 D/SurfaceFlinger( 1258): updateInputFlinger::setFocusedWindow: windowName=a7cf5e3 com.albacontrol/com.albacontrol.MainActivity focusRequests.size=1
11-29 08:47:28.994 W/RecentsImpl( 3272): getTopActivity from observer.   cn=ComponentInfo{com.albacontrol/com.albacontrol.MainActivity}
11-29 08:47:28.994 W/RecentsImpl( 3272): adaptToTopActivity   cn=ComponentInfo{com.albacontrol/com.albacontrol.MainActivity}
11-29 08:47:28.995 W/RecentsImpl( 3272): onResumed className=com.albacontrol.MainActivity   mIsInAnotherPro=false   isKeyguardLocked=false   mSecuritySpaceGuideShown=false
11-29 08:47:29.029 I/GoogleInputMethodService( 8267): GoogleInputMethodService.onStartInput():1347 onStartInput(EditorInfo{EditorInfo{packageName=com.albacontrol, inputType=0, inputTypeString=NULL, enableLearning=false, autoCorrection=false, autoComplete=false, imeOptions=0, privateImeOptions=null, actionName=UNSPECIFIED, actionLabel=null, initialSelStart=-1, initialSelEnd=-1, initialCapsMode=0, label=null, fieldId=-1, fieldName=null, extras=Bundle[mParcelledData.dataSize=72], hintText=null, hintLocales=[]}}, false)
11-29 08:47:29.221 D/WindowManager( 1829): wms.Update InputWindowHandle: a7cf5e3 com.albacontrol/com.albacontrol.MainActivity, frame=[0,0,0,0], touchableRegion=SkRegion((0,0,1080,2400)), scaleFactor=1.0, transform=null, windowToken=android.os.BinderProxy@870a12, isClone=false, visibal=true, focusable=true, changed=true
11-29 08:47:30.203 D/MIUIInput( 1829): [MotionEvent] publisher action=0x0, 80849004, channel 'a7cf5e3 com.albacontrol/com.albacontrol.MainActivity (server)'
11-29 08:47:30.338 D/MIUIInput( 1829): [MotionEvent] publisher action=0x1, 80849140, channel 'a7cf5e3 com.albacontrol/com.albacontrol.MainActivity (server)'
11-29 08:47:30.788 D/MIUIInput( 1829): [KeyEvent] publisher action:0x0,  keyCode:4 , 80849471,channel 'a7cf5e3 com.albacontrol/com.albacontrol.MainActivity (server)' 
11-29 08:47:30.837 D/MIUIInput(23381): [KeyEvent] ViewRootImpl windowName 'com.albacontrol/com.albacontrol.MainActivity', KeyEvent { action=ACTION_DOWN, keyCode=KEYCODE_BACK, scanCode=0, metaState=0, flags=0x48, repeatCount=0, eventTime=80849471000000, downTime=80849471000000, deviceId=-1, source=0x101, displayId=0 }, phoneEventTime=08:47:30.668
11-29 08:47:30.845 D/MIUIInput( 1829): [KeyEvent] publisher action:0x1,  keyCode:4 , 80849586,channel 'a7cf5e3 com.albacontrol/com.albacontrol.MainActivity (server)' 
11-29 08:47:30.847 D/MIUIInput(23381): [KeyEvent] ViewRootImpl windowName 'com.albacontrol/com.albacontrol.MainActivity', KeyEvent { action=ACTION_UP, keyCode=KEYCODE_BACK, scanCode=0, metaState=0, flags=0x48, repeatCount=0, eventTime=80849586000000, downTime=80849471000000, deviceId=-1, source=0x101, displayId=0 }, phoneEventTime=08:47:30.783
11-29 08:47:30.851 I/ActivityTaskManager( 1829): moveTaskToBack: Task{ea6e67b #332 type=standard A=10217:com.albacontrol U=0 visible=true visibleRequested=true mode=fullscreen translucent=false sz=1}
11-29 08:47:30.889 D/A2dpLatencyMode(16692): ForegroundInfo{mForegroundPackageName='com.miui.home', mForegroundUid=10103, mForegroundPid=3272, mLastForegroundPackageName='com.albacontrol', mLastForegroundUid=10217, mLastForegroundPid=23381, mMultiWindowForegroundPackageName='com.miui.home', mMultiWindowForegroundUid=10103, mFlags=0}
11-29 08:47:30.889 I/GST     (11799): forePkg: com.miui.home, preForePkg: com.albacontrol
11-29 08:47:30.890 D/PerfEngineController( 7490): ForegroundInfo{mForegroundPackageName='com.miui.home', mForegroundUid=10103, mForegroundPid=3272, mLastForegroundPackageName='com.albacontrol', mLastForegroundUid=10217, mLastForegroundPid=23381, mMultiWindowForegroundPackageName='com.miui.home', mMultiWindowForegroundUid=10103, mFlags=0}
