11-29 08:39:47.085 E/NotificationService( 1829): Package has already queued 5 toasts. Not showing more. Package=com.albacontrol
11-29 08:39:47.191 E/NotificationService( 1829): Package has already queued 5 toasts. Not showing more. Package=com.albacontrol
11-29 08:39:47.320 E/NotificationService( 1829): Package has already queued 5 toasts. Not showing more. Package=com.albacontrol
11-29 08:39:47.421 E/NotificationService( 1829): Package has already queued 5 toasts. Not showing more. Package=com.albacontrol
11-29 08:39:47.521 E/NotificationService( 1829): Package has already queued 5 toasts. Not showing more. Package=com.albacontrol
11-29 08:39:47.623 E/NotificationService( 1829): Package has already queued 5 toasts. Not showing more. Package=com.albacontrol
11-29 08:39:47.726 E/NotificationService( 1829): Package has already queued 5 toasts. Not showing more. Package=com.albacontrol
11-29 08:39:47.829 E/NotificationService( 1829): Package has already queued 5 toasts. Not showing more. Package=com.albacontrol
11-29 08:39:47.932 E/NotificationService( 1829): Package has already queued 5 toasts. Not showing more. Package=com.albacontrol
11-29 08:39:48.043 E/NotificationService( 1829): Package has already queued 5 toasts. Not showing more. Package=com.albacontrol
11-29 08:39:48.151 E/NotificationService( 1829): Package has already queued 5 toasts. Not showing more. Package=com.albacontrol
11-29 08:39:48.404 E/NotificationService( 1829): Package has already queued 5 toasts. Not showing more. Package=com.albacontrol
11-29 08:39:48.452 W/NotificationService( 1829): Toast already killed. pkg=com.albacontrol token=android.os.BinderProxy@6dadf61
11-29 08:39:48.522 E/NotificationService( 1829): Package has already queued 5 toasts. Not showing more. Package=com.albacontrol
11-29 08:39:48.648 E/NotificationService( 1829): Package has already queued 5 toasts. Not showing more. Package=com.albacontrol
11-29 08:39:48.763 E/NotificationService( 1829): Package has already queued 5 toasts. Not showing more. Package=com.albacontrol
11-29 08:39:48.863 E/NotificationService( 1829): Package has already queued 5 toasts. Not showing more. Package=com.albacontrol
11-29 08:39:48.962 E/NotificationService( 1829): Package has already queued 5 toasts. Not showing more. Package=com.albacontrol
11-29 08:39:49.064 E/NotificationService( 1829): Package has already queued 5 toasts. Not showing more. Package=com.albacontrol
11-29 08:39:49.173 E/NotificationService( 1829): Package has already queued 5 toasts. Not showing more. Package=com.albacontrol
11-29 08:39:49.287 E/NotificationService( 1829): Package has already queued 5 toasts. Not showing more. Package=com.albacontrol
11-29 08:39:49.392 E/NotificationService( 1829): Package has already queued 5 toasts. Not showing more. Package=com.albacontrol
11-29 08:39:49.498 E/NotificationService( 1829): Package has already queued 5 toasts. Not showing more. Package=com.albacontrol
11-29 08:39:49.601 E/NotificationService( 1829): Package has already queued 5 toasts. Not showing more. Package=com.albacontrol
11-29 08:39:49.704 E/NotificationService( 1829): Package has already queued 5 toasts. Not showing more. Package=com.albacontrol
11-29 08:39:49.807 E/NotificationService( 1829): Package has already queued 5 toasts. Not showing more. Package=com.albacontrol
11-29 08:39:49.911 E/NotificationService( 1829): Package has already queued 5 toasts. Not showing more. Package=com.albacontrol
11-29 08:39:50.013 E/NotificationService( 1829): Package has already queued 5 toasts. Not showing more. Package=com.albacontrol
11-29 08:39:50.115 E/NotificationService( 1829): Package has already queued 5 toasts. Not showing more. Package=com.albacontrol
11-29 08:39:50.219 E/NotificationService( 1829): Package has already queued 5 toasts. Not showing more. Package=com.albacontrol
11-29 08:39:50.321 E/NotificationService( 1829): Package has already queued 5 toasts. Not showing more. Package=com.albacontrol
11-29 08:39:50.424 E/NotificationService( 1829): Package has already queued 5 toasts. Not showing more. Package=com.albacontrol
11-29 08:39:50.533 E/NotificationService( 1829): Package has already queued 5 toasts. Not showing more. Package=com.albacontrol
11-29 08:39:50.641 E/NotificationService( 1829): Package has already queued 5 toasts. Not showing more. Package=com.albacontrol
11-29 08:39:50.743 E/NotificationService( 1829): Package has already queued 5 toasts. Not showing more. Package=com.albacontrol
11-29 08:39:50.752 D/PerfShielderService( 1829): com.albacontrol|com.albacontrol/com.albacontrol.MainActivity|10701|80389547279489|150|0|110
11-29 08:39:50.752 W/MiuiPerfServiceClient( 5087): interceptAndQueuing:21114|com.albacontrol|10701|150|80389547279489|Slow main thread|110
11-29 08:39:50.975 E/NotificationService( 1829): Package has already queued 5 toasts. Not showing more. Package=com.albacontrol
11-29 08:39:51.044 W/NotificationService( 1829): Toast already killed. pkg=com.albacontrol token=android.os.BinderProxy@dd6015b
11-29 08:39:51.080 E/NotificationService( 1829): Package has already queued 5 toasts. Not showing more. Package=com.albacontrol
11-29 08:39:51.190 E/NotificationService( 1829): Package has already queued 5 toasts. Not showing more. Package=com.albacontrol
11-29 08:39:51.299 E/NotificationService( 1829): Package has already queued 5 toasts. Not showing more. Package=com.albacontrol
11-29 08:39:51.404 E/NotificationService( 1829): Package has already queued 5 toasts. Not showing more. Package=com.albacontrol
11-29 08:39:51.513 E/NotificationService( 1829): Package has already queued 5 toasts. Not showing more. Package=com.albacontrol
11-29 08:39:51.627 E/NotificationService( 1829): Package has already queued 5 toasts. Not showing more. Package=com.albacontrol
11-29 08:39:51.731 E/NotificationService( 1829): Package has already queued 5 toasts. Not showing more. Package=com.albacontrol
11-29 08:39:51.849 E/NotificationService( 1829): Package has already queued 5 toasts. Not showing more. Package=com.albacontrol
11-29 08:39:51.952 E/NotificationService( 1829): Package has already queued 5 toasts. Not showing more. Package=com.albacontrol
11-29 08:39:52.066 E/NotificationService( 1829): Package has already queued 5 toasts. Not showing more. Package=com.albacontrol
11-29 08:39:52.181 E/NotificationService( 1829): Package has already queued 5 toasts. Not showing more. Package=com.albacontrol
11-29 08:39:52.293 E/NotificationService( 1829): Package has already queued 5 toasts. Not showing more. Package=com.albacontrol
11-29 08:39:52.404 E/NotificationService( 1829): Package has already queued 5 toasts. Not showing more. Package=com.albacontrol
11-29 08:39:52.506 E/NotificationService( 1829): Package has already queued 5 toasts. Not showing more. Package=com.albacontrol
11-29 08:39:52.616 E/NotificationService( 1829): Package has already queued 5 toasts. Not showing more. Package=com.albacontrol
11-29 08:39:52.732 E/NotificationService( 1829): Package has already queued 5 toasts. Not showing more. Package=com.albacontrol
11-29 08:39:52.847 E/NotificationService( 1829): Package has already queued 5 toasts. Not showing more. Package=com.albacontrol
11-29 08:39:52.946 E/NotificationService( 1829): Package has already queued 5 toasts. Not showing more. Package=com.albacontrol
11-29 08:39:53.048 E/NotificationService( 1829): Package has already queued 5 toasts. Not showing more. Package=com.albacontrol
11-29 08:39:53.163 E/NotificationService( 1829): Package has already queued 5 toasts. Not showing more. Package=com.albacontrol
11-29 08:39:53.286 E/NotificationService( 1829): Package has already queued 5 toasts. Not showing more. Package=com.albacontrol
11-29 08:39:53.551 E/NotificationService( 1829): Package has already queued 5 toasts. Not showing more. Package=com.albacontrol
11-29 08:39:53.654 W/NotificationService( 1829): Toast already killed. pkg=com.albacontrol token=android.os.BinderProxy@4a2dec5
11-29 08:39:53.692 E/NotificationService( 1829): Package has already queued 5 toasts. Not showing more. Package=com.albacontrol
11-29 08:39:53.826 E/NotificationService( 1829): Package has already queued 5 toasts. Not showing more. Package=com.albacontrol
11-29 08:39:53.955 E/NotificationService( 1829): Package has already queued 5 toasts. Not showing more. Package=com.albacontrol
11-29 08:39:54.066 E/NotificationService( 1829): Package has already queued 5 toasts. Not showing more. Package=com.albacontrol
11-29 08:39:54.184 E/NotificationService( 1829): Package has already queued 5 toasts. Not showing more. Package=com.albacontrol
11-29 08:39:54.305 E/NotificationService( 1829): Package has already queued 5 toasts. Not showing more. Package=com.albacontrol
11-29 08:39:54.422 E/NotificationService( 1829): Package has already queued 5 toasts. Not showing more. Package=com.albacontrol
11-29 08:39:54.546 E/NotificationService( 1829): Package has already queued 5 toasts. Not showing more. Package=com.albacontrol
11-29 08:39:54.651 E/NotificationService( 1829): Package has already queued 5 toasts. Not showing more. Package=com.albacontrol
11-29 08:39:54.743 E/NotificationService( 1829): Package has already queued 5 toasts. Not showing more. Package=com.albacontrol
11-29 08:39:54.837 E/NotificationService( 1829): Package has already queued 5 toasts. Not showing more. Package=com.albacontrol
11-29 08:39:54.927 E/NotificationService( 1829): Package has already queued 5 toasts. Not showing more. Package=com.albacontrol
11-29 08:39:55.022 E/NotificationService( 1829): Package has already queued 5 toasts. Not showing more. Package=com.albacontrol
11-29 08:39:55.115 E/NotificationService( 1829): Package has already queued 5 toasts. Not showing more. Package=com.albacontrol
11-29 08:39:55.211 E/NotificationService( 1829): Package has already queued 5 toasts. Not showing more. Package=com.albacontrol
11-29 08:39:55.310 E/NotificationService( 1829): Package has already queued 5 toasts. Not showing more. Package=com.albacontrol
11-29 08:39:55.409 E/NotificationService( 1829): Package has already queued 5 toasts. Not showing more. Package=com.albacontrol
11-29 08:39:55.506 E/NotificationService( 1829): Package has already queued 5 toasts. Not showing more. Package=com.albacontrol
11-29 08:39:55.603 E/NotificationService( 1829): Package has already queued 5 toasts. Not showing more. Package=com.albacontrol
11-29 08:39:55.704 E/NotificationService( 1829): Package has already queued 5 toasts. Not showing more. Package=com.albacontrol
11-29 08:39:55.800 E/NotificationService( 1829): Package has already queued 5 toasts. Not showing more. Package=com.albacontrol
11-29 08:39:55.901 E/NotificationService( 1829): Package has already queued 5 toasts. Not showing more. Package=com.albacontrol
11-29 08:39:56.146 E/NotificationService( 1829): Package has already queued 5 toasts. Not showing more. Package=com.albacontrol
11-29 08:39:56.240 W/NotificationService( 1829): Toast already killed. pkg=com.albacontrol token=android.os.BinderProxy@c77493b
11-29 08:39:56.249 E/NotificationService( 1829): Package has already queued 5 toasts. Not showing more. Package=com.albacontrol
11-29 08:39:56.369 E/NotificationService( 1829): Package has already queued 5 toasts. Not showing more. Package=com.albacontrol
11-29 08:39:56.469 E/NotificationService( 1829): Package has already queued 5 toasts. Not showing more. Package=com.albacontrol
11-29 08:39:56.572 E/NotificationService( 1829): Package has already queued 5 toasts. Not showing more. Package=com.albacontrol
11-29 08:39:56.675 E/NotificationService( 1829): Package has already queued 5 toasts. Not showing more. Package=com.albacontrol
11-29 08:39:56.788 E/NotificationService( 1829): Package has already queued 5 toasts. Not showing more. Package=com.albacontrol
11-29 08:39:56.901 E/NotificationService( 1829): Package has already queued 5 toasts. Not showing more. Package=com.albacontrol
11-29 08:39:57.005 E/NotificationService( 1829): Package has already queued 5 toasts. Not showing more. Package=com.albacontrol
11-29 08:39:57.105 E/NotificationService( 1829): Package has already queued 5 toasts. Not showing more. Package=com.albacontrol
11-29 08:39:57.214 E/NotificationService( 1829): Package has already queued 5 toasts. Not showing more. Package=com.albacontrol
11-29 08:39:57.314 E/NotificationService( 1829): Package has already queued 5 toasts. Not showing more. Package=com.albacontrol
11-29 08:39:57.414 E/NotificationService( 1829): Package has already queued 5 toasts. Not showing more. Package=com.albacontrol
11-29 08:39:57.515 E/NotificationService( 1829): Package has already queued 5 toasts. Not showing more. Package=com.albacontrol
11-29 08:39:57.616 E/NotificationService( 1829): Package has already queued 5 toasts. Not showing more. Package=com.albacontrol
11-29 08:39:57.706 E/NotificationService( 1829): Package has already queued 5 toasts. Not showing more. Package=com.albacontrol
11-29 08:39:57.808 E/NotificationService( 1829): Package has already queued 5 toasts. Not showing more. Package=com.albacontrol
11-29 08:39:57.916 E/NotificationService( 1829): Package has already queued 5 toasts. Not showing more. Package=com.albacontrol
11-29 08:39:58.015 E/NotificationService( 1829): Package has already queued 5 toasts. Not showing more. Package=com.albacontrol
11-29 08:39:58.116 E/NotificationService( 1829): Package has already queued 5 toasts. Not showing more. Package=com.albacontrol
11-29 08:39:58.218 E/NotificationService( 1829): Package has already queued 5 toasts. Not showing more. Package=com.albacontrol
11-29 08:39:58.318 E/NotificationService( 1829): Package has already queued 5 toasts. Not showing more. Package=com.albacontrol
11-29 08:39:58.423 E/NotificationService( 1829): Package has already queued 5 toasts. Not showing more. Package=com.albacontrol
11-29 08:39:58.718 E/NotificationService( 1829): Package has already queued 5 toasts. Not showing more. Package=com.albacontrol
11-29 08:39:58.822 E/NotificationService( 1829): Package has already queued 5 toasts. Not showing more. Package=com.albacontrol
11-29 08:39:58.840 W/NotificationService( 1829): Toast already killed. pkg=com.albacontrol token=android.os.BinderProxy@a38a37a
11-29 08:39:58.946 E/NotificationService( 1829): Package has already queued 5 toasts. Not showing more. Package=com.albacontrol
11-29 08:39:59.063 E/NotificationService( 1829): Package has already queued 5 toasts. Not showing more. Package=com.albacontrol
11-29 08:39:59.171 E/NotificationService( 1829): Package has already queued 5 toasts. Not showing more. Package=com.albacontrol
11-29 08:39:59.275 E/NotificationService( 1829): Package has already queued 5 toasts. Not showing more. Package=com.albacontrol
11-29 08:39:59.375 E/NotificationService( 1829): Package has already queued 5 toasts. Not showing more. Package=com.albacontrol
11-29 08:39:59.475 E/NotificationService( 1829): Package has already queued 5 toasts. Not showing more. Package=com.albacontrol
11-29 08:39:59.573 E/NotificationService( 1829): Package has already queued 5 toasts. Not showing more. Package=com.albacontrol
11-29 08:39:59.683 E/NotificationService( 1829): Package has already queued 5 toasts. Not showing more. Package=com.albacontrol
11-29 08:39:59.799 E/NotificationService( 1829): Package has already queued 5 toasts. Not showing more. Package=com.albacontrol
11-29 08:39:59.901 E/NotificationService( 1829): Package has already queued 5 toasts. Not showing more. Package=com.albacontrol
11-29 08:40:00.000 E/NotificationService( 1829): Package has already queued 5 toasts. Not showing more. Package=com.albacontrol
11-29 08:40:00.107 E/NotificationService( 1829): Package has already queued 5 toasts. Not showing more. Package=com.albacontrol
11-29 08:40:00.201 E/NotificationService( 1829): Package has already queued 5 toasts. Not showing more. Package=com.albacontrol
11-29 08:40:00.291 E/NotificationService( 1829): Package has already queued 5 toasts. Not showing more. Package=com.albacontrol
11-29 08:40:00.381 E/NotificationService( 1829): Package has already queued 5 toasts. Not showing more. Package=com.albacontrol
11-29 08:40:00.470 E/NotificationService( 1829): Package has already queued 5 toasts. Not showing more. Package=com.albacontrol
11-29 08:40:00.561 E/NotificationService( 1829): Package has already queued 5 toasts. Not showing more. Package=com.albacontrol
11-29 08:40:00.658 E/NotificationService( 1829): Package has already queued 5 toasts. Not showing more. Package=com.albacontrol
11-29 08:40:00.756 E/NotificationService( 1829): Package has already queued 5 toasts. Not showing more. Package=com.albacontrol
11-29 08:40:00.853 E/NotificationService( 1829): Package has already queued 5 toasts. Not showing more. Package=com.albacontrol
11-29 08:40:00.953 E/NotificationService( 1829): Package has already queued 5 toasts. Not showing more. Package=com.albacontrol
11-29 08:40:01.053 E/NotificationService( 1829): Package has already queued 5 toasts. Not showing more. Package=com.albacontrol
11-29 08:40:01.148 E/NotificationService( 1829): Package has already queued 5 toasts. Not showing more. Package=com.albacontrol
11-29 08:40:01.362 E/NotificationService( 1829): Package has already queued 5 toasts. Not showing more. Package=com.albacontrol
11-29 08:40:01.438 W/NotificationService( 1829): Toast already killed. pkg=com.albacontrol token=android.os.BinderProxy@9c0df2a
11-29 08:40:01.504 E/NotificationService( 1829): Package has already queued 5 toasts. Not showing more. Package=com.albacontrol
11-29 08:40:01.634 E/NotificationService( 1829): Package has already queued 5 toasts. Not showing more. Package=com.albacontrol
11-29 08:40:03.296 D/PerfShielderService( 1829): com.albacontrol|com.albacontrol/com.albacontrol.MainActivity|10938|80400493684068|164|0|112
11-29 08:40:03.297 W/MiuiPerfServiceClient( 5087): interceptAndQueuing:21114|com.albacontrol|10938|164|80400493684068|Slow main thread|112
11-29 08:40:04.025 W/NotificationService( 1829): Toast already killed. pkg=com.albacontrol token=android.os.BinderProxy@6bd0aef
11-29 08:40:06.660 W/NotificationService( 1829): Toast already killed. pkg=com.albacontrol token=android.os.BinderProxy@b85ac83
11-29 08:40:09.218 W/NotificationService( 1829): Toast already killed. pkg=com.albacontrol token=android.os.BinderProxy@4b459d7
11-29 08:40:11.828 W/NotificationService( 1829): Toast already killed. pkg=com.albacontrol token=android.os.BinderProxy@79b94f4
11-29 08:40:14.416 W/NotificationService( 1829): Toast already killed. pkg=com.albacontrol token=android.os.BinderProxy@c7b56b6
11-29 08:40:15.033 I/WindowManager( 1829): rotation changed from 0 to 1 due ActivityRecord{5727fe0 u0 com.albacontrol/.MainActivity} t329}
11-29 08:40:15.360 D/WindowManager( 1829): wms.Update InputWindowHandle: 35539e7 com.albacontrol/com.albacontrol.MainActivity, frame=[0,0,0,0], touchableRegion=SkRegion((0,0,2307,1080)), scaleFactor=1.0, transform=null, windowToken=android.os.BinderProxy@32d8ba6, isClone=false, visibal=true, focusable=true, changed=true
11-29 08:40:15.369 E/WindowManager( 1829): setOnBackInvokedCallback(): No window state for package:com.albacontrol
11-29 08:40:15.473 D/CoreBackPreview( 1829): Window{7bfb3f9 u0 com.albacontrol/com.albacontrol.MainActivity}: Setting back callback OnBackInvokedCallbackInfo{mCallback=android.window.IOnBackInvokedCallback$Stub$Proxy@952b19f, mPriority=0}
11-29 08:40:15.516 D/WindowManager( 1829): wms.Input focus has changed to Window{7bfb3f9 u0 com.albacontrol/com.albacontrol.MainActivity} display=0 updateInputWindows = true
11-29 08:40:15.520 D/WindowManager( 1829): wms.Update InputWindowHandle: 7bfb3f9 com.albacontrol/com.albacontrol.MainActivity, frame=[0,0,0,0], touchableRegion=SkRegion((-93,0,2307,1080)), scaleFactor=1.0, transform=null, windowToken=android.os.BinderProxy@2403ac0, isClone=false, visibal=true, focusable=true, changed=true
11-29 08:40:15.576 I/WindowManager( 1829): finishDrawing of relaunch: Window{7bfb3f9 u0 com.albacontrol/com.albacontrol.MainActivity} 235ms
11-29 08:40:15.576 D/WindowManager( 1829): wms.finishDrawingLocked: mDrawState=COMMIT_DRAW_PENDING Window{7bfb3f9 u0 com.albacontrol/com.albacontrol.MainActivity} in Surface(name=com.albacontrol/com.albacontrol.MainActivity)/@0x252a1d8
11-29 08:40:15.576 D/MiuiFreeFormGesturePointerEventListener( 1829): finishDrawingWindow: topFullScreenWindow= Window{7bfb3f9 u0 com.albacontrol/com.albacontrol.MainActivity}
11-29 08:40:15.582 I/WindowManager( 1829): wms.showSurfaceRobustly mWin:Window{7bfb3f9 u0 com.albacontrol/com.albacontrol.MainActivity}
11-29 08:40:15.589 D/WindowManager( 1829): wms.Update InputWindowHandle: 7bfb3f9 com.albacontrol/com.albacontrol.MainActivity, frame=[0,0,0,0], touchableRegion=SkRegion((0,0,2307,1080)), scaleFactor=1.0, transform=null, windowToken=android.os.BinderProxy@2403ac0, isClone=false, visibal=true, focusable=true, changed=true
11-29 08:40:15.593 I/WindowManager( 1829): Screen frozen for +557ms due to Window{7bfb3f9 u0 com.albacontrol/com.albacontrol.MainActivity}
11-29 08:40:15.635 D/MiuiFreeFormGesturePointerEventListener( 1829): finishDrawingWindow: topFullScreenWindow= Window{7bfb3f9 u0 com.albacontrol/com.albacontrol.MainActivity}
11-29 08:40:17.464 I/WindowManager( 1829): rotation changed from 1 to 0 due ActivityRecord{5727fe0 u0 com.albacontrol/.MainActivity} t329}
11-29 08:40:17.564 D/WindowManager( 1829): wms.Update InputWindowHandle: 7bfb3f9 com.albacontrol/com.albacontrol.MainActivity, frame=[0,0,0,0], touchableRegion=SkRegion((0,0,1080,2400)), scaleFactor=1.0, transform=null, windowToken=android.os.BinderProxy@2403ac0, isClone=false, visibal=true, focusable=true, changed=true
11-29 08:40:17.608 E/WindowManager( 1829): setOnBackInvokedCallback(): No window state for package:com.albacontrol
11-29 08:40:17.689 D/CoreBackPreview( 1829): Window{d10714e u0 com.albacontrol/com.albacontrol.MainActivity}: Setting back callback OnBackInvokedCallbackInfo{mCallback=android.window.IOnBackInvokedCallback$Stub$Proxy@31f7b7c, mPriority=0}
11-29 08:40:17.701 D/WindowManager( 1829): wms.Input focus has changed to Window{d10714e u0 com.albacontrol/com.albacontrol.MainActivity} display=0 updateInputWindows = true
11-29 08:40:17.703 D/WindowManager( 1829): wms.Update InputWindowHandle: d10714e com.albacontrol/com.albacontrol.MainActivity, frame=[0,0,0,0], touchableRegion=SkRegion((0,0,1080,2400)), scaleFactor=1.0, transform=null, windowToken=android.os.BinderProxy@154f449, isClone=false, visibal=true, focusable=true, changed=true
11-29 08:40:17.716 I/WindowManager( 1829): finishDrawing of relaunch: Window{d10714e u0 com.albacontrol/com.albacontrol.MainActivity} 165ms
11-29 08:40:17.716 D/WindowManager( 1829): wms.finishDrawingLocked: mDrawState=COMMIT_DRAW_PENDING Window{d10714e u0 com.albacontrol/com.albacontrol.MainActivity} in Surface(name=com.albacontrol/com.albacontrol.MainActivity)/@0x3e1e381
11-29 08:40:17.717 D/MiuiFreeFormGesturePointerEventListener( 1829): finishDrawingWindow: topFullScreenWindow= Window{d10714e u0 com.albacontrol/com.albacontrol.MainActivity}
11-29 08:40:17.722 I/WindowManager( 1829): wms.showSurfaceRobustly mWin:Window{d10714e u0 com.albacontrol/com.albacontrol.MainActivity}
11-29 08:40:17.728 I/WindowManager( 1829): Screen frozen for +262ms due to Window{d10714e u0 com.albacontrol/com.albacontrol.MainActivity}
11-29 08:41:19.566 I/SmartPower.com.albacontrol/10217(21114)( 1829): visible->invisible(127618ms) R(become invisible) adj=0.
11-29 08:41:19.567 I/SmartPower.com.albacontrol/10217(21114)( 1829): invisible->background(1ms) R(become background) adj=0.
11-29 08:41:22.568 I/SmartPower.com.albacontrol/10217(21114)( 1829): background->idle(3001ms) R(become background) adj=0.
11-29 08:41:25.116 I/SmartPower.com.albacontrol/10217(21114)( 1829): idle->invisible(2548ms) R(become foreground) adj=0.
11-29 08:41:25.159 D/WindowManager( 1829): wms.finishDrawingLocked: mDrawState=COMMIT_DRAW_PENDING Window{d10714e u0 com.albacontrol/com.albacontrol.MainActivity} in Surface(name=com.albacontrol/com.albacontrol.MainActivity)/@0xa6a18bd
11-29 08:41:25.159 D/MiuiFreeFormGesturePointerEventListener( 1829): finishDrawingWindow: topFullScreenWindow= Window{d10714e u0 com.albacontrol/com.albacontrol.MainActivity}
11-29 08:41:25.166 I/SmartPower.com.albacontrol/10217(21114)( 1829): invisible->visible(50ms) R(become visible) adj=0.
11-29 08:41:25.170 I/WindowManager( 1829): wms.showSurfaceRobustly mWin:Window{d10714e u0 com.albacontrol/com.albacontrol.MainActivity}
11-29 08:41:25.225 D/WindowManager( 1829): wms.Input focus has changed to Window{d10714e u0 com.albacontrol/com.albacontrol.MainActivity} display=0 updateInputWindows = true
11-29 08:41:25.486 D/WindowManager( 1829): wms.Update InputWindowHandle: d10714e com.albacontrol/com.albacontrol.MainActivity, frame=[0,0,0,0], touchableRegion=SkRegion((0,0,1080,2400)), scaleFactor=1.0, transform=null, windowToken=android.os.BinderProxy@154f449, isClone=false, visibal=true, focusable=true, changed=true
11-29 08:41:32.294 D/MIUIInput( 1829): [MotionEvent] publisher action=0x0, 80491095, channel 'd10714e com.albacontrol/com.albacontrol.MainActivity (server)'
11-29 08:41:32.857 D/MIUIInput( 1829): [MotionEvent] publisher action=0x1, 80491660, channel 'd10714e com.albacontrol/com.albacontrol.MainActivity (server)'
11-29 08:41:39.292 W/Monkey  (22106): args: [-p, com.albacontrol, -c, android.intent.category.LAUNCHER, 1]
11-29 08:41:39.292 W/Monkey  (22106):  arg: "com.albacontrol"
11-29 08:41:39.292 W/Monkey  (22106): data="com.albacontrol"
11-29 08:41:39.356 I/ActivityTaskManager( 1829): START u0 {act=android.intent.action.MAIN cat=[android.intent.category.LAUNCHER] flg=0x10200000 cmp=com.albacontrol/.MainActivity} from uid 2000 from pid 22106 callingPackage com.android.shell
11-29 08:41:57.560 D/collectorManager( 7490): ThermalScenarioValue setForegroundCounts: com.albacontrol
11-29 08:42:22.420 D/MIUIInput( 1829): [MotionEvent] publisher action=0x0, 80541219, channel 'd10714e com.albacontrol/com.albacontrol.MainActivity (server)'
11-29 08:42:22.765 D/MIUIInput( 1829): [MotionEvent] publisher action=0x1, 80541567, channel 'd10714e com.albacontrol/com.albacontrol.MainActivity (server)'
11-29 08:42:32.327 D/MIUIInput( 1829): [MotionEvent] publisher action=0x0, 80551127, channel 'd10714e com.albacontrol/com.albacontrol.MainActivity (server)'
11-29 08:42:32.531 D/MIUIInput( 1829): [MotionEvent] publisher action=0x1, 80551333, channel 'd10714e com.albacontrol/com.albacontrol.MainActivity (server)'
11-29 08:42:57.619 D/collectorManager( 7490): ThermalScenarioValue setForegroundCounts: com.albacontrol
11-29 08:43:32.590 I/SmartPower.com.albacontrol/10217(21114)( 1829): visible->invisible(127424ms) R(become invisible) adj=0.
11-29 08:43:32.591 I/SmartPower.com.albacontrol/10217(21114)( 1829): invisible->background(1ms) R(become background) adj=0.
11-29 08:43:32.696 W/RecentsModel( 3272): getRunningTask   taskInfo=TaskInfo{userId=0 taskId=329 displayId=0 isRunning=true baseIntent=Intent { act=android.intent.action.MAIN cat=[android.intent.category.LAUNCHER] flg=0x10200000 cmp=com.albacontrol/.MainActivity } baseActivity=ComponentInfo{com.albacontrol/com.albacontrol.MainActivity} topActivity=ComponentInfo{com.albacontrol/com.albacontrol.MainActivity} origActivity=null realActivity=ComponentInfo{com.albacontrol/com.albacontrol.MainActivity} numActivities=1 lastActiveTime=166004428 supportsSplitScreenMultiWindow=true supportsMultiWindow=true resizeMode=1 isResizeable=true minWidth=-1 minHeight=-1 defaultMinSize=200 token=WCT{android.window.IWindowContainerToken$Stub$Proxy@f6b27af} topActivityType=1 pictureInPictureParams=null shouldDockBigOverlays=false launchIntoPipHostTaskId=0 displayCutoutSafeInsets=Rect(0, 93 - 0, 0) topActivityInfo=ActivityInfo{71167bc com.albacontrol.MainActivity} launchCookies=[] positionInParent=Point(0, 0) parentTaskId=-1 isFocused=true isVisible=false isSleeping=true topActivityInSizeCompat=false topActivityInMiuiSizeCompat=false topActivityEligibleForLetterboxEducation= false locusId=null displayAreaFeatureId=1 cameraCompatControlState=hidden mIsCastMode=false}
11-29 08:43:32.696 W/RecentsModel( 3272): getTaskInfoIgnoreHomeAndFreeform   taskInfo=ComponentInfo{com.albacontrol/com.albacontrol.MainActivity}
11-29 08:43:32.704 E/ActivityManagerWrapper( 3272): getRecentTasks: mainTaskId=329   userId=0   baseIntent=Intent { act=android.intent.action.MAIN flag=270532608 cmp=ComponentInfo{com.albacontrol/com.albacontrol.MainActivity} }
11-29 08:43:32.729 W/RecentsModel( 3272): getRunningTask   taskInfo=TaskInfo{userId=0 taskId=329 displayId=0 isRunning=true baseIntent=Intent { act=android.intent.action.MAIN cat=[android.intent.category.LAUNCHER] flg=0x10200000 cmp=com.albacontrol/.MainActivity } baseActivity=ComponentInfo{com.albacontrol/com.albacontrol.MainActivity} topActivity=ComponentInfo{com.albacontrol/com.albacontrol.MainActivity} origActivity=null realActivity=ComponentInfo{com.albacontrol/com.albacontrol.MainActivity} numActivities=1 lastActiveTime=166004428 supportsSplitScreenMultiWindow=true supportsMultiWindow=true resizeMode=1 isResizeable=true minWidth=-1 minHeight=-1 defaultMinSize=200 token=WCT{android.window.IWindowContainerToken$Stub$Proxy@54c8fcb} topActivityType=1 pictureInPictureParams=null shouldDockBigOverlays=false launchIntoPipHostTaskId=0 displayCutoutSafeInsets=Rect(0, 93 - 0, 0) topActivityInfo=ActivityInfo{76b43a8 com.albacontrol.MainActivity} launchCookies=[] positionInParent=Point(0, 0) parentTaskId=-1 isFocused=true isVisible=false isSleeping=true topActivityInSizeCompat=false topActivityInMiuiSizeCompat=false topActivityEligibleForLetterboxEducation= false locusId=null displayAreaFeatureId=1 cameraCompatControlState=hidden mIsCastMode=false}
11-29 08:43:32.730 W/RecentsModel( 3272): getTaskInfoIgnoreHomeAndFreeform   taskInfo=ComponentInfo{com.albacontrol/com.albacontrol.MainActivity}
11-29 08:43:32.737 E/ActivityManagerWrapper( 3272): getRecentTasks: mainTaskId=329   userId=0   baseIntent=Intent { act=android.intent.action.MAIN flag=270532608 cmp=ComponentInfo{com.albacontrol/com.albacontrol.MainActivity} }
11-29 08:43:35.595 I/SmartPower.com.albacontrol/10217(21114)( 1829): background->idle(3004ms) R(become invisible) adj=0.
11-29 08:43:53.919 I/CameraManager( 5235): Open camera top activityName is com.albacontrol.MainActivity
11-29 08:43:53.919 D/CameraImpl( 1622): splitClientPackageActivityName: app packageName is com.miui.face,activityName is com.albacontrol.MainActivity
11-29 08:43:54.144 D/MiCameraSceneIdentify( 1622): isScanScene: The activity is com.albacontrol.MainActivity 
11-29 08:43:55.863 D/PerfStubImpl( 1829): perfWarmLaunchBoost: com.albacontrol, -1, 2
11-29 08:43:55.869 I/SmartPower.com.albacontrol/10217(21114)( 1829): idle->invisible(20275ms) R(become foreground) adj=0.
11-29 08:43:55.881 D/RecentsImpl( 3272): mActivityStateObserver com.albacontrol.MainActivity
11-29 08:43:55.881 W/RecentsImpl( 3272): onResumed className=com.albacontrol.MainActivity   mIsInAnotherPro=false   isKeyguardLocked=true   mSecuritySpaceGuideShown=false
11-29 08:43:55.908 D/WindowManager( 1829): wms.finishDrawingLocked: mDrawState=COMMIT_DRAW_PENDING Window{d10714e u0 com.albacontrol/com.albacontrol.MainActivity} in Surface(name=com.albacontrol/com.albacontrol.MainActivity)/@0xf4a41fa
11-29 08:43:55.908 D/MiuiFreeFormGesturePointerEventListener( 1829): finishDrawingWindow: topFullScreenWindow= Window{d10714e u0 com.albacontrol/com.albacontrol.MainActivity}
11-29 08:43:55.912 I/SmartPower.com.albacontrol/10217(21114)( 1829): invisible->visible(42ms) R(become visible) adj=0.
11-29 08:43:55.916 I/WindowManager( 1829): wms.showSurfaceRobustly mWin:Window{d10714e u0 com.albacontrol/com.albacontrol.MainActivity}
11-29 08:43:55.949 D/WindowManager( 1829): wms.Input focus has changed to Window{d10714e u0 com.albacontrol/com.albacontrol.MainActivity} display=0 updateInputWindows = true
11-29 08:43:55.958 W/RecentsImpl( 3272): getTopActivity from observer.   cn=ComponentInfo{com.albacontrol/com.albacontrol.MainActivity}
11-29 08:43:55.958 W/RecentsImpl( 3272): adaptToTopActivity   cn=ComponentInfo{com.albacontrol/com.albacontrol.MainActivity}
11-29 08:43:55.959 W/RecentsImpl( 3272): onResumed className=com.albacontrol.MainActivity   mIsInAnotherPro=false   isKeyguardLocked=false   mSecuritySpaceGuideShown=false
11-29 08:43:55.962 I/SurfaceFlinger( 1258): sf.setTransactionState focusRequest transactionId:7855495347558 frontWin:d10714e com.albacontrol/com.albacontrol.MainActivity
11-29 08:43:55.966 D/SurfaceFlinger( 1258): updateInputFlinger::setFocusedWindow: windowName=d10714e com.albacontrol/com.albacontrol.MainActivity focusRequests.size=1
11-29 08:43:56.010 I/GoogleInputMethodService( 8267): GoogleInputMethodService.onStartInput():1347 onStartInput(EditorInfo{EditorInfo{packageName=com.albacontrol, inputType=0, inputTypeString=NULL, enableLearning=false, autoCorrection=false, autoComplete=false, imeOptions=0, privateImeOptions=null, actionName=UNSPECIFIED, actionLabel=null, initialSelStart=-1, initialSelEnd=-1, initialCapsMode=0, label=null, fieldId=-1, fieldName=null, extras=Bundle[mParcelledData.dataSize=72], hintText=null, hintLocales=[]}}, false)
11-29 08:43:56.220 D/WindowManager( 1829): wms.Update InputWindowHandle: d10714e com.albacontrol/com.albacontrol.MainActivity, frame=[0,0,0,0], touchableRegion=SkRegion((0,0,1080,2400)), scaleFactor=1.0, transform=null, windowToken=android.os.BinderProxy@154f449, isClone=false, visibal=true, focusable=true, changed=true
11-29 08:43:57.677 D/collectorManager( 7490): ThermalScenarioValue setForegroundCounts: com.albacontrol
11-29 08:44:06.994 D/MIUIInput( 1829): [MotionEvent] publisher action=0x0, 80645795, channel 'd10714e com.albacontrol/com.albacontrol.MainActivity (server)'
11-29 08:44:07.501 D/MIUIInput( 1829): [MotionEvent] publisher action=0x1, 80646303, channel 'd10714e com.albacontrol/com.albacontrol.MainActivity (server)'
11-29 08:44:14.181 D/MIUIInput( 1829): [MotionEvent] publisher action=0x0, 80652980, channel 'd10714e com.albacontrol/com.albacontrol.MainActivity (server)'
11-29 08:44:14.536 D/MIUIInput( 1829): [MotionEvent] publisher action=0x1, 80653338, channel 'd10714e com.albacontrol/com.albacontrol.MainActivity (server)'
11-29 08:44:15.699 D/MIUIInput( 1829): [MotionEvent] publisher action=0x0, 80654500, channel 'd10714e com.albacontrol/com.albacontrol.MainActivity (server)'
11-29 08:44:16.148 D/MIUIInput( 1829): [MotionEvent] publisher action=0x1, 80654951, channel 'd10714e com.albacontrol/com.albacontrol.MainActivity (server)'
11-29 08:44:19.381 D/MIUIInput( 1829): [MotionEvent] publisher action=0x0, 80658182, channel 'd10714e com.albacontrol/com.albacontrol.MainActivity (server)'
11-29 08:44:19.688 D/MIUIInput( 1829): [MotionEvent] publisher action=0x1, 80658491, channel 'd10714e com.albacontrol/com.albacontrol.MainActivity (server)'
11-29 08:44:47.106 D/MIUIInput( 1829): [MotionEvent] publisher action=0x0, 80685906, channel 'd10714e com.albacontrol/com.albacontrol.MainActivity (server)'
11-29 08:44:47.145 D/MIUIInput( 1829): [MotionEvent] publisher action=0x1, 80685946, channel 'd10714e com.albacontrol/com.albacontrol.MainActivity (server)'
11-29 08:44:48.062 D/MIUIInput( 1829): [MotionEvent] publisher action=0x0, 80686862, channel 'd10714e com.albacontrol/com.albacontrol.MainActivity (server)'
11-29 08:44:48.118 D/MIUIInput( 1829): [MotionEvent] publisher action=0x1, 80686919, channel 'd10714e com.albacontrol/com.albacontrol.MainActivity (server)'
11-29 08:44:48.158 E/AndroidRuntime(21114): Process: com.albacontrol, PID: 21114
11-29 08:44:48.158 E/AndroidRuntime(21114): 	at com.albacontrol.ui.NuevoAlbaranFragment.pickImageLauncher_delegate$lambda$4(NuevoAlbaranFragment.kt:61)
11-29 08:44:48.158 E/AndroidRuntime(21114): 	at com.albacontrol.ui.NuevoAlbaranFragment.$r8$lambda$3ph4r9JNIWg1mUpQPTF4mjhwwaw(Unknown Source:0)
11-29 08:44:48.158 E/AndroidRuntime(21114): 	at com.albacontrol.ui.NuevoAlbaranFragment$$ExternalSyntheticLambda1.invoke(D8$$SyntheticClass:0)
11-29 08:44:48.158 E/AndroidRuntime(21114): 	at com.albacontrol.ui.NuevoAlbaranFragment.getPickImageLauncher(NuevoAlbaranFragment.kt:60)
11-29 08:44:48.158 E/AndroidRuntime(21114): 	at com.albacontrol.ui.NuevoAlbaranFragment.onCreateView$lambda$13(NuevoAlbaranFragment.kt:171)
11-29 08:44:48.158 E/AndroidRuntime(21114): 	at com.albacontrol.ui.NuevoAlbaranFragment.$r8$lambda$ZCiGtvrzA-D6N2RUAKoS6WVHSFc(Unknown Source:0)
11-29 08:44:48.158 E/AndroidRuntime(21114): 	at com.albacontrol.ui.NuevoAlbaranFragment$$ExternalSyntheticLambda14.onClick(D8$$SyntheticClass:0)
11-29 08:44:48.174 W/com.albacontrol(21114): type=1400 audit(0.0:427032): avc: denied { search } for name="miuilog" dev="dm-40" ino=457366 scontext=u:r:untrusted_app:s0:c217,c256,c512,c768 tcontext=u:object_r:data_log_file:s0 tclass=dir permissive=0 app=com.albacontrol
11-29 08:44:48.174 W/com.albacontrol(21114): type=1400 audit(0.0:427033): avc: denied { search } for name="miuilog" dev="dm-40" ino=457366 scontext=u:r:untrusted_app:s0:c217,c256,c512,c768 tcontext=u:object_r:data_log_file:s0 tclass=dir permissive=0 app=com.albacontrol
11-29 08:44:48.174 W/com.albacontrol(21114): type=1400 audit(0.0:427034): avc: denied { search } for name="miuilog" dev="dm-40" ino=457366 scontext=u:r:untrusted_app:s0:c217,c256,c512,c768 tcontext=u:object_r:data_log_file:s0 tclass=dir permissive=0 app=com.albacontrol
11-29 08:44:48.174 W/com.albacontrol(21114): type=1400 audit(0.0:427035): avc: denied { search } for name="miuilog" dev="dm-40" ino=457366 scontext=u:r:untrusted_app:s0:c217,c256,c512,c768 tcontext=u:object_r:data_log_file:s0 tclass=dir permissive=0 app=com.albacontrol
11-29 08:44:48.174 W/com.albacontrol(21114): type=1400 audit(0.0:427036): avc: denied { search } for name="miuilog" dev="dm-40" ino=457366 scontext=u:r:untrusted_app:s0:c217,c256,c512,c768 tcontext=u:object_r:data_log_file:s0 tclass=dir permissive=0 app=com.albacontrol
11-29 08:44:48.174 W/com.albacontrol(21114): type=1400 audit(0.0:427037): avc: denied { search } for name="miuilog" dev="dm-40" ino=457366 scontext=u:r:untrusted_app:s0:c217,c256,c512,c768 tcontext=u:object_r:data_log_file:s0 tclass=dir permissive=0 app=com.albacontrol
11-29 08:44:48.178 W/com.albacontrol(21114): type=1400 audit(0.0:427038): avc: denied { getattr } for path="/data/miuilog" dev="dm-40" ino=457366 scontext=u:r:untrusted_app:s0:c217,c256,c512,c768 tcontext=u:object_r:data_log_file:s0 tclass=dir permissive=0 app=com.albacontrol
11-29 08:44:48.178 W/com.albacontrol(21114): type=1400 audit(0.0:427039): avc: denied { search } for name="miuilog" dev="dm-40" ino=457366 scontext=u:r:untrusted_app:s0:c217,c256,c512,c768 tcontext=u:object_r:data_log_file:s0 tclass=dir permissive=0 app=com.albacontrol
11-29 08:44:48.207 D/DigestGenerator( 5087): digest=============com.albacontroljava.lang.IllegalStateException: Fragment NuevoAlbaranFragment{XX} (XX-XX-XX-XX-XX id=XX) is attempting to registerForActivityResult after being created. Fragments must call registerForActivityResult() before they are created (i.e. initialization, onAttach(), or onCreate()).
11-29 08:44:48.207 D/DigestGenerator( 5087): at com.albacontrol.ui.NuevoAlbaranFragment.pickImageLauncher_delegate$lambda$(NuevoAlbaranFragment.kt:XX)
11-29 08:44:48.207 D/DigestGenerator( 5087): at com.albacontrol.ui.NuevoAlbaranFragment.$r$lambda$phrJNIWgmUpQPTFmjhwwaw(Unknown Source:)
11-29 08:44:48.207 D/DigestGenerator( 5087): at com.albacontrol.ui.NuevoAlbaranFragment$$ExternalSyntheticLambda.invoke(XX$$SyntheticClass:)
11-29 08:44:48.207 D/DigestGenerator( 5087): at com.albacontrol.ui.NuevoAlbaranFragment.getPickImageLauncher(NuevoAlbaranFragment.kt:XX)
11-29 08:44:48.207 D/DigestGenerator( 5087): at com.albacontrol.ui.NuevoAlbaranFragment.onCreateView$lambda$XX(NuevoAlbaranFragment.kt:XX)
11-29 08:44:48.207 D/DigestGenerator( 5087): at com.albacontrol.ui.NuevoAlbaranFragment.$r$lambda$ZCiGtvrzA-DNRUAKoSWVHSFc(Unknown Source:)
11-29 08:44:48.207 D/DigestGenerator( 5087): at com.albacontrol.ui.NuevoAlbaranFragment$$ExternalSyntheticLambda.onClick(XX$$SyntheticClass:)
11-29 08:44:48.210 W/ActivityTaskManager( 1829):   Force finishing activity com.albacontrol/.MainActivity
11-29 08:44:48.284 I/WindowManager( 1829): WIN DEATH: Window{d10714e u0 com.albacontrol/com.albacontrol.MainActivity}
11-29 08:44:48.284 W/InputManager-JNI( 1829): Input channel object 'd10714e com.albacontrol/com.albacontrol.MainActivity (client)' was disposed without first being removed with the input manager!
11-29 08:44:48.289 I/ActivityManager( 1829): Process com.albacontrol (pid 21114) has died: fg  TOP 
11-29 08:44:48.299 W/InputManager-JNI( 1829): Input channel object 'Letterbox_left_ActivityRecord{5727fe0 u0 com.albacontrol/.MainActivity} t329} (client)' was disposed without first being removed with the input manager!
11-29 08:44:48.299 W/InputManager-JNI( 1829): Input channel object 'Letterbox_top_ActivityRecord{5727fe0 u0 com.albacontrol/.MainActivity} t329} (client)' was disposed without first being removed with the input manager!
11-29 08:44:48.299 W/InputManager-JNI( 1829): Input channel object 'Letterbox_right_ActivityRecord{5727fe0 u0 com.albacontrol/.MainActivity} t329} (client)' was disposed without first being removed with the input manager!
11-29 08:44:48.299 W/InputManager-JNI( 1829): Input channel object 'Letterbox_bottom_ActivityRecord{5727fe0 u0 com.albacontrol/.MainActivity} t329} (client)' was disposed without first being removed with the input manager!
11-29 08:44:48.325 I/ProcessMonitor( 5615): onForegroundInfoChanged: ForegroundInfo{mForegroundPackageName='com.miui.home', mForegroundUid=10103, mForegroundPid=3272, mLastForegroundPackageName='com.albacontrol', mLastForegroundUid=10217, mLastForegroundPid=21114, mMultiWindowForegroundPackageName='com.miui.home', mMultiWindowForegroundUid=10103, mFlags=0}
11-29 08:44:48.325 D/A2dpLatencyMode(16692): ForegroundInfo{mForegroundPackageName='com.miui.home', mForegroundUid=10103, mForegroundPid=3272, mLastForegroundPackageName='com.albacontrol', mLastForegroundUid=10217, mLastForegroundPid=21114, mMultiWindowForegroundPackageName='com.miui.home', mMultiWindowForegroundUid=10103, mFlags=0}
11-29 08:44:48.326 D/PerfEngineController( 7490): ForegroundInfo{mForegroundPackageName='com.miui.home', mForegroundUid=10103, mForegroundPid=3272, mLastForegroundPackageName='com.albacontrol', mLastForegroundUid=10217, mLastForegroundPid=21114, mMultiWindowForegroundPackageName='com.miui.home', mMultiWindowForegroundUid=10103, mFlags=0}
11-29 08:44:48.326 I/GST     (11799): forePkg: com.miui.home, preForePkg: com.albacontrol
11-29 08:44:48.325 D/AppObserver( 3272): ForegroundInfo{mForegroundPackageName='com.miui.home', mForegroundUid=10103, mForegroundPid=3272, mLastForegroundPackageName='com.albacontrol', mLastForegroundUid=10217, mLastForegroundPid=21114, mMultiWindowForegroundPackageName='com.miui.home', mMultiWindowForegroundUid=10103, mFlags=0}
11-29 08:44:48.400 W/WindowManager( 1829): Failed to deliver inset state change to w=Window{d10714e u0 com.albacontrol/com.albacontrol.MainActivity EXITING}
11-29 08:44:48.420 W/WindowManager( 1829): Exception thrown during dispatchAppVisibility Window{d10714e u0 com.albacontrol/com.albacontrol.MainActivity EXITING}
11-29 08:44:48.458 E/ActivityManagerWrapper( 3272): getRecentTasks: mainTaskId=329   userId=0   baseIntent=Intent { act=android.intent.action.MAIN flag=270532608 cmp=ComponentInfo{com.albacontrol/com.albacontrol.MainActivity} }
11-29 08:44:48.553 E/ActivityManagerWrapper( 3272): getRecentTasks: mainTaskId=329   userId=0   baseIntent=Intent { act=android.intent.action.MAIN flag=270532608 cmp=ComponentInfo{com.albacontrol/com.albacontrol.MainActivity} }
11-29 08:44:48.712 W/ActivityTaskManager( 1829): Activity top resumed state loss timeout for ActivityRecord{5727fe0 u0 com.albacontrol/.MainActivity} t-1 f}}
11-29 08:44:55.606 I/ActivityTaskManager( 1829): START u0 {act=android.intent.action.MAIN cat=[android.intent.category.LAUNCHER] flg=0x10200000 cmp=com.albacontrol/.MainActivity bnds=[328,968][501,1141] (has extras)} from uid 10103 from pid 3272 callingPackage com.miui.home
11-29 08:44:55.614 D/MiGgameTypeIdentificationImpl( 1829): checkIfGameBeSupported app:com.albacontrol
11-29 08:44:55.614 I/WindowManager( 1829): When perf version lower than 2.3, MiGTStub result: false, gameType: 1, packageName: com.albacontrol
11-29 08:44:55.618 D/WindowManager( 1829): setLockTaskAuth: task=Task{49b367e #330 type=standard A=10217:com.albacontrol U=0 visible=false visibleRequested=false mode=fullscreen translucent=true sz=0} mLockTaskAuth=LOCK_TASK_AUTH_PINNABLE
11-29 08:44:55.619 D/WindowManager( 1829): setLockTaskAuth: task=Task{49b367e #330 type=standard A=10217:com.albacontrol U=0 visible=true visibleRequested=false mode=fullscreen translucent=true sz=1} mLockTaskAuth=LOCK_TASK_AUTH_PINNABLE
11-29 08:44:55.636 D/KeyguardEditorHelper( 3215): onTopActivityMayChanged, topActivity=ComponentInfo{com.albacontrol/com.albacontrol.MainActivity}; mState=IDEL
11-29 08:44:55.636 I/FocusedNotifPromptContr( 3215): onTopActivityMayChanged: topActivity=com.albacontrol
11-29 08:44:55.636 I/FocusedNotifPromptContr( 3215): topActivityMayChanged: topActivity=com.albacontrol
11-29 08:44:55.640 D/CoreBackPreview( 1829): Window{ae3ef18 u0 Splash Screen com.albacontrol}: Setting back callback OnBackInvokedCallbackInfo{mCallback=android.window.IOnBackInvokedCallback$Stub$Proxy@65d9756, mPriority=0}
11-29 08:44:55.657 D/Boost   ( 1829): hostingType=next-top-activity, hostingName={com.albacontrol/com.albacontrol.MainActivity}, callerPackage=com.miui.home, isSystem=true, isBoostNeeded=false.
11-29 08:44:55.658 I/ActivityManager( 1829): Start proc 22443:com.albacontrol/u0a217 for next-top-activity {com.albacontrol/com.albacontrol.MainActivity} caller=com.miui.home
11-29 08:44:55.658 E/ActivityManagerWrapper( 3272): getRecentTasks: mainTaskId=330   userId=0   baseIntent=Intent { act=android.intent.action.MAIN flag=270532608 cmp=ComponentInfo{com.albacontrol/com.albacontrol.MainActivity} }
11-29 08:44:55.674 E/Zygote  (22443): process_name_ptr:22443 com.albacontrol
11-29 08:44:55.677 I/SmartPower.com.albacontrol/10217(0)( 1829): died->visible(7388ms) R(become visible) adj=-10000.
11-29 08:44:55.685 I/WindowManager( 1829): wms.showSurfaceRobustly mWin:Window{ae3ef18 u0 Splash Screen com.albacontrol}
11-29 08:44:55.686 I/com.albacontrol(22443): Late-enabling -Xcheck:jni
11-29 08:44:55.687 W/SQLiteLog( 5168): (28) double-quoted string literal: "com.albacontrol"
11-29 08:44:55.693 W/RecentsModel( 3272): getRunningTask   taskInfo=TaskInfo{userId=0 taskId=330 displayId=0 isRunning=true baseIntent=Intent { act=android.intent.action.MAIN cat=[android.intent.category.LAUNCHER] flg=0x10200000 cmp=com.albacontrol/.MainActivity } baseActivity=ComponentInfo{com.albacontrol/com.albacontrol.MainActivity} topActivity=ComponentInfo{com.albacontrol/com.albacontrol.MainActivity} origActivity=null realActivity=ComponentInfo{com.albacontrol/com.albacontrol.MainActivity} numActivities=1 lastActiveTime=166087545 supportsSplitScreenMultiWindow=true supportsMultiWindow=true resizeMode=1 isResizeable=true minWidth=-1 minHeight=-1 defaultMinSize=200 token=WCT{android.window.IWindowContainerToken$Stub$Proxy@9ae78d3} topActivityType=1 pictureInPictureParams=null shouldDockBigOverlays=false launchIntoPipHostTaskId=0 displayCutoutSafeInsets=Rect(0, 93 - 0, 0) topActivityInfo=ActivityInfo{e4bec10 com.albacontrol.MainActivity} launchCookies=[] positionInParent=Point(0, 0) parentTaskId=-1 isFocused=false isVisible=true isSleeping=false topActivityInSizeCompat=false topActivityInMiuiSizeCompat=false topActivityEligibleForLetterboxEducation= false locusId=null displayAreaFeatureId=1 cameraCompatControlState=hidden mIsCastMode=false}
11-29 08:44:55.693 W/RecentsModel( 3272): getTaskInfoIgnoreHomeAndFreeform   taskInfo=ComponentInfo{com.albacontrol/com.albacontrol.MainActivity}
11-29 08:44:55.700 E/ActivityManagerWrapper( 3272): getRecentTasks: mainTaskId=330   userId=0   baseIntent=Intent { act=android.intent.action.MAIN flag=270532608 cmp=ComponentInfo{com.albacontrol/com.albacontrol.MainActivity} }
11-29 08:44:55.717 I/com.albacontrol(22443): Using CollectorTypeCC GC.
11-29 08:44:55.736 W/RecentsModel( 3272): getRunningTask   taskInfo=TaskInfo{userId=0 taskId=330 displayId=0 isRunning=true baseIntent=Intent { act=android.intent.action.MAIN cat=[android.intent.category.LAUNCHER] flg=0x10200000 cmp=com.albacontrol/.MainActivity } baseActivity=ComponentInfo{com.albacontrol/com.albacontrol.MainActivity} topActivity=ComponentInfo{com.albacontrol/com.albacontrol.MainActivity} origActivity=null realActivity=ComponentInfo{com.albacontrol/com.albacontrol.MainActivity} numActivities=1 lastActiveTime=166087590 supportsSplitScreenMultiWindow=true supportsMultiWindow=true resizeMode=1 isResizeable=true minWidth=-1 minHeight=-1 defaultMinSize=200 token=WCT{android.window.IWindowContainerToken$Stub$Proxy@ca09309} topActivityType=1 pictureInPictureParams=null shouldDockBigOverlays=false launchIntoPipHostTaskId=0 displayCutoutSafeInsets=Rect(0, 93 - 0, 0) topActivityInfo=ActivityInfo{f21890e com.albacontrol.MainActivity} launchCookies=[] positionInParent=Point(0, 0) parentTaskId=-1 isFocused=false isVisible=true isSleeping=false topActivityInSizeCompat=false topActivityInMiuiSizeCompat=false topActivityEligibleForLetterboxEducation= false locusId=null displayAreaFeatureId=1 cameraCompatControlState=hidden mIsCastMode=false}
11-29 08:44:55.736 W/RecentsModel( 3272): getTaskInfoIgnoreHomeAndFreeform   taskInfo=ComponentInfo{com.albacontrol/com.albacontrol.MainActivity}
11-29 08:44:55.740 E/ActivityManagerWrapper( 3272): getRecentTasks: mainTaskId=330   userId=0   baseIntent=Intent { act=android.intent.action.MAIN flag=270532608 cmp=ComponentInfo{com.albacontrol/com.albacontrol.MainActivity} }
