11-29 08:48:00.362 I/ActivityThread(23381): Schedule relaunch activity: com.albacontrol.MainActivity
11-29 08:48:00.401 E/NotificationService( 1829): Package has already queued 5 toasts. Not showing more. Package=com.albacontrol
11-29 08:48:00.473 D/RecentsImpl( 3272): mActivityStateObserver com.albacontrol.MainActivity
11-29 08:48:00.474 W/RecentsImpl( 3272): onResumed className=com.albacontrol.MainActivity   mIsInAnotherPro=false   isKeyguardLocked=false   mSecuritySpaceGuideShown=false
11-29 08:48:00.474 I/ActivityThread(23381): Schedule relaunch activity: com.albacontrol.MainActivity
11-29 08:48:00.590 D/RecentsImpl( 3272): mActivityStateObserver com.albacontrol.MainActivity
11-29 08:48:00.591 W/RecentsImpl( 3272): onResumed className=com.albacontrol.MainActivity   mIsInAnotherPro=false   isKeyguardLocked=false   mSecuritySpaceGuideShown=false
11-29 08:48:00.594 I/ActivityThread(23381): Schedule relaunch activity: com.albacontrol.MainActivity
11-29 08:48:00.596 I/com.albacontrol(23381): Waiting for a blocking GC ProfileSaver
11-29 08:48:00.607 I/com.albacontrol(23381): WaitForGcToComplete blocked ProfileSaver on Background for 10.937ms
11-29 08:48:00.639 E/NotificationService( 1829): Package has already queued 5 toasts. Not showing more. Package=com.albacontrol
11-29 08:48:00.728 I/ActivityThread(23381): Schedule relaunch activity: com.albacontrol.MainActivity
11-29 08:48:00.728 W/NotificationService( 1829): Toast already killed. pkg=com.albacontrol token=android.os.BinderProxy@2819670
11-29 08:48:00.728 D/RecentsImpl( 3272): mActivityStateObserver com.albacontrol.MainActivity
11-29 08:48:00.729 W/RecentsImpl( 3272): onResumed className=com.albacontrol.MainActivity   mIsInAnotherPro=false   isKeyguardLocked=false   mSecuritySpaceGuideShown=false
11-29 08:48:00.773 E/NotificationService( 1829): Package has already queued 5 toasts. Not showing more. Package=com.albacontrol
11-29 08:48:00.854 D/RecentsImpl( 3272): mActivityStateObserver com.albacontrol.MainActivity
11-29 08:48:00.854 W/RecentsImpl( 3272): onResumed className=com.albacontrol.MainActivity   mIsInAnotherPro=false   isKeyguardLocked=false   mSecuritySpaceGuideShown=false
11-29 08:48:00.858 I/ActivityThread(23381): Schedule relaunch activity: com.albacontrol.MainActivity
11-29 08:48:00.893 E/NotificationService( 1829): Package has already queued 5 toasts. Not showing more. Package=com.albacontrol
11-29 08:48:00.964 D/RecentsImpl( 3272): mActivityStateObserver com.albacontrol.MainActivity
11-29 08:48:00.965 W/RecentsImpl( 3272): onResumed className=com.albacontrol.MainActivity   mIsInAnotherPro=false   isKeyguardLocked=false   mSecuritySpaceGuideShown=false
11-29 08:48:00.967 I/ActivityThread(23381): Schedule relaunch activity: com.albacontrol.MainActivity
11-29 08:48:01.006 E/NotificationService( 1829): Package has already queued 5 toasts. Not showing more. Package=com.albacontrol
11-29 08:48:01.076 D/RecentsImpl( 3272): mActivityStateObserver com.albacontrol.MainActivity
11-29 08:48:01.077 W/RecentsImpl( 3272): onResumed className=com.albacontrol.MainActivity   mIsInAnotherPro=false   isKeyguardLocked=false   mSecuritySpaceGuideShown=false
11-29 08:48:01.079 I/ActivityThread(23381): Schedule relaunch activity: com.albacontrol.MainActivity
11-29 08:48:01.122 E/NotificationService( 1829): Package has already queued 5 toasts. Not showing more. Package=com.albacontrol
11-29 08:48:01.190 D/RecentsImpl( 3272): mActivityStateObserver com.albacontrol.MainActivity
11-29 08:48:01.190 W/RecentsImpl( 3272): onResumed className=com.albacontrol.MainActivity   mIsInAnotherPro=false   isKeyguardLocked=false   mSecuritySpaceGuideShown=false
11-29 08:48:01.192 I/ActivityThread(23381): Schedule relaunch activity: com.albacontrol.MainActivity
11-29 08:48:01.231 E/NotificationService( 1829): Package has already queued 5 toasts. Not showing more. Package=com.albacontrol
11-29 08:48:01.308 D/RecentsImpl( 3272): mActivityStateObserver com.albacontrol.MainActivity
11-29 08:48:01.309 W/RecentsImpl( 3272): onResumed className=com.albacontrol.MainActivity   mIsInAnotherPro=false   isKeyguardLocked=false   mSecuritySpaceGuideShown=false
11-29 08:48:01.311 I/ActivityThread(23381): Schedule relaunch activity: com.albacontrol.MainActivity
11-29 08:48:01.350 E/NotificationService( 1829): Package has already queued 5 toasts. Not showing more. Package=com.albacontrol
11-29 08:48:01.420 D/RecentsImpl( 3272): mActivityStateObserver com.albacontrol.MainActivity
11-29 08:48:01.421 W/RecentsImpl( 3272): onResumed className=com.albacontrol.MainActivity   mIsInAnotherPro=false   isKeyguardLocked=false   mSecuritySpaceGuideShown=false
11-29 08:48:01.423 I/ActivityThread(23381): Schedule relaunch activity: com.albacontrol.MainActivity
11-29 08:48:01.461 E/NotificationService( 1829): Package has already queued 5 toasts. Not showing more. Package=com.albacontrol
11-29 08:48:01.528 D/RecentsImpl( 3272): mActivityStateObserver com.albacontrol.MainActivity
11-29 08:48:01.528 W/RecentsImpl( 3272): onResumed className=com.albacontrol.MainActivity   mIsInAnotherPro=false   isKeyguardLocked=false   mSecuritySpaceGuideShown=false
11-29 08:48:01.530 I/ActivityThread(23381): Schedule relaunch activity: com.albacontrol.MainActivity
11-29 08:48:01.570 E/NotificationService( 1829): Package has already queued 5 toasts. Not showing more. Package=com.albacontrol
11-29 08:48:01.647 D/RecentsImpl( 3272): mActivityStateObserver com.albacontrol.MainActivity
11-29 08:48:01.648 W/RecentsImpl( 3272): onResumed className=com.albacontrol.MainActivity   mIsInAnotherPro=false   isKeyguardLocked=false   mSecuritySpaceGuideShown=false
11-29 08:48:01.650 I/ActivityThread(23381): Schedule relaunch activity: com.albacontrol.MainActivity
11-29 08:48:01.688 E/NotificationService( 1829): Package has already queued 5 toasts. Not showing more. Package=com.albacontrol
11-29 08:48:01.758 D/RecentsImpl( 3272): mActivityStateObserver com.albacontrol.MainActivity
11-29 08:48:01.759 W/RecentsImpl( 3272): onResumed className=com.albacontrol.MainActivity   mIsInAnotherPro=false   isKeyguardLocked=false   mSecuritySpaceGuideShown=false
11-29 08:48:01.761 I/ActivityThread(23381): Schedule relaunch activity: com.albacontrol.MainActivity
11-29 08:48:01.806 E/NotificationService( 1829): Package has already queued 5 toasts. Not showing more. Package=com.albacontrol
11-29 08:48:01.897 D/RecentsImpl( 3272): mActivityStateObserver com.albacontrol.MainActivity
11-29 08:48:01.898 W/RecentsImpl( 3272): onResumed className=com.albacontrol.MainActivity   mIsInAnotherPro=false   isKeyguardLocked=false   mSecuritySpaceGuideShown=false
11-29 08:48:01.900 I/ActivityThread(23381): Schedule relaunch activity: com.albacontrol.MainActivity
11-29 08:48:01.944 E/NotificationService( 1829): Package has already queued 5 toasts. Not showing more. Package=com.albacontrol
11-29 08:48:02.010 D/RecentsImpl( 3272): mActivityStateObserver com.albacontrol.MainActivity
11-29 08:48:02.010 W/RecentsImpl( 3272): onResumed className=com.albacontrol.MainActivity   mIsInAnotherPro=false   isKeyguardLocked=false   mSecuritySpaceGuideShown=false
11-29 08:48:02.012 I/ActivityThread(23381): Schedule relaunch activity: com.albacontrol.MainActivity
11-29 08:48:02.051 E/NotificationService( 1829): Package has already queued 5 toasts. Not showing more. Package=com.albacontrol
11-29 08:48:02.118 D/RecentsImpl( 3272): mActivityStateObserver com.albacontrol.MainActivity
11-29 08:48:02.119 W/RecentsImpl( 3272): onResumed className=com.albacontrol.MainActivity   mIsInAnotherPro=false   isKeyguardLocked=false   mSecuritySpaceGuideShown=false
11-29 08:48:02.121 I/ActivityThread(23381): Schedule relaunch activity: com.albacontrol.MainActivity
11-29 08:48:02.163 E/NotificationService( 1829): Package has already queued 5 toasts. Not showing more. Package=com.albacontrol
11-29 08:48:02.229 D/RecentsImpl( 3272): mActivityStateObserver com.albacontrol.MainActivity
11-29 08:48:02.229 W/RecentsImpl( 3272): onResumed className=com.albacontrol.MainActivity   mIsInAnotherPro=false   isKeyguardLocked=false   mSecuritySpaceGuideShown=false
11-29 08:48:02.232 I/ActivityThread(23381): Schedule relaunch activity: com.albacontrol.MainActivity
11-29 08:48:02.271 E/NotificationService( 1829): Package has already queued 5 toasts. Not showing more. Package=com.albacontrol
11-29 08:48:02.340 D/RecentsImpl( 3272): mActivityStateObserver com.albacontrol.MainActivity
11-29 08:48:02.341 W/RecentsImpl( 3272): onResumed className=com.albacontrol.MainActivity   mIsInAnotherPro=false   isKeyguardLocked=false   mSecuritySpaceGuideShown=false
11-29 08:48:02.343 I/ActivityThread(23381): Schedule relaunch activity: com.albacontrol.MainActivity
11-29 08:48:02.382 E/NotificationService( 1829): Package has already queued 5 toasts. Not showing more. Package=com.albacontrol
11-29 08:48:02.448 D/RecentsImpl( 3272): mActivityStateObserver com.albacontrol.MainActivity
11-29 08:48:02.448 W/RecentsImpl( 3272): onResumed className=com.albacontrol.MainActivity   mIsInAnotherPro=false   isKeyguardLocked=false   mSecuritySpaceGuideShown=false
11-29 08:48:02.450 I/ActivityThread(23381): Schedule relaunch activity: com.albacontrol.MainActivity
11-29 08:48:02.492 E/NotificationService( 1829): Package has already queued 5 toasts. Not showing more. Package=com.albacontrol
11-29 08:48:02.559 D/RecentsImpl( 3272): mActivityStateObserver com.albacontrol.MainActivity
11-29 08:48:02.559 W/RecentsImpl( 3272): onResumed className=com.albacontrol.MainActivity   mIsInAnotherPro=false   isKeyguardLocked=false   mSecuritySpaceGuideShown=false
11-29 08:48:02.561 I/ActivityThread(23381): Schedule relaunch activity: com.albacontrol.MainActivity
11-29 08:48:02.601 E/NotificationService( 1829): Package has already queued 5 toasts. Not showing more. Package=com.albacontrol
11-29 08:48:02.668 D/RecentsImpl( 3272): mActivityStateObserver com.albacontrol.MainActivity
11-29 08:48:02.669 W/RecentsImpl( 3272): onResumed className=com.albacontrol.MainActivity   mIsInAnotherPro=false   isKeyguardLocked=false   mSecuritySpaceGuideShown=false
11-29 08:48:02.671 I/ActivityThread(23381): Schedule relaunch activity: com.albacontrol.MainActivity
11-29 08:48:02.710 E/NotificationService( 1829): Package has already queued 5 toasts. Not showing more. Package=com.albacontrol
11-29 08:48:02.780 D/RecentsImpl( 3272): mActivityStateObserver com.albacontrol.MainActivity
11-29 08:48:02.780 W/RecentsImpl( 3272): onResumed className=com.albacontrol.MainActivity   mIsInAnotherPro=false   isKeyguardLocked=false   mSecuritySpaceGuideShown=false
11-29 08:48:02.782 I/ActivityThread(23381): Schedule relaunch activity: com.albacontrol.MainActivity
11-29 08:48:02.821 E/NotificationService( 1829): Package has already queued 5 toasts. Not showing more. Package=com.albacontrol
11-29 08:48:02.896 D/RecentsImpl( 3272): mActivityStateObserver com.albacontrol.MainActivity
11-29 08:48:02.897 W/RecentsImpl( 3272): onResumed className=com.albacontrol.MainActivity   mIsInAnotherPro=false   isKeyguardLocked=false   mSecuritySpaceGuideShown=false
11-29 08:48:02.899 I/ActivityThread(23381): Schedule relaunch activity: com.albacontrol.MainActivity
11-29 08:48:02.933 E/NotificationService( 1829): Package has already queued 5 toasts. Not showing more. Package=com.albacontrol
11-29 08:48:03.002 D/RecentsImpl( 3272): mActivityStateObserver com.albacontrol.MainActivity
11-29 08:48:03.002 W/RecentsImpl( 3272): onResumed className=com.albacontrol.MainActivity   mIsInAnotherPro=false   isKeyguardLocked=false   mSecuritySpaceGuideShown=false
11-29 08:48:03.004 I/ActivityThread(23381): Schedule relaunch activity: com.albacontrol.MainActivity
11-29 08:48:03.127 D/RecentsImpl( 3272): mActivityStateObserver com.albacontrol.MainActivity
11-29 08:48:03.128 W/RecentsImpl( 3272): onResumed className=com.albacontrol.MainActivity   mIsInAnotherPro=false   isKeyguardLocked=false   mSecuritySpaceGuideShown=false
11-29 08:48:03.131 I/ActivityThread(23381): Schedule relaunch activity: com.albacontrol.MainActivity
11-29 08:48:03.187 E/NotificationService( 1829): Package has already queued 5 toasts. Not showing more. Package=com.albacontrol
11-29 08:48:03.264 D/RecentsImpl( 3272): mActivityStateObserver com.albacontrol.MainActivity
11-29 08:48:03.265 W/RecentsImpl( 3272): onResumed className=com.albacontrol.MainActivity   mIsInAnotherPro=false   isKeyguardLocked=false   mSecuritySpaceGuideShown=false
11-29 08:48:03.267 I/ActivityThread(23381): Schedule relaunch activity: com.albacontrol.MainActivity
11-29 08:48:03.303 E/NotificationService( 1829): Package has already queued 5 toasts. Not showing more. Package=com.albacontrol
11-29 08:48:03.309 W/NotificationService( 1829): Toast already killed. pkg=com.albacontrol token=android.os.BinderProxy@a5583d2
11-29 08:48:03.381 D/RecentsImpl( 3272): mActivityStateObserver com.albacontrol.MainActivity
11-29 08:48:03.382 W/RecentsImpl( 3272): onResumed className=com.albacontrol.MainActivity   mIsInAnotherPro=false   isKeyguardLocked=false   mSecuritySpaceGuideShown=false
11-29 08:48:03.384 I/ActivityThread(23381): Schedule relaunch activity: com.albacontrol.MainActivity
11-29 08:48:03.418 E/NotificationService( 1829): Package has already queued 5 toasts. Not showing more. Package=com.albacontrol
11-29 08:48:03.485 D/RecentsImpl( 3272): mActivityStateObserver com.albacontrol.MainActivity
11-29 08:48:03.486 W/RecentsImpl( 3272): onResumed className=com.albacontrol.MainActivity   mIsInAnotherPro=false   isKeyguardLocked=false   mSecuritySpaceGuideShown=false
11-29 08:48:03.488 I/ActivityThread(23381): Schedule relaunch activity: com.albacontrol.MainActivity
11-29 08:48:03.537 E/NotificationService( 1829): Package has already queued 5 toasts. Not showing more. Package=com.albacontrol
11-29 08:48:03.616 D/RecentsImpl( 3272): mActivityStateObserver com.albacontrol.MainActivity
11-29 08:48:03.617 W/RecentsImpl( 3272): onResumed className=com.albacontrol.MainActivity   mIsInAnotherPro=false   isKeyguardLocked=false   mSecuritySpaceGuideShown=false
11-29 08:48:03.619 I/ActivityThread(23381): Schedule relaunch activity: com.albacontrol.MainActivity
11-29 08:48:03.653 E/NotificationService( 1829): Package has already queued 5 toasts. Not showing more. Package=com.albacontrol
11-29 08:48:03.723 D/RecentsImpl( 3272): mActivityStateObserver com.albacontrol.MainActivity
11-29 08:48:03.724 W/RecentsImpl( 3272): onResumed className=com.albacontrol.MainActivity   mIsInAnotherPro=false   isKeyguardLocked=false   mSecuritySpaceGuideShown=false
11-29 08:48:03.726 I/ActivityThread(23381): Schedule relaunch activity: com.albacontrol.MainActivity
11-29 08:48:03.769 E/NotificationService( 1829): Package has already queued 5 toasts. Not showing more. Package=com.albacontrol
11-29 08:48:03.844 D/RecentsImpl( 3272): mActivityStateObserver com.albacontrol.MainActivity
11-29 08:48:03.844 W/RecentsImpl( 3272): onResumed className=com.albacontrol.MainActivity   mIsInAnotherPro=false   isKeyguardLocked=false   mSecuritySpaceGuideShown=false
11-29 08:48:03.847 I/ActivityThread(23381): Schedule relaunch activity: com.albacontrol.MainActivity
11-29 08:48:03.882 E/NotificationService( 1829): Package has already queued 5 toasts. Not showing more. Package=com.albacontrol
11-29 08:48:03.951 D/RecentsImpl( 3272): mActivityStateObserver com.albacontrol.MainActivity
11-29 08:48:03.951 W/RecentsImpl( 3272): onResumed className=com.albacontrol.MainActivity   mIsInAnotherPro=false   isKeyguardLocked=false   mSecuritySpaceGuideShown=false
11-29 08:48:03.953 I/ActivityThread(23381): Schedule relaunch activity: com.albacontrol.MainActivity
11-29 08:48:03.987 E/NotificationService( 1829): Package has already queued 5 toasts. Not showing more. Package=com.albacontrol
11-29 08:48:04.055 D/RecentsImpl( 3272): mActivityStateObserver com.albacontrol.MainActivity
11-29 08:48:04.055 W/RecentsImpl( 3272): onResumed className=com.albacontrol.MainActivity   mIsInAnotherPro=false   isKeyguardLocked=false   mSecuritySpaceGuideShown=false
11-29 08:48:04.058 I/ActivityThread(23381): Schedule relaunch activity: com.albacontrol.MainActivity
11-29 08:48:04.098 E/NotificationService( 1829): Package has already queued 5 toasts. Not showing more. Package=com.albacontrol
11-29 08:48:04.179 D/RecentsImpl( 3272): mActivityStateObserver com.albacontrol.MainActivity
11-29 08:48:04.180 W/RecentsImpl( 3272): onResumed className=com.albacontrol.MainActivity   mIsInAnotherPro=false   isKeyguardLocked=false   mSecuritySpaceGuideShown=false
11-29 08:48:04.182 I/ActivityThread(23381): Schedule relaunch activity: com.albacontrol.MainActivity
11-29 08:48:04.214 W/com.albacontrol(23381): Cleared Reference was only reachable from finalizer (only reported once)
11-29 08:48:04.227 E/NotificationService( 1829): Package has already queued 5 toasts. Not showing more. Package=com.albacontrol
11-29 08:48:04.319 D/RecentsImpl( 3272): mActivityStateObserver com.albacontrol.MainActivity
11-29 08:48:04.320 W/RecentsImpl( 3272): onResumed className=com.albacontrol.MainActivity   mIsInAnotherPro=false   isKeyguardLocked=false   mSecuritySpaceGuideShown=false
11-29 08:48:04.322 I/ActivityThread(23381): Schedule relaunch activity: com.albacontrol.MainActivity
11-29 08:48:04.362 E/NotificationService( 1829): Package has already queued 5 toasts. Not showing more. Package=com.albacontrol
11-29 08:48:04.428 D/RecentsImpl( 3272): mActivityStateObserver com.albacontrol.MainActivity
11-29 08:48:04.429 W/RecentsImpl( 3272): onResumed className=com.albacontrol.MainActivity   mIsInAnotherPro=false   isKeyguardLocked=false   mSecuritySpaceGuideShown=false
11-29 08:48:04.431 I/ActivityThread(23381): Schedule relaunch activity: com.albacontrol.MainActivity
11-29 08:48:04.467 E/NotificationService( 1829): Package has already queued 5 toasts. Not showing more. Package=com.albacontrol
11-29 08:48:04.536 D/RecentsImpl( 3272): mActivityStateObserver com.albacontrol.MainActivity
11-29 08:48:04.537 W/RecentsImpl( 3272): onResumed className=com.albacontrol.MainActivity   mIsInAnotherPro=false   isKeyguardLocked=false   mSecuritySpaceGuideShown=false
11-29 08:48:04.539 I/ActivityThread(23381): Schedule relaunch activity: com.albacontrol.MainActivity
11-29 08:48:04.584 E/NotificationService( 1829): Package has already queued 5 toasts. Not showing more. Package=com.albacontrol
11-29 08:48:04.662 D/RecentsImpl( 3272): mActivityStateObserver com.albacontrol.MainActivity
11-29 08:48:04.663 W/RecentsImpl( 3272): onResumed className=com.albacontrol.MainActivity   mIsInAnotherPro=false   isKeyguardLocked=false   mSecuritySpaceGuideShown=false
11-29 08:48:04.666 I/ActivityThread(23381): Schedule relaunch activity: com.albacontrol.MainActivity
11-29 08:48:04.713 E/NotificationService( 1829): Package has already queued 5 toasts. Not showing more. Package=com.albacontrol
11-29 08:48:04.803 D/RecentsImpl( 3272): mActivityStateObserver com.albacontrol.MainActivity
11-29 08:48:04.803 W/RecentsImpl( 3272): onResumed className=com.albacontrol.MainActivity   mIsInAnotherPro=false   isKeyguardLocked=false   mSecuritySpaceGuideShown=false
11-29 08:48:04.806 I/ActivityThread(23381): Schedule relaunch activity: com.albacontrol.MainActivity
11-29 08:48:04.842 E/NotificationService( 1829): Package has already queued 5 toasts. Not showing more. Package=com.albacontrol
11-29 08:48:04.922 D/RecentsImpl( 3272): mActivityStateObserver com.albacontrol.MainActivity
11-29 08:48:04.923 W/RecentsImpl( 3272): onResumed className=com.albacontrol.MainActivity   mIsInAnotherPro=false   isKeyguardLocked=false   mSecuritySpaceGuideShown=false
11-29 08:48:04.925 I/ActivityThread(23381): Schedule relaunch activity: com.albacontrol.MainActivity
11-29 08:48:04.967 E/NotificationService( 1829): Package has already queued 5 toasts. Not showing more. Package=com.albacontrol
11-29 08:48:05.049 D/RecentsImpl( 3272): mActivityStateObserver com.albacontrol.MainActivity
11-29 08:48:05.049 W/RecentsImpl( 3272): onResumed className=com.albacontrol.MainActivity   mIsInAnotherPro=false   isKeyguardLocked=false   mSecuritySpaceGuideShown=false
11-29 08:48:05.051 I/ActivityThread(23381): Schedule relaunch activity: com.albacontrol.MainActivity
11-29 08:48:05.086 E/NotificationService( 1829): Package has already queued 5 toasts. Not showing more. Package=com.albacontrol
11-29 08:48:05.162 D/RecentsImpl( 3272): mActivityStateObserver com.albacontrol.MainActivity
11-29 08:48:05.162 W/RecentsImpl( 3272): onResumed className=com.albacontrol.MainActivity   mIsInAnotherPro=false   isKeyguardLocked=false   mSecuritySpaceGuideShown=false
11-29 08:48:05.164 I/ActivityThread(23381): Schedule relaunch activity: com.albacontrol.MainActivity
11-29 08:48:05.199 E/NotificationService( 1829): Package has already queued 5 toasts. Not showing more. Package=com.albacontrol
11-29 08:48:05.268 D/RecentsImpl( 3272): mActivityStateObserver com.albacontrol.MainActivity
11-29 08:48:05.269 W/RecentsImpl( 3272): onResumed className=com.albacontrol.MainActivity   mIsInAnotherPro=false   isKeyguardLocked=false   mSecuritySpaceGuideShown=false
11-29 08:48:05.271 I/ActivityThread(23381): Schedule relaunch activity: com.albacontrol.MainActivity
11-29 08:48:05.304 E/NotificationService( 1829): Package has already queued 5 toasts. Not showing more. Package=com.albacontrol
11-29 08:48:05.376 D/RecentsImpl( 3272): mActivityStateObserver com.albacontrol.MainActivity
11-29 08:48:05.377 W/RecentsImpl( 3272): onResumed className=com.albacontrol.MainActivity   mIsInAnotherPro=false   isKeyguardLocked=false   mSecuritySpaceGuideShown=false
11-29 08:48:05.380 I/ActivityThread(23381): Schedule relaunch activity: com.albacontrol.MainActivity
11-29 08:48:05.426 E/NotificationService( 1829): Package has already queued 5 toasts. Not showing more. Package=com.albacontrol
11-29 08:48:05.502 D/RecentsImpl( 3272): mActivityStateObserver com.albacontrol.MainActivity
11-29 08:48:05.502 W/RecentsImpl( 3272): onResumed className=com.albacontrol.MainActivity   mIsInAnotherPro=false   isKeyguardLocked=false   mSecuritySpaceGuideShown=false
11-29 08:48:05.504 I/ActivityThread(23381): Schedule relaunch activity: com.albacontrol.MainActivity
11-29 08:48:05.542 E/NotificationService( 1829): Package has already queued 5 toasts. Not showing more. Package=com.albacontrol
11-29 08:48:05.609 D/RecentsImpl( 3272): mActivityStateObserver com.albacontrol.MainActivity
11-29 08:48:05.609 W/RecentsImpl( 3272): onResumed className=com.albacontrol.MainActivity   mIsInAnotherPro=false   isKeyguardLocked=false   mSecuritySpaceGuideShown=false
11-29 08:48:05.611 I/ActivityThread(23381): Schedule relaunch activity: com.albacontrol.MainActivity
11-29 08:48:05.741 D/RecentsImpl( 3272): mActivityStateObserver com.albacontrol.MainActivity
11-29 08:48:05.742 W/RecentsImpl( 3272): onResumed className=com.albacontrol.MainActivity   mIsInAnotherPro=false   isKeyguardLocked=false   mSecuritySpaceGuideShown=false
11-29 08:48:05.744 I/ActivityThread(23381): Schedule relaunch activity: com.albacontrol.MainActivity
11-29 08:48:05.782 W/RecentsModel( 3272): getRunningTask   taskInfo=TaskInfo{userId=0 taskId=332 displayId=0 isRunning=true baseIntent=Intent { act=android.intent.action.MAIN cat=[android.intent.category.LAUNCHER] flg=0x10200000 cmp=com.albacontrol/.MainActivity } baseActivity=ComponentInfo{com.albacontrol/com.albacontrol.MainActivity} topActivity=ComponentInfo{com.albacontrol/com.albacontrol.MainActivity} origActivity=null realActivity=ComponentInfo{com.albacontrol/com.albacontrol.MainActivity} numActivities=1 lastActiveTime=166277633 supportsSplitScreenMultiWindow=true supportsMultiWindow=true resizeMode=1 isResizeable=true minWidth=-1 minHeight=-1 defaultMinSize=200 token=WCT{android.window.IWindowContainerToken$Stub$Proxy@41f30e1} topActivityType=1 pictureInPictureParams=null shouldDockBigOverlays=false launchIntoPipHostTaskId=0 displayCutoutSafeInsets=Rect(0, 93 - 0, 0) topActivityInfo=ActivityInfo{1328e06 com.albacontrol.MainActivity} launchCookies=[] positionInParent=Point(0, 0) parentTaskId=-1 isFocused=true isVisible=true isSleeping=false topActivityInSizeCompat=false topActivityInMiuiSizeCompat=false topActivityEligibleForLetterboxEducation= false locusId=null displayAreaFeatureId=1 cameraCompatControlState=hidden mIsCastMode=false}
11-29 08:48:05.782 W/RecentsModel( 3272): getTaskInfoIgnoreHomeAndFreeform   taskInfo=ComponentInfo{com.albacontrol/com.albacontrol.MainActivity}
11-29 08:48:05.790 E/NotificationService( 1829): Package has already queued 5 toasts. Not showing more. Package=com.albacontrol
11-29 08:48:05.803 D/TaskView( 3272): TaskView bind task, task=[TaskKey{id=332, stackId=0, baseIntent=Intent { act=android.intent.action.MAIN cat=[android.intent.category.LAUNCHER] flg=0x10200000 cmp=com.albacontrol/.MainActivity }, userId=0, lastActiveTime=166267241, windowingMode=1, isThumbnailBlur=false, isScreening=false, topActivity=ComponentInfo{com.albacontrol/com.albacontrol.MainActivity}, mHashCode=10814164}, title=AlbaControl, titleDescription=AlbaControl, bounds=null, isLaunchTarget=true, isStackTask=true, isSystemApp=false, isDockable=true, baseActivity=ComponentInfo{com.albacontrol/com.albacontrol.MainActivity}, isLocked=false, isAccessLocked=false, mNeedHide=false] , isLock=false
11-29 08:48:05.803 D/TaskViewThumbnail( 3272): updateThumbnailScale, t=[TaskKey{id=332, stackId=0, baseIntent=Intent { act=android.intent.action.MAIN cat=[android.intent.category.LAUNCHER] flg=0x10200000 cmp=com.albacontrol/.MainActivity }, userId=0, lastActiveTime=166267241, windowingMode=1, isThumbnailBlur=false, isScreening=false, topActivity=ComponentInfo{com.albacontrol/com.albacontrol.MainActivity}, mHashCode=10814164}, title=AlbaControl, titleDescription=AlbaControl, bounds=null, isLaunchTarget=true, isStackTask=true, isSystemApp=false, isDockable=true, baseActivity=ComponentInfo{com.albacontrol/com.albacontrol.MainActivity}, isLocked=false, isAccessLocked=false, mNeedHide=false] , mThumbnailBitmapSizeAfterScaled=(469, 985)
11-29 08:48:05.805 D/TaskView( 3272): TaskView bind task, task=[TaskKey{id=332, stackId=0, baseIntent=Intent { act=android.intent.action.MAIN cat=[android.intent.category.LAUNCHER] flg=0x10200000 cmp=com.albacontrol/.MainActivity }, userId=0, lastActiveTime=166267241, windowingMode=1, isThumbnailBlur=false, isScreening=false, topActivity=ComponentInfo{com.albacontrol/com.albacontrol.MainActivity}, mHashCode=10814164}, title=AlbaControl, titleDescription=AlbaControl, bounds=null, isLaunchTarget=true, isStackTask=true, isSystemApp=false, isDockable=true, baseActivity=ComponentInfo{com.albacontrol/com.albacontrol.MainActivity}, isLocked=false, isAccessLocked=false, mNeedHide=false] , isLock=false
11-29 08:48:05.805 D/TaskViewThumbnail( 3272): updateThumbnailScale, t=[TaskKey{id=332, stackId=0, baseIntent=Intent { act=android.intent.action.MAIN cat=[android.intent.category.LAUNCHER] flg=0x10200000 cmp=com.albacontrol/.MainActivity }, userId=0, lastActiveTime=166267241, windowingMode=1, isThumbnailBlur=false, isScreening=false, topActivity=ComponentInfo{com.albacontrol/com.albacontrol.MainActivity}, mHashCode=10814164}, title=AlbaControl, titleDescription=AlbaControl, bounds=null, isLaunchTarget=true, isStackTask=true, isSystemApp=false, isDockable=true, baseActivity=ComponentInfo{com.albacontrol/com.albacontrol.MainActivity}, isLocked=false, isAccessLocked=false, mNeedHide=false] , mThumbnailBitmapSizeAfterScaled=(469, 985)
11-29 08:48:05.816 D/TaskView( 3272): TaskView bind task, task=[TaskKey{id=332, stackId=0, baseIntent=Intent { act=android.intent.action.MAIN cat=[android.intent.category.LAUNCHER] flg=0x10200000 cmp=com.albacontrol/.MainActivity }, userId=0, lastActiveTime=166267241, windowingMode=1, isThumbnailBlur=false, isScreening=false, topActivity=ComponentInfo{com.albacontrol/com.albacontrol.MainActivity}, mHashCode=10814164}, title=AlbaControl, titleDescription=AlbaControl, bounds=null, isLaunchTarget=true, isStackTask=true, isSystemApp=false, isDockable=true, baseActivity=ComponentInfo{com.albacontrol/com.albacontrol.MainActivity}, isLocked=false, isAccessLocked=false, mNeedHide=false] , isLock=false
11-29 08:48:05.816 D/TaskViewThumbnail( 3272): updateThumbnailScale, t=[TaskKey{id=332, stackId=0, baseIntent=Intent { act=android.intent.action.MAIN cat=[android.intent.category.LAUNCHER] flg=0x10200000 cmp=com.albacontrol/.MainActivity }, userId=0, lastActiveTime=166267241, windowingMode=1, isThumbnailBlur=false, isScreening=false, topActivity=ComponentInfo{com.albacontrol/com.albacontrol.MainActivity}, mHashCode=10814164}, title=AlbaControl, titleDescription=AlbaControl, bounds=null, isLaunchTarget=true, isStackTask=true, isSystemApp=false, isDockable=true, baseActivity=ComponentInfo{com.albacontrol/com.albacontrol.MainActivity}, isLocked=false, isAccessLocked=false, mNeedHide=false] , mThumbnailBitmapSizeAfterScaled=(469, 985)
11-29 08:48:05.871 D/PerfEngineController( 7490): ForegroundInfo{mForegroundPackageName='com.miui.home', mForegroundUid=10103, mForegroundPid=3272, mLastForegroundPackageName='com.albacontrol', mLastForegroundUid=10217, mLastForegroundPid=23381, mMultiWindowForegroundPackageName='com.miui.home', mMultiWindowForegroundUid=10103, mFlags=0}
11-29 08:48:05.871 I/GST     (11799): forePkg: com.miui.home, preForePkg: com.albacontrol
11-29 08:48:05.872 I/ProcessMonitor( 5615): onForegroundInfoChanged: ForegroundInfo{mForegroundPackageName='com.miui.home', mForegroundUid=10103, mForegroundPid=3272, mLastForegroundPackageName='com.albacontrol', mLastForegroundUid=10217, mLastForegroundPid=23381, mMultiWindowForegroundPackageName='com.miui.home', mMultiWindowForegroundUid=10103, mFlags=0}
11-29 08:48:05.873 D/A2dpLatencyMode(16692): ForegroundInfo{mForegroundPackageName='com.miui.home', mForegroundUid=10103, mForegroundPid=3272, mLastForegroundPackageName='com.albacontrol', mLastForegroundUid=10217, mLastForegroundPid=23381, mMultiWindowForegroundPackageName='com.miui.home', mMultiWindowForegroundUid=10103, mFlags=0}
11-29 08:48:05.874 D/AppObserver( 3272): ForegroundInfo{mForegroundPackageName='com.miui.home', mForegroundUid=10103, mForegroundPid=3272, mLastForegroundPackageName='com.albacontrol', mLastForegroundUid=10217, mLastForegroundPid=23381, mMultiWindowForegroundPackageName='com.miui.home', mMultiWindowForegroundUid=10103, mFlags=0}
11-29 08:48:05.914 W/NotificationService( 1829): Toast already killed. pkg=com.albacontrol token=android.os.BinderProxy@8b4f77c
11-29 08:48:05.924 D/TaskView( 3272): TaskView bind task, task=[TaskKey{id=332, stackId=0, baseIntent=Intent { act=android.intent.action.MAIN cat=[android.intent.category.LAUNCHER] flg=0x10200000 cmp=com.albacontrol/.MainActivity }, userId=0, lastActiveTime=166267241, windowingMode=1, isThumbnailBlur=false, isScreening=false, topActivity=ComponentInfo{com.albacontrol/com.albacontrol.MainActivity}, mHashCode=10814164}, title=AlbaControl, titleDescription=AlbaControl, bounds=null, isLaunchTarget=true, isStackTask=true, isSystemApp=false, isDockable=true, baseActivity=ComponentInfo{com.albacontrol/com.albacontrol.MainActivity}, isLocked=false, isAccessLocked=false, mNeedHide=false] , isLock=false
11-29 08:48:05.924 D/TaskViewThumbnail( 3272): updateThumbnailScale, t=[TaskKey{id=332, stackId=0, baseIntent=Intent { act=android.intent.action.MAIN cat=[android.intent.category.LAUNCHER] flg=0x10200000 cmp=com.albacontrol/.MainActivity }, userId=0, lastActiveTime=166267241, windowingMode=1, isThumbnailBlur=false, isScreening=false, topActivity=ComponentInfo{com.albacontrol/com.albacontrol.MainActivity}, mHashCode=10814164}, title=AlbaControl, titleDescription=AlbaControl, bounds=null, isLaunchTarget=true, isStackTask=true, isSystemApp=false, isDockable=true, baseActivity=ComponentInfo{com.albacontrol/com.albacontrol.MainActivity}, isLocked=false, isAccessLocked=false, mNeedHide=false] , mThumbnailBitmapSizeAfterScaled=(469, 985)
11-29 08:48:05.943 D/TaskViewThumbnail( 3272): updateThumbnailScale, t=[TaskKey{id=332, stackId=0, baseIntent=Intent { act=android.intent.action.MAIN cat=[android.intent.category.LAUNCHER] flg=0x10200000 cmp=com.albacontrol/.MainActivity }, userId=0, lastActiveTime=166267241, windowingMode=1, isThumbnailBlur=false, isScreening=false, topActivity=ComponentInfo{com.albacontrol/com.albacontrol.MainActivity}, mHashCode=10814164}, title=AlbaControl, titleDescription=AlbaControl, bounds=null, isLaunchTarget=true, isStackTask=true, isSystemApp=false, isDockable=true, baseActivity=ComponentInfo{com.albacontrol/com.albacontrol.MainActivity}, isLocked=false, isAccessLocked=false, mNeedHide=false] , mThumbnailBitmapSizeAfterScaled=(469, 985)
11-29 08:48:05.980 E/ActivityManagerWrapper( 3272): getRecentTasks: mainTaskId=332   userId=0   baseIntent=Intent { act=android.intent.action.MAIN flag=270532608 cmp=ComponentInfo{com.albacontrol/com.albacontrol.MainActivity} }
11-29 08:48:06.016 I/SmartPower.com.albacontrol/10217(23381)( 1829): visible->invisible(15427ms) R(become invisible) adj=200.
11-29 08:48:06.016 I/SmartPower.com.albacontrol/10217(23381)( 1829): invisible->background(1ms) R(become background) adj=200.
11-29 08:48:06.025 W/Activity(23381): PerfMonitor: Slow Operation: Activity com.albacontrol/.MainActivity onStart took 199ms
11-29 08:48:06.054 D/RecentsImpl( 3272): mActivityStateObserver com.albacontrol.MainActivity
11-29 08:48:06.055 W/RecentsImpl( 3272): onResumed className=com.albacontrol.MainActivity   mIsInAnotherPro=false   isKeyguardLocked=false   mSecuritySpaceGuideShown=false
11-29 08:48:06.063 D/TaskViewThumbnail( 3272): updateThumbnailScale, t=[TaskKey{id=332, stackId=0, baseIntent=Intent { act=android.intent.action.MAIN cat=[android.intent.category.LAUNCHER] flg=0x10200000 cmp=com.albacontrol/.MainActivity }, userId=0, lastActiveTime=166267241, windowingMode=1, isThumbnailBlur=false, isScreening=false, topActivity=ComponentInfo{com.albacontrol/com.albacontrol.MainActivity}, mHashCode=10814164}, title=AlbaControl, titleDescription=AlbaControl, bounds=null, isLaunchTarget=true, isStackTask=true, isSystemApp=false, isDockable=true, baseActivity=ComponentInfo{com.albacontrol/com.albacontrol.MainActivity}, isLocked=false, isAccessLocked=false, mNeedHide=false] , mThumbnailBitmapSizeAfterScaled=(469, 985)
11-29 08:48:06.073 I/ActivityThread(23381): Schedule relaunch activity: com.albacontrol.MainActivity
11-29 08:48:06.111 E/ActivityManagerWrapper( 3272): getRecentTasks: mainTaskId=332   userId=0   baseIntent=Intent { act=android.intent.action.MAIN flag=270532608 cmp=ComponentInfo{com.albacontrol/com.albacontrol.MainActivity} }
11-29 08:48:06.187 W/Looper  (23381): PerfMonitor looperActivity : package=com.albacontrol/.MainActivity time=1ms latency=336ms  procState=-1  historyMsgCount=41
11-29 08:48:06.190 W/Looper  (23381): PerfMonitor looperActivity : package=com.albacontrol/.MainActivity time=3ms latency=332ms  procState=-1  historyMsgCount=44
11-29 08:48:06.194 E/NotificationService( 1829): Package has already queued 5 toasts. Not showing more. Package=com.albacontrol
11-29 08:48:06.364 I/ActivityThread(23381): Schedule relaunch activity: com.albacontrol.MainActivity
11-29 08:48:06.432 E/NotificationService( 1829): Suppressing toast from package com.albacontrol by user request.
11-29 08:48:06.716 W/Activity(23381): PerfMonitor: Slow Operation: Activity com.albacontrol/.MainActivity onStart took 173ms
11-29 08:48:06.747 W/Looper  (23381): PerfMonitor looperActivity : package=com.albacontrol/.MainActivity time=13ms latency=313ms  procState=-1  historyMsgCount=58
11-29 08:48:06.765 I/ActivityThread(23381): Schedule relaunch activity: com.albacontrol.MainActivity
11-29 08:48:06.806 E/NotificationService( 1829): Suppressing toast from package com.albacontrol by user request.
11-29 08:48:06.833 D/CoreBackPreview( 1829): Window{a7cf5e3 u0 com.albacontrol/com.albacontrol.MainActivity}: Setting back callback null
11-29 08:48:06.838 W/InputManager-JNI( 1829): Input channel object 'a7cf5e3 com.albacontrol/com.albacontrol.MainActivity (client)' was disposed without first being removed with the input manager!
11-29 08:48:07.170 W/Activity(23381): PerfMonitor: Slow Operation: Activity com.albacontrol/.MainActivity onStart took 231ms
11-29 08:48:07.199 D/CoreBackPreview( 1829): Window{91ea1a4 u0 com.albacontrol/com.albacontrol.MainActivity}: Setting back callback OnBackInvokedCallbackInfo{mCallback=android.window.IOnBackInvokedCallback$Stub$Proxy@574e0d3, mPriority=0}
11-29 08:48:07.264 E/NotificationService( 1829): Suppressing toast from package com.albacontrol by user request.
11-29 08:48:07.270 I/ActivityTaskManager( 1829): Activity reported stop, but no longer stopping: ActivityRecord{2c67e0a u0 com.albacontrol/.MainActivity} t332} STOPPED
11-29 08:48:07.302 D/RecentsContainer( 3272): removeTask: [TaskKey{id=332, stackId=0, baseIntent=Intent { act=android.intent.action.MAIN cat=[android.intent.category.LAUNCHER] flg=0x10200000 cmp=com.albacontrol/.MainActivity }, userId=0, lastActiveTime=166267241, windowingMode=1, isThumbnailBlur=false, isScreening=false, topActivity=ComponentInfo{com.albacontrol/com.albacontrol.MainActivity}, mHashCode=10814164}, title=AlbaControl, titleDescription=AlbaControl, bounds=null, isLaunchTarget=true, isStackTask=true, isSystemApp=false, isDockable=true, baseActivity=ComponentInfo{com.albacontrol/com.albacontrol.MainActivity}, isLocked=false, isAccessLocked=false, mNeedHide=false] 
11-29 08:48:07.306 D/WindowProcessUtils( 1829): remove task: Task{ea6e67b #332 type=standard A=10217:com.albacontrol U=0 visible=false visibleRequested=false mode=fullscreen translucent=true sz=1}
11-29 08:48:07.312 I/ProcessSceneCleaner( 1829): SwipeUpClean: kill procName=com.albacontrol info=AS:90018
11-29 08:48:07.313 I/ActivityManager( 1829): Killing 23381:com.albacontrol/u0a217 (adj 900): SwipeUpClean
11-29 08:48:07.783 I/WindowManager( 1829): WIN DEATH: Window{91ea1a4 u0 com.albacontrol/com.albacontrol.MainActivity}
11-29 08:48:07.783 W/InputManager-JNI( 1829): Input channel object '91ea1a4 com.albacontrol/com.albacontrol.MainActivity (client)' was disposed without first being removed with the input manager!
11-29 08:48:07.821 W/UsageStatsService( 1829): Unexpected activity event reported! (com.albacontrol/com.albacontrol.MainActivity event : 23 instanceId : 90950808)
11-29 08:48:08.500 W/NotificationService( 1829): Toast already killed. pkg=com.albacontrol token=android.os.BinderProxy@fe3941d
11-29 08:48:08.510 W/ToastPresenter( 3215): Error calling back com.albacontrol to notify onToastHide()
11-29 08:48:08.535 W/ToastPresenter( 3215): Error calling back com.albacontrol to notify onToastShow()
11-29 08:48:11.121 W/NotificationService( 1829): Toast already killed. pkg=com.albacontrol token=android.os.BinderProxy@bd35ac0
11-29 08:48:11.123 W/ToastPresenter( 3215): Error calling back com.albacontrol to notify onToastHide()
11-29 08:48:11.167 W/ToastPresenter( 3215): Error calling back com.albacontrol to notify onToastShow()
