E/NotificationService( 1829): Package has already queued 5 toasts. Not showing more. Package=com.albacontrol
D/RecentsImpl( 3272): mActivityStateObserver com.albacontrol.MainActivity
W/RecentsImpl( 3272): onResumed className=com.albacontrol.MainActivity   mIsInAnotherPro=false   isKeyguardLocked=false   mSecuritySpaceGuideShown=false
I/ActivityThread(23381): Schedule relaunch activity: com.albacontrol.MainActivity
E/NotificationService( 1829): Package has already queued 5 toasts. Not showing more. Package=com.albacontrol
D/RecentsImpl( 3272): mActivityStateObserver com.albacontrol.MainActivity
W/RecentsImpl( 3272): onResumed className=com.albacontrol.MainActivity   mIsInAnotherPro=false   isKeyguardLocked=false   mSecuritySpaceGuideShown=false
I/ActivityThread(23381): Schedule relaunch activity: com.albacontrol.MainActivity
E/NotificationService( 1829): Package has already queued 5 toasts. Not showing more. Package=com.albacontrol
D/RecentsImpl( 3272): mActivityStateObserver com.albacontrol.MainActivity
W/RecentsImpl( 3272): onResumed className=com.albacontrol.MainActivity   mIsInAnotherPro=false   isKeyguardLocked=false   mSecuritySpaceGuideShown=false
I/ActivityThread(23381): Schedule relaunch activity: com.albacontrol.MainActivity
E/NotificationService( 1829): Package has already queued 5 toasts. Not showing more. Package=com.albacontrol
D/RecentsImpl( 3272): mActivityStateObserver com.albacontrol.MainActivity
W/RecentsImpl( 3272): onResumed className=com.albacontrol.MainActivity   mIsInAnotherPro=false   isKeyguardLocked=false   mSecuritySpaceGuideShown=false
I/ActivityThread(23381): Schedule relaunch activity: com.albacontrol.MainActivity
E/NotificationService( 1829): Package has already queued 5 toasts. Not showing more. Package=com.albacontrol
D/RecentsImpl( 3272): mActivityStateObserver com.albacontrol.MainActivity
W/RecentsImpl( 3272): onResumed className=com.albacontrol.MainActivity   mIsInAnotherPro=false   isKeyguardLocked=false   mSecuritySpaceGuideShown=false
I/ActivityThread(23381): Schedule relaunch activity: com.albacontrol.MainActivity
E/NotificationService( 1829): Package has already queued 5 toasts. Not showing more. Package=com.albacontrol
D/RecentsImpl( 3272): mActivityStateObserver com.albacontrol.MainActivity
W/RecentsImpl( 3272): onResumed className=com.albacontrol.MainActivity   mIsInAnotherPro=false   isKeyguardLocked=false   mSecuritySpaceGuideShown=false
I/ActivityThread(23381): Schedule relaunch activity: com.albacontrol.MainActivity
E/NotificationService( 1829): Package has already queued 5 toasts. Not showing more. Package=com.albacontrol
D/RecentsImpl( 3272): mActivityStateObserver com.albacontrol.MainActivity
W/RecentsImpl( 3272): onResumed className=com.albacontrol.MainActivity   mIsInAnotherPro=false   isKeyguardLocked=false   mSecuritySpaceGuideShown=false
I/ActivityThread(23381): Schedule relaunch activity: com.albacontrol.MainActivity
E/NotificationService( 1829): Package has already queued 5 toasts. Not showing more. Package=com.albacontrol
D/RecentsImpl( 3272): mActivityStateObserver com.albacontrol.MainActivity
W/RecentsImpl( 3272): onResumed className=com.albacontrol.MainActivity   mIsInAnotherPro=false   isKeyguardLocked=false   mSecuritySpaceGuideShown=false
I/ActivityThread(23381): Schedule relaunch activity: com.albacontrol.MainActivity
E/NotificationService( 1829): Package has already queued 5 toasts. Not showing more. Package=com.albacontrol
D/RecentsImpl( 3272): mActivityStateObserver com.albacontrol.MainActivity
W/RecentsImpl( 3272): onResumed className=com.albacontrol.MainActivity   mIsInAnotherPro=false   isKeyguardLocked=false   mSecuritySpaceGuideShown=false
I/ActivityThread(23381): Schedule relaunch activity: com.albacontrol.MainActivity
E/NotificationService( 1829): Package has already queued 5 toasts. Not showing more. Package=com.albacontrol
D/RecentsImpl( 3272): mActivityStateObserver com.albacontrol.MainActivity
W/RecentsImpl( 3272): onResumed className=com.albacontrol.MainActivity   mIsInAnotherPro=false   isKeyguardLocked=false   mSecuritySpaceGuideShown=false
I/ActivityThread(23381): Schedule relaunch activity: com.albacontrol.MainActivity
E/NotificationService( 1829): Package has already queued 5 toasts. Not showing more. Package=com.albacontrol
D/RecentsImpl( 3272): mActivityStateObserver com.albacontrol.MainActivity
W/RecentsImpl( 3272): onResumed className=com.albacontrol.MainActivity   mIsInAnotherPro=false   isKeyguardLocked=false   mSecuritySpaceGuideShown=false
I/ActivityThread(23381): Schedule relaunch activity: com.albacontrol.MainActivity
D/RecentsImpl( 3272): mActivityStateObserver com.albacontrol.MainActivity
W/RecentsImpl( 3272): onResumed className=com.albacontrol.MainActivity   mIsInAnotherPro=false   isKeyguardLocked=false   mSecuritySpaceGuideShown=false
I/ActivityThread(23381): Schedule relaunch activity: com.albacontrol.MainActivity
E/NotificationService( 1829): Package has already queued 5 toasts. Not showing more. Package=com.albacontrol
D/RecentsImpl( 3272): mActivityStateObserver com.albacontrol.MainActivity
W/RecentsImpl( 3272): onResumed className=com.albacontrol.MainActivity   mIsInAnotherPro=false   isKeyguardLocked=false   mSecuritySpaceGuideShown=false
I/ActivityThread(23381): Schedule relaunch activity: com.albacontrol.MainActivity
E/NotificationService( 1829): Package has already queued 5 toasts. Not showing more. Package=com.albacontrol
W/NotificationService( 1829): Toast already killed. pkg=com.albacontrol token=android.os.BinderProxy@a5583d2
D/RecentsImpl( 3272): mActivityStateObserver com.albacontrol.MainActivity
W/RecentsImpl( 3272): onResumed className=com.albacontrol.MainActivity   mIsInAnotherPro=false   isKeyguardLocked=false   mSecuritySpaceGuideShown=false
I/ActivityThread(23381): Schedule relaunch activity: com.albacontrol.MainActivity
E/NotificationService( 1829): Package has already queued 5 toasts. Not showing more. Package=com.albacontrol
D/RecentsImpl( 3272): mActivityStateObserver com.albacontrol.MainActivity
W/RecentsImpl( 3272): onResumed className=com.albacontrol.MainActivity   mIsInAnotherPro=false   isKeyguardLocked=false   mSecuritySpaceGuideShown=false
I/ActivityThread(23381): Schedule relaunch activity: com.albacontrol.MainActivity
E/NotificationService( 1829): Package has already queued 5 toasts. Not showing more. Package=com.albacontrol
D/RecentsImpl( 3272): mActivityStateObserver com.albacontrol.MainActivity
W/RecentsImpl( 3272): onResumed className=com.albacontrol.MainActivity   mIsInAnotherPro=false   isKeyguardLocked=false   mSecuritySpaceGuideShown=false
I/ActivityThread(23381): Schedule relaunch activity: com.albacontrol.MainActivity
E/NotificationService( 1829): Package has already queued 5 toasts. Not showing more. Package=com.albacontrol
D/RecentsImpl( 3272): mActivityStateObserver com.albacontrol.MainActivity
W/RecentsImpl( 3272): onResumed className=com.albacontrol.MainActivity   mIsInAnotherPro=false   isKeyguardLocked=false   mSecuritySpaceGuideShown=false
I/ActivityThread(23381): Schedule relaunch activity: com.albacontrol.MainActivity
E/NotificationService( 1829): Package has already queued 5 toasts. Not showing more. Package=com.albacontrol
D/RecentsImpl( 3272): mActivityStateObserver com.albacontrol.MainActivity
W/RecentsImpl( 3272): onResumed className=com.albacontrol.MainActivity   mIsInAnotherPro=false   isKeyguardLocked=false   mSecuritySpaceGuideShown=false
I/ActivityThread(23381): Schedule relaunch activity: com.albacontrol.MainActivity
E/NotificationService( 1829): Package has already queued 5 toasts. Not showing more. Package=com.albacontrol
D/RecentsImpl( 3272): mActivityStateObserver com.albacontrol.MainActivity
W/RecentsImpl( 3272): onResumed className=com.albacontrol.MainActivity   mIsInAnotherPro=false   isKeyguardLocked=false   mSecuritySpaceGuideShown=false
I/ActivityThread(23381): Schedule relaunch activity: com.albacontrol.MainActivity
E/NotificationService( 1829): Package has already queued 5 toasts. Not showing more. Package=com.albacontrol
D/RecentsImpl( 3272): mActivityStateObserver com.albacontrol.MainActivity
W/RecentsImpl( 3272): onResumed className=com.albacontrol.MainActivity   mIsInAnotherPro=false   isKeyguardLocked=false   mSecuritySpaceGuideShown=false
I/ActivityThread(23381): Schedule relaunch activity: com.albacontrol.MainActivity
E/NotificationService( 1829): Package has already queued 5 toasts. Not showing more. Package=com.albacontrol
D/RecentsImpl( 3272): mActivityStateObserver com.albacontrol.MainActivity
W/RecentsImpl( 3272): onResumed className=com.albacontrol.MainActivity   mIsInAnotherPro=false   isKeyguardLocked=false   mSecuritySpaceGuideShown=false
I/ActivityThread(23381): Schedule relaunch activity: com.albacontrol.MainActivity
W/com.albacontrol(23381): Cleared Reference was only reachable from finalizer (only reported once)
E/NotificationService( 1829): Package has already queued 5 toasts. Not showing more. Package=com.albacontrol
D/RecentsImpl( 3272): mActivityStateObserver com.albacontrol.MainActivity
W/RecentsImpl( 3272): onResumed className=com.albacontrol.MainActivity   mIsInAnotherPro=false   isKeyguardLocked=false   mSecuritySpaceGuideShown=false
I/ActivityThread(23381): Schedule relaunch activity: com.albacontrol.MainActivity
E/NotificationService( 1829): Package has already queued 5 toasts. Not showing more. Package=com.albacontrol
D/RecentsImpl( 3272): mActivityStateObserver com.albacontrol.MainActivity
W/RecentsImpl( 3272): onResumed className=com.albacontrol.MainActivity   mIsInAnotherPro=false   isKeyguardLocked=false   mSecuritySpaceGuideShown=false
I/ActivityThread(23381): Schedule relaunch activity: com.albacontrol.MainActivity
E/NotificationService( 1829): Package has already queued 5 toasts. Not showing more. Package=com.albacontrol
D/RecentsImpl( 3272): mActivityStateObserver com.albacontrol.MainActivity
W/RecentsImpl( 3272): onResumed className=com.albacontrol.MainActivity   mIsInAnotherPro=false   isKeyguardLocked=false   mSecuritySpaceGuideShown=false
I/ActivityThread(23381): Schedule relaunch activity: com.albacontrol.MainActivity
E/NotificationService( 1829): Package has already queued 5 toasts. Not showing more. Package=com.albacontrol
D/RecentsImpl( 3272): mActivityStateObserver com.albacontrol.MainActivity
W/RecentsImpl( 3272): onResumed className=com.albacontrol.MainActivity   mIsInAnotherPro=false   isKeyguardLocked=false   mSecuritySpaceGuideShown=false
I/ActivityThread(23381): Schedule relaunch activity: com.albacontrol.MainActivity
E/NotificationService( 1829): Package has already queued 5 toasts. Not showing more. Package=com.albacontrol
D/RecentsImpl( 3272): mActivityStateObserver com.albacontrol.MainActivity
W/RecentsImpl( 3272): onResumed className=com.albacontrol.MainActivity   mIsInAnotherPro=false   isKeyguardLocked=false   mSecuritySpaceGuideShown=false
I/ActivityThread(23381): Schedule relaunch activity: com.albacontrol.MainActivity
E/NotificationService( 1829): Package has already queued 5 toasts. Not showing more. Package=com.albacontrol
D/RecentsImpl( 3272): mActivityStateObserver com.albacontrol.MainActivity
W/RecentsImpl( 3272): onResumed className=com.albacontrol.MainActivity   mIsInAnotherPro=false   isKeyguardLocked=false   mSecuritySpaceGuideShown=false
I/ActivityThread(23381): Schedule relaunch activity: com.albacontrol.MainActivity
E/NotificationService( 1829): Package has already queued 5 toasts. Not showing more. Package=com.albacontrol
D/RecentsImpl( 3272): mActivityStateObserver com.albacontrol.MainActivity
W/RecentsImpl( 3272): onResumed className=com.albacontrol.MainActivity   mIsInAnotherPro=false   isKeyguardLocked=false   mSecuritySpaceGuideShown=false
I/ActivityThread(23381): Schedule relaunch activity: com.albacontrol.MainActivity
E/NotificationService( 1829): Package has already queued 5 toasts. Not showing more. Package=com.albacontrol
D/RecentsImpl( 3272): mActivityStateObserver com.albacontrol.MainActivity
W/RecentsImpl( 3272): onResumed className=com.albacontrol.MainActivity   mIsInAnotherPro=false   isKeyguardLocked=false   mSecuritySpaceGuideShown=false
I/ActivityThread(23381): Schedule relaunch activity: com.albacontrol.MainActivity
E/NotificationService( 1829): Package has already queued 5 toasts. Not showing more. Package=com.albacontrol
D/RecentsImpl( 3272): mActivityStateObserver com.albacontrol.MainActivity
W/RecentsImpl( 3272): onResumed className=com.albacontrol.MainActivity   mIsInAnotherPro=false   isKeyguardLocked=false   mSecuritySpaceGuideShown=false
I/ActivityThread(23381): Schedule relaunch activity: com.albacontrol.MainActivity
E/NotificationService( 1829): Package has already queued 5 toasts. Not showing more. Package=com.albacontrol
D/RecentsImpl( 3272): mActivityStateObserver com.albacontrol.MainActivity
W/RecentsImpl( 3272): onResumed className=com.albacontrol.MainActivity   mIsInAnotherPro=false   isKeyguardLocked=false   mSecuritySpaceGuideShown=false
I/ActivityThread(23381): Schedule relaunch activity: com.albacontrol.MainActivity
E/NotificationService( 1829): Package has already queued 5 toasts. Not showing more. Package=com.albacontrol
D/RecentsImpl( 3272): mActivityStateObserver com.albacontrol.MainActivity
W/RecentsImpl( 3272): onResumed className=com.albacontrol.MainActivity   mIsInAnotherPro=false   isKeyguardLocked=false   mSecuritySpaceGuideShown=false
I/ActivityThread(23381): Schedule relaunch activity: com.albacontrol.MainActivity
E/NotificationService( 1829): Package has already queued 5 toasts. Not showing more. Package=com.albacontrol
D/RecentsImpl( 3272): mActivityStateObserver com.albacontrol.MainActivity
W/RecentsImpl( 3272): onResumed className=com.albacontrol.MainActivity   mIsInAnotherPro=false   isKeyguardLocked=false   mSecuritySpaceGuideShown=false
I/ActivityThread(23381): Schedule relaunch activity: com.albacontrol.MainActivity
D/RecentsImpl( 3272): mActivityStateObserver com.albacontrol.MainActivity
W/RecentsImpl( 3272): onResumed className=com.albacontrol.MainActivity   mIsInAnotherPro=false   isKeyguardLocked=false   mSecuritySpaceGuideShown=false
I/ActivityThread(23381): Schedule relaunch activity: com.albacontrol.MainActivity
W/RecentsModel( 3272): getRunningTask   taskInfo=TaskInfo{userId=0 taskId=332 displayId=0 isRunning=true baseIntent=Intent { act=android.intent.action.MAIN cat=[android.intent.category.LAUNCHER] flg=0x10200000 cmp=com.albacontrol/.MainActivity } baseActivity=ComponentInfo{com.albacontrol/com.albacontrol.MainActivity} topActivity=ComponentInfo{com.albacontrol/com.albacontrol.MainActivity} origActivity=null realActivity=ComponentInfo{com.albacontrol/com.albacontrol.MainActivity} numActivities=1 lastActiveTime=166277633 supportsSplitScreenMultiWindow=true supportsMultiWindow=true resizeMode=1 isResizeable=true minWidth=-1 minHeight=-1 defaultMinSize=200 token=WCT{android.window.IWindowContainerToken$Stub$Proxy@41f30e1} topActivityType=1 pictureInPictureParams=null shouldDockBigOverlays=false launchIntoPipHostTaskId=0 displayCutoutSafeInsets=Rect(0, 93 - 0, 0) topActivityInfo=ActivityInfo{1328e06 com.albacontrol.MainActivity} launchCookies=[] positionInParent=Point(0, 0) parentTaskId=-1 isFocused=true isVisible=true isSleeping=false topActivityInSizeCompat=false topActivityInMiuiSizeCompat=false topActivityEligibleForLetterboxEducation= false locusId=null displayAreaFeatureId=1 cameraCompatControlState=hidden mIsCastMode=false}
W/RecentsModel( 3272): getTaskInfoIgnoreHomeAndFreeform   taskInfo=ComponentInfo{com.albacontrol/com.albacontrol.MainActivity}
E/NotificationService( 1829): Package has already queued 5 toasts. Not showing more. Package=com.albacontrol
D/TaskView( 3272): TaskView bind task, task=[TaskKey{id=332, stackId=0, baseIntent=Intent { act=android.intent.action.MAIN cat=[android.intent.category.LAUNCHER] flg=0x10200000 cmp=com.albacontrol/.MainActivity }, userId=0, lastActiveTime=166267241, windowingMode=1, isThumbnailBlur=false, isScreening=false, topActivity=ComponentInfo{com.albacontrol/com.albacontrol.MainActivity}, mHashCode=10814164}, title=AlbaControl, titleDescription=AlbaControl, bounds=null, isLaunchTarget=true, isStackTask=true, isSystemApp=false, isDockable=true, baseActivity=ComponentInfo{com.albacontrol/com.albacontrol.MainActivity}, isLocked=false, isAccessLocked=false, mNeedHide=false] , isLock=false
D/TaskViewThumbnail( 3272): updateThumbnailScale, t=[TaskKey{id=332, stackId=0, baseIntent=Intent { act=android.intent.action.MAIN cat=[android.intent.category.LAUNCHER] flg=0x10200000 cmp=com.albacontrol/.MainActivity }, userId=0, lastActiveTime=166267241, windowingMode=1, isThumbnailBlur=false, isScreening=false, topActivity=ComponentInfo{com.albacontrol/com.albacontrol.MainActivity}, mHashCode=10814164}, title=AlbaControl, titleDescription=AlbaControl, bounds=null, isLaunchTarget=true, isStackTask=true, isSystemApp=false, isDockable=true, baseActivity=ComponentInfo{com.albacontrol/com.albacontrol.MainActivity}, isLocked=false, isAccessLocked=false, mNeedHide=false] , mThumbnailBitmapSizeAfterScaled=(469, 985)
D/TaskView( 3272): TaskView bind task, task=[TaskKey{id=332, stackId=0, baseIntent=Intent { act=android.intent.action.MAIN cat=[android.intent.category.LAUNCHER] flg=0x10200000 cmp=com.albacontrol/.MainActivity }, userId=0, lastActiveTime=166267241, windowingMode=1, isThumbnailBlur=false, isScreening=false, topActivity=ComponentInfo{com.albacontrol/com.albacontrol.MainActivity}, mHashCode=10814164}, title=AlbaControl, titleDescription=AlbaControl, bounds=null, isLaunchTarget=true, isStackTask=true, isSystemApp=false, isDockable=true, baseActivity=ComponentInfo{com.albacontrol/com.albacontrol.MainActivity}, isLocked=false, isAccessLocked=false, mNeedHide=false] , isLock=false
D/TaskViewThumbnail( 3272): updateThumbnailScale, t=[TaskKey{id=332, stackId=0, baseIntent=Intent { act=android.intent.action.MAIN cat=[android.intent.category.LAUNCHER] flg=0x10200000 cmp=com.albacontrol/.MainActivity }, userId=0, lastActiveTime=166267241, windowingMode=1, isThumbnailBlur=false, isScreening=false, topActivity=ComponentInfo{com.albacontrol/com.albacontrol.MainActivity}, mHashCode=10814164}, title=AlbaControl, titleDescription=AlbaControl, bounds=null, isLaunchTarget=true, isStackTask=true, isSystemApp=false, isDockable=true, baseActivity=ComponentInfo{com.albacontrol/com.albacontrol.MainActivity}, isLocked=false, isAccessLocked=false, mNeedHide=false] , mThumbnailBitmapSizeAfterScaled=(469, 985)
D/TaskView( 3272): TaskView bind task, task=[TaskKey{id=332, stackId=0, baseIntent=Intent { act=android.intent.action.MAIN cat=[android.intent.category.LAUNCHER] flg=0x10200000 cmp=com.albacontrol/.MainActivity }, userId=0, lastActiveTime=166267241, windowingMode=1, isThumbnailBlur=false, isScreening=false, topActivity=ComponentInfo{com.albacontrol/com.albacontrol.MainActivity}, mHashCode=10814164}, title=AlbaControl, titleDescription=AlbaControl, bounds=null, isLaunchTarget=true, isStackTask=true, isSystemApp=false, isDockable=true, baseActivity=ComponentInfo{com.albacontrol/com.albacontrol.MainActivity}, isLocked=false, isAccessLocked=false, mNeedHide=false] , isLock=false
D/TaskViewThumbnail( 3272): updateThumbnailScale, t=[TaskKey{id=332, stackId=0, baseIntent=Intent { act=android.intent.action.MAIN cat=[android.intent.category.LAUNCHER] flg=0x10200000 cmp=com.albacontrol/.MainActivity }, userId=0, lastActiveTime=166267241, windowingMode=1, isThumbnailBlur=false, isScreening=false, topActivity=ComponentInfo{com.albacontrol/com.albacontrol.MainActivity}, mHashCode=10814164}, title=AlbaControl, titleDescription=AlbaControl, bounds=null, isLaunchTarget=true, isStackTask=true, isSystemApp=false, isDockable=true, baseActivity=ComponentInfo{com.albacontrol/com.albacontrol.MainActivity}, isLocked=false, isAccessLocked=false, mNeedHide=false] , mThumbnailBitmapSizeAfterScaled=(469, 985)
D/PerfEngineController( 7490): ForegroundInfo{mForegroundPackageName='com.miui.home', mForegroundUid=10103, mForegroundPid=3272, mLastForegroundPackageName='com.albacontrol', mLastForegroundUid=10217, mLastForegroundPid=23381, mMultiWindowForegroundPackageName='com.miui.home', mMultiWindowForegroundUid=10103, mFlags=0}
I/GST     (11799): forePkg: com.miui.home, preForePkg: com.albacontrol
I/ProcessMonitor( 5615): onForegroundInfoChanged: ForegroundInfo{mForegroundPackageName='com.miui.home', mForegroundUid=10103, mForegroundPid=3272, mLastForegroundPackageName='com.albacontrol', mLastForegroundUid=10217, mLastForegroundPid=23381, mMultiWindowForegroundPackageName='com.miui.home', mMultiWindowForegroundUid=10103, mFlags=0}
D/A2dpLatencyMode(16692): ForegroundInfo{mForegroundPackageName='com.miui.home', mForegroundUid=10103, mForegroundPid=3272, mLastForegroundPackageName='com.albacontrol', mLastForegroundUid=10217, mLastForegroundPid=23381, mMultiWindowForegroundPackageName='com.miui.home', mMultiWindowForegroundUid=10103, mFlags=0}
D/AppObserver( 3272): ForegroundInfo{mForegroundPackageName='com.miui.home', mForegroundUid=10103, mForegroundPid=3272, mLastForegroundPackageName='com.albacontrol', mLastForegroundUid=10217, mLastForegroundPid=23381, mMultiWindowForegroundPackageName='com.miui.home', mMultiWindowForegroundUid=10103, mFlags=0}
W/NotificationService( 1829): Toast already killed. pkg=com.albacontrol token=android.os.BinderProxy@8b4f77c
D/TaskView( 3272): TaskView bind task, task=[TaskKey{id=332, stackId=0, baseIntent=Intent { act=android.intent.action.MAIN cat=[android.intent.category.LAUNCHER] flg=0x10200000 cmp=com.albacontrol/.MainActivity }, userId=0, lastActiveTime=166267241, windowingMode=1, isThumbnailBlur=false, isScreening=false, topActivity=ComponentInfo{com.albacontrol/com.albacontrol.MainActivity}, mHashCode=10814164}, title=AlbaControl, titleDescription=AlbaControl, bounds=null, isLaunchTarget=true, isStackTask=true, isSystemApp=false, isDockable=true, baseActivity=ComponentInfo{com.albacontrol/com.albacontrol.MainActivity}, isLocked=false, isAccessLocked=false, mNeedHide=false] , isLock=false
D/TaskViewThumbnail( 3272): updateThumbnailScale, t=[TaskKey{id=332, stackId=0, baseIntent=Intent { act=android.intent.action.MAIN cat=[android.intent.category.LAUNCHER] flg=0x10200000 cmp=com.albacontrol/.MainActivity }, userId=0, lastActiveTime=166267241, windowingMode=1, isThumbnailBlur=false, isScreening=false, topActivity=ComponentInfo{com.albacontrol/com.albacontrol.MainActivity}, mHashCode=10814164}, title=AlbaControl, titleDescription=AlbaControl, bounds=null, isLaunchTarget=true, isStackTask=true, isSystemApp=false, isDockable=true, baseActivity=ComponentInfo{com.albacontrol/com.albacontrol.MainActivity}, isLocked=false, isAccessLocked=false, mNeedHide=false] , mThumbnailBitmapSizeAfterScaled=(469, 985)
D/TaskViewThumbnail( 3272): updateThumbnailScale, t=[TaskKey{id=332, stackId=0, baseIntent=Intent { act=android.intent.action.MAIN cat=[android.intent.category.LAUNCHER] flg=0x10200000 cmp=com.albacontrol/.MainActivity }, userId=0, lastActiveTime=166267241, windowingMode=1, isThumbnailBlur=false, isScreening=false, topActivity=ComponentInfo{com.albacontrol/com.albacontrol.MainActivity}, mHashCode=10814164}, title=AlbaControl, titleDescription=AlbaControl, bounds=null, isLaunchTarget=true, isStackTask=true, isSystemApp=false, isDockable=true, baseActivity=ComponentInfo{com.albacontrol/com.albacontrol.MainActivity}, isLocked=false, isAccessLocked=false, mNeedHide=false] , mThumbnailBitmapSizeAfterScaled=(469, 985)
E/ActivityManagerWrapper( 3272): getRecentTasks: mainTaskId=332   userId=0   baseIntent=Intent { act=android.intent.action.MAIN flag=270532608 cmp=ComponentInfo{com.albacontrol/com.albacontrol.MainActivity} }
I/SmartPower.com.albacontrol/10217(23381)( 1829): visible->invisible(15427ms) R(become invisible) adj=200.
I/SmartPower.com.albacontrol/10217(23381)( 1829): invisible->background(1ms) R(become background) adj=200.
W/Activity(23381): PerfMonitor: Slow Operation: Activity com.albacontrol/.MainActivity onStart took 199ms
D/RecentsImpl( 3272): mActivityStateObserver com.albacontrol.MainActivity
W/RecentsImpl( 3272): onResumed className=com.albacontrol.MainActivity   mIsInAnotherPro=false   isKeyguardLocked=false   mSecuritySpaceGuideShown=false
D/TaskViewThumbnail( 3272): updateThumbnailScale, t=[TaskKey{id=332, stackId=0, baseIntent=Intent { act=android.intent.action.MAIN cat=[android.intent.category.LAUNCHER] flg=0x10200000 cmp=com.albacontrol/.MainActivity }, userId=0, lastActiveTime=166267241, windowingMode=1, isThumbnailBlur=false, isScreening=false, topActivity=ComponentInfo{com.albacontrol/com.albacontrol.MainActivity}, mHashCode=10814164}, title=AlbaControl, titleDescription=AlbaControl, bounds=null, isLaunchTarget=true, isStackTask=true, isSystemApp=false, isDockable=true, baseActivity=ComponentInfo{com.albacontrol/com.albacontrol.MainActivity}, isLocked=false, isAccessLocked=false, mNeedHide=false] , mThumbnailBitmapSizeAfterScaled=(469, 985)
I/ActivityThread(23381): Schedule relaunch activity: com.albacontrol.MainActivity
E/ActivityManagerWrapper( 3272): getRecentTasks: mainTaskId=332   userId=0   baseIntent=Intent { act=android.intent.action.MAIN flag=270532608 cmp=ComponentInfo{com.albacontrol/com.albacontrol.MainActivity} }
W/Looper  (23381): PerfMonitor looperActivity : package=com.albacontrol/.MainActivity time=1ms latency=336ms  procState=-1  historyMsgCount=41
W/Looper  (23381): PerfMonitor looperActivity : package=com.albacontrol/.MainActivity time=3ms latency=332ms  procState=-1  historyMsgCount=44
E/NotificationService( 1829): Package has already queued 5 toasts. Not showing more. Package=com.albacontrol
I/ActivityThread(23381): Schedule relaunch activity: com.albacontrol.MainActivity
E/NotificationService( 1829): Suppressing toast from package com.albacontrol by user request.
W/Activity(23381): PerfMonitor: Slow Operation: Activity com.albacontrol/.MainActivity onStart took 173ms
W/Looper  (23381): PerfMonitor looperActivity : package=com.albacontrol/.MainActivity time=13ms latency=313ms  procState=-1  historyMsgCount=58
I/ActivityThread(23381): Schedule relaunch activity: com.albacontrol.MainActivity
E/NotificationService( 1829): Suppressing toast from package com.albacontrol by user request.
D/CoreBackPreview( 1829): Window{a7cf5e3 u0 com.albacontrol/com.albacontrol.MainActivity}: Setting back callback null
W/InputManager-JNI( 1829): Input channel object 'a7cf5e3 com.albacontrol/com.albacontrol.MainActivity (client)' was disposed without first being removed with the input manager!
W/Activity(23381): PerfMonitor: Slow Operation: Activity com.albacontrol/.MainActivity onStart took 231ms
D/CoreBackPreview( 1829): Window{91ea1a4 u0 com.albacontrol/com.albacontrol.MainActivity}: Setting back callback OnBackInvokedCallbackInfo{mCallback=android.window.IOnBackInvokedCallback$Stub$Proxy@574e0d3, mPriority=0}
E/NotificationService( 1829): Suppressing toast from package com.albacontrol by user request.
I/ActivityTaskManager( 1829): Activity reported stop, but no longer stopping: ActivityRecord{2c67e0a u0 com.albacontrol/.MainActivity} t332} STOPPED
D/RecentsContainer( 3272): removeTask: [TaskKey{id=332, stackId=0, baseIntent=Intent { act=android.intent.action.MAIN cat=[android.intent.category.LAUNCHER] flg=0x10200000 cmp=com.albacontrol/.MainActivity }, userId=0, lastActiveTime=166267241, windowingMode=1, isThumbnailBlur=false, isScreening=false, topActivity=ComponentInfo{com.albacontrol/com.albacontrol.MainActivity}, mHashCode=10814164}, title=AlbaControl, titleDescription=AlbaControl, bounds=null, isLaunchTarget=true, isStackTask=true, isSystemApp=false, isDockable=true, baseActivity=ComponentInfo{com.albacontrol/com.albacontrol.MainActivity}, isLocked=false, isAccessLocked=false, mNeedHide=false] 
D/WindowProcessUtils( 1829): remove task: Task{ea6e67b #332 type=standard A=10217:com.albacontrol U=0 visible=false visibleRequested=false mode=fullscreen translucent=true sz=1}
I/ProcessSceneCleaner( 1829): SwipeUpClean: kill procName=com.albacontrol info=AS:90018
I/ActivityManager( 1829): Killing 23381:com.albacontrol/u0a217 (adj 900): SwipeUpClean
I/WindowManager( 1829): WIN DEATH: Window{91ea1a4 u0 com.albacontrol/com.albacontrol.MainActivity}
W/InputManager-JNI( 1829): Input channel object '91ea1a4 com.albacontrol/com.albacontrol.MainActivity (client)' was disposed without first being removed with the input manager!
W/UsageStatsService( 1829): Unexpected activity event reported! (com.albacontrol/com.albacontrol.MainActivity event : 23 instanceId : 90950808)
W/NotificationService( 1829): Toast already killed. pkg=com.albacontrol token=android.os.BinderProxy@fe3941d
W/ToastPresenter( 3215): Error calling back com.albacontrol to notify onToastHide()
W/ToastPresenter( 3215): Error calling back com.albacontrol to notify onToastShow()
W/NotificationService( 1829): Toast already killed. pkg=com.albacontrol token=android.os.BinderProxy@bd35ac0
W/ToastPresenter( 3215): Error calling back com.albacontrol to notify onToastHide()
W/ToastPresenter( 3215): Error calling back com.albacontrol to notify onToastShow()
