--------- beginning of system
12-03 16:51:46.260 21904 21904 I ForceDarkHelperStubImpl: setViewRootImplForceDark: false for com.albacontrol.MainActivity@13aa5e6, reason: AppDarkModeEnable
12-03 16:51:46.269 21904 21904 W Looper  : PerfMonitor looperActivity : package=com.albacontrol/.MainActivity time=271ms latency=333ms  procState=-1  historyMsgCount=1
12-03 16:51:46.270 21904 21904 W Looper  : PerfMonitor looperActivity : package=com.albacontrol/.MainActivity time=0ms latency=603ms  procState=-1  historyMsgCount=2
12-03 16:51:46.271 21904 21904 D FramePredict: FramePredict init: false
12-03 16:51:49.665 21904 21904 W MiuiMagicPointerUtilsStubHeadImpl: MiuiMagicPointerUtilsStubHeadImpl has been initialized !!
--------- beginning of main
12-03 16:56:25.269 21904 21904 D IS_CTS_MODE: false
12-03 16:56:25.269 21904 21904 D MULTI_WINDOW_ENABLED: false
12-03 16:56:25.273 21904 21904 D DecorView[]: getWindowModeFromSystem  windowmode is 1
12-03 16:56:25.290 21904 21904 D ScrollerOptimizationManager: registerConfigChangedListener
12-03 16:56:25.321 21904 21904 I ForceDarkHelperStubImpl: setViewRootImplForceDark: false for com.albacontrol.MainActivity@a5f21a2, reason: AppDarkModeEnable
12-03 16:56:25.365 21904 21904 D VRI[MainActivity]: vri.reportNextDraw android.view.ViewRootImpl.performTraversals:4013 android.view.ViewRootImpl.doTraversal:2725 android.view.ViewRootImpl$TraversalRunnable.run:9812 android.view.Choreographer$CallbackRecord.run:1505 android.view.Choreographer$CallbackRecord.run:1513 
12-03 16:56:25.365 21904 21904 D VRI[MainActivity]: vri.Setup new sync id=0 syncSeqId=0
12-03 16:56:25.385 21904 21953 E perf_hint: Session creation failed, mPreferredRateNanos: -1
12-03 16:56:25.386 21904 21904 D VRI[MainActivity]: vri.reportDrawFinished syncSeqId=0 android.view.ViewRootImpl.lambda$createSyncIfNeeded$4$android-view-ViewRootImpl:4081 android.view.ViewRootImpl$$ExternalSyntheticLambda2.run:6 android.os.Handler.handleCallback:942 android.os.Handler.dispatchMessage:99 android.os.Looper.loopOnce:211 
12-03 16:56:25.447 21904 21904 D DecorView[]: onWindowFocusChanged hasWindowFocus true
12-03 16:56:25.447 21904 21904 I HandWritingStubImpl: refreshLastKeyboardType: 1
12-03 16:56:25.447 21904 21904 I HandWritingStubImpl: getCurrentKeyboardType: 1
12-03 16:56:26.734 21904 21904 D IS_CTS_MODE: false
12-03 16:56:26.734 21904 21904 D MULTI_WINDOW_ENABLED: false
12-03 16:56:26.739 21904 21904 D DecorView[]: getWindowModeFromSystem  windowmode is 1
12-03 16:56:26.755 21904 21904 D ScrollerOptimizationManager: registerConfigChangedListener
12-03 16:56:26.794 21904 21904 I ForceDarkHelperStubImpl: setViewRootImplForceDark: false for com.albacontrol.MainActivity@f7ca27d, reason: AppDarkModeEnable
12-03 16:56:26.846 21904 21904 D VRI[MainActivity]: vri.reportNextDraw android.view.ViewRootImpl.performTraversals:4013 android.view.ViewRootImpl.doTraversal:2725 android.view.ViewRootImpl$TraversalRunnable.run:9812 android.view.Choreographer$CallbackRecord.run:1505 android.view.Choreographer$CallbackRecord.run:1513 
12-03 16:56:26.846 21904 21904 D VRI[MainActivity]: vri.Setup new sync id=0 syncSeqId=0
12-03 16:56:26.857 21904 21953 E perf_hint: Session creation failed, mPreferredRateNanos: -1
12-03 16:56:26.858 21904 21904 D VRI[MainActivity]: vri.reportDrawFinished syncSeqId=0 android.view.ViewRootImpl.lambda$createSyncIfNeeded$4$android-view-ViewRootImpl:4081 android.view.ViewRootImpl$$ExternalSyntheticLambda2.run:6 android.os.Handler.handleCallback:942 android.os.Handler.dispatchMessage:99 android.os.Looper.loopOnce:211 
12-03 16:56:26.885 21904 21904 D DecorView[]: onWindowFocusChanged hasWindowFocus true
12-03 16:56:26.886 21904 21904 I HandWritingStubImpl: refreshLastKeyboardType: 1
12-03 16:56:26.886 21904 21904 I HandWritingStubImpl: getCurrentKeyboardType: 1
12-03 16:56:28.181 21904 21904 W MirrorManager: this model don't Support
12-03 16:56:28.297 21904 21904 W OnBackInvokedCallback: OnBackInvokedCallback is not enabled for the application.
12-03 16:56:28.297 21904 21904 W OnBackInvokedCallback: Set 'android:enableOnBackInvokedCallback="true"' in the application manifest.
12-03 16:56:28.447 21904 21904 D ScrollerOptimizationManager: registerConfigChangedListener
12-03 16:56:28.506 21904 21904 W RecyclerView: No adapter attached; skipping layout
12-03 16:56:31.015 21904 21904 D MIUIInput: [KeyEvent] ViewRootImpl windowName 'com.albacontrol/com.albacontrol.MainActivity', KeyEvent { action=ACTION_DOWN, keyCode=KEYCODE_BACK, scanCode=0, metaState=0, flags=0x48, repeatCount=0, eventTime=206539815000000, downTime=206539815000000, deviceId=-1, source=0x101, displayId=0 }, phoneEventTime=16:56:30.883
12-03 16:56:31.035 21904 21904 D MIUIInput: [KeyEvent] ViewRootImpl windowName 'com.albacontrol/com.albacontrol.MainActivity', KeyEvent { action=ACTION_UP, keyCode=KEYCODE_BACK, scanCode=0, metaState=0, flags=0x48, repeatCount=0, eventTime=206539908000000, downTime=206539815000000, deviceId=-1, source=0x101, displayId=0 }, phoneEventTime=16:56:30.977
12-03 16:56:31.043 21904 21904 D ScrollerOptimizationManager: registerConfigChangedListener
12-03 16:56:32.026 21904 21904 D ScrollerOptimizationManager: registerConfigChangedListener
12-03 16:56:32.038 21904 21904 W RecyclerView: No adapter attached; skipping layout
12-03 16:56:33.011 21904 21904 D MIUIInput: [KeyEvent] ViewRootImpl windowName 'com.albacontrol/com.albacontrol.MainActivity', KeyEvent { action=ACTION_DOWN, keyCode=KEYCODE_BACK, scanCode=0, metaState=0, flags=0x48, repeatCount=0, eventTime=206541813000000, downTime=206541813000000, deviceId=-1, source=0x101, displayId=0 }, phoneEventTime=16:56:32.882
12-03 16:56:33.017 21904 21904 D MIUIInput: [KeyEvent] ViewRootImpl windowName 'com.albacontrol/com.albacontrol.MainActivity', KeyEvent { action=ACTION_UP, keyCode=KEYCODE_BACK, scanCode=0, metaState=0, flags=0x48, repeatCount=0, eventTime=206541938000000, downTime=206541813000000, deviceId=-1, source=0x101, displayId=0 }, phoneEventTime=16:56:33.006
12-03 16:56:33.029 21904 21904 D ScrollerOptimizationManager: registerConfigChangedListener
12-03 16:56:33.944 21904 21904 D ScrollerOptimizationManager: registerConfigChangedListener
12-03 16:56:34.105 21904 21904 D ScrollerOptimizationManager: registerConfigChangedListener
12-03 16:56:35.537 21904 21904 D DecorView[]: onWindowFocusChanged hasWindowFocus false
12-03 16:56:38.422 21904 21904 D IS_CTS_MODE: false
12-03 16:56:38.422 21904 21904 D MULTI_WINDOW_ENABLED: false
12-03 16:56:38.424 21904 21904 D DecorView[]: getWindowModeFromSystem  windowmode is 1
12-03 16:56:38.440 21904 21904 D ScrollerOptimizationManager: registerConfigChangedListener
12-03 16:56:38.529 21904 21904 D ScrollerOptimizationManager: registerConfigChangedListener
12-03 16:56:38.556 21904 21914 W com.albacontrol: Cleared Reference was only reachable from finalizer (only reported once)
12-03 16:56:38.615 21904 21904 W OnBackInvokedCallback: OnBackInvokedCallback is not enabled for the application.
12-03 16:56:38.615 21904 21904 W OnBackInvokedCallback: Set 'android:enableOnBackInvokedCallback="true"' in the application manifest.
12-03 16:56:38.619 21904 21904 W Activity: PerfMonitor: Slow Operation: Activity com.albacontrol/.MainActivity onStart took 180ms
12-03 16:56:38.632 21904 21904 I ForceDarkHelperStubImpl: setViewRootImplForceDark: false for com.albacontrol.MainActivity@c738df1, reason: AppDarkModeEnable
12-03 16:56:38.719 21904 21904 D VRI[MainActivity]: vri.reportNextDraw android.view.ViewRootImpl.performTraversals:4013 android.view.ViewRootImpl.doTraversal:2725 android.view.ViewRootImpl$TraversalRunnable.run:9812 android.view.Choreographer$CallbackRecord.run:1505 android.view.Choreographer$CallbackRecord.run:1513 
12-03 16:56:38.719 21904 21904 D VRI[MainActivity]: vri.Setup new sync id=0 syncSeqId=0
12-03 16:56:38.741 21904 21953 E perf_hint: Session creation failed, mPreferredRateNanos: -1
12-03 16:56:38.742 21904 21904 W Looper  : PerfMonitor doFrame : time=94ms vsyncFrame=0 latency=323ms procState=-1 historyMsgCount=26
12-03 16:56:38.742 21904 21904 D VRI[MainActivity]: vri.reportDrawFinished syncSeqId=0 android.view.ViewRootImpl.lambda$createSyncIfNeeded$4$android-view-ViewRootImpl:4081 android.view.ViewRootImpl$$ExternalSyntheticLambda2.run:6 android.os.Handler.handleCallback:942 android.os.Handler.dispatchMessage:99 android.os.Looper.loopOnce:211 
12-03 16:58:49.099 21904 21904 I ForceDarkHelperStubImpl: setViewRootImplForceDark: false for com.albacontrol.MainActivity@c738df1, reason: AppDarkModeEnable
12-03 16:58:49.241 21904 21904 D IS_CTS_MODE: false
12-03 16:58:49.241 21904 21904 D MULTI_WINDOW_ENABLED: false
12-03 16:58:49.246 21904 21904 D DecorView[]: getWindowModeFromSystem  windowmode is 1
12-03 16:58:49.258 21904 21904 D ScrollerOptimizationManager: registerConfigChangedListener
12-03 16:58:49.406 21904 21904 D ScrollerOptimizationManager: registerConfigChangedListener
12-03 16:58:49.445 21904 21904 W OnBackInvokedCallback: OnBackInvokedCallback is not enabled for the application.
12-03 16:58:49.445 21904 21904 W OnBackInvokedCallback: Set 'android:enableOnBackInvokedCallback="true"' in the application manifest.
12-03 16:58:49.446 21904 21904 W Activity: PerfMonitor: Slow Operation: Activity com.albacontrol/.MainActivity onStart took 190ms
12-03 16:58:49.454 21904 21904 I ForceDarkHelperStubImpl: setViewRootImplForceDark: false for com.albacontrol.MainActivity@d534810, reason: AppDarkModeEnable
12-03 16:58:49.525 21904 21904 D VRI[MainActivity]: vri.reportNextDraw android.view.ViewRootImpl.performTraversals:4013 android.view.ViewRootImpl.doTraversal:2725 android.view.ViewRootImpl$TraversalRunnable.run:9812 android.view.Choreographer$CallbackRecord.run:1505 android.view.Choreographer$CallbackRecord.run:1513 
12-03 16:58:49.526 21904 21904 D VRI[MainActivity]: vri.Setup new sync id=0 syncSeqId=0
12-03 16:58:49.553 21904 21953 E perf_hint: Session creation failed, mPreferredRateNanos: -1
12-03 16:58:49.554 21904 21904 W Looper  : PerfMonitor doFrame : time=93ms vsyncFrame=0 latency=319ms procState=-1 historyMsgCount=2
12-03 16:58:49.554 21904 21904 D VRI[MainActivity]: vri.reportDrawFinished syncSeqId=0 android.view.ViewRootImpl.lambda$createSyncIfNeeded$4$android-view-ViewRootImpl:4081 android.view.ViewRootImpl$$ExternalSyntheticLambda2.run:6 android.os.Handler.handleCallback:942 android.os.Handler.dispatchMessage:99 android.os.Looper.loopOnce:211 
12-03 16:58:55.917 21904 21904 D CompatibilityChangeReporter: Compat change id reported: 78294732; UID 10217; state: ENABLED
12-03 16:58:55.917 21904 21904 E ActivityThread:  fail in deliverResultsIfNeeded java.lang.NullPointerException: Attempt to invoke virtual method 'java.lang.String android.os.Bundle.getString(java.lang.String)' on a null object reference
12-03 16:58:56.004 21904 21904 D CompatibilityChangeReporter: Compat change id reported: 147798919; UID 10217; state: ENABLED
12-03 16:58:56.100 21904 26177 D TransportRuntime.JobInfoScheduler: Upload for context TransportContext(cct, VERY_LOW, MSRodHRwczovL2ZpcmViYXNlbG9nZ2luZy5nb29nbGVhcGlzLmNvbS92MGNjL2xvZy9iYXRjaD9mb3JtYXQ9anNvbl9wcm90bzNc) is already scheduled. Returning...
12-03 16:58:56.115 21904 26186 I DynamiteModule: Considering local module com.google.mlkit.dynamite.text.latin:10000 and remote module com.google.mlkit.dynamite.text.latin:0
12-03 16:58:56.115 21904 26186 I DynamiteModule: Selected local version of com.google.mlkit.dynamite.text.latin
12-03 16:58:56.240 21904 21904 W Activity: PerfMonitor: Slow Operation: Activity com.albacontrol/.MainActivity onActivityResult took 322ms
12-03 16:58:56.286 21904 21904 D DecorView[]: onWindowFocusChanged hasWindowFocus true
12-03 16:58:56.288 21904 21904 I HandWritingStubImpl: refreshLastKeyboardType: 1
12-03 16:58:56.288 21904 21904 I HandWritingStubImpl: getCurrentKeyboardType: 1
12-03 16:58:56.304 21904 26177 D TransportRuntime.SQLiteEventStore: Storing event with priority=VERY_LOW, name=FIREBASE_ML_SDK for destination cct
12-03 16:58:56.332 21904 26177 D TransportRuntime.JobInfoScheduler: Upload for context TransportContext(cct, VERY_LOW, MSRodHRwczovL2ZpcmViYXNlbG9nZ2luZy5nb29nbGVhcGlzLmNvbS92MGNjL2xvZy9iYXRjaD9mb3JtYXQ9anNvbl9wcm90bzNc) is already scheduled. Returning...
12-03 16:58:56.336 21904 26177 D TransportRuntime.SQLiteEventStore: Storing event with priority=DEFAULT, name=FIREBASE_ML_SDK for destination cct
12-03 16:58:56.338 21904 26188 D nativeloader: Load /data/app/~~MoiCJiEyzGtQHFhqSzJODQ==/com.albacontrol-1pUQAbD9o8q9YzcwAnmg2A==/lib/arm64/libmlkit_google_ocr_pipeline.so using class loader ns clns-4 (caller=/data/app/~~MoiCJiEyzGtQHFhqSzJODQ==/com.albacontrol-1pUQAbD9o8q9YzcwAnmg2A==/base.apk): ok
12-03 16:58:56.342 21904 26188 I native  : I0000 00:00:1764777536.342462   26188 asset_manager_util.cc:59] Created global reference to asset manager.
12-03 16:58:56.345 21904 26177 D TransportRuntime.JobInfoScheduler: Scheduling upload for context TransportContext(cct, DEFAULT, MSRodHRwczovL2ZpcmViYXNlbG9nZ2luZy5nb29nbGVhcGlzLmNvbS92MGNjL2xvZy9iYXRjaD9mb3JtYXQ9anNvbl9wcm90bzNc) with jobId=-1719655580 in 30000ms(Backend next call timestamp 1764775924290). Attempt 1
12-03 16:58:56.345 21904 26177 D CompatibilityChangeReporter: Compat change id reported: 194532703; UID 10217; state: ENABLED
12-03 16:58:56.347 21904 21953 W RenderInspector: DequeueBuffer time out on com.albacontrol/com.albacontrol.MainActivity, count=1, avg=19 ms, max=19 ms.
12-03 16:58:56.353 21904 26177 D TransportRuntime.SQLiteEventStore: Storing event with priority=VERY_LOW, name=FIREBASE_ML_SDK for destination cct
12-03 16:58:56.358 21904 26177 D TransportRuntime.JobInfoScheduler: Upload for context TransportContext(cct, VERY_LOW, MSRodHRwczovL2ZpcmViYXNlbG9nZ2luZy5nb29nbGVhcGlzLmNvbS92MGNjL2xvZy9iYXRjaD9mb3JtYXQ9anNvbl9wcm90bzNc) is already scheduled. Returning...
12-03 16:58:56.409 21904 26188 I Manager : DeviceManager::DeviceManager
12-03 16:58:56.409 21904 26188 W ServerFlag: Failed to parse result of GetServerConfigurableFlag, errno=34
12-03 16:58:56.409 21904 26188 I Manager : findAvailableDevices
12-03 16:58:56.432 21904 26188 I Manager : Found interface qti-default (version = 1.3-23:build_bengal)
12-03 16:58:56.432 21904 26188 I Manager : Found interface qti-dsp (version = 1.3-23:build_bengal)
12-03 16:58:56.432 21904 26188 I Manager : Found interface qti-gpu (version = 1.3-23:build_bengal)
12-03 16:58:56.441 21904 26192 W libc    : Access denied finding property "ro.hardware.chipname"
12-03 16:58:56.444 21904 26192 I native  : I0000 00:00:1764777536.444759   26192 resource_manager.cc:23] Number of optimal threads: 4
12-03 16:58:56.445 21904 26191 I native  : I0000 00:00:1764777536.445290   26191 text_classifier.cc:32] Creating classifier TfliteTextClassifier
12-03 16:58:56.445 21904 26191 I native  : I0000 00:00:1764777536.445532   26191 common_util.h:38] Resizing Thread Pool: ocr_segm to 3
12-03 16:58:56.446 21904 26192 I native  : I0000 00:00:1764777536.446101   26192 text_detector_thread_pool_context.cc:38] Compute manager max in flight region detector overwrite: 1
12-03 16:58:56.446 21904 26192 I native  : I0000 00:00:1764777536.446282   26192 common_util.h:38] Resizing Thread Pool: ocr_det_0 to 3
12-03 16:58:56.448 21904 26192 I native  : I0000 00:00:1764777536.448000   26192 tflite_detector_client_with_shape_cache.cc:71] Interpreter threads: 4
12-03 16:58:56.448 21904 26191 I native  : I0000 00:00:1764777536.448235   26191 tflite_lstm_client_base.cc:372] Resizing interpreter pool to 4
12-03 16:58:56.450 21904 26191 I tflite  : Initialized TensorFlow Lite runtime.
12-03 16:58:56.452 21904 26192 I tflite  : Created TensorFlow Lite XNNPACK delegate for CPU.
12-03 16:58:56.452 21904 26192 I tflite  : Replacing 44 out of 46 node(s) with delegate (TfLiteXNNPackDelegate) node, yielding 3 partitions for the whole graph.
12-03 16:58:56.452 21904 26191 I native  : I0000 00:00:1764777536.452899   26191 multi_pass_line_recognition_mutator.cc:312] Preloading recognizers.
12-03 16:58:56.453 21904 26191 I native  : I0000 00:00:1764777536.453213   26191 multi_pass_line_recognition_mutator.cc:319] Preloading a recognizer for "Latn"
12-03 16:58:56.454 21904 26192 I native  : I0000 00:00:1764777536.454208   26192 tflite_detector_client_with_shape_cache.cc:102] Caching size: 10
12-03 16:58:56.454 21904 26202 I native  : I0000 00:00:1764777536.454674   26202 tflite_model_pooled_runner.cc:535] Loading mlkit-google-ocr-models/gocr/gocr_models/line_recognition_legacy_mobile/Latn_ctc/optical/conv_model.fb
12-03 16:58:56.455 21904 26192 I native  : I0000 00:00:1764777536.455624   26192 tflite_model_pooled_runner.cc:535] Loading mlkit-google-ocr-models/gocr/layout/line_splitting_custom_ops/model.tflite
12-03 16:58:56.455 21904 26192 I native  : I0000 00:00:1764777536.455861   26192 tflite_model_pooled_runner.cc:649] Resizing interpreter pool to 1
12-03 16:58:56.456 21904 26192 I native  : I0000 00:00:1764777536.456240   26192 tflite_model_pooled_runner.cc:535] Loading mlkit-google-ocr-models/gocr/layout/line_clustering_custom_ops/model.tflite
12-03 16:58:56.456 21904 26192 I native  : I0000 00:00:1764777536.456484   26192 tflite_model_pooled_runner.cc:649] Resizing interpreter pool to 1
12-03 16:58:56.457 21904 26202 I native  : I0000 00:00:1764777536.457157   26202 tflite_model_pooled_runner.cc:541] Loading mlkit-google-ocr-models/gocr/gocr_models/line_recognition_legacy_mobile/Latn_ctc/optical/lstm_model.fb
12-03 16:58:56.460 21904 26202 I native  : I0000 00:00:1764777536.460392   26202 tflite_model_pooled_runner.cc:649] Resizing interpreter pool to 4
12-03 16:58:56.462 21904 26202 I native  : I0000 00:00:1764777536.462632   26202 mobile_langid_v2.cc:58] MobileLangID V2 initialized.
12-03 16:58:56.462 21904 26202 I native  : I0000 00:00:1764777536.462733   26202 multi_pass_line_recognition_mutator.cc:332] Finished preloading a recognizer for "Latn"
12-03 16:58:56.462 21904 26191 I native  : I0000 00:00:1764777536.462797   26191 multi_pass_line_recognition_mutator.cc:336] Finished preloading recognizers.
12-03 16:58:56.465 21904 26188 I native  : I0000 00:00:1764777536.465705   26188 scheduler.cc:662] ImageMetadata: 1152x2048
12-03 16:58:56.479 21904 26192 I tflite  : Replacing 44 out of 46 node(s) with delegate (TfLiteXNNPackDelegate) node, yielding 3 partitions for the whole graph.
12-03 16:58:56.498 21904 26192 I tflite  : Replacing 44 out of 46 node(s) with delegate (TfLiteXNNPackDelegate) node, yielding 3 partitions for the whole graph.
12-03 16:58:56.522 21904 26192 I tflite  : Replacing 44 out of 46 node(s) with delegate (TfLiteXNNPackDelegate) node, yielding 3 partitions for the whole graph.
12-03 16:58:56.583 21904 26192 I tflite  : Replacing 44 out of 46 node(s) with delegate (TfLiteXNNPackDelegate) node, yielding 3 partitions for the whole graph.
12-03 16:58:56.590 21904 26192 I tflite  : Replacing 44 out of 46 node(s) with delegate (TfLiteXNNPackDelegate) node, yielding 3 partitions for the whole graph.
12-03 16:58:56.594 21904 26192 I tflite  : Replacing 44 out of 46 node(s) with delegate (TfLiteXNNPackDelegate) node, yielding 3 partitions for the whole graph.
12-03 16:58:57.069 21904 26177 D TransportRuntime.SQLiteEventStore: Storing event with priority=VERY_LOW, name=FIREBASE_ML_SDK for destination cct
12-03 16:58:57.072 21904 26177 D TransportRuntime.JobInfoScheduler: Upload for context TransportContext(cct, VERY_LOW, MSRodHRwczovL2ZpcmViYXNlbG9nZ2luZy5nb29nbGVhcGlzLmNvbS92MGNjL2xvZy9iYXRjaD9mb3JtYXQ9anNvbl9wcm90bzNc) is already scheduled. Returning...
12-03 16:58:57.084 21904 26177 D TransportRuntime.SQLiteEventStore: Storing event with priority=VERY_LOW, name=FIREBASE_ML_SDK for destination cct
12-03 16:58:57.089 21904 26177 D TransportRuntime.JobInfoScheduler: Upload for context TransportContext(cct, VERY_LOW, MSRodHRwczovL2ZpcmViYXNlbG9nZ2luZy5nb29nbGVhcGlzLmNvbS92MGNjL2xvZy9iYXRjaD9mb3JtYXQ9anNvbl9wcm90bzNc) is already scheduled. Returning...
12-03 16:58:57.094 21904 21904 D AlbaTpl : scheduleAutoSavePattern: disabled (save only at finalize)
12-03 16:58:57.130 21904 21904 D AlbaTpl : scheduleAutoSavePattern: disabled (save only at finalize)
12-03 16:58:57.473 21904 21904 D AlbaTpl : applyTemplateIfExists: candidates nif='B59803825' proveedor='BIMBO'
12-03 16:58:57.484 21904 21904 D AlbaTpl : template matching candidatesSet=[b59803825, bimbo, 211125, 009005, 729765, clcas, 42, lluretdemar, 17310, 59803825, totaluds, 66, 16868, 84354174, ccigoitiamadrid, 1, 28022, abdelilah, 19723, enhmlloret, 0, 030300, clcastell, girona, magdalenaudslbe, 16, magdalenalbe, 8, tel, 900, 125, 375, regmercmadridtomo36818folio99sección8hojam382167inscripción, 17, 2023000078202023000007870, deleggirona, cd009005, cliente729765, serhs, food, area, lluret, cifb59803825, fecha, 496125, 498455, total, rutero16868, donuts, iberia, sau, a84354174, polígono, industrial, mercedes, ccig, oitia, madrid, ccliente, 0030008016, productos, copla, orig, inal, pegar, identicket, 29918, 21112025, 061530, muchas, gracias, transpo19723, servido0, enhm, lloret, tda030300, castell, magdalena, nalbaran, 168683744, route, recibí, conforme, firma, reg, merc, tomo, 36818, folio, sección, hoja, m382167, inscripción, envi2023o00007820envi2023000007870, precios, segun, tarifa, referencia, sujetos, condiciones, comerciales, partes, someten, expresam, ente, jurisdiccion, juzgados, tribunales]
12-03 16:58:57.610 21904 21904 W Looper  : PerfMonitor doFrame : time=122ms vsyncFrame=0 latency=395ms procState=-1 historyMsgCount=2
12-03 16:58:57.628 21904 21904 D CompatibilityChangeReporter: Compat change id reported: 163400105; UID 10217; state: ENABLED
12-03 16:58:57.649 21904 21904 I AssistStructure: Flattened final assist data: 35508 bytes, containing 1 windows, 211 views
12-03 16:58:57.685 21904 21904 D AlbaTpl : no matching template found for candidates=[b59803825, bimbo, 211125, 009005, 729765, clcas, 42, lluretdemar, 17310, 59803825, totaluds, 66, 16868, 84354174, ccigoitiamadrid, 1, 28022, abdelilah, 19723, enhmlloret, 0, 030300, clcastell, girona, magdalenaudslbe, 16, magdalenalbe, 8, tel, 900, 125, 375, regmercmadridtomo36818folio99sección8hojam382167inscripción, 17, 2023000078202023000007870, deleggirona, cd009005, cliente729765, serhs, food, area, lluret, cifb59803825, fecha, 496125, 498455, total, rutero16868, donuts, iberia, sau, a84354174, polígono, industrial, mercedes, ccig, oitia, madrid, ccliente, 0030008016, productos, copla, orig, inal, pegar, identicket, 29918, 21112025, 061530, muchas, gracias, transpo19723, servido0, enhm, lloret, tda030300, castell, magdalena, nalbaran, 168683744, route, recibí, conforme, firma, reg, merc, tomo, 36818, folio, sección, hoja, m382167, inscripción, envi2023o00007820envi2023000007870, precios, segun, tarifa, referencia, sujetos, condiciones, comerciales, partes, someten, expresam, ente, jurisdiccion, juzgados, tribunales] loadedTemplates=[] bestScore=0.0
12-03 16:58:58.729 21904 21904 D Editor  : Double tap detection is fail
12-03 16:58:58.804 21904 21904 I HandWritingStubImpl: refreshLastKeyboardType: 1
12-03 16:58:58.828 21904 21904 I HandWritingStubImpl: getCurrentKeyboardType: 1
12-03 16:58:58.833 21904 21904 D InputMethodManager: showSoftInput() view=androidx.appcompat.widget.AppCompatEditText{fe4c58b VFED..CL. .F.P..ID 33,97-937,221 #7f0800ee app:id/etProveedor aid=1073741826} flags=0 reason=SHOW_SOFT_INPUT
12-03 16:58:58.858 21904 21904 I ForceDarkHelperStubImpl: setViewRootImplForceDark: false for com.albacontrol.MainActivity@d534810, reason: AppDarkModeEnable
12-03 16:58:58.864 21904 21904 D EditorStubImpl: Type = 0, RectF = RectF(198.0, 995.0, 308.0, 1105.0), mInsertionHandleData = [HandleData{mIsShow=false, mPosition=RectF(0.0, 0.0, 0.0, 0.0)}]
12-03 16:58:58.865 21904 21904 W EditorStubImpl: Two list size not equals,try recover it
12-03 16:58:58.865 21904 21904 D EditorStubImpl: isMultiHandle = false, status = 1, sendData = [RectF(198.0, 995.0, 308.0, 1105.0)]
12-03 16:58:58.870 21904 21904 V TextView: sendCursorInfo support:false
12-03 16:58:58.895 21904 21904 I ForceDarkHelperStubImpl: setViewRootImplForceDark: false for com.albacontrol.MainActivity@d534810, reason: AppDarkModeEnable
12-03 16:58:58.897 21904 21904 D VRI[PopupWindow:3e9]: vri.reportNextDraw android.view.ViewRootImpl.performTraversals:4013 android.view.ViewRootImpl.doTraversal:2725 android.view.ViewRootImpl$TraversalRunnable.run:9812 android.view.Choreographer$CallbackRecord.run:1505 android.view.Choreographer$CallbackRecord.run:1513 
12-03 16:58:58.897 21904 21904 D VRI[PopupWindow:3e9]: vri.Setup new sync id=0 syncSeqId=0
12-03 16:58:58.902 21904 21953 E perf_hint: Session creation failed, mPreferredRateNanos: -1
12-03 16:58:58.903 21904 21904 D VRI[PopupWindow:3e9]: vri.reportDrawFinished syncSeqId=0 android.view.ViewRootImpl.lambda$createSyncIfNeeded$4$android-view-ViewRootImpl:4081 android.view.ViewRootImpl$$ExternalSyntheticLambda2.run:6 android.os.Handler.handleCallback:942 android.os.Handler.dispatchMessage:99 android.os.Looper.loopOnce:211 
12-03 16:58:58.904 21904 21904 D VRI[PopupWindow:3e9]: vri.reportNextDraw android.view.ViewRootImpl.handleResized:2083 android.view.ViewRootImpl.-$$Nest$mhandleResized:0 android.view.ViewRootImpl$ViewRootHandler.handleMessageImpl:6167 android.view.ViewRootImpl$ViewRootHandler.handleMessage:6136 android.os.Handler.dispatchMessage:106 
12-03 16:58:58.905 21904 21904 D VRI[PopupWindow:3e9]: vri.Setup new sync id=1 syncSeqId=0
12-03 16:58:58.907 21904 21904 D EditorStubImpl: Type = 1, RectF = RectF(201.0, 995.0, 311.0, 1105.0), mInsertionHandleData = [HandleData{mIsShow=true, mPosition=RectF(198.0, 995.0, 308.0, 1105.0)}]
12-03 16:58:58.907 21904 21904 D EditorStubImpl: isMultiHandle = false, status = 2, sendData = [RectF(201.0, 995.0, 311.0, 1105.0)]
12-03 16:58:58.912 21904 21904 D VRI[PopupWindow:3e9]: vri.reportDrawFinished syncSeqId=0 android.view.ViewRootImpl.lambda$createSyncIfNeeded$4$android-view-ViewRootImpl:4081 android.view.ViewRootImpl$$ExternalSyntheticLambda2.run:6 android.os.Handler.handleCallback:942 android.os.Handler.dispatchMessage:99 android.os.Looper.loopOnce:211 
12-03 16:58:59.066 21904 21904 W OnBackInvokedCallback: OnBackInvokedCallback is not enabled for the application.
12-03 16:58:59.066 21904 21904 W OnBackInvokedCallback: Set 'android:enableOnBackInvokedCallback="true"' in the application manifest.
12-03 16:58:59.128 21904 21904 D InsetsController: show(ime(), fromIme=true)
12-03 16:58:59.955 21904 21904 D AlbaTpl : scheduleAutoSavePattern: disabled (save only at finalize)
12-03 16:58:59.975 21904 21904 D EditorStubImpl: Type = 2, RectF = RectF(201.0, 995.0, 311.0, 1105.0), mInsertionHandleData = [HandleData{mIsShow=true, mPosition=RectF(201.0, 995.0, 311.0, 1105.0)}]
12-03 16:58:59.975 21904 21904 D EditorStubImpl: isMultiHandle = false, status = 3, sendData = [RectF(201.0, 995.0, 311.0, 1105.0)]
12-03 16:59:01.218 21904 21904 D AlbaTpl : scheduleAutoSavePattern: disabled (save only at finalize)
12-03 16:59:01.220 21904 21904 D EditorStubImpl: Type = 2, RectF = RectF(201.0, 995.0, 311.0, 1105.0), mInsertionHandleData = [HandleData{mIsShow=false, mPosition=RectF(201.0, 995.0, 311.0, 1105.0)}]
12-03 16:59:02.116 21904 21904 D AlbaTpl : scheduleAutoSavePattern: disabled (save only at finalize)
12-03 16:59:02.120 21904 21904 D EditorStubImpl: Type = 2, RectF = RectF(201.0, 995.0, 311.0, 1105.0), mInsertionHandleData = [HandleData{mIsShow=false, mPosition=RectF(201.0, 995.0, 311.0, 1105.0)}]
12-03 16:59:03.398 21904 21904 D AlbaTpl : scheduleAutoSavePattern: disabled (save only at finalize)
12-03 16:59:03.400 21904 21904 D EditorStubImpl: Type = 2, RectF = RectF(201.0, 995.0, 311.0, 1105.0), mInsertionHandleData = [HandleData{mIsShow=false, mPosition=RectF(201.0, 995.0, 311.0, 1105.0)}]
12-03 16:59:04.301 21904 21904 D AlbaTpl : scheduleAutoSavePattern: disabled (save only at finalize)
12-03 16:59:04.303 21904 21904 D EditorStubImpl: Type = 2, RectF = RectF(201.0, 995.0, 311.0, 1105.0), mInsertionHandleData = [HandleData{mIsShow=false, mPosition=RectF(201.0, 995.0, 311.0, 1105.0)}]
12-03 16:59:05.246 21904 21904 D AlbaTpl : scheduleAutoSavePattern: disabled (save only at finalize)
12-03 16:59:05.250 21904 21904 D EditorStubImpl: Type = 2, RectF = RectF(201.0, 995.0, 311.0, 1105.0), mInsertionHandleData = [HandleData{mIsShow=false, mPosition=RectF(201.0, 995.0, 311.0, 1105.0)}]
12-03 16:59:07.618 21904 21904 D AlbaTpl : scheduleAutoSavePattern: disabled (save only at finalize)
12-03 16:59:07.625 21904 21904 D EditorStubImpl: Type = 2, RectF = RectF(201.0, 995.0, 311.0, 1105.0), mInsertionHandleData = [HandleData{mIsShow=false, mPosition=RectF(201.0, 995.0, 311.0, 1105.0)}]
12-03 16:59:08.792 21904 21904 D AlbaTpl : scheduleAutoSavePattern: disabled (save only at finalize)
12-03 16:59:08.794 21904 21904 D EditorStubImpl: Type = 2, RectF = RectF(201.0, 995.0, 311.0, 1105.0), mInsertionHandleData = [HandleData{mIsShow=false, mPosition=RectF(201.0, 995.0, 311.0, 1105.0)}]
12-03 16:59:08.797 21904 21904 D AlbaTpl : scheduleAutoSavePattern: disabled (save only at finalize)
12-03 16:59:08.799 21904 21904 D EditorStubImpl: Type = 2, RectF = RectF(201.0, 995.0, 311.0, 1105.0), mInsertionHandleData = [HandleData{mIsShow=false, mPosition=RectF(201.0, 995.0, 311.0, 1105.0)}]
12-03 16:59:09.163 21904 21904 D AlbaTpl : scheduleAutoSavePattern: disabled (save only at finalize)
12-03 16:59:09.165 21904 21904 D EditorStubImpl: Type = 2, RectF = RectF(201.0, 995.0, 311.0, 1105.0), mInsertionHandleData = [HandleData{mIsShow=false, mPosition=RectF(201.0, 995.0, 311.0, 1105.0)}]
12-03 16:59:10.236 21904 21904 D AlbaTpl : scheduleAutoSavePattern: disabled (save only at finalize)
12-03 16:59:10.244 21904 21904 D EditorStubImpl: Type = 2, RectF = RectF(201.0, 995.0, 311.0, 1105.0), mInsertionHandleData = [HandleData{mIsShow=false, mPosition=RectF(201.0, 995.0, 311.0, 1105.0)}]
12-03 16:59:10.861 21904 21904 D AlbaTpl : scheduleAutoSavePattern: disabled (save only at finalize)
12-03 16:59:10.864 21904 21904 D EditorStubImpl: Type = 2, RectF = RectF(201.0, 995.0, 311.0, 1105.0), mInsertionHandleData = [HandleData{mIsShow=false, mPosition=RectF(201.0, 995.0, 311.0, 1105.0)}]
12-03 16:59:11.682 21904 21904 D AlbaTpl : scheduleAutoSavePattern: disabled (save only at finalize)
12-03 16:59:11.683 21904 21904 D EditorStubImpl: Type = 2, RectF = RectF(201.0, 995.0, 311.0, 1105.0), mInsertionHandleData = [HandleData{mIsShow=false, mPosition=RectF(201.0, 995.0, 311.0, 1105.0)}]
12-03 16:59:12.253 21904 21904 D AlbaTpl : scheduleAutoSavePattern: disabled (save only at finalize)
12-03 16:59:12.255 21904 21904 D EditorStubImpl: Type = 2, RectF = RectF(201.0, 995.0, 311.0, 1105.0), mInsertionHandleData = [HandleData{mIsShow=false, mPosition=RectF(201.0, 995.0, 311.0, 1105.0)}]
12-03 16:59:14.394 21904 21904 D AlbaTpl : scheduleAutoSavePattern: disabled (save only at finalize)
12-03 16:59:14.397 21904 21904 D EditorStubImpl: Type = 2, RectF = RectF(201.0, 995.0, 311.0, 1105.0), mInsertionHandleData = [HandleData{mIsShow=false, mPosition=RectF(201.0, 995.0, 311.0, 1105.0)}]
12-03 16:59:15.301 21904 21904 D Editor  : Double tap detection is fail
12-03 16:59:15.367 21904 21904 D EditorStubImpl: Type = 2, RectF = RectF(201.0, 995.0, 311.0, 1105.0), mInsertionHandleData = [HandleData{mIsShow=false, mPosition=RectF(201.0, 995.0, 311.0, 1105.0)}]
12-03 16:59:15.373 21904 21904 I HandWritingStubImpl: refreshLastKeyboardType: 1
12-03 16:59:15.405 21904 21904 I HandWritingStubImpl: getCurrentKeyboardType: 1
12-03 16:59:15.418 21904 21904 D InputMethodManager: showSoftInput() view=androidx.appcompat.widget.AppCompatEditText{f7cba81 VFED..CL. .F.P..ID 33,318-937,442 #7f0800eb app:id/etNif aid=1073741827} flags=0 reason=SHOW_SOFT_INPUT
12-03 16:59:15.437 21904 21904 I ForceDarkHelperStubImpl: setViewRootImplForceDark: false for com.albacontrol.MainActivity@d534810, reason: AppDarkModeEnable
12-03 16:59:15.446 21904 21904 D EditorStubImpl: Type = 0, RectF = RectF(299.0, 1216.0, 409.0, 1326.0), mInsertionHandleData = [HandleData{mIsShow=false, mPosition=RectF(0.0, 0.0, 0.0, 0.0)}]
12-03 16:59:15.446 21904 21904 W EditorStubImpl: Two list size not equals,try recover it
12-03 16:59:15.447 21904 21904 D EditorStubImpl: isMultiHandle = false, status = 1, sendData = [RectF(299.0, 1216.0, 409.0, 1326.0)]
12-03 16:59:15.450 21904 21904 V TextView: sendCursorInfo support:false
12-03 16:59:15.453 21904 21904 W RemoteInputConnectionImpl: requestCursorAnchorInfo on inactive InputConnection
12-03 16:59:15.466 21904 21904 I ForceDarkHelperStubImpl: setViewRootImplForceDark: false for com.albacontrol.MainActivity@d534810, reason: AppDarkModeEnable
12-03 16:59:15.467 21904 21904 D VRI[PopupWindow:3e9]: vri.reportNextDraw android.view.ViewRootImpl.performTraversals:4013 android.view.ViewRootImpl.doTraversal:2725 android.view.ViewRootImpl$TraversalRunnable.run:9812 android.view.Choreographer$CallbackRecord.run:1505 android.view.Choreographer$CallbackRecord.run:1513 
12-03 16:59:15.467 21904 21904 D VRI[PopupWindow:3e9]: vri.Setup new sync id=0 syncSeqId=0
12-03 16:59:15.470 21904 21953 E perf_hint: Session creation failed, mPreferredRateNanos: -1
12-03 16:59:15.472 21904 21904 D EditorStubImpl: Type = 1, RectF = RectF(302.0, 1216.0, 412.0, 1326.0), mInsertionHandleData = [HandleData{mIsShow=true, mPosition=RectF(299.0, 1216.0, 409.0, 1326.0)}]
12-03 16:59:15.472 21904 21904 D EditorStubImpl: isMultiHandle = false, status = 2, sendData = [RectF(302.0, 1216.0, 412.0, 1326.0)]
12-03 16:59:15.475 21904 21904 D VRI[PopupWindow:3e9]: vri.reportDrawFinished syncSeqId=0 android.view.ViewRootImpl.lambda$createSyncIfNeeded$4$android-view-ViewRootImpl:4081 android.view.ViewRootImpl$$ExternalSyntheticLambda2.run:6 android.os.Handler.handleCallback:942 android.os.Handler.dispatchMessage:99 android.os.Looper.loopOnce:211 
12-03 16:59:15.476 21904 21904 D VRI[PopupWindow:3e9]: vri.reportNextDraw android.view.ViewRootImpl.handleResized:2083 android.view.ViewRootImpl.-$$Nest$mhandleResized:0 android.view.ViewRootImpl$ViewRootHandler.handleMessageImpl:6167 android.view.ViewRootImpl$ViewRootHandler.handleMessage:6136 android.os.Handler.dispatchMessage:106 
12-03 16:59:15.489 21904 21904 D VRI[PopupWindow:3e9]: vri.Setup new sync id=1 syncSeqId=0
12-03 16:59:15.493 21904 21904 D VRI[PopupWindow:3e9]: vri.reportDrawFinished syncSeqId=0 android.view.ViewRootImpl.lambda$createSyncIfNeeded$4$android-view-ViewRootImpl:4081 android.view.ViewRootImpl$$ExternalSyntheticLambda2.run:6 android.os.Handler.handleCallback:942 android.os.Handler.dispatchMessage:99 android.os.Looper.loopOnce:211 
12-03 16:59:15.494 21904 21904 W OnBackInvokedCallback: OnBackInvokedCallback is not enabled for the application.
12-03 16:59:15.494 21904 21904 W OnBackInvokedCallback: Set 'android:enableOnBackInvokedCallback="true"' in the application manifest.
12-03 16:59:15.506 21904 21904 D InsetsController: show(ime(), fromIme=true)
12-03 16:59:15.506 21904 21904 D InsetsController: show(ime(), fromIme=true)
12-03 16:59:18.874 21904 21904 D AlbaTpl : scheduleAutoSavePattern: disabled (save only at finalize)
12-03 16:59:18.889 21904 21904 D EditorStubImpl: Type = 2, RectF = RectF(302.0, 1216.0, 412.0, 1326.0), mInsertionHandleData = [HandleData{mIsShow=true, mPosition=RectF(302.0, 1216.0, 412.0, 1326.0)}]
12-03 16:59:18.889 21904 21904 D EditorStubImpl: isMultiHandle = false, status = 3, sendData = [RectF(302.0, 1216.0, 412.0, 1326.0)]
12-03 16:59:18.906 21904 21904 D AlbaTpl : scheduleAutoSavePattern: disabled (save only at finalize)
12-03 16:59:18.907 21904 21904 D EditorStubImpl: Type = 2, RectF = RectF(302.0, 1216.0, 412.0, 1326.0), mInsertionHandleData = [HandleData{mIsShow=false, mPosition=RectF(302.0, 1216.0, 412.0, 1326.0)}]
12-03 16:59:18.944 21904 21904 D AlbaTpl : scheduleAutoSavePattern: disabled (save only at finalize)
12-03 16:59:18.945 21904 21904 D EditorStubImpl: Type = 2, RectF = RectF(302.0, 1216.0, 412.0, 1326.0), mInsertionHandleData = [HandleData{mIsShow=false, mPosition=RectF(302.0, 1216.0, 412.0, 1326.0)}]
12-03 16:59:18.997 21904 21904 D AlbaTpl : scheduleAutoSavePattern: disabled (save only at finalize)
12-03 16:59:18.998 21904 21904 D EditorStubImpl: Type = 2, RectF = RectF(302.0, 1216.0, 412.0, 1326.0), mInsertionHandleData = [HandleData{mIsShow=false, mPosition=RectF(302.0, 1216.0, 412.0, 1326.0)}]
12-03 16:59:19.049 21904 21904 D AlbaTpl : scheduleAutoSavePattern: disabled (save only at finalize)
12-03 16:59:19.051 21904 21904 D EditorStubImpl: Type = 2, RectF = RectF(302.0, 1216.0, 412.0, 1326.0), mInsertionHandleData = [HandleData{mIsShow=false, mPosition=RectF(302.0, 1216.0, 412.0, 1326.0)}]
12-03 16:59:19.100 21904 21904 D AlbaTpl : scheduleAutoSavePattern: disabled (save only at finalize)
12-03 16:59:19.101 21904 21904 D EditorStubImpl: Type = 2, RectF = RectF(302.0, 1216.0, 412.0, 1326.0), mInsertionHandleData = [HandleData{mIsShow=false, mPosition=RectF(302.0, 1216.0, 412.0, 1326.0)}]
12-03 16:59:19.153 21904 21904 D AlbaTpl : scheduleAutoSavePattern: disabled (save only at finalize)
12-03 16:59:19.154 21904 21904 D EditorStubImpl: Type = 2, RectF = RectF(302.0, 1216.0, 412.0, 1326.0), mInsertionHandleData = [HandleData{mIsShow=false, mPosition=RectF(302.0, 1216.0, 412.0, 1326.0)}]
12-03 16:59:19.210 21904 21904 D AlbaTpl : scheduleAutoSavePattern: disabled (save only at finalize)
12-03 16:59:19.212 21904 21904 D EditorStubImpl: Type = 2, RectF = RectF(302.0, 1216.0, 412.0, 1326.0), mInsertionHandleData = [HandleData{mIsShow=false, mPosition=RectF(302.0, 1216.0, 412.0, 1326.0)}]
12-03 16:59:19.263 21904 21904 D AlbaTpl : scheduleAutoSavePattern: disabled (save only at finalize)
12-03 16:59:19.265 21904 21904 D EditorStubImpl: Type = 2, RectF = RectF(302.0, 1216.0, 412.0, 1326.0), mInsertionHandleData = [HandleData{mIsShow=false, mPosition=RectF(302.0, 1216.0, 412.0, 1326.0)}]
12-03 16:59:22.003 21904 21904 D AlbaTpl : scheduleAutoSavePattern: disabled (save only at finalize)
12-03 16:59:22.008 21904 21904 D EditorStubImpl: Type = 2, RectF = RectF(302.0, 1216.0, 412.0, 1326.0), mInsertionHandleData = [HandleData{mIsShow=false, mPosition=RectF(302.0, 1216.0, 412.0, 1326.0)}]
12-03 16:59:25.830 21904 21904 D AlbaTpl : scheduleAutoSavePattern: disabled (save only at finalize)
12-03 16:59:25.833 21904 21904 D EditorStubImpl: Type = 2, RectF = RectF(302.0, 1216.0, 412.0, 1326.0), mInsertionHandleData = [HandleData{mIsShow=false, mPosition=RectF(302.0, 1216.0, 412.0, 1326.0)}]
12-03 16:59:26.257 21904 21904 D AlbaTpl : scheduleAutoSavePattern: disabled (save only at finalize)
12-03 16:59:26.258 21904 21904 D EditorStubImpl: Type = 2, RectF = RectF(302.0, 1216.0, 412.0, 1326.0), mInsertionHandleData = [HandleData{mIsShow=false, mPosition=RectF(302.0, 1216.0, 412.0, 1326.0)}]
12-03 16:59:28.666 21904 21904 D AlbaTpl : scheduleAutoSavePattern: disabled (save only at finalize)
12-03 16:59:28.668 21904 21904 D EditorStubImpl: Type = 2, RectF = RectF(302.0, 1216.0, 412.0, 1326.0), mInsertionHandleData = [HandleData{mIsShow=false, mPosition=RectF(302.0, 1216.0, 412.0, 1326.0)}]
12-03 16:59:29.197 21904 21904 D AlbaTpl : scheduleAutoSavePattern: disabled (save only at finalize)
12-03 16:59:29.199 21904 21904 D EditorStubImpl: Type = 2, RectF = RectF(302.0, 1216.0, 412.0, 1326.0), mInsertionHandleData = [HandleData{mIsShow=false, mPosition=RectF(302.0, 1216.0, 412.0, 1326.0)}]
12-03 16:59:32.142 21904 21904 D AlbaTpl : scheduleAutoSavePattern: disabled (save only at finalize)
12-03 16:59:32.146 21904 21904 D EditorStubImpl: Type = 2, RectF = RectF(302.0, 1216.0, 412.0, 1326.0), mInsertionHandleData = [HandleData{mIsShow=false, mPosition=RectF(302.0, 1216.0, 412.0, 1326.0)}]
12-03 16:59:32.574 21904 21904 D AlbaTpl : scheduleAutoSavePattern: disabled (save only at finalize)
12-03 16:59:32.577 21904 21904 D EditorStubImpl: Type = 2, RectF = RectF(302.0, 1216.0, 412.0, 1326.0), mInsertionHandleData = [HandleData{mIsShow=false, mPosition=RectF(302.0, 1216.0, 412.0, 1326.0)}]
12-03 16:59:33.106 21904 21904 D AlbaTpl : scheduleAutoSavePattern: disabled (save only at finalize)
12-03 16:59:33.108 21904 21904 D EditorStubImpl: Type = 2, RectF = RectF(302.0, 1216.0, 412.0, 1326.0), mInsertionHandleData = [HandleData{mIsShow=false, mPosition=RectF(302.0, 1216.0, 412.0, 1326.0)}]
12-03 16:59:33.546 21904 21904 D AlbaTpl : scheduleAutoSavePattern: disabled (save only at finalize)
12-03 16:59:33.551 21904 21904 D EditorStubImpl: Type = 2, RectF = RectF(302.0, 1216.0, 412.0, 1326.0), mInsertionHandleData = [HandleData{mIsShow=false, mPosition=RectF(302.0, 1216.0, 412.0, 1326.0)}]
12-03 16:59:33.903 21904 21904 D Editor  : Double tap detection is fail
12-03 16:59:34.419 21904 21904 D Editor  : Double tap detection is fail
12-03 16:59:34.501 21904 21904 D EditorStubImpl: Type = 2, RectF = RectF(302.0, 1216.0, 412.0, 1326.0), mInsertionHandleData = [HandleData{mIsShow=false, mPosition=RectF(302.0, 1216.0, 412.0, 1326.0)}]
12-03 16:59:34.503 21904 21904 I HandWritingStubImpl: refreshLastKeyboardType: 1
12-03 16:59:34.516 21904 21904 I HandWritingStubImpl: getCurrentKeyboardType: 1
12-03 16:59:34.522 21904 21904 D InputMethodManager: showSoftInput() view=androidx.appcompat.widget.AppCompatEditText{dd82f67 VFED..CL. .F.P..ID 33,539-937,663 #7f0800ec app:id/etNumeroAlbaran aid=1073741828} flags=0 reason=SHOW_SOFT_INPUT
12-03 16:59:34.530 21904 21904 V TextView: sendCursorInfo support:false
12-03 16:59:34.533 21904 21904 W RemoteInputConnectionImpl: requestCursorAnchorInfo on inactive InputConnection
12-03 16:59:34.589 21904 21904 W OnBackInvokedCallback: OnBackInvokedCallback is not enabled for the application.
12-03 16:59:34.589 21904 21904 W OnBackInvokedCallback: Set 'android:enableOnBackInvokedCallback="true"' in the application manifest.
12-03 16:59:34.589 21904 21904 D InsetsController: show(ime(), fromIme=true)
12-03 16:59:34.598 21904 21904 D InsetsController: show(ime(), fromIme=true)
12-03 16:59:45.130 21904 21904 D Editor  : Double tap detection is fail
12-03 16:59:46.804 21904 21904 D IS_CTS_MODE: false
12-03 16:59:46.804 21904 21904 D MULTI_WINDOW_ENABLED: false
12-03 16:59:46.842 21904 21904 D ScrollerOptimizationManager: registerConfigChangedListener
12-03 16:59:46.853 21904 21904 D ScrollerOptimizationManager: registerConfigChangedListener
12-03 16:59:46.961 21904 21904 I ForceDarkHelperStubImpl: setViewRootImplForceDark: false for com.albacontrol.MainActivity@d534810, reason: AppDarkModeEnable
12-03 16:59:47.017 21904 21904 I ForceDarkHelperStubImpl: setViewRootImplForceDark: false for com.albacontrol.MainActivity@d534810, reason: AppDarkModeEnable
12-03 16:59:47.023 21904 21904 D VRI[MainActivity]: vri.reportNextDraw android.view.ViewRootImpl.performTraversals:4013 android.view.ViewRootImpl.doTraversal:2725 android.view.ViewRootImpl$TraversalRunnable.run:9812 android.view.Choreographer$CallbackRecord.run:1505 android.view.Choreographer$CallbackRecord.run:1513 
12-03 16:59:47.023 21904 21904 D VRI[MainActivity]: vri.Setup new sync id=0 syncSeqId=0
12-03 16:59:47.038 21904 21953 E perf_hint: Session creation failed, mPreferredRateNanos: -1
12-03 16:59:47.039 21904 21904 D VRI[MainActivity]: vri.reportDrawFinished syncSeqId=0 android.view.ViewRootImpl.lambda$createSyncIfNeeded$4$android-view-ViewRootImpl:4081 android.view.ViewRootImpl$$ExternalSyntheticLambda2.run:6 android.os.Handler.handleCallback:942 android.os.Handler.dispatchMessage:99 android.os.Looper.loopOnce:211 
12-03 16:59:47.063 21904 21904 D DecorView[]: onWindowFocusChanged hasWindowFocus false
12-03 16:59:47.064 21904 21904 D EditorStubImpl: Type = 2, RectF = RectF(201.0, 995.0, 311.0, 1105.0), mInsertionHandleData = [HandleData{mIsShow=false, mPosition=RectF(201.0, 995.0, 311.0, 1105.0)}]
12-03 16:59:47.064 21904 21904 D EditorStubImpl: Type = 2, RectF = RectF(302.0, 1216.0, 412.0, 1326.0), mInsertionHandleData = [HandleData{mIsShow=false, mPosition=RectF(302.0, 1216.0, 412.0, 1326.0)}]
12-03 16:59:47.116 21904 21904 D DecorView[]: onWindowFocusChanged hasWindowFocus true
12-03 16:59:47.947 21904 21953 D OpenGLRenderer: endAllActiveAnimators on 0xb4000077af15a000 (RippleDrawable) with handle 0xb4000077e32d0720
12-03 16:59:48.003 21904 21904 W OnBackInvokedCallback: OnBackInvokedCallback is not enabled for the application.
12-03 16:59:48.003 21904 21904 W OnBackInvokedCallback: Set 'android:enableOnBackInvokedCallback="true"' in the application manifest.
12-03 16:59:48.003 21904 21904 D DecorView[]: onWindowFocusChanged hasWindowFocus true
12-03 16:59:48.808 21904 21904 D IS_CTS_MODE: false
12-03 16:59:48.808 21904 21904 D MULTI_WINDOW_ENABLED: false
12-03 16:59:48.835 21904 21904 D ScrollerOptimizationManager: registerConfigChangedListener
12-03 16:59:48.848 21904 21904 D ScrollerOptimizationManager: registerConfigChangedListener
12-03 16:59:48.866 21904 21904 I ForceDarkHelperStubImpl: setViewRootImplForceDark: false for com.albacontrol.MainActivity@d534810, reason: AppDarkModeEnable
12-03 16:59:48.918 21904 21904 I ForceDarkHelperStubImpl: setViewRootImplForceDark: false for com.albacontrol.MainActivity@d534810, reason: AppDarkModeEnable
12-03 16:59:48.923 21904 21904 D VRI[MainActivity]: vri.reportNextDraw android.view.ViewRootImpl.performTraversals:4013 android.view.ViewRootImpl.doTraversal:2725 android.view.ViewRootImpl$TraversalRunnable.run:9812 android.view.Choreographer$CallbackRecord.run:1505 android.view.Choreographer$CallbackRecord.run:1513 
12-03 16:59:48.924 21904 21904 D VRI[MainActivity]: vri.Setup new sync id=0 syncSeqId=0
12-03 16:59:48.937 21904 21953 E perf_hint: Session creation failed, mPreferredRateNanos: -1
12-03 16:59:48.939 21904 21904 D VRI[MainActivity]: vri.reportDrawFinished syncSeqId=0 android.view.ViewRootImpl.lambda$createSyncIfNeeded$4$android-view-ViewRootImpl:4081 android.view.ViewRootImpl$$ExternalSyntheticLambda2.run:6 android.os.Handler.handleCallback:942 android.os.Handler.dispatchMessage:99 android.os.Looper.loopOnce:211 
12-03 16:59:48.958 21904 21904 D DecorView[]: onWindowFocusChanged hasWindowFocus false
12-03 16:59:48.959 21904 21904 D EditorStubImpl: Type = 2, RectF = RectF(201.0, 995.0, 311.0, 1105.0), mInsertionHandleData = [HandleData{mIsShow=false, mPosition=RectF(201.0, 995.0, 311.0, 1105.0)}]
12-03 16:59:48.959 21904 21904 D EditorStubImpl: Type = 2, RectF = RectF(302.0, 1216.0, 412.0, 1326.0), mInsertionHandleData = [HandleData{mIsShow=false, mPosition=RectF(302.0, 1216.0, 412.0, 1326.0)}]
12-03 16:59:49.013 21904 21904 D DecorView[]: onWindowFocusChanged hasWindowFocus true
12-03 16:59:49.561 21904 21953 D OpenGLRenderer: endAllActiveAnimators on 0xb40000779c9e9400 (RippleDrawable) with handle 0xb4000077e32d0980
12-03 16:59:49.641 21904 21904 W OnBackInvokedCallback: OnBackInvokedCallback is not enabled for the application.
12-03 16:59:49.641 21904 21904 W OnBackInvokedCallback: Set 'android:enableOnBackInvokedCallback="true"' in the application manifest.
12-03 16:59:49.641 21904 21904 D DecorView[]: onWindowFocusChanged hasWindowFocus true
12-03 16:59:50.177 21904 21904 D IS_CTS_MODE: false
12-03 16:59:50.177 21904 21904 D MULTI_WINDOW_ENABLED: false
12-03 16:59:50.204 21904 21904 D ScrollerOptimizationManager: registerConfigChangedListener
12-03 16:59:50.214 21904 21904 D ScrollerOptimizationManager: registerConfigChangedListener
12-03 16:59:50.225 21904 21904 I ForceDarkHelperStubImpl: setViewRootImplForceDark: false for com.albacontrol.MainActivity@d534810, reason: AppDarkModeEnable
12-03 16:59:50.267 21904 21904 I ForceDarkHelperStubImpl: setViewRootImplForceDark: false for com.albacontrol.MainActivity@d534810, reason: AppDarkModeEnable
12-03 16:59:50.271 21904 21904 D VRI[MainActivity]: vri.reportNextDraw android.view.ViewRootImpl.performTraversals:4013 android.view.ViewRootImpl.doTraversal:2725 android.view.ViewRootImpl$TraversalRunnable.run:9812 android.view.Choreographer$CallbackRecord.run:1505 android.view.Choreographer$CallbackRecord.run:1513 
12-03 16:59:50.272 21904 21904 D VRI[MainActivity]: vri.Setup new sync id=0 syncSeqId=0
12-03 16:59:50.283 21904 21953 E perf_hint: Session creation failed, mPreferredRateNanos: -1
12-03 16:59:50.285 21904 21904 D VRI[MainActivity]: vri.reportDrawFinished syncSeqId=0 android.view.ViewRootImpl.lambda$createSyncIfNeeded$4$android-view-ViewRootImpl:4081 android.view.ViewRootImpl$$ExternalSyntheticLambda2.run:6 android.os.Handler.handleCallback:942 android.os.Handler.dispatchMessage:99 android.os.Looper.loopOnce:211 
12-03 16:59:50.308 21904 21904 D DecorView[]: onWindowFocusChanged hasWindowFocus false
12-03 16:59:50.309 21904 21904 D EditorStubImpl: Type = 2, RectF = RectF(201.0, 995.0, 311.0, 1105.0), mInsertionHandleData = [HandleData{mIsShow=false, mPosition=RectF(201.0, 995.0, 311.0, 1105.0)}]
12-03 16:59:50.310 21904 21904 D EditorStubImpl: Type = 2, RectF = RectF(302.0, 1216.0, 412.0, 1326.0), mInsertionHandleData = [HandleData{mIsShow=false, mPosition=RectF(302.0, 1216.0, 412.0, 1326.0)}]
12-03 16:59:50.366 21904 21904 D DecorView[]: onWindowFocusChanged hasWindowFocus true
12-03 16:59:50.859 21904 21953 D OpenGLRenderer: endAllActiveAnimators on 0xb4000077ddfdd200 (RippleDrawable) with handle 0xb4000077e32d0880
12-03 16:59:50.943 21904 21904 W OnBackInvokedCallback: OnBackInvokedCallback is not enabled for the application.
12-03 16:59:50.943 21904 21904 W OnBackInvokedCallback: Set 'android:enableOnBackInvokedCallback="true"' in the application manifest.
12-03 16:59:50.943 21904 21904 D DecorView[]: onWindowFocusChanged hasWindowFocus true
12-03 16:59:51.436 21904 21904 D IS_CTS_MODE: false
12-03 16:59:51.437 21904 21904 D MULTI_WINDOW_ENABLED: false
12-03 16:59:51.467 21904 21904 D ScrollerOptimizationManager: registerConfigChangedListener
12-03 16:59:51.475 21904 21904 D ScrollerOptimizationManager: registerConfigChangedListener
12-03 16:59:51.492 21904 21904 I ForceDarkHelperStubImpl: setViewRootImplForceDark: false for com.albacontrol.MainActivity@d534810, reason: AppDarkModeEnable
