4360-12-03 14:01:31.046  1822  1822 D CompatibilityChangeReporter: Compat change id reported: 177438394; UID 1000; state: DISABLED
4361-12-03 14:01:31.046  1822  1822 D CompatibilityChangeReporter: Compat change id reported: 135772972; UID 1000; state: DISABLED
4362-12-03 14:01:31.046  1822  1822 D CompatibilityChangeReporter: Compat change id reported: 135754954; UID 1000; state: ENABLED
4363-12-03 14:01:31.047  1822  2058 W BroadcastQueue: Background execution not allowed: receiving Intent { act=android.intent.action.PACKAGE_REMOVED dat=package: flg=0x4000010 (has extras) } to com.android.vending/com.google.android.finsky.instantapps.appmanagement.InstantAppRemoveMonitor
4364:12-03 14:01:31.050  1822  1822 W Looper  : Slow dispatch took 108ms main h=android.app.ActivityThread$H c=android.app.LoadedApk$ReceiverDispatcher$Args$$ExternalSyntheticLambda0@f3cddae m=0
4365-12-03 14:01:31.056  1822  2059 D Boost   : hostingType=service, hostingName={com.android.keychain/com.android.keychain.KeyChainService}, callerPackage=android, isSystem=true, isBoostNeeded=false.
4366-12-03 14:01:31.059  1822  6207 D IntervalStats: Unable to parse usage stats packages: [295, 387, 433, 533, 573, 634, 1483, 1616, 1682, 1811, 1845, 1920, 1927, 1928, 1929, 1930, 1931, 1937, 1939, 1942, 1943, 1944, 1946, 1947, 1949, 1951, 1954, 1955, 1956, 1957, 1959, 1960, 1961, 1963, 1970, 1972, 1974, 1977, 1978, 1980, 1984, 1989, 1995, 1996, 1997, 1999, 2003, 2005, 2006, 2009, 2010, 2016, 2017, 2022, 2024, 2028, 2029, 2031, 2034, 2035, 2037, 2038, 2039, 2041, 2043, 2045, 2047, 2048, 2049, 2050, 2051, 2054, 2055, 2059, 2061, 2062, 2066, 2067, 2068, 2070, 2072, 2074, 2075, 2076, 2079, 2083, 2093, 2094, 2096, 2097, 2102, 2103, 2104, 2140, 2143, 2147, 2150, 2153, 2157, 2158, 2159, 2160, 2161, 2162, 2163, 2164, 2165, 2166, 2167, 2168, 2169, 2170, 2171, 2172, 2173, 2174, 2175, 2176, 2177, 2178, 2179, 2180, 2181, 2182, 2183, 2184, 2185, 2186, 2187, 2188, 2189, 2192, 2194, 2196, 2199, 2205, 2206, 2207, 2208, 2211, 2213, 2215, 2217, 2227, 2233, 2234, 2240, 2241, 2243, 2254, 2255, 2256, 2257, 2258, 2259, 2260, 2265, 2267, 2268]
4367-12-03 14:01:31.067  1822  1853 D CompatibilityChangeReporter: Compat change id reported: 135634846; UID 10141; state: DISABLED
4368-12-03 14:01:31.067  1822  1853 D CompatibilityChangeReporter: Compat change id reported: 177438394; UID 10141; state: DISABLED
4369-12-03 14:01:31.067  1822  1853 D CompatibilityChangeReporter: Compat change id reported: 135772972; UID 10141; state: DISABLED
4370-12-03 14:01:31.067  1822  1853 D CompatibilityChangeReporter: Compat change id reported: 135754954; UID 10141; state: ENABLED
4371-12-03 14:01:31.068  1822  2058 W BroadcastQueue: Background execution not allowed: receiving Intent { act=android.intent.action.PACKAGE_REMOVED dat=package: flg=0x4000010 (has extras) } to com.google.android.gms/.chimera.GmsIntentOperationService$PersistentTrustedReceiver
4372-12-03 14:01:31.069  1822  2058 D AutoStartManagerService: prepare force stop p:5215 s: 18
4373-12-03 14:01:31.070  1822  2058 W BroadcastQueue: Background execution not allowed: receiving Intent { act=android.intent.action.PACKAGE_REMOVED dat=package: flg=0x4000010 (has extras) } to com.xiaomi.discover/com.xiaomi.market.data.MyPackageMonitor
4374-12-03 14:01:31.070  1822  2058 W BroadcastQueue: Background execution not allowed: receiving Intent { act=android.intent.action.PACKAGE_REMOVED dat=package: flg=0x4000010 (has extras) } to com.xiaomi.mipicks/com.xiaomi.market.data.MyPackageMonitor
4375-12-03 14:01:31.070  1822  2058 W BroadcastQueue: Background execution not allowed: receiving Intent { act=android.intent.action.PACKAGE_REMOVED dat=package: flg=0x4000010 (has extras) } to com.xiaomi.misettings/.usagestats.AppTimerReceiver
4376-12-03 14:01:31.070  1822  2058 W BroadcastQueue: Background execution not allowed: receiving Intent { act=android.intent.action.PACKAGE_REMOVED dat=package: flg=0x4000010 (has extras) } to de.telekom.tsc/com.communology.dte.enabler.receiver.PackageChangedReceiver
4377-12-03 14:01:31.070  1822  2058 W BroadcastQueue: Background execution not allowed: receiving Intent { act=android.intent.action.PACKAGE_REMOVED dat=package: flg=0x4000010 (has extras) } to com.google.android.videos/com.google.android.libraries.social.peoplekit.thirdparty.viewcontrollers.ThirdPartyReceiver
4378-12-03 14:01:31.070  1822  2058 W BroadcastQueue: Background execution not allowed: receiving Intent { act=android.intent.action.PACKAGE_ADDED dat=package: flg=0x4000010 (has extras) } to com.lbe.security.miui/com.lbe.security.service.BootReceiver
4379-12-03 14:01:31.070  1822  2058 W BroadcastQueue: Background execution not allowed: receiving Intent { act=android.intent.action.PACKAGE_ADDED dat=package: flg=0x4000010 (has extras) } to com.google.android.packageinstaller/com.android.packageinstaller.PackageInstalledReceiver
4380-12-03 14:01:31.071  1822  2058 W BroadcastQueue: Background execution not allowed: receiving Intent { act=android.intent.action.PACKAGE_ADDED dat=package: flg=0x4000010 (has extras) } to com.android.settings/.search.provider.UpdateReceiver
4381-12-03 14:01:31.071  1822  2058 W BroadcastQueue: Background execution not allowed: receiving Intent { act=android.intent.action.PACKAGE_ADDED dat=package: flg=0x4000010 (has extras) } to com.android.vending/com.google.android.finsky.packagemonitor.impl.PackageMonitorReceiverImpl$RegisteredReceiver
4382-12-03 14:01:31.071  1822  2058 W BroadcastQueue: Background execution not allowed: receiving Intent { act=android.intent.action.PACKAGE_ADDED dat=package: flg=0x4000010 (has extras) } to com.android.vending/com.google.android.finsky.packagemonitor.backgroundimpl.BackgroundPackageMonitorReceiverImpl$RegisteredReceiver
4383-12-03 14:01:31.071  1822  2058 W BroadcastQueue: Background execution not allowed: receiving Intent { act=android.intent.action.PACKAGE_ADDED dat=package: flg=0x4000010 (has extras) } to com.google.android.gms/.chimera.GmsIntentOperationService$PersistentTrustedReceiver
4384-12-03 14:01:31.071  1822  2058 W BroadcastQueue: Background execution not allowed: receiving Intent { act=android.intent.action.PACKAGE_ADDED dat=package: flg=0x4000010 (has extras) } to com.google.android.gms/.gass.chimera.PackageChangeBroadcastReceiver
4385-12-03 14:01:31.071  1822  2058 W BroadcastQueue: Background execution not allowed: receiving Intent { act=android.intent.action.PACKAGE_ADDED dat=package: flg=0x4000010 (has extras) } to com.xiaomi.discover/com.xiaomi.market.data.MyPackageMonitor
4386-12-03 14:01:31.071  1822  2058 W BroadcastQueue: Background execution not allowed: receiving Intent { act=android.intent.action.PACKAGE_ADDED dat=package: flg=0x4000010 (has extras) } to com.xiaomi.mipicks/com.xiaomi.market.data.MyPackageMonitor
4387-12-03 14:01:31.071  1822  2058 W BroadcastQueue: Background execution not allowed: receiving Intent { act=android.intent.action.PACKAGE_ADDED dat=package: flg=0x4000010 (has extras) } to com.xiaomi.misettings/.usagestats.AppTimerReceiver
4388-12-03 14:01:31.071  1822  2058 W BroadcastQueue: Background execution not allowed: receiving Intent { act=android.intent.action.PACKAGE_ADDED dat=package: flg=0x4000010 (has extras) } to de.telekom.tsc/com.communology.dte.enabler.receiver.PackageChangedReceiver
4389-12-03 14:01:31.076  1822  2058 D CompatibilityChangeReporter: Compat change id reported: 168419799; UID 10206; state: DISABLED
4390-12-03 14:01:31.076  1822  2059 I ActivityManager: Start proc 6517:com.android.keychain/1000 for service {com.android.keychain/com.android.keychain.KeyChainService} caller=android
4391-12-03 14:01:31.077  1822  2059 D CompatibilityChangeReporter: Compat change id reported: 143937733; UID 10141; state: ENABLED
4392-12-03 14:01:31.078  1822  6277 W ProcessStats: Tracking association SourceState{b18481e android:ui/1000 Top #671701} whose proc state 1 is better than process ProcessState{3b0c3d8 com.google.android.ext.services/10264 pkg=com.google.android.ext.services} proc state 2 (305 skipped)
4393-12-03 14:01:31.081  1822  1822 I Telecom : CarModeTracker: Package com.albacontrol is not tracked.: SSH.oR@JG8
4394-12-03 14:01:31.081  1822  1822 I Telecom : InCallController: updateCarModeForConnections: car mode apps: : SSH.oR@JG8
4395-12-03 14:01:31.083  1822  2438 E MiuiActivityController: MiuiLog-ActivityObserver: There was something wrong : null
4396-12-03 14:01:31.090  1822  2438 E MiuiActivityController: MiuiLog-ActivityObserver: There was something wrong : null
4397-12-03 14:01:31.105  1822  2019 W Looper  : Slow delivery took 250ms android.fg h=android.os.Handler c=<recycled PooledLambda@f20e5e> m=0
4398-12-03 14:01:31.124  1822  2186 E VerityUtils: Failed to measure fs-verity, errno 1: /data/app/~~Ws72Hqisrzvp4UW2BXZD2Q==/com.albacontrol-Rrpiejl0HkWjAhJEUX-S5A==/base.apk
4399-12-03 14:01:31.153  6403  6455 W BpBinder: PerfMonitor binderTransact :  time=588ms interface=com.google.android.gms.measurement.internal.IMeasurementService code=11
4400-12-03 14:01:31.185  1822  2059 D Boost   : hostingType=service, hostingName={com.miui.global.packageinstaller/com.miui.global.packageinstaller.service.ScanDispatchService}, callerPackage=com.miui.securitycenter, isSystem=true, isBoostNeeded=false.
4401-12-03 14:01:31.185  1822  2059 W ActivityManager: Slow operation: 118ms so far, now at startProcess: returned from zygote!
4402-12-03 14:01:31.193  1822  2059 W ActivityManager: Slow operation: 126ms so far, now at startProcess: done updating battery stats
4403-12-03 14:01:31.193  1822  2059 W ActivityManager: Slow operation: 127ms so far, now at startProcess: building log message
4404-12-03 14:01:31.193  1822  2059 I ActivityManager: Start proc 6566:com.miui.global.packageinstaller/u0a141 for service {com.miui.global.packageinstaller/com.miui.global.packageinstaller.service.ScanDispatchService} caller=com.miui.securitycenter
4405-12-03 14:01:31.193  1822  2059 W ActivityManager: Slow operation: 127ms so far, now at startProcess: starting to update pids map
4406:12-03 14:01:31.194  1822  1822 W Looper  : Slow delivery took 222ms main h=android.app.ActivityThread$H c=android.app.LoadedApk$ReceiverDispatcher$Args$$ExternalSyntheticLambda0@4ad7ecf m=0
4407-12-03 14:01:31.196  1822  1822 I Telecom : DefaultDialerCache: Refreshing default dialer for user 0: now com.google.android.dialer: DDC.oR@JHA
4408-12-03 14:01:31.197  1822  2059 W ActivityManager: Slow operation: 131ms so far, now at startProcess: done updating pids map
4409-12-03 14:01:31.208  1822  6277 D IntervalStats: Unable to parse usage stats packages: [295, 387, 433, 533, 573, 634, 1483, 1616, 1682, 1811, 1845, 1920, 1927, 1928, 1929, 1930, 1931, 1937, 1939, 1942, 1943, 1944, 1946, 1947, 1949, 1951, 1954, 1955, 1956, 1957, 1959, 1960, 1961, 1963, 1970, 1972, 1974, 1977, 1978, 1980, 1984, 1989, 1995, 1996, 1997, 1999, 2003, 2005, 2006, 2009, 2010, 2016, 2017, 2022, 2024, 2028, 2029, 2031, 2034, 2035, 2037, 2038, 2039, 2041, 2043, 2045, 2047, 2048, 2049, 2050, 2051, 2054, 2055, 2059, 2061, 2062, 2066, 2067, 2068, 2070, 2072, 2074, 2075, 2076, 2079, 2083, 2093, 2094, 2096, 2097, 2102, 2103, 2104, 2140, 2143, 2147, 2150, 2153, 2157, 2158, 2159, 2160, 2161, 2162, 2163, 2164, 2165, 2166, 2167, 2168, 2169, 2170, 2171, 2172, 2173, 2174, 2175, 2176, 2177, 2178, 2179, 2180, 2181, 2182, 2183, 2184, 2185, 2186, 2187, 2188, 2189, 2192, 2194, 2196, 2199, 2205, 2206, 2207, 2208, 2211, 2213, 2215, 2217, 2227, 2233, 2234, 2240, 2241, 2243, 2254, 2255, 2256, 2257, 2258, 2259, 2260, 2265, 2267, 2268]
4410-12-03 14:01:31.221  1822  1853 I ActivityManager: com.android.vending is exempt from freezer
4411-12-03 14:01:31.222  1822  1853 D CompatibilityChangeReporter: Compat change id reported: 135634846; UID 10206; state: DISABLED
4412-12-03 14:01:31.222  1822  1853 D CompatibilityChangeReporter: Compat change id reported: 177438394; UID 10206; state: DISABLED
4413-12-03 14:01:31.222  1822  1853 D CompatibilityChangeReporter: Compat change id reported: 135772972; UID 10206; state: DISABLED
4414-12-03 14:01:31.222  1822  1853 D CompatibilityChangeReporter: Compat change id reported: 135754954; UID 10206; state: ENABLED
4415-12-03 14:01:31.222  1822  2059 D CompatibilityChangeReporter: Compat change id reported: 143937733; UID 10206; state: ENABLED
4416-12-03 14:01:31.235  1822  6277 D CompatibilityChangeReporter: Compat change id reported: 161252188; UID 10217; state: DISABLED
4417-12-03 14:01:31.269  1822  2059 D Boost   : hostingType=broadcast, hostingName={com.android.vending/com.google.android.finsky.packagemonitor.backgroundimpl.BackgroundPackageMonitorReceiverImpl$RegisteredReceiver}, callerPackage=android, isSystem=true, isBoostNeeded=false.
4418-12-03 14:01:31.269  1822  2059 I ActivityManager: Start proc 6578:com.android.vending:background/u0a206 for broadcast {com.android.vending/com.google.android.finsky.packagemonitor.backgroundimpl.BackgroundPackageMonitorReceiverImpl$RegisteredReceiver} caller=android
4419-12-03 14:01:31.305  1822  1853 D CompatibilityChangeReporter: Compat change id reported: 161145287; UID 10206; state: DISABLED
4420-12-03 14:01:31.317 30781 30801 W BpBinder: PerfMonitor binderTransact :  time=202ms interface=com.google.android.gms.common.internal.IGmsServiceBroker code=46
4421-12-03 14:01:31.330  1822  6300 I SmartPower.com.android.keychain/1000(6517): died->invisible(264643ms) R(process start ) adj=-10000.
4422-12-03 14:01:31.332  1822  6300 D CompatibilityChangeReporter: Compat change id reported: 168419799; UID 1000; state: DISABLED
4423-12-03 14:01:31.348  2955  3386 W BpBinder: PerfMonitor binderTransact :  time=286ms interface=android.content.pm.IPackageManager code=34
4424-12-03 14:01:31.352  1822  1822 D CompatibilityChangeReporter: Compat change id reported: 194532703; UID 1000; state: ENABLED
4425-12-03 14:01:31.352  1822  1822 D CompatibilityChangeReporter: Compat change id reported: 194532703; UID 1000; state: DISABLED
4426-12-03 14:01:31.355  1822  6277 I SmartPower.com.android.vending:background/10206(6578): died->background(282715ms) R(process start ) adj=-10000.
4427:12-03 14:01:31.374  1822  1822 W Looper  : Slow dispatch took 178ms main h=android.app.ActivityThread$H c=android.app.LoadedApk$ReceiverDispatcher$Args$$ExternalSyntheticLambda0@31e1a30 m=0
4428-12-03 14:01:31.408  1822  6277 I SmartPower.com.miui.global.packageinstaller/10141(6566): died->background(252564ms) R(process start ) adj=-10000.
4429-12-03 14:01:31.410  1822  6277 D CompatibilityChangeReporter: Compat change id reported: 168419799; UID 10141; state: DISABLED
4430-12-03 14:01:31.422  1822  1822 D CompatibilityChangeReporter: Compat change id reported: 171306433; UID 10217; state: ENABLED
4431-12-03 14:01:31.422  1822  1822 W AlarmManager: Package com.albacontrol, uid 10217 lost permission to set exact alarms!
4432-12-03 14:01:31.425  1822  1822 W Looper  : Drained
4433-12-03 14:01:31.439  1822 11599 D IntervalStats: Unable to parse usage stats packages: [295, 387, 433, 533, 573, 634, 1483, 1616, 1682, 1811, 1845, 1920, 1927, 1928, 1929, 1930, 1931, 1937, 1939, 1942, 1943, 1944, 1946, 1947, 1949, 1951, 1954, 1955, 1956, 1957, 1959, 1960, 1961, 1963, 1970, 1972, 1974, 1977, 1978, 1980, 1984, 1989, 1995, 1996, 1997, 1999, 2003, 2005, 2006, 2009, 2010, 2016, 2017, 2022, 2024, 2028, 2029, 2031, 2034, 2035, 2037, 2038, 2039, 2041, 2043, 2045, 2047, 2048, 2049, 2050, 2051, 2054, 2055, 2059, 2061, 2062, 2066, 2067, 2068, 2070, 2072, 2074, 2075, 2076, 2079, 2083, 2093, 2094, 2096, 2097, 2102, 2103, 2104, 2140, 2143, 2147, 2150, 2153, 2157, 2158, 2159, 2160, 2161, 2162, 2163, 2164, 2165, 2166, 2167, 2168, 2169, 2170, 2171, 2172, 2173, 2174, 2175, 2176, 2177, 2178, 2179, 2180, 2181, 2182, 2183, 2184, 2185, 2186, 2187, 2188, 2189, 2192, 2194, 2196, 2199, 2205, 2206, 2207, 2208, 2211, 2213, 2215, 2217, 2227, 2233, 2234, 2240, 2241, 2243, 2254, 2255, 2256, 2257, 2258, 2259, 2260, 2265, 2267, 2268]
4434-12-03 14:01:31.494  1822  1853 D CompatibilityChangeReporter: Compat change id reported: 194532703; UID 10206; state: ENABLED
4435-12-03 14:01:31.587  1822  2186 E VerityUtils: Failed to measure fs-verity, errno 1: /data/app/~~Ws72Hqisrzvp4UW2BXZD2Q==/com.albacontrol-Rrpiejl0HkWjAhJEUX-S5A==/base.apk
4436-12-03 14:01:31.612  1822  1853 I ActivityManager: Killing 5692:com.facebook.system/u0a116 (adj 975): empty #9
4437-12-03 14:01:31.651  1822  2019 I SmartPower.com.google.android.permissioncontroller/10265(5729): idle->background(181157ms) R(service create com.google.android.permissioncontroller/com.android.permissioncontroller.permission.service.PermissionControllerServiceImpl) adj=0.
4438-12-03 14:01:31.651  1822  2019 D CompatibilityChangeReporter: Compat change id reported: 168419799; UID 10265; state: DISABLED
4439-12-03 14:01:31.737  1822  6277 D PackageManager: set app component=ComponentInfo{com.miui.global.packageinstaller/androidx.work.impl.background.systemjob.SystemJobService} enabled state: 1 from null,uid=10141,pid=6566
4440-12-03 14:01:31.755  1822  2642 E ProcessManager: error write exception log
4441-12-03 14:01:31.756  1822  2019 W Looper  : Drained
4442-12-03 14:01:31.825  1822  2676 I SmartPower.com.google.android.googlequicksearchbox:interactor/10207(4538): background->idle(3000ms) R(broadcast start Intent { act=android.intent.action.BATTERY_CHANGED flg=0x60000010 (has extras) }) adj=100.
4443-12-03 14:01:31.825  1822  2676 I SmartPower.com.whatsapp.w4b/10311(10316): background->idle(3001ms) R(broadcast start Intent { act=android.intent.action.BATTERY_CHANGED flg=0x60000010 (has extras) }) adj=902.
4444-12-03 14:01:31.833  6566  6631 I Ad      : isPersonalizedAdEnabled getAdSettings: 2
4445-12-03 14:01:31.844  1822  6277 D CompatibilityChangeReporter: Compat change id reported: 161145287; UID 10141; state: DISABLED
4446-12-03 14:01:31.879  1822  1853 D CompatibilityChangeReporter: Compat change id reported: 319212206; UID 10141; state: DISABLED
4447-12-03 14:01:31.901  1822  2186 D PackageManager: writeLegacyPermissionState for user 0 in 37 ms.
4448-12-03 14:01:32.012  1822  6207 D CompatibilityChangeReporter: Compat change id reported: 135634846; UID 10829; state: DISABLED
4449-12-03 14:01:32.013  1822  2059 D CompatibilityChangeReporter: Compat change id reported: 143937733; UID 10829; state: ENABLED
4450-12-03 14:01:32.023  1822  2059 D Boost   : hostingType=service, hostingName={com.brave.browser/org.chromium.chrome.browser.customtabs.CustomTabsConnectionService}, callerPackage=com.miui.global.packageinstaller, isSystem=true, isBoostNeeded=false.
4451-12-03 14:01:32.023  1822  2059 I ActivityManager: Start proc 6717:com.brave.browser/u0a829 for service {com.brave.browser/org.chromium.chrome.browser.customtabs.CustomTabsConnectionService} caller=com.miui.global.packageinstaller
4452-12-03 14:01:32.065  1822  6277 I SmartPower.com.brave.browser/10829(6717): died->background(251684ms) R(process start ) adj=-10000.
4453-12-03 14:01:32.066  1822  6277 D CompatibilityChangeReporter: Compat change id reported: 168419799; UID 10829; state: DISABLED
4454-12-03 14:01:32.132  1822  6277 D CompatibilityChangeReporter: Compat change id reported: 161252188; UID 10206; state: DISABLED
4455-12-03 14:01:32.303  1822  4601 D ForceDarkAppConfigProvider: cloudConfigVersion: -1   localConfigVersion:20240126
4456-12-03 14:01:32.303  1822  4601 I UiModeManager: systemserver package:com.brave.browser null
4457-12-03 14:01:32.349  1822  6277 W BroadcastQueue: Background execution not allowed: receiving Intent { act=android.intent.action.PACKAGE_REPLACED dat=package: flg=0x4000010 (has extras) } to com.google.android.gms/.chimera.GmsIntentOperationService$PersistentTrustedReceiver
4458-12-03 14:01:32.355  1822  6277 I ActivityManager: Killing 5644:com.facebook.appmanager/u0a178 (adj 965): empty #9
4459-12-03 14:01:32.360  1822  2058 W BroadcastQueue: Background execution not allowed: receiving Intent { act=android.intent.action.PACKAGE_REPLACED dat=package: flg=0x4000010 (has extras) } to com.google.android.gms/.gass.chimera.PackageChangeBroadcastReceiver
4460-12-03 14:01:32.360  1822  2058 W BroadcastQueue: Background execution not allowed: receiving Intent { act=android.intent.action.PACKAGE_REPLACED dat=package: flg=0x4000010 (has extras) } to de.telekom.tsc/com.communology.dte.enabler.receiver.PackageChangedReceiver
4461-12-03 14:01:32.532  1822  6277 D CompatibilityChangeReporter: Compat change id reported: 161145287; UID 10829; state: DISABLED
4462-12-03 14:01:32.568  6566  6650 W BpBinder: PerfMonitor binderTransact :  time=661ms interface=android.content.IContentProvider code=1
4463-12-03 14:01:32.592  1822  4601 D CompatibilityChangeReporter: Compat change id reported: 135634846; UID 99319; state: DISABLED
4464-12-03 14:01:32.592  1822  4601 D CompatibilityChangeReporter: Compat change id reported: 177438394; UID 99319; state: DISABLED
4465-12-03 14:01:32.592  1822  4601 D CompatibilityChangeReporter: Compat change id reported: 135772972; UID 99319; state: DISABLED
4466-12-03 14:01:32.592  1822  4601 D CompatibilityChangeReporter: Compat change id reported: 135754954; UID 99319; state: ENABLED
4467-12-03 14:01:32.593  1822  2059 D CompatibilityChangeReporter: Compat change id reported: 143937733; UID 10141; state: ENABLED
--
4810-12-03 14:02:22.292  1822  1822 D BiometricSchedulerOperation: [Finished / destroy]: {[860] com.android.server.biometrics.sensors.fingerprint.hidl.FingerprintAuthenticationClient, proto=3, owner=com.android.systemui, cookie=0, requestId=370, userId=0}
4811-12-03 14:02:22.299  1822  2024 I PowerManagerServiceImpl: Acquire wakelock: SCREEN_BRIGHT_WAKE_LOCK        'WindowManager' ON_AFTER_RELEASE (uid=1000 pid=1822 pkg=android ws=WorkSource{1000 com.android.systemui})
4812-12-03 14:02:22.300  1822  1853 D WindowManager: wms.finishDrawingLocked: mDrawState=COMMIT_DRAW_PENDING Window{2b4090 u0 android/com.android.internal.app.MiuiChooserActivity} in Surface(name=android/com.android.internal.app.MiuiChooserActivity)/@0x221d51f
4813-12-03 14:02:22.308  1822  1822 D CompatibilityChangeReporter: Compat change id reported: 135634846; UID 10217; state: DISABLED
4814-12-03 14:02:22.308  1822  1822 D CompatibilityChangeReporter: Compat change id reported: 177438394; UID 10217; state: DISABLED
4815-12-03 14:02:22.309  1822  1822 D CompatibilityChangeReporter: Compat change id reported: 135772972; UID 10217; state: DISABLED
4816-12-03 14:02:22.309  1822  1822 D CompatibilityChangeReporter: Compat change id reported: 135754954; UID 10217; state: ENABLED
4817-12-03 14:02:22.309  1822  2059 D CompatibilityChangeReporter: Compat change id reported: 143937733; UID 10217; state: ENABLED
4818-12-03 14:02:22.311  1822  1822 D BiometricScheduler/Fingerprint21: [Finishing] {[860] com.android.server.biometrics.sensors.fingerprint.hidl.FingerprintAuthenticationClient, proto=3, owner=com.android.systemui, cookie=0, requestId=370, userId=0}, success: false
4819-12-03 14:02:22.311  1822  1822 D BiometricCoexCoordinator: removeAuthenticationClient(OtherFp), client: {[860] com.android.server.biometrics.sensors.fingerprint.hidl.FingerprintAuthenticationClient, proto=3, owner=com.android.systemui, cookie=0, requestId=370, userId=0}
4820-12-03 14:02:22.312  1822  1822 D GestureAvailabilityTracker: Notifying gesture availability, active=true
4821-12-03 14:02:22.312  1822  1822 D BiometricScheduler/Fingerprint21: No operations, returning to idle
4822-12-03 14:02:22.319  1822  2059 D Boost   : hostingType=service, hostingName={com.albacontrol/com.google.android.datatransport.runtime.scheduling.jobscheduling.JobInfoSchedulerService}, callerPackage=android, isSystem=true, isBoostNeeded=false.
4823-12-03 14:02:22.320  1822  2059 I ActivityManager: Start proc 7206:com.albacontrol/u0a217 for service {com.albacontrol/com.google.android.datatransport.runtime.scheduling.jobscheduling.JobInfoSchedulerService} caller=android
4824-12-03 14:02:22.326  1822  2088 E KernelCpuSpeedReader: Failed to read cpu-freq: /sys/devices/system/cpu/cpu4512000/cpufreq/stats/time_in_state: open failed: ENOENT (No such file or directory)
4825-12-03 14:02:22.326  1822  2088 E KernelCpuSpeedReader: Failed to read cpu-freq: /sys/devices/system/cpu/cpu2707200/cpufreq/stats/time_in_state: open failed: ENOENT (No such file or directory)
4826-12-03 14:02:22.326  1822  2088 E KernelCpuSpeedReader: Failed to read cpu-freq: /sys/devices/system/cpu/cpu1190400/cpufreq/stats/time_in_state: open failed: ENOENT (No such file or directory)
4827-12-03 14:02:22.327  1822  2088 E KernelCpuSpeedReader: Failed to read cpu-freq: /sys/devices/system/cpu/cpu0/cpufreq/stats/time_in_state: open failed: ENOENT (No such file or directory)
4828-12-03 14:02:22.383  1822  1853 D WindowManager: wms.finishDrawingLocked: mDrawState=COMMIT_DRAW_PENDING Window{ddf7d24 u0 com.miui.home/com.miui.home.launcher.Launcher} in Surface(name=com.miui.home/com.miui.home.launcher.Launcher)/@0x5da9996
4829-12-03 14:02:22.429  1822  5582 D WindowManager: wms.finishDrawingLocked: mDrawState=COMMIT_DRAW_PENDING Window{c3e91a8 u0 android/com.android.internal.app.MiuiChooserActivity} in Surface(name=android/com.android.internal.app.MiuiChooserActivity)/@0x8e34917
4830-12-03 14:02:22.429  1822  5582 D MiuiFreeFormGesturePointerEventListener: finishDrawingWindow: topFullScreenWindow= Window{c3e91a8 u0 android/com.android.internal.app.MiuiChooserActivity}
4831-12-03 14:02:22.437  1822  2024 I SmartPower.com.miui.home/10103(3022): idle->visible(48475ms) R(become visible) adj=100.
4832-12-03 14:02:22.437  1822  2024 I SmartPower.android:ui/1000(6060): invisible->visible(51986ms) R(become visible) adj=0.
4833-12-03 14:02:22.438  1822  2676 I SmartPower.com.google.android.ext.services/10264(13860): idle->background(48369ms) R(add to whitelist) adj=100.
4834-12-03 14:02:22.447  1822  2024 I WindowManager: wms.showSurfaceRobustly mWin:Window{ddf7d24 u0 com.miui.home/com.miui.home.launcher.Launcher}
4835-12-03 14:02:22.447  1822  2024 I WindowManager: wms.showSurfaceRobustly mWin:Window{c3e91a8 u0 android/com.android.internal.app.MiuiChooserActivity}
4836-12-03 14:02:22.447  1822  2024 I WindowManager: wms.showSurfaceRobustly mWin:Window{2b4090 u0 android/com.android.internal.app.MiuiChooserActivity}
4837-12-03 14:02:22.448  6060  6060 D MiuiResolverActivity: updateInitGridView
4838-12-03 14:02:22.455  6060  6060 D ResolverActivityStubImpl: ResolverActivityInjector: count 36
4839-12-03 14:02:22.456  6060  6060 D ResolverActivityStubImpl: java.lang.Throwable
4840-12-03 14:02:22.456  6060  6060 D ResolverActivityStubImpl: 	at com.android.internal.app.ResolverActivityStubImpl.initGridViews(ResolverActivityStubImpl.java:475)
4841-12-03 14:02:22.456  6060  6060 D ResolverActivityStubImpl: 	at com.android.internal.app.MiuiResolverActivity.updateInitGridView(MiuiResolverActivity.java:2316)
4842-12-03 14:02:22.456  6060  6060 D ResolverActivityStubImpl: 	at com.android.internal.app.ResolverListAdapter$1.onPostExecute(ResolverListAdapter.java:424)
4843-12-03 14:02:22.456  6060  6060 D ResolverActivityStubImpl: 	at com.android.internal.app.ResolverListAdapter$1.onPostExecute(ResolverListAdapter.java:408)
4844-12-03 14:02:22.456  6060  6060 D ResolverActivityStubImpl: 	at android.os.AsyncTask.finish(AsyncTask.java:771)
4845-12-03 14:02:22.456  6060  6060 D ResolverActivityStubImpl: 	at android.os.AsyncTask.-$$Nest$mfinish(Unknown Source:0)
4846-12-03 14:02:22.456  6060  6060 D ResolverActivityStubImpl: 	at android.os.AsyncTask$InternalHandler.handleMessage(AsyncTask.java:788)
4847-12-03 14:02:22.456  6060  6060 D ResolverActivityStubImpl: 	at android.os.Handler.dispatchMessage(Handler.java:106)
4848-12-03 14:02:22.456  6060  6060 D ResolverActivityStubImpl: 	at android.os.Looper.loopOnce(Looper.java:211)
4849-12-03 14:02:22.456  6060  6060 D ResolverActivityStubImpl: 	at android.os.Looper.loop(Looper.java:300)
4850:12-03 14:02:22.456  6060  6060 D ResolverActivityStubImpl: 	at android.app.ActivityThread.main(ActivityThread.java:8503)
4851-12-03 14:02:22.456  6060  6060 D ResolverActivityStubImpl: 	at java.lang.reflect.Method.invoke(Native Method)
4852-12-03 14:02:22.456  6060  6060 D ResolverActivityStubImpl: 	at com.android.internal.os.RuntimeInit$MethodAndArgsCaller.run(RuntimeInit.java:561)
4853-12-03 14:02:22.456  6060  6060 D ResolverActivityStubImpl: 	at com.android.internal.os.ZygoteInit.main(ZygoteInit.java:954)
4854-12-03 14:02:22.456  6060  6060 D ResolverActivityStubImpl: page: 5
4855-12-03 14:02:22.469  1822  5582 I SmartPower.com.albacontrol/10217(7206): died->background(51911ms) R(process start ) adj=-10000.
4856-12-03 14:02:22.500  2965  3158 I OneHandedController: stopOneHanded mState = 0, uiEvent = 1
4857-12-03 14:02:22.500  2965  3158 D OneHandedController: stopOneHanded state isTransitioning or STATE_NONE
4858-12-03 14:02:22.501  2965  2965 I KeyguardViewMediator: keyguardGone
4859-12-03 14:02:22.505  2965  3579 I KeyguardSensorInjector: unregister large area touch sensor
4860-12-03 14:02:22.505   607 12239 I keystore2: keystore2::authorization: on_lock_screen_event(LockScreenEvent(0), user_id=0, password.is_some()=false, unlocking_sids=Some([-6308532530539622462]))
4861-12-03 14:02:22.515  1822  3200 D WindowManager: wms.Input focus has changed to Window{2b4090 u0 android/com.android.internal.app.MiuiChooserActivity} display=0 updateInputWindows = true
4862-12-03 14:02:22.515  1822  3200 I MultiSenceManagerInternalStub: getInstance
4863-12-03 14:02:22.529   607 12239 W keystore2: keystore2::super_key: In try_unlock_user_with_biometric: attempt failed: In use_key_in_one_step: Failed to begin operation.
4864-12-03 14:02:22.529   607 12239 W keystore2: 
4865-12-03 14:02:22.529   607 12239 W keystore2: Caused by:
4866-12-03 14:02:22.529   607 12239 W keystore2:     0: In upgrade_keyblob_if_required_with: Closure failed
4867-12-03 14:02:22.529   607 12239 W keystore2:     1: Error::Km(ErrorCode(-26))
4868-12-03 14:02:22.566  1822  3200 D PerfShielderService: com.android.systemui|com.android.systemui-Nav-831445295|205|197867858864620|169|3|2
4869-12-03 14:02:22.570  1822  2708 D MiuiFreeformOneTrackManager: aready bound
4870-12-03 14:02:22.570  1822  2708 D MiuiFreeFormGestureController: handleFreeFormReceiver intent=Intent { act=android.intent.action.USER_PRESENT flg=0x24200010 }
4871-12-03 14:02:22.572  4723  4723 D miui.face.FaceService: lock screen passed
4872-12-03 14:02:22.573  7107  7417 D PowerKeeper.AppStandby: disable standby chain
4873-12-03 14:02:22.579  1822  2058 W BroadcastQueue: Background execution not allowed: receiving Intent { act=android.intent.action.USER_PRESENT flg=0x24200010 } to com.facebook.services/com.facebook.oxygen.services.fbns.RegisteredMqttSystemBroadcastReceiver
4874-12-03 14:02:22.579  1822  2058 W BroadcastQueue: Background execution not allowed: receiving Intent { act=android.intent.action.USER_PRESENT flg=0x24200010 } to com.google.android.gms/.auth.setup.devicesignals.LockScreenReceiver
4875-12-03 14:02:22.579  1822  2058 W BroadcastQueue: Background execution not allowed: receiving Intent { act=android.intent.action.USER_PRESENT flg=0x24200010 } to com.google.android.gms/.chimera.GmsIntentOperationService$PersistentTrustedReceiver
4876-12-03 14:02:22.580  1822  2058 W BroadcastQueue: Background execution not allowed: receiving Intent { act=android.intent.action.USER_PRESENT flg=0x24200010 } to ci.atlasearth.client/io.adjoe.sdk.internal.DeviceStatusTracker
4877-12-03 14:02:22.580  1822  2058 W BroadcastQueue: Background execution not allowed: receiving Intent { act=android.intent.action.USER_PRESENT flg=0x24200010 } to com.alibaba.aliexpresshd/.receiver.SystemBroadcastReceiver
4878-12-03 14:02:22.580  1822  2058 W BroadcastQueue: Background execution not allowed: receiving Intent { act=android.intent.action.USER_PRESENT flg=0x24200010 } to com.alibaba.aliexpresshd/com.taobao.accs.EventReceiver
4879-12-03 14:02:22.580  1822  2058 W BroadcastQueue: Background execution not allowed: receiving Intent { act=android.intent.action.USER_PRESENT flg=0x24200010 } to com.fumbgames.bitcoinminor/io.adjoe.sdk.internal.DeviceStatusTracker
4880-12-03 14:02:22.580  1822  2058 W BroadcastQueue: Background execution not allowed: receiving Intent { act=android.intent.action.USER_PRESENT flg=0x24200010 } to com.fumbgames.minersofbitcoin/io.adjoe.sdk.internal.DeviceStatusTracker
4881-12-03 14:02:22.580  1822  2058 W BroadcastQueue: Background execution not allowed: receiving Intent { act=android.intent.action.USER_PRESENT flg=0x24200010 } to com.instagram.android/com.instagram.push.FbnsInitBroadcastReceiver
4882-12-03 14:02:22.580  1822  2058 W BroadcastQueue: Background execution not allowed: receiving Intent { act=android.intent.action.USER_PRESENT flg=0x24200010 } to io.zebedee.wallet/io.adjoe.sdk.internal.DeviceStatusTracker
4883-12-03 14:02:22.623  1822  1822 I DarkModeTimeModeReceiver:  onReceive: action = android.intent.action.USER_PRESENT
4884-12-03 14:02:22.624  1822  1822 I DarkModeTimeModeManager: not get suggest from cloud
4885-12-03 14:02:22.634  1822  2023 D MiuiPaperContrastOverlayStubImpl: Update paper-mode, param is true
4886-12-03 14:02:22.635  2965  3158 D MiuiSplitWindowTrackManager: Split track already bind
4887-12-03 14:02:22.647  1822  2655 D SchedBoost: com.android.systemui boosting, skip reset priority
4888-12-03 14:02:22.647  1822  2655 D SchedBoost: com.android.systemui boosting, skip reset priority
4889-12-03 14:02:22.721  1822  4636 E AppOps  : Bad call made by uid 1002. Package "com.google.android.gms" does not belong to uid 1002.
4890-12-03 14:02:22.739  2965  2965 D MiuiFastUnlockController: setWallPaperAsTarget asTarget=false
--
4978-12-03 14:02:24.365  1822  2023 D SchedBoost: com.miui.home already boosted, skip boost priority
4979-12-03 14:02:24.551  1822  2023 D SchedBoost: com.miui.home boosting, skip reset priority
4980-12-03 14:02:24.551  1822  2023 D SchedBoost: com.miui.home boosting, skip reset priority
4981-12-03 14:02:24.576  1822  4605 D CompatibilityChangeReporter: Compat change id reported: 194532703; UID 10217; state: ENABLED
4982-12-03 14:02:24.614  7206  7206 W Activity: PerfMonitor: Slow Operation: Activity com.albacontrol/.MainActivity onStart took 104ms
4983-12-03 14:02:24.645  7206  7206 I ForceDarkHelperStubImpl: setViewRootImplForceDark: false for com.albacontrol.MainActivity@2658a5e, reason: AppDarkModeEnable
4984-12-03 14:02:24.652  1822  3200 D CoreBackPreview: Window{4e874b9 u0 com.albacontrol/com.albacontrol.MainActivity}: Setting back callback OnBackInvokedCallbackInfo{mCallback=android.window.IOnBackInvokedCallback$Stub$Proxy@c7d405f, mPriority=0}
4985-12-03 14:02:24.653  7206  7206 W Looper  : PerfMonitor looperActivity : package=com.albacontrol/.MainActivity time=0ms latency=350ms  procState=-1  historyMsgCount=1
4986-12-03 14:02:24.657  1822  3200 W JobScheduler: Job didn't exist in JobStore: 
4987-12-03 14:02:24.699  1822  3200 D WindowManager: wms.Input focus has changed to Window{4e874b9 u0 com.albacontrol/com.albacontrol.MainActivity} display=0 updateInputWindows = true
4988-12-03 14:02:24.699  1822  3200 I MultiSenceManagerInternalStub: getInstance
4989-12-03 14:02:24.700  1822  2024 D WindowManager: wms.Update InputWindowHandle: 4e874b9 com.albacontrol/com.albacontrol.MainActivity, frame=[0,0,0,0], touchableRegion=SkRegion((0,0,1080,2400)), scaleFactor=1.0, transform=null, windowToken=android.os.BinderProxy@7048680, isClone=false, visibal=true, focusable=true, changed=true
4990-12-03 14:02:24.720  1822  3200 D ForceDarkAppConfigProvider: cloudConfigVersion: -1   localConfigVersion:20240126
4991-12-03 14:02:24.720  1822  3200 I UiModeManager: systemserver package:com.instagram.android null
4992-12-03 14:02:24.776  1822  4605 D ProcessManager: beginSchedThreads is not Enabled
4993-12-03 14:02:24.821  1822  4605 D CoreBackPreview: Window{826022f u0 Toast}: Setting back callback null
4994-12-03 14:02:24.830  1822  4605 I PowerManagerServiceImpl: Release wakelock: SCREEN_BRIGHT_WAKE_LOCK        'WindowManager' ON_AFTER_RELEASE DISABLED ACQ=-2s531ms (uid=1000 pid=1822 pkg=android ws=WorkSource{1000 com.android.systemui})
4995-12-03 14:02:24.833  1822  3200 W NotificationService: Toast already killed. pkg=com.android.systemui token=android.os.BinderProxy@4a4e6f3
4996-12-03 14:02:24.860  1822  4605 D WindowManager: wms.finishDrawingLocked: mDrawState=COMMIT_DRAW_PENDING Window{4e874b9 u0 com.albacontrol/com.albacontrol.MainActivity} in Surface(name=com.albacontrol/com.albacontrol.MainActivity)/@0xb868fb0
4997-12-03 14:02:24.860  1822  4605 D MiuiFreeFormGesturePointerEventListener: finishDrawingWindow: topFullScreenWindow= Window{4e874b9 u0 com.albacontrol/com.albacontrol.MainActivity}
4998-12-03 14:02:24.869  1822  2024 I WindowManager: wms.showSurfaceRobustly mWin:Window{4e874b9 u0 com.albacontrol/com.albacontrol.MainActivity}
4999-12-03 14:02:24.877  1822  2024 D WindowManager: wms.Update InputWindowHandle: 4e874b9 com.albacontrol/com.albacontrol.MainActivity, frame=[0,0,0,0], touchableRegion=SkRegion((0,0,1080,2400)), scaleFactor=1.0, transform=null, windowToken=android.os.BinderProxy@7048680, isClone=false, visibal=true, focusable=true, changed=true
5000-12-03 14:02:24.899  1822  2906 D CoreBackPreview: Window{aa41b9b u0 Splash Screen com.albacontrol EXITING}: Setting back callback null
5001-12-03 14:02:24.901  1822  2438 E MiuiActivityController: MiuiLog-ActivityObserver: There was something wrong : null
5002-12-03 14:02:24.904  1822  2024 D WindowManager: wms.Update InputWindowHandle: 4e874b9 com.albacontrol/com.albacontrol.MainActivity, frame=[0,0,0,0], touchableRegion=SkRegion((0,0,1080,2400)), scaleFactor=1.0, transform=null, windowToken=android.os.BinderProxy@7048680, isClone=false, visibal=true, focusable=true, changed=true
5003-12-03 14:02:24.909  1822  2902 D ProcessMemoryCleaner: Compact memory: com.google.android.googlequicksearchbox:googleapp/10207(9579) state=inactive adj=800 pri=31 usage=9 isKilled=false pss:57874 swap:29591
5004-12-03 14:02:24.911  1822  2902 W MiuiMemoryService: com.google.android.googlequicksearchbox:googleapp is system app!
5005-12-03 14:02:24.915  1822  2906 D CompatibilityChangeReporter: Compat change id reported: 214016041; UID 10217; state: ENABLED
5006-12-03 14:02:24.927  1822  2438 E MiuiActivityController: MiuiLog-ActivityObserver: There was something wrong : null
5007-12-03 14:02:24.929  1822  2021 D Aurogon :  uid = 10103 switch to BG
5008-12-03 14:02:25.016  1822  2023 W TaskSnapshot_CInjector: couldPersist()... false.
5009-12-03 14:02:25.036  1822  5605 D CompatibilityChangeReporter: Compat change id reported: 161145287; UID 10313; state: DISABLED
5010-12-03 14:02:25.346  1822  1853 D CompatibilityChangeReporter: Compat change id reported: 183164979; UID 10313; state: ENABLED
5011-12-03 14:02:25.425  1822  1853 D PackageManager: set app component=ComponentInfo{com.instagram.android/com.instagram.share.handleractivity.ShareHandlerActivity} enabled state: 1 from null,uid=10313,pid=7258
5012-12-03 14:02:25.426  1822  1853 D PackageManager: set app component=ComponentInfo{com.instagram.android/com.instagram.share.handleractivity.ShareHandlerActivityMultipleFeedAlias} enabled state: 2 from null,uid=10313,pid=7258
5013-12-03 14:02:25.485  1822  2669 D SchedBoost: stopBoostInternal
5014-12-03 14:02:25.665  1822  1853 D PackageManager: set app component=ComponentInfo{com.instagram.android/com.instagram.fbpay.w3c.ipc.IsReadyToPayServiceImpl} enabled state: 1 from null,uid=10313,pid=7258
5015-12-03 14:02:25.666  1822  1853 D PackageManager: set app component=ComponentInfo{com.instagram.android/com.instagram.fbpay.w3c.ipc.FBPaymentServiceImpl} enabled state: 1 from null,uid=10313,pid=7258
5016-12-03 14:02:25.666  1822  1853 D PackageManager: set app component=ComponentInfo{com.instagram.android/com.instagram.fbpay.w3c.views.PaymentActivity} enabled state: 1 from null,uid=10313,pid=7258
5017-12-03 14:02:25.821  1822  1853 D CompatibilityChangeReporter: Compat change id reported: 319212206; UID 10313; state: ENABLED
5018:12-03 14:02:25.853  7258  7258 W Looper  : PerfMonitor longMsg : seq=2 plan=14:02:24.243 late=4ms wall=1605ms h=android.app.ActivityThread$H w=110 procState=-1
5019-12-03 14:02:25.908  1822  4605 D PackageManager: set app component=ComponentInfo{com.instagram.android/com.instagram.push.FbnsInitBroadcastReceiver} enabled state: 1 from null,uid=10313,pid=7258
5020-12-03 14:02:25.914  1822  4605 D CompatibilityChangeReporter: Compat change id reported: 194532703; UID 10313; state: ENABLED
5021-12-03 14:02:25.930  1822  1853 D PackageManager: set app component=ComponentInfo{com.instagram.android/com.instagram.push.FbnsInitBroadcastReceiver} enabled state: 1 from null,uid=10313,pid=7258
5022-12-03 14:02:26.648  1822  2058 W BroadcastQueue: Exported Denial: sending Intent { act=android.net.conn.CONNECTIVITY_CHANGE flg=0x4200010 (has extras) }, action: android.net.conn.CONNECTIVITY_CHANGE from null (uid=-1) due to receiver ProcessRecord{5b893a1 7258:com.instagram.android/u0a313} (uid 10313) not specifying RECEIVER_EXPORTED
5023-12-03 14:02:26.984  1822  5605 I SmartPower.com.google.android.gms.unstable/10205(7059): idle->background(3304ms) R(service unbind com.google.android.gms/.droidguard.DroidGuardService) adj=800.
5024-12-03 14:02:26.993  1822  2906 I ActivityManager: Killing 6717:com.brave.browser/u0a829 (adj 955): empty #9
5025-12-03 14:02:27.021  1822  2642 E ProcessManager: error write exception log
5026-12-03 14:02:27.024  1822  2445 D CompatibilityChangeReporter: Compat change id reported: 218533173; UID 10829; state: ENABLED
5027-12-03 14:02:27.353  1822  2676 I SmartPower.com.miui.home/10103(3022): background->idle(3001ms) R(become invisible) adj=100.
5028-12-03 14:02:27.424  1822  3200 I ActivityTaskManager: START u0 {act=android.intent.action.GET_CONTENT cat=[android.intent.category.OPENABLE] typ=image/* cmp=com.google.android.photopicker/com.android.photopicker.PhotopickerGetContentActivity} from uid 10217 from pid 7206 callingPackage com.albacontrol
5029-12-03 14:02:27.426  1822  3200 D CompatibilityChangeReporter: Compat change id reported: 194480991; UID 10158; state: ENABLED
5030-12-03 14:02:27.430  1822  3200 D CompatibilityChangeReporter: Compat change id reported: 174042980; UID 10158; state: DISABLED
5031-12-03 14:02:27.430  1822  3200 D CompatibilityChangeReporter: Compat change id reported: 184838306; UID 10158; state: DISABLED
5032-12-03 14:02:27.430  1822  3200 D CompatibilityChangeReporter: Compat change id reported: 185004937; UID 10158; state: DISABLED
5033-12-03 14:02:27.430  1822  3200 D CompatibilityChangeReporter: Compat change id reported: 181136395; UID 10158; state: DISABLED
5034-12-03 14:02:27.430  1822  3200 D CompatibilityChangeReporter: Compat change id reported: 174042936; UID 10158; state: DISABLED
5035-12-03 14:02:27.432  1822  3200 D WindowManager: setLockTaskAuth: task=Task{e7a7820 #379 type=standard A=10217:com.albacontrol U=0 visible=true visibleRequested=true mode=fullscreen translucent=false sz=2} mLockTaskAuth=LOCK_TASK_AUTH_PINNABLE
5036-12-03 14:02:27.435  1822  3200 D CompatibilityChangeReporter: Compat change id reported: 205907456; UID 10158; state: ENABLED
5037-12-03 14:02:27.441  1822  2024 D WindowManager: wms.Update InputWindowHandle: 4e874b9 com.albacontrol/com.albacontrol.MainActivity, frame=[0,0,0,0], touchableRegion=SkRegion((0,0,1080,2400)), scaleFactor=1.0, transform=null, windowToken=android.os.BinderProxy@7048680, isClone=false, visibal=true, focusable=true, changed=true
5038-12-03 14:02:27.443  1822  2023 D CompatibilityChangeReporter: Compat change id reported: 135634846; UID 10158; state: DISABLED
5039-12-03 14:02:27.443  1822  2023 D CompatibilityChangeReporter: Compat change id reported: 177438394; UID 10158; state: DISABLED
5040-12-03 14:02:27.443  1822  2023 D CompatibilityChangeReporter: Compat change id reported: 135772972; UID 10158; state: DISABLED
5041-12-03 14:02:27.443  1822  2023 D CompatibilityChangeReporter: Compat change id reported: 135754954; UID 10158; state: ENABLED
5042-12-03 14:02:27.444  1822  2059 D CompatibilityChangeReporter: Compat change id reported: 143937733; UID 10158; state: ENABLED
5043-12-03 14:02:27.452  1822  2059 D Boost   : hostingType=next-top-activity, hostingName={com.google.android.photopicker/com.android.photopicker.PhotopickerGetContentActivity}, callerPackage=com.albacontrol, isSystem=false, isBoostNeeded=false.
5044-12-03 14:02:27.453  1822  2059 I ActivityManager: Start proc 7597:com.google.android.photopicker/u0a158 for next-top-activity {com.google.android.photopicker/com.android.photopicker.PhotopickerGetContentActivity} caller=com.albacontrol
5045-12-03 14:02:27.453  1822  7598 W ContextImpl: Calling a method in the system process without a qualified user: android.app.ContextImpl.sendBroadcast:1199 com.qualcomm.qti.Performance$SendGameLaunchBroadcast.run:247 java.lang.Thread.run:1119 <bottom of call stack> <bottom of call stack> 
5046-12-03 14:02:27.475  1822  2438 E MiuiActivityController: MiuiLog-ActivityObserver: There was something wrong : null
5047-12-03 14:02:27.476  1822  2024 D WindowManager: wms.Update InputWindowHandle: 4e874b9 com.albacontrol/com.albacontrol.MainActivity, frame=[0,0,0,0], touchableRegion=SkRegion((0,0,1080,2400)), scaleFactor=1.0, transform=null, windowToken=android.os.BinderProxy@7048680, isClone=false, visibal=true, focusable=true, changed=true
5048-12-03 14:02:27.483  1822  3200 I SmartPower.com.google.android.photopicker/10158(7597): died->invisible(160066ms) R(process start ) adj=-10000.
5049-12-03 14:02:27.485  1822  3200 D CompatibilityChangeReporter: Compat change id reported: 168419799; UID 10158; state: DISABLED
5050-12-03 14:02:27.485  1822  3200 W MiuiBoosterUtils: enable_miuibooster : false ,isInit: true
5051-12-03 14:02:27.489  1822  3200 D WindowManager: wms.Input focus has changed to null display=0 updateInputWindows = true
5052-12-03 14:02:27.489  1822  3200 I MultiSenceManagerInternalStub: getInstance
5053-12-03 14:02:27.496  1822  2021 D Aurogon :  uid = 10158 switch to FG
5054-12-03 14:02:27.547  1822  2045 W NotificationHistory: Attempted to remove conversation for locked/gone/disabled user 0
5055-12-03 14:02:27.578  1822  2906 D CompatibilityChangeReporter: Compat change id reported: 161145287; UID 10158; state: DISABLED
5056-12-03 14:02:27.595  1822  5605 D CompatibilityChangeReporter: Compat change id reported: 135634846; UID 10328; state: DISABLED
5057-12-03 14:02:27.595  1822  5605 D CompatibilityChangeReporter: Compat change id reported: 177438394; UID 10328; state: DISABLED
5058-12-03 14:02:27.595  1822  5605 D CompatibilityChangeReporter: Compat change id reported: 135772972; UID 10328; state: DISABLED
--
5066-12-03 14:02:27.796  7597  7597 W Looper  : PerfMonitor looperActivity : package=com.google.android.photopicker/com.android.photopicker.PhotopickerGetContentActivity time=0ms latency=304ms  procState=-1  historyMsgCount=3
5067-12-03 14:02:27.800  7597  7597 D FramePredict: FramePredict init: false
5068-12-03 14:02:27.802  1822  2906 D CoreBackPreview: Window{91e534e u0 com.google.android.photopicker/com.android.photopicker.PhotopickerGetContentActivity}: Setting back callback OnBackInvokedCallbackInfo{mCallback=android.window.IOnBackInvokedCallback$Stub$Proxy@333b014, mPriority=-1}
5069-12-03 14:02:27.802  1822  5605 D CoreBackPreview: Window{91e534e u0 com.google.android.photopicker/com.android.photopicker.PhotopickerGetContentActivity}: Setting back callback OnBackInvokedCallbackInfo{mCallback=android.window.IOnBackInvokedCallback$Stub$Proxy@2040bd, mPriority=0}
5070-12-03 14:02:27.895  1822  2906 D WindowManager: wms.Input focus has changed to Window{91e534e u0 com.google.android.photopicker/com.android.photopicker.PhotopickerGetContentActivity} display=0 updateInputWindows = true
5071-12-03 14:02:27.895  1822  2906 I MultiSenceManagerInternalStub: getInstance
5072-12-03 14:02:27.898  1822  2024 D WindowManager: wms.Update InputWindowHandle: 91e534e com.google.android.photopicker/com.android.photopicker.PhotopickerGetContentActivity, frame=[0,0,0,0], touchableRegion=SkRegion((0,0,1080,2400)), scaleFactor=1.0, transform=null, windowToken=android.os.BinderProxy@3451e49, isClone=false, visibal=true, focusable=true, changed=true
5073-12-03 14:02:27.906  1822  1853 I SmartPower.com.google.process.gservices/10205(7023): idle->background(45781ms) R(content provider start ContentProviderRecord{62acd7a u0 com.google.android.gsf/.gservices.GservicesProvider}) adj=0.
5074-12-03 14:02:27.940  1822  1853 D CompatibilityChangeReporter: Compat change id reported: 168419799; UID 10313; state: DISABLED
5075-12-03 14:02:27.951  1822  1853 D ProcessManager: beginSchedThreads is not Enabled
5076-12-03 14:02:27.975  1822  1853 D WindowManager: wms.finishDrawingLocked: mDrawState=COMMIT_DRAW_PENDING Window{91e534e u0 com.google.android.photopicker/com.android.photopicker.PhotopickerGetContentActivity} in Surface(name=com.google.android.photopicker/com.android.photopicker.PhotopickerGetContentActivity)/@0x82e93f
5077-12-03 14:02:27.975  1822  1853 D MiuiFreeFormGesturePointerEventListener: finishDrawingWindow: topFullScreenWindow= Window{91e534e u0 com.google.android.photopicker/com.android.photopicker.PhotopickerGetContentActivity}
5078-12-03 14:02:27.986  1822  2024 I SmartPower.com.google.android.photopicker/10158(7597): invisible->visible(503ms) R(become visible) adj=0.
5079-12-03 14:02:27.992  1822  2024 I WindowManager: wms.showSurfaceRobustly mWin:Window{91e534e u0 com.google.android.photopicker/com.android.photopicker.PhotopickerGetContentActivity}
5080-12-03 14:02:28.017  1822  2438 E MiuiActivityController: MiuiLog-ActivityObserver: There was something wrong : null
5081-12-03 14:02:28.069  1822  4605 D CompatibilityChangeReporter: Compat change id reported: 214016041; UID 10158; state: ENABLED
