6051:12-03 14:09:25.770  9110  9110 W Looper  : PerfMonitor longMsg : seq=2 plan=14:09:24.724 late=1ms wall=1044ms h=android.app.ActivityThread$H w=110 procState=-1
6052-12-03 14:09:25.782  9108  9108 D FramePredict: FramePredict init: false
6053-12-03 14:09:25.789  9110  9110 D FramePredict: FramePredict init: false
6054-12-03 14:09:25.809  1822  4636 D CompatibilityChangeReporter: Compat change id reported: 319212206; UID 10212; state: ENABLED
6055-12-03 14:09:25.820  1822  5582 D CompatibilityChangeReporter: Compat change id reported: 168419799; UID 10206; state: DISABLED
6056-12-03 14:09:26.248  1822  6535 W PackageConfigPersister: App-specific configuration not found for packageName: bitcoin.minning.com and userId: 0
6057-12-03 14:09:26.307  1822  3429 I SmartPower.com.google.android.adservices.api/10078(4277): idle->background(47857ms) R(service create com.google.android.adservices.api/com.android.adservices.adid.AdIdService) adj=0.
6058-12-03 14:09:26.411  1822  3498 D CompatibilityChangeReporter: Compat change id reported: 135634846; UID 10105; state: DISABLED
6059-12-03 14:09:26.411  1822  3498 D CompatibilityChangeReporter: Compat change id reported: 177438394; UID 10105; state: DISABLED
6060-12-03 14:09:26.411  1822  3498 D CompatibilityChangeReporter: Compat change id reported: 135772972; UID 10105; state: DISABLED
6061-12-03 14:09:26.412  1822  3498 D CompatibilityChangeReporter: Compat change id reported: 135754954; UID 10105; state: ENABLED
6062-12-03 14:09:26.412  1822  2059 D CompatibilityChangeReporter: Compat change id reported: 143937733; UID 10105; state: ENABLED
6063-12-03 14:09:26.421  1822  2059 D Boost   : hostingType=content provider, hostingName={com.android.camera/com.android.camera.external.mivi.MiviInfoContentProvider}, callerPackage=com.google.android.youtube, isSystem=true, isBoostNeeded=false.
6064-12-03 14:09:26.421  1822  2059 I ActivityManager: Start proc 9668:com.android.camera/u0a105 for content provider {com.android.camera/com.android.camera.external.mivi.MiviInfoContentProvider} caller=com.google.android.youtube
6065-12-03 14:09:26.453  1822  6535 I SmartPower.com.android.camera/10105(9668): died->background(46549ms) R(process start ) adj=-10000.
6066-12-03 14:09:26.455  1822  6535 D CompatibilityChangeReporter: Compat change id reported: 168419799; UID 10105; state: DISABLED
6067-12-03 14:09:26.539  1822  4636 I ActivityManager: Killing 8574:com.miui.global.packageinstaller/u0a141 (adj 925): empty #9
6068-12-03 14:09:26.557  1822  3498 D CompatibilityChangeReporter: Compat change id reported: 194532703; UID 10247; state: ENABLED
6069-12-03 14:09:26.578  1822  3498 D CompatibilityChangeReporter: Compat change id reported: 194532703; UID 10187; state: ENABLED
6070-12-03 14:09:26.579  1822  3429 I ActivityManager: Killing 8846:com.google.android.webview:sandboxed_process0:org.chromium.content.app.SandboxedProcessService0:0/u0a141i321 (adj 975): empty #9
6071-12-03 14:09:26.641  9110  9641 W BpBinder: PerfMonitor binderTransact :  time=316ms interface=com.android.vending.billing.IInAppBillingService code=9
6072-12-03 14:09:26.642  9108  9650 W BpBinder: PerfMonitor binderTransact :  time=289ms interface=com.android.vending.billing.IInAppBillingService code=9
6073-12-03 14:09:26.659  1822  3498 D CompatibilityChangeReporter: Compat change id reported: 194532703; UID 10726; state: ENABLED
6074-12-03 14:09:26.784  1822  2088 E KernelCpuSpeedReader: Failed to read cpu-freq: /sys/devices/system/cpu/cpu4512000/cpufreq/stats/time_in_state: open failed: ENOENT (No such file or directory)
6075-12-03 14:09:26.784  1822  2088 E KernelCpuSpeedReader: Failed to read cpu-freq: /sys/devices/system/cpu/cpu2707200/cpufreq/stats/time_in_state: open failed: ENOENT (No such file or directory)
6076-12-03 14:09:26.784  1822  2088 E KernelCpuSpeedReader: Failed to read cpu-freq: /sys/devices/system/cpu/cpu1190400/cpufreq/stats/time_in_state: open failed: ENOENT (No such file or directory)
6077-12-03 14:09:26.784  1822  2088 E KernelCpuSpeedReader: Failed to read cpu-freq: /sys/devices/system/cpu/cpu0/cpufreq/stats/time_in_state: open failed: ENOENT (No such file or directory)
6078-12-03 14:09:26.798  1822  3498 D CompatibilityChangeReporter: Compat change id reported: 194532703; UID 10212; state: ENABLED
6079-12-03 14:09:26.896  1822  2058 W BroadcastQueue: Exported Denial: sending Intent { act=android.net.conn.CONNECTIVITY_CHANGE flg=0x4200010 (has extras) }, action: android.net.conn.CONNECTIVITY_CHANGE from null (uid=-1) due to receiver ProcessRecord{51f6505 9134:com.google.android.youtube/u0a212} (uid 10212) not specifying RECEIVER_EXPORTED
6080-12-03 14:09:26.901  1822  2676 I SmartPower.com.google.android.tts/10222(23866): background->idle(3385317ms) R(adj below visible) adj=100.
6081-12-03 14:09:26.963  1822  3498 D ProcessManager: camera adj boost com.android.camera to adj 600 0S
6082-12-03 14:09:26.963  1822  3498 I CameraBooster: process:com.android.camera is already boosted! forceUpdate : true
6083-12-03 14:09:26.963  1822  6535 W JobScheduler: Job didn't exist in JobStore: 
6084-12-03 14:09:27.139  1822  4636 D CompatibilityChangeReporter: Compat change id reported: 161145287; UID 10105; state: DISABLED
6085-12-03 14:09:27.191  1822  4636 D CompatibilityChangeReporter: Compat change id reported: 194532703; UID 10207; state: ENABLED
6086-12-03 14:09:27.250  1822  6535 D CompatibilityChangeReporter: Compat change id reported: 194532703; UID 10280; state: ENABLED
6087-12-03 14:09:27.302  1822  6535 I ActivityManager: Killing 8898:com.google.android.webview:webview_service/u0a223 (adj 965): empty #9
6088-12-03 14:09:27.339  1822  2642 E ProcessManager: error write exception log
6089-12-03 14:09:27.348  1822  2906 W JobScheduler: Job didn't exist in JobStore: 
6090-12-03 14:09:27.364  1822  4636 W JobScheduler: Job didn't exist in JobStore: 
6091-12-03 14:09:27.393  1822  4636 W JobScheduler: Job didn't exist in JobStore: 
--
6941-12-03 14:12:31.680  1822  6539 D ForceDarkAppConfigProvider: cloudConfigVersion: -1   localConfigVersion:20240126
6942-12-03 14:12:31.680  1822  6539 I UiModeManager: systemserver package:com.linkedin.android null
6943-12-03 14:12:31.853  1822  2178 I DisplayPowerController[0]: Unblocked screen on after 597 ms
6944-12-03 14:12:31.854  1822  2178 I WindowManager: Display 0 turned on...
6945-12-03 14:12:31.854  1822  2178 W PowerManagerService: Screen on took 609 ms
6946-12-03 14:12:31.854  1822  2178 I DreamManagerService: Leaving dreamland.
6947-12-03 14:12:31.854  1822  1822 I WindowManager: Finished waking up... (why=ON_BECAUSE_OF_USER)
6948-12-03 14:12:31.855  1822  2019 I DreamManagerService: Performing gentle wake from dream.
6949-12-03 14:12:31.855  1822  2019 I DreamController: Stopping dream: name=ComponentInfo{com.android.systemui/com.android.systemui.doze.DozeService}, isPreviewMode=false, canDoze=true, userId=0, reason='requested stopDream'
6950-12-03 14:12:31.875  1822  6539 D BiometricUtils: isEncrypted: false isLockdown: false
6951-12-03 14:12:31.876  1822  1822 D BiometricScheduler/Fingerprint21: [Added] {[867] com.android.server.biometrics.sensors.fingerprint.hidl.FingerprintUpdateActiveUserClient, proto=1, owner=android, cookie=0, requestId=-1, userId=0}, new queue size: 1
6952-12-03 14:12:31.876  1822  1822 D BiometricScheduler/Fingerprint21: [Polled] {[867] com.android.server.biometrics.sensors.fingerprint.hidl.FingerprintUpdateActiveUserClient, proto=1, owner=android, cookie=0, requestId=-1, userId=0}, State: 0
6953-12-03 14:12:31.876  1822  1822 D BiometricScheduler/Fingerprint21: [Started] {[867] com.android.server.biometrics.sensors.fingerprint.hidl.FingerprintUpdateActiveUserClient, proto=1, owner=android, cookie=0, requestId=-1, userId=0}
6954-12-03 14:12:31.876  1822  1822 D FingerprintUpdateActiveUserClient: Already user: com.android.server.biometrics.sensors.fingerprint.hidl.Fingerprint21$$ExternalSyntheticLambda1@fba7cd6, returning
6955-12-03 14:12:31.876  1822  1822 D BiometricSchedulerOperation: [Finished / destroy]: {[867] com.android.server.biometrics.sensors.fingerprint.hidl.FingerprintUpdateActiveUserClient, proto=1, owner=android, cookie=0, requestId=-1, userId=0}
6956-12-03 14:12:31.878  1822  1822 D BiometricScheduler/Fingerprint21: [Added] {[868] com.android.server.biometrics.sensors.fingerprint.hidl.FingerprintAuthenticationClient, proto=3, owner=com.android.systemui, cookie=0, requestId=374, userId=0}, new queue size: 1
6957-12-03 14:12:31.878  2965  3579 W BpBinder: PerfMonitor binderTransact :  time=522ms interface=android.gui.SensorEventConnection code=2
6958-12-03 14:12:31.878  1822  1822 D BiometricScheduler/Fingerprint21: [Finishing] {[867] com.android.server.biometrics.sensors.fingerprint.hidl.FingerprintUpdateActiveUserClient, proto=1, owner=android, cookie=0, requestId=-1, userId=0}, success: true
6959-12-03 14:12:31.879  1822  1822 D BiometricScheduler/Fingerprint21: [Polled] {[868] com.android.server.biometrics.sensors.fingerprint.hidl.FingerprintAuthenticationClient, proto=3, owner=com.android.systemui, cookie=0, requestId=374, userId=0}, State: 0
6960-12-03 14:12:31.879  1822  1822 D GestureAvailabilityTracker: Notifying gesture availability, active=false
6961-12-03 14:12:31.880  1822  1822 D BiometricScheduler/Fingerprint21: [Started] {[868] com.android.server.biometrics.sensors.fingerprint.hidl.FingerprintAuthenticationClient, proto=3, owner=com.android.systemui, cookie=0, requestId=374, userId=0}
6962-12-03 14:12:31.880  1822  1822 D BiometricCoexCoordinator: addAuthenticationClient(OtherFp), client: {[868] com.android.server.biometrics.sensors.fingerprint.hidl.FingerprintAuthenticationClient, proto=3, owner=com.android.systemui, cookie=0, requestId=374, userId=0}
6963-12-03 14:12:31.880  1822  5605 D CoreBackPreview: Window{e67a798 u0 AOD}: Setting back callback null
6964-12-03 14:12:31.880  1822  1822 D BiometricStateCallback: State updated from 0 to 2, client {[868] com.android.server.biometrics.sensors.fingerprint.hidl.FingerprintAuthenticationClient, proto=3, owner=com.android.systemui, cookie=0, requestId=374, userId=0}
6965-12-03 14:12:31.881  1822  1822 D Biometrics/AcquisitionClient: onErrorInternal code: 9, finish: true
6966-12-03 14:12:31.881  1822  1822 W BiometricFrameworkStatsLogger: found a negative latency : -1
6967-12-03 14:12:31.882  1822  1822 D BiometricStateCallback: Client finished, state updated to 0, client {[868] com.android.server.biometrics.sensors.fingerprint.hidl.FingerprintAuthenticationClient, proto=3, owner=com.android.systemui, cookie=0, requestId=374, userId=0}
6968-12-03 14:12:31.882  1822  1822 D BiometricSchedulerOperation: [Finished / destroy]: {[868] com.android.server.biometrics.sensors.fingerprint.hidl.FingerprintAuthenticationClient, proto=3, owner=com.android.systemui, cookie=0, requestId=374, userId=0}
6969-12-03 14:12:31.884  1822  1822 D BiometricScheduler/Fingerprint21: [Finishing] {[868] com.android.server.biometrics.sensors.fingerprint.hidl.FingerprintAuthenticationClient, proto=3, owner=com.android.systemui, cookie=0, requestId=374, userId=0}, success: false
6970-12-03 14:12:31.884  1822  1822 D BiometricCoexCoordinator: removeAuthenticationClient(OtherFp), client: {[868] com.android.server.biometrics.sensors.fingerprint.hidl.FingerprintAuthenticationClient, proto=3, owner=com.android.systemui, cookie=0, requestId=374, userId=0}
6971-12-03 14:12:31.884  1822  1822 D GestureAvailabilityTracker: Notifying gesture availability, active=true
6972-12-03 14:12:31.884  1822  1822 D BiometricScheduler/Fingerprint21: No operations, returning to idle
6973-12-03 14:12:31.908  1822  2764 D CompatibilityChangeReporter: Compat change id reported: 161145287; UID 10819; state: DISABLED
6974-12-03 14:12:32.141  2965  2965 I MiuiBleUnlockHelper: mBleListener state: 2
6975-12-03 14:12:32.375  1822  5599 D CompatibilityChangeReporter: Compat change id reported: 319212206; UID 10819; state: ENABLED
6976-12-03 14:12:32.407  1822  5599 D BiometricService: canAuthenticate: User=0, Caller=0, Authenticators=33023
6977-12-03 14:12:32.408  1822  5599 D BiometricService/PreAuthInfo: Package: com.linkedin.android Sensor ID: 0 Modality: 2 Status: 11
6978-12-03 14:12:32.408  1822  5599 D BiometricService/PreAuthInfo: getCanAuthenticateInternal Modality: 1 AuthenticatorStatus: 1
6979-12-03 14:12:32.408  1822  5599 D AuthService: canAuthenticate, userId: 0, callingUserId: 0, authenticators: 33023, result: 0
6980-12-03 14:12:32.692  1822  5599 D CompatibilityChangeReporter: Compat change id reported: 194532703; UID 10819; state: ENABLED
6981:12-03 14:12:32.712 10682 10682 W Looper  : PerfMonitor longMsg : seq=2 plan=14:12:31.421 late=2ms wall=1287ms h=android.app.ActivityThread$H w=110 procState=-1
6982-12-03 14:12:32.718 10682 10682 D FramePredict: FramePredict init: false
6983:12-03 14:12:32.719 10682 10682 W Looper  : PerfMonitor doFrame : time=2ms vsyncFrame=0 latency=590ms procState=-1 historyMsgCount=4 (msgIndex=1 wall=1287ms seq=2 late=2ms h=android.app.ActivityThread$H w=110)
6984-12-03 14:12:33.150  1822  6539 W ContextImpl: Calling a method in the system process without a qualified user: android.app.ContextImpl.sendBroadcastMultiplePermissions:1232 com.android.server.TelephonyRegistry.broadcastServiceStateChanged:3158 com.android.server.TelephonyRegistry.notifyServiceStateForPhoneId:1666 com.android.internal.telephony.ITelephonyRegistry$Stub.onTransact:492 android.os.Binder.execTransactInternal:1285 
6985-12-03 14:12:33.152  1822  6539 W ContextImpl: Calling a method in the system process without a qualified user: android.app.ContextImpl.sendBroadcastMultiplePermissions:1282 android.content.Context.sendBroadcastMultiplePermissions:2294 com.android.server.TelephonyRegistry.broadcastServiceStateChanged:3162 com.android.server.TelephonyRegistry.notifyServiceStateForPhoneId:1666 com.android.internal.telephony.ITelephonyRegistry$Stub.onTransact:492 
6986-12-03 14:12:33.154  1822  2058 W BroadcastQueue: Permission Denial: receiving Intent { act=android.intent.action.SERVICE_STATE flg=0x1000010 (has extras) } to com.google.android.cellbroadcastreceiver/com.android.cellbroadcastreceiver.CellBroadcastReceiver requires android.permission.READ_PHONE_STATE due to sender android (uid 1001)
6987-12-03 14:12:33.155  1822  2058 W BroadcastQueue: Appop Denial: receiving Intent { act=android.intent.action.SERVICE_STATE flg=0x1000010 (has extras) } to ProcessRecord{c2b9ff8 2937:com.xiaomi.finddevice/6110} (pid=2937, uid=6110) excludes appop android:read_phone_state due to sender android (uid 1001)
6988-12-03 14:12:33.156  1822  6539 W ContextImpl: Calling a method in the system process without a qualified user: android.app.ContextImpl.sendBroadcastMultiplePermissions:1282 android.content.Context.sendBroadcastMultiplePermissions:2294 com.android.server.TelephonyRegistry.broadcastServiceStateChanged:3169 com.android.server.TelephonyRegistry.notifyServiceStateForPhoneId:1666 com.android.internal.telephony.ITelephonyRegistry$Stub.onTransact:492 
6989-12-03 14:12:33.156  1822  2058 W BroadcastQueue: Appop Denial: receiving Intent { act=android.intent.action.SERVICE_STATE flg=0x1000010 (has extras) } to ProcessRecord{76e6237 2955:com.android.phone/1001} (pid=2955, uid=1001) excludes appop android:read_phone_state due to sender android (uid 1001)
6990-12-03 14:12:33.156  1822  2058 W BroadcastQueue: Appop Denial: receiving Intent { act=android.intent.action.SERVICE_STATE flg=0x1000010 (has extras) } to ProcessRecord{976c3a4 2965:com.android.systemui/1000} (pid=2965, uid=1000) excludes appop android:read_phone_state due to sender android (uid 1001)
6991-12-03 14:12:33.156  1822  2058 W BroadcastQueue: Appop Denial: receiving Intent { act=android.intent.action.SERVICE_STATE flg=0x1000010 (has extras) } to ProcessRecord{76e6237 2955:com.android.phone/1001} (pid=2955, uid=1001) excludes appop android:read_phone_state due to sender android (uid 1001)
6992-12-03 14:12:33.156  1822  2058 W BroadcastQueue: Appop Denial: receiving Intent { act=android.intent.action.SERVICE_STATE flg=0x1000010 (has extras) } to ProcessRecord{76e6237 2955:com.android.phone/1001} (pid=2955, uid=1001) excludes appop android:read_phone_state due to sender android (uid 1001)
6993-12-03 14:12:33.157  1822  2058 W BroadcastQueue: Permission Denial: receiving Intent { act=android.intent.action.SERVICE_STATE flg=0x1000010 (has extras) } to com.google.android.cellbroadcastreceiver/com.android.cellbroadcastreceiver.CellBroadcastReceiver requires android.permission.ACCESS_FINE_LOCATION due to sender android (uid 1001)
6994-12-03 14:12:33.157  1822  6539 W ContextImpl: Calling a method in the system process without a qualified user: android.app.ContextImpl.sendBroadcastMultiplePermissions:1282 android.content.Context.sendBroadcastMultiplePermissions:2294 com.android.server.TelephonyRegistry.broadcastServiceStateChanged:3173 com.android.server.TelephonyRegistry.notifyServiceStateForPhoneId:1666 com.android.internal.telephony.ITelephonyRegistry$Stub.onTransact:492 
6995-12-03 14:12:33.157  1822  2058 W BroadcastQueue: Appop Denial: receiving Intent { act=android.intent.action.SERVICE_STATE flg=0x1000010 (has extras) } to ProcessRecord{c2b9ff8 2937:com.xiaomi.finddevice/6110} (pid=2937, uid=6110) excludes appop android:fine_location due to sender android (uid 1001)
6996-12-03 14:12:33.158  1822  2058 W BroadcastQueue: Appop Denial: receiving Intent { act=android.intent.action.SERVICE_STATE flg=0x1000010 (has extras) } to ProcessRecord{76e6237 2955:com.android.phone/1001} (pid=2955, uid=1001) excludes appop android:fine_location due to sender android (uid 1001)
6997-12-03 14:12:33.158  1822  2058 W BroadcastQueue: Appop Denial: receiving Intent { act=android.intent.action.SERVICE_STATE flg=0x1000010 (has extras) } to ProcessRecord{976c3a4 2965:com.android.systemui/1000} (pid=2965, uid=1000) excludes appop android:fine_location due to sender android (uid 1001)
6998-12-03 14:12:33.158  1822  2058 W BroadcastQueue: Appop Denial: receiving Intent { act=android.intent.action.SERVICE_STATE flg=0x1000010 (has extras) } to ProcessRecord{76e6237 2955:com.android.phone/1001} (pid=2955, uid=1001) excludes appop android:fine_location due to sender android (uid 1001)
6999-12-03 14:12:33.158  1822  2058 W BroadcastQueue: Appop Denial: receiving Intent { act=android.intent.action.SERVICE_STATE flg=0x1000010 (has extras) } to ProcessRecord{76e6237 2955:com.android.phone/1001} (pid=2955, uid=1001) excludes appop android:fine_location due to sender android (uid 1001)
7000-12-03 14:12:33.158  1822  2058 W BroadcastQueue: Permission Denial: receiving Intent { act=android.intent.action.SERVICE_STATE flg=0x1000010 (has extras) } to com.google.android.cellbroadcastreceiver/com.android.cellbroadcastreceiver.CellBroadcastReceiver requires android.permission.READ_PHONE_STATE due to sender android (uid 1001)
7001-12-03 14:12:33.159  1822  2058 W BroadcastQueue: Appop Denial: receiving Intent { act=android.intent.action.SERVICE_STATE flg=0x1000010 (has extras) } to ProcessRecord{c2b9ff8 2937:com.xiaomi.finddevice/6110} (pid=2937, uid=6110) excludes appop android:read_phone_state due to sender android (uid 1001)
7002-12-03 14:12:33.159  1822  2058 W BroadcastQueue: Appop Denial: receiving Intent { act=android.intent.action.SERVICE_STATE flg=0x1000010 (has extras) } to ProcessRecord{76e6237 2955:com.android.phone/1001} (pid=2955, uid=1001) excludes appop android:read_phone_state due to sender android (uid 1001)
7003-12-03 14:12:33.159  1822  2058 W BroadcastQueue: Appop Denial: receiving Intent { act=android.intent.action.SERVICE_STATE flg=0x1000010 (has extras) } to ProcessRecord{976c3a4 2965:com.android.systemui/1000} (pid=2965, uid=1000) excludes appop android:read_phone_state due to sender android (uid 1001)
7004-12-03 14:12:33.159  1822  2058 W BroadcastQueue: Appop Denial: receiving Intent { act=android.intent.action.SERVICE_STATE flg=0x1000010 (has extras) } to ProcessRecord{76e6237 2955:com.android.phone/1001} (pid=2955, uid=1001) excludes appop android:read_phone_state due to sender android (uid 1001)
7005-12-03 14:12:33.159  1822  2058 W BroadcastQueue: Appop Denial: receiving Intent { act=android.intent.action.SERVICE_STATE flg=0x1000010 (has extras) } to ProcessRecord{76e6237 2955:com.android.phone/1001} (pid=2955, uid=1001) excludes appop android:read_phone_state due to sender android (uid 1001)
7006-12-03 14:12:33.164  1822  2058 D CompatibilityChangeReporter: Compat change id reported: 135634846; UID 10260; state: DISABLED
7007-12-03 14:12:33.164  1822  2058 D CompatibilityChangeReporter: Compat change id reported: 177438394; UID 10260; state: DISABLED
7008-12-03 14:12:33.164  1822  2058 D CompatibilityChangeReporter: Compat change id reported: 135772972; UID 10260; state: DISABLED
7009-12-03 14:12:33.164  1822  2058 D CompatibilityChangeReporter: Compat change id reported: 135754954; UID 10260; state: ENABLED
7010-12-03 14:12:33.164  1822  2059 D CompatibilityChangeReporter: Compat change id reported: 143937733; UID 10260; state: ENABLED
7011-12-03 14:12:33.175  1822  2059 D Boost   : hostingType=broadcast, hostingName={com.google.android.cellbroadcastreceiver/com.android.cellbroadcastreceiver.CellBroadcastReceiver}, callerPackage=android, isSystem=true, isBoostNeeded=false.
7012-12-03 14:12:33.176  1822  2059 I ActivityManager: Start proc 10809:com.google.android.cellbroadcastreceiver/u0a260 for broadcast {com.google.android.cellbroadcastreceiver/com.android.cellbroadcastreceiver.CellBroadcastReceiver} caller=android
7013-12-03 14:12:33.206  1822  6539 I SmartPower.com.google.android.cellbroadcastreceiver/10260(10809): died->background(185082ms) R(process start ) adj=-10000.
7014-12-03 14:12:33.208  1822  6539 D CompatibilityChangeReporter: Compat change id reported: 168419799; UID 10260; state: DISABLED
7015-12-03 14:12:33.258  1822  2024 D WindowManager: wms.Update InputWindowHandle: cde938b NotificationShade, frame=[0,0,0,0], touchableRegion=SkRegion((-1080,-2400,2160,93)(-1080,93,0,126)(503,93,577,126)(1080,93,2160,126)(-1080,126,0,2400)(1080,126,2160,2400)(-1080,2400,2160,4800)), scaleFactor=1.0, transform=null, windowToken=android.os.BinderProxy@fdd8133, isClone=false, visibal=true, focusable=true, changed=true
7016-12-03 14:12:33.288  1822  2024 D WindowManager: wms.Update InputWindowHandle: cde938b NotificationShade, frame=[0,0,0,0], touchableRegion=SkRegion((-1080,-2400,2160,93)(-1080,93,0,126)(503,93,577,126)(1080,93,2160,126)(-1080,126,0,2400)(1080,126,2160,2400)(-1080,2400,2160,4800)), scaleFactor=1.0, transform=null, windowToken=android.os.BinderProxy@fdd8133, isClone=false, visibal=true, focusable=true, changed=true
7017-12-03 14:12:33.292  1822  2024 D WindowManager: wms.Update InputWindowHandle: cde938b NotificationShade, frame=[0,0,0,0], touchableRegion=SkRegion((-1080,-2400,2160,4800)), scaleFactor=1.0, transform=null, windowToken=android.os.BinderProxy@fdd8133, isClone=false, visibal=true, focusable=true, changed=true
7018-12-03 14:12:33.320  1822  5599 D BiometricUtils: isEncrypted: false isLockdown: false
7019-12-03 14:12:33.320  1822  1822 D BiometricScheduler/Fingerprint21: [Added] {[869] com.android.server.biometrics.sensors.fingerprint.hidl.FingerprintUpdateActiveUserClient, proto=1, owner=android, cookie=0, requestId=-1, userId=0}, new queue size: 1
7020-12-03 14:12:33.320  1822  1822 D BiometricScheduler/Fingerprint21: [Polled] {[869] com.android.server.biometrics.sensors.fingerprint.hidl.FingerprintUpdateActiveUserClient, proto=1, owner=android, cookie=0, requestId=-1, userId=0}, State: 0
7021-12-03 14:12:33.320  1822  1822 D BiometricScheduler/Fingerprint21: [Started] {[869] com.android.server.biometrics.sensors.fingerprint.hidl.FingerprintUpdateActiveUserClient, proto=1, owner=android, cookie=0, requestId=-1, userId=0}
7022-12-03 14:12:33.320  1822  1822 D FingerprintUpdateActiveUserClient: Already user: com.android.server.biometrics.sensors.fingerprint.hidl.Fingerprint21$$ExternalSyntheticLambda1@3ae07af, returning
7023-12-03 14:12:33.320  1822  1822 D BiometricSchedulerOperation: [Finished / destroy]: {[869] com.android.server.biometrics.sensors.fingerprint.hidl.FingerprintUpdateActiveUserClient, proto=1, owner=android, cookie=0, requestId=-1, userId=0}
--
7280-12-03 14:12:40.160  1822  2676 I SmartPower.com.google.android.gms/10205(30781): background->idle(5135ms) R(service end com.google.android.gms/.chimera.GmsIntentOperationService) adj=500.
7281-12-03 14:12:40.162  1822  1822 D UiModeManager: updateConfigurationLocked: mDockState=0; mCarMode=false; mCar=false; mPowerSave=false; mComputedNightMode=true; mNightMode=2; uiMode=33
7282-12-03 14:12:40.164  1822  2058 I SmartPower.com.google.android.googlequicksearchbox:interactor/10207(4538): idle->background(5562ms) R(broadcast start Intent { act=android.intent.action.BATTERY_CHANGED flg=0x60000010 (has extras) }) adj=100.
7283-12-03 14:12:40.164  1822  2058 I SmartPower.com.whatsapp.w4b/10311(10316): idle->background(5529ms) R(broadcast start Intent { act=android.intent.action.BATTERY_CHANGED flg=0x60000010 (has extras) }) adj=901.
7284-12-03 14:12:40.272  1822  5599 D CompatibilityChangeReporter: Compat change id reported: 161145287; UID 10328; state: DISABLED
7285-12-03 14:12:40.291 10906 10906 W Looper  : PerfMonitor looperActivity : package=com.google.android.photopicker/com.android.photopicker.PhotopickerGetContentActivity time=0ms latency=320ms  procState=-1  historyMsgCount=2
7286-12-03 14:12:40.298 10906 10906 D FramePredict: FramePredict init: false
7287-12-03 14:12:40.301  1822  5599 D CoreBackPreview: Window{a763448 u0 com.google.android.photopicker/com.android.photopicker.PhotopickerGetContentActivity}: Setting back callback OnBackInvokedCallbackInfo{mCallback=android.window.IOnBackInvokedCallback$Stub$Proxy@12ee1de, mPriority=-1}
7288-12-03 14:12:40.301  1822  5599 D CoreBackPreview: Window{a763448 u0 com.google.android.photopicker/com.android.photopicker.PhotopickerGetContentActivity}: Setting back callback OnBackInvokedCallbackInfo{mCallback=android.window.IOnBackInvokedCallback$Stub$Proxy@46ee1d5, mPriority=0}
7289-12-03 14:12:40.395  1822  5599 D WindowManager: wms.Input focus has changed to Window{a763448 u0 com.google.android.photopicker/com.android.photopicker.PhotopickerGetContentActivity} display=0 updateInputWindows = true
7290-12-03 14:12:40.395  1822  5599 I MultiSenceManagerInternalStub: getInstance
7291-12-03 14:12:40.396  1822  2024 D WindowManager: wms.Update InputWindowHandle: a763448 com.google.android.photopicker/com.android.photopicker.PhotopickerGetContentActivity, frame=[0,0,0,0], touchableRegion=SkRegion((0,0,1080,2400)), scaleFactor=1.0, transform=null, windowToken=android.os.BinderProxy@7205eeb, isClone=false, visibal=true, focusable=true, changed=true
7292-12-03 14:12:40.438  1822  5599 I SmartPower.com.google.process.gservices/10205(10281): idle->background(110103ms) R(content provider start ContentProviderRecord{89c66d5 u0 com.google.android.gsf/.gservices.GservicesProvider}) adj=0.
7293-12-03 14:12:40.451  1822  5599 D ProcessManager: beginSchedThreads is not Enabled
7294-12-03 14:12:40.452  1822  5605 D CompatibilityChangeReporter: Compat change id reported: 161252188; UID 10205; state: DISABLED
7295-12-03 14:12:40.457  1822  5605 D CompatibilityChangeReporter: Compat change id reported: 319212206; UID 10328; state: ENABLED
7296-12-03 14:12:40.484  1822  5605 D CompatibilityChangeReporter: Compat change id reported: 168419799; UID 10205; state: DISABLED
7297-12-03 14:12:40.490  1822  6539 D WindowManager: wms.finishDrawingLocked: mDrawState=COMMIT_DRAW_PENDING Window{a763448 u0 com.google.android.photopicker/com.android.photopicker.PhotopickerGetContentActivity} in Surface(name=com.google.android.photopicker/com.android.photopicker.PhotopickerGetContentActivity)/@0xf2afac6
7298-12-03 14:12:40.491  1822  6539 D MiuiFreeFormGesturePointerEventListener: finishDrawingWindow: topFullScreenWindow= Window{a763448 u0 com.google.android.photopicker/com.android.photopicker.PhotopickerGetContentActivity}
7299-12-03 14:12:40.497  1822  2024 I SmartPower.com.google.android.photopicker/10158(10906): invisible->visible(539ms) R(become visible) adj=0.
7300-12-03 14:12:40.512  1822  2024 I WindowManager: wms.showSurfaceRobustly mWin:Window{a763448 u0 com.google.android.photopicker/com.android.photopicker.PhotopickerGetContentActivity}
7301-12-03 14:12:40.524  1822  2438 E MiuiActivityController: MiuiLog-ActivityObserver: There was something wrong : null
7302-12-03 14:12:40.587  1822  6536 D CompatibilityChangeReporter: Compat change id reported: 214016041; UID 10158; state: ENABLED
7303-12-03 14:12:40.623  1822  2024 D WindowManager: wms.Update InputWindowHandle: a763448 com.google.android.photopicker/com.android.photopicker.PhotopickerGetContentActivity, frame=[0,0,0,0], touchableRegion=SkRegion((0,0,1080,2400)), scaleFactor=1.0, transform=null, windowToken=android.os.BinderProxy@7205eeb, isClone=false, visibal=true, focusable=true, changed=true
7304-12-03 14:12:40.900  4524 10987 W BpBinder: PerfMonitor binderTransact :  time=392ms interface=android.content.IContentProvider code=1
7305-12-03 14:12:40.900  4524 11011 W BpBinder: PerfMonitor binderTransact :  time=339ms interface=android.content.IContentProvider code=1
7306-12-03 14:12:40.908 10906 10972 W BpBinder: PerfMonitor binderTransact :  time=352ms interface=android.content.IContentProvider code=1
7307-12-03 14:12:40.908 10906 10925 W BpBinder: PerfMonitor binderTransact :  time=406ms interface=android.content.IContentProvider code=1
7308-12-03 14:12:40.962  4524 10986 W BpBinder: PerfMonitor binderTransact :  time=617ms interface=android.content.IContentProvider code=1
7309-12-03 14:12:40.969 10906 10963 W BpBinder: PerfMonitor binderTransact :  time=645ms interface=android.content.IContentProvider code=1
7310-12-03 14:12:42.211  1822  5605 W ProcessStats: Tracking association SourceState{38e7606 com.miui.home/10103 BTopFgs #674206} whose proc state 2 is better than process ProcessState{645577b com.miui.securitycenter.remote/1000 pkg=com.miui.securitycenter} proc state 3 (784 skipped)
7311-12-03 14:12:43.165  1822  2676 I SmartPower.com.google.android.googlequicksearchbox:googleapp/10207(9579): background->idle(8140ms) R(broadcast start Intent { act=android.intent.action.BATTERY_CHANGED flg=0x60000010 (has extras) }) adj=800.
7312-12-03 14:12:43.166  1822  2676 I SmartPower.com.google.android.googlequicksearchbox:interactor/10207(4538): background->idle(3002ms) R(broadcast start Intent { act=android.intent.action.BATTERY_CHANGED flg=0x60000010 (has extras) }) adj=100.
7313-12-03 14:12:43.166  1822  2676 I SmartPower.com.whatsapp.w4b/10311(10316): background->idle(3001ms) R(broadcast start Intent { act=android.intent.action.BATTERY_CHANGED flg=0x60000010 (has extras) }) adj=901.
7314-12-03 14:12:43.438  1822  2676 I SmartPower.com.google.process.gservices/10205(10281): background->idle(3000ms) R(content provider start ContentProviderRecord{89c66d5 u0 com.google.android.gsf/.gservices.GservicesProvider}) adj=0.
7315-12-03 14:12:44.184  2965  3444 D vol.VolumeDialogControl: onRemoteUpdate: stream: 113 volume: 8
7316-12-03 14:12:44.191  1822  5599 W ActivityManager: Unable to start service Intent { pkg=com.milink.service cmp=com.milink.service/com.miui.miplay.audio.service.CoreService (has extras) } U=0: not found
7317-12-03 14:12:44.226  1822  2024 D WindowManager: wms.Focus not requested for window=Window{a763448 u0 com.google.android.photopicker/com.android.photopicker.PhotopickerGetContentActivity} because it has no surface or is not focusable.
7318-12-03 14:12:44.235  1822  6536 D WindowManager: wms.Input focus has changed to Window{ae41cc3 u0 com.albacontrol/com.albacontrol.MainActivity} display=0 updateInputWindows = true
7319-12-03 14:12:44.235  1822  6536 I MultiSenceManagerInternalStub: getInstance
7320:12-03 14:12:44.241 10869 10869 E ActivityThread:  fail in deliverResultsIfNeeded java.lang.NullPointerException: Attempt to invoke virtual method 'java.lang.String android.os.Bundle.getString(java.lang.String)' on a null object reference
7321-12-03 14:12:44.249  1822  2438 E MiuiActivityController: MiuiLog-ActivityObserver: There was something wrong : null
7322-12-03 14:12:44.343  1822  5605 I SmartPower.com.google.android.photopicker/10158(10906): visible->invisible(3846ms) R(become invisible) adj=0.
7323-12-03 14:12:44.343  1822  5605 I SmartPower.com.google.android.photopicker/10158(10906): invisible->background(1ms) R(become background) adj=0.
7324-12-03 14:12:44.348  1822  5605 D CoreBackPreview: Window{5c57fba u0 Toast}: Setting back callback OnBackInvokedCallbackInfo{mCallback=android.window.IOnBackInvokedCallback$Stub$Proxy@f788e74, mPriority=0}
7325-12-03 14:12:44.351  1822  2021 D Aurogon :  uid = 10158 switch to BG
7326-12-03 14:12:44.366 10906 10906 W MiuiMagicPointerUtilsStubHeadImpl: MiuiMagicPointerUtilsStubHeadImpl has been initialized !!
7327-12-03 14:12:44.383  1822  5605 D CoreBackPreview: Window{a763448 u0 com.google.android.photopicker/com.android.photopicker.PhotopickerGetContentActivity}: Setting back callback OnBackInvokedCallbackInfo{mCallback=android.window.IOnBackInvokedCallback$Stub$Proxy@e820fe3, mPriority=-1}
7328-12-03 14:12:44.397  1822  2024 I WindowManager: wms.showSurfaceRobustly mWin:Window{5c57fba u0 Toast}
7329-12-03 14:12:44.429  1822  6539 D CoreBackPreview: Window{a763448 u0 com.google.android.photopicker/com.android.photopicker.PhotopickerGetContentActivity}: Setting back callback null
7330-12-03 14:12:44.438  1822  2764 I PowerManagerServiceImpl: Acquire wakelock: SCREEN_BRIGHT_WAKE_LOCK        'WindowManager' ON_AFTER_RELEASE (uid=1000 pid=1822 pkg=android ws=WorkSource{1000 com.android.systemui})
7331-12-03 14:12:44.446  1822  2438 E MiuiActivityController: MiuiLog-ActivityObserver: There was something wrong : null
7332-12-03 14:12:44.447  1822  5604 D WindowManager: setLockTaskAuth: task=Task{c100ac8 #381 type=standard A=10217:com.albacontrol U=0 visible=true visibleRequested=true mode=fullscreen translucent=false sz=1} mLockTaskAuth=LOCK_TASK_AUTH_PINNABLE
7333-12-03 14:12:44.587 10869 10869 W Activity: PerfMonitor: Slow Operation: Activity com.albacontrol/.MainActivity onActivityResult took 345ms
7334-12-03 14:12:44.655  1822  2438 E MiuiActivityController: MiuiLog-ActivityObserver: There was something wrong : null
7335-12-03 14:12:45.019  1822  2030 D HeapUsage Monitor: HeapAllocSize : 108MB; monitorSize : 500MB
7336-12-03 14:12:45.113  1822  5599 D PerfShielderService: com.albacontrol|com.albacontrol/com.albacontrol.MainActivity|325|198491775889539|281|0|2
7337-12-03 14:12:45.114  4614 25272 W MiuiPerfServiceClient: interceptAndQueuing:10869|com.albacontrol|325|281|198491775889539|Slow main thread|2
7338-12-03 14:12:45.166  1822  2902 D ProcessMemoryCleaner: Compact memory: com.whatsapp.w4b/10311(10316) state=hibernation adj=901 pri=511 usage=5 isKilled=false pss:118633 swap:46929
7339-12-03 14:12:45.300  1822  1822 D UiModeManager: updateConfigurationLocked: mDockState=0; mCarMode=false; mCar=false; mPowerSave=false; mComputedNightMode=true; mNightMode=2; uiMode=33
7340-12-03 14:12:45.310  1822  2058 I SmartPower.com.google.android.googlequicksearchbox:interactor/10207(4538): idle->background(2144ms) R(broadcast start Intent { act=android.intent.action.BATTERY_CHANGED flg=0x60000010 (has extras) }) adj=100.
7341-12-03 14:12:45.311  1822  2058 I SmartPower.com.whatsapp.w4b/10311(10316): idle->background(2145ms) R(broadcast start Intent { act=android.intent.action.BATTERY_CHANGED flg=0x60000010 (has extras) }) adj=901.
7342-12-03 14:12:45.316  1822  1822 D UiModeManager: updateConfigurationLocked: mDockState=0; mCarMode=false; mCar=false; mPowerSave=false; mComputedNightMode=true; mNightMode=2; uiMode=33
7343-12-03 14:12:45.392  1822 11599 D AutofillSession: clearPendingIntentLocked
7344-12-03 14:12:45.392  1822 11599 W AutofillInlineSuggestionsRequestSession: Never received an InlineSuggestionsRequest from the IME for 1073741826@9141058
7345-12-03 14:12:45.759   607 10834 I keystore2: keystore2::watchdog: Watchdog thread idle -> terminating. Have a great day.
7346-12-03 14:12:45.985 10869 10869 W Looper  : PerfMonitor doFrame : time=126ms vsyncFrame=0 latency=467ms procState=-1 historyMsgCount=2
7347-12-03 14:12:46.025  1822  5604 D AutofillSession: createPendingIntent for request 221
7348-12-03 14:12:46.025  1822  5604 D ContentCapturePerUserService: Notified activity assist data for activity: Token{4cdb761 ActivityRecord{3397f6b u0 com.albacontrol/.MainActivity} t381}} without a session Id
7349-12-03 14:12:46.916  1822  5604 D CoreBackPreview: Window{5c57fba u0 Toast}: Setting back callback null
7350-12-03 14:12:46.934  1822  5604 I PowerManagerServiceImpl: Release wakelock: SCREEN_BRIGHT_WAKE_LOCK        'WindowManager' ON_AFTER_RELEASE DISABLED ACQ=-2s495ms (uid=1000 pid=1822 pkg=android ws=WorkSource{1000 com.android.systemui})
7351-12-03 14:12:46.940  1822  5604 W NotificationService: Toast already killed. pkg=com.albacontrol token=android.os.BinderProxy@6d2e779
7352-12-03 14:12:46.974  1822  5604 D CoreBackPreview: Window{c2dd11f u0 Toast}: Setting back callback OnBackInvokedCallbackInfo{mCallback=android.window.IOnBackInvokedCallback$Stub$Proxy@51ec6ca, mPriority=0}
7353-12-03 14:12:47.008  1822  2024 I WindowManager: wms.showSurfaceRobustly mWin:Window{c2dd11f u0 Toast}
7354-12-03 14:12:47.345  1822  2676 I SmartPower.com.google.android.photopicker/10158(10906): background->idle(3001ms) R(become background) adj=905.
7355-12-03 14:12:47.370  1822  5604 I InputMethodManagerService: IMMS.showSoftInput(), client = com.android.internal.view.IInputMethodClient$Stub$Proxy@650cb1
7356-12-03 14:12:47.370  1822  5604 I InputMethodManagerService: IMMS.showCurrentInputLocked(), flags = 0
7357-12-03 14:12:47.370  1822  5604 D SmartPower.com.google.android.inputmethod.latin:train/10228(23204): show input method
7358-12-03 14:12:47.370  1822  5604 I SmartPower.com.google.android.inputmethod.latin:train/10228(23204): idle->visible(812552ms) R(show input method) adj=945.
7359-12-03 14:12:47.370  1822  5604 D SmartPower.com.google.android.inputmethod.latin/10228(5577): show input method
7360-12-03 14:12:47.370  1822  5604 I SmartPower.com.google.android.inputmethod.latin/10228(5577): background->visible(612457ms) R(show input method) adj=100.
--
7753-12-03 14:13:50.117  1822  6300 D PackageManager: set app component=ComponentInfo{com.facebook.appmanager/com.facebook.oxygen.appmanager.webinstall.WebInstallAppLinkMetaAIActivity} enabled state: 1 from null,uid=10178,pid=11237
7754-12-03 14:13:50.130  1822  6300 D PackageManager: set app component=ComponentInfo{com.facebook.appmanager/com.facebook.oxygen.appmanager.webinstall.WebInstallAppLinkMetaAIActivity} enabled state: 2 from null,uid=10178,pid=11237
7755-12-03 14:13:50.134  1822  6300 D PackageManager: set app component=ComponentInfo{com.facebook.appmanager/com.facebook.oxygen.appmanager.webinstall.WebInstallAppLinkInstagramActivity} enabled state: 2 from null,uid=10178,pid=11237
7756-12-03 14:13:50.140  1822  6300 D PackageManager: set app component=ComponentInfo{com.facebook.appmanager/com.facebook.oxygen.appmanager.webinstall.WebInstallAppLinkThreadsActivity} enabled state: 1 from null,uid=10178,pid=11237
7757-12-03 14:13:50.147  1822  6300 D PackageManager: set app component=ComponentInfo{com.facebook.appmanager/com.facebook.oxygen.appmanager.webinstall.WebInstallAppLinkMessengerActivity} enabled state: 2 from null,uid=10178,pid=11237
7758-12-03 14:13:50.154  1822  6219 D PackageManager: set app component=ComponentInfo{com.facebook.appmanager/com.facebook.oxygen.appmanager.webinstall.WebInstallAppLinkIgliteLoggedOutActivity} enabled state: 1 from null,uid=10178,pid=11237
7759-12-03 14:13:50.161  1822  6219 D PackageManager: set app component=ComponentInfo{com.facebook.appmanager/com.facebook.oxygen.appmanager.webinstall.WebInstallAppLinkIgliteLoggedOutActivity} enabled state: 2 from null,uid=10178,pid=11237
7760-12-03 14:13:50.168  1822  6300 D PackageManager: set app component=ComponentInfo{com.facebook.appmanager/com.facebook.oxygen.appmanager.webinstall.WebInstallAppLinkWhatsAppLoggedOutActivity} enabled state: 1 from null,uid=10178,pid=11237
7761-12-03 14:13:50.179  1822  6300 D PackageManager: set app component=ComponentInfo{com.facebook.appmanager/com.facebook.oxygen.appmanager.webinstall.WebInstallAppLinkFbliteLoggedOutActivity} enabled state: 1 from null,uid=10178,pid=11237
7762-12-03 14:13:50.192  1822  6300 D PackageManager: set app component=ComponentInfo{com.facebook.appmanager/com.facebook.oxygen.appmanager.webinstall.WebInstallAppLinkFB4ALoggedOutActivity} enabled state: 1 from null,uid=10178,pid=11237
7763-12-03 14:13:50.208  1822  6207 D PackageManager: set app component=ComponentInfo{com.facebook.appmanager/com.facebook.oxygen.appmanager.webinstall.WebInstallAppLinkMetaAILoggedOutActivity} enabled state: 1 from null,uid=10178,pid=11237
7764-12-03 14:13:50.231  1822  6207 D PackageManager: set app component=ComponentInfo{com.facebook.appmanager/com.facebook.oxygen.appmanager.webinstall.WebInstallAppLinkMetaAILoggedOutActivity} enabled state: 2 from null,uid=10178,pid=11237
7765-12-03 14:13:50.237  1822  6207 D PackageManager: set app component=ComponentInfo{com.facebook.appmanager/com.facebook.oxygen.appmanager.webinstall.WebInstallAppLinkInstagramLoggedOutActivity} enabled state: 2 from null,uid=10178,pid=11237
7766-12-03 14:13:50.246  1822  6207 D PackageManager: set app component=ComponentInfo{com.facebook.appmanager/com.facebook.oxygen.appmanager.webinstall.WebInstallAppLinkThreadsLoggedOutActivity} enabled state: 1 from null,uid=10178,pid=11237
7767-12-03 14:13:50.257  1822  6207 D PackageManager: set app component=ComponentInfo{com.facebook.appmanager/com.facebook.oxygen.appmanager.webinstall.WebInstallAppLinkMessengerLoggedOutActivity} enabled state: 2 from null,uid=10178,pid=11237
7768-12-03 14:13:50.261  1822  6207 D PackageManager: set app component=ComponentInfo{com.facebook.appmanager/com.facebook.oxygen.appmanager.webinstall.WebInstallAppLinkIgliteRestrictedActivity} enabled state: 2 from null,uid=10178,pid=11237
7769-12-03 14:13:50.263  1822  6207 D PackageManager: set app component=ComponentInfo{com.facebook.appmanager/com.facebook.oxygen.appmanager.webinstall.WebInstallAppLinkWhatsAppRestrictedActivity} enabled state: 2 from null,uid=10178,pid=11237
7770-12-03 14:13:50.266  1822  6207 D PackageManager: set app component=ComponentInfo{com.facebook.appmanager/com.facebook.oxygen.appmanager.webinstall.WebInstallAppLinkFbliteRestrictedActivity} enabled state: 2 from null,uid=10178,pid=11237
7771-12-03 14:13:50.270  1822  6207 D PackageManager: set app component=ComponentInfo{com.facebook.appmanager/com.facebook.oxygen.appmanager.webinstall.WebInstallAppLinkFB4ARestrictedActivity} enabled state: 2 from null,uid=10178,pid=11237
7772-12-03 14:13:50.274  1822  6207 D PackageManager: set app component=ComponentInfo{com.facebook.appmanager/com.facebook.oxygen.appmanager.webinstall.WebInstallAppLinkMetaAIRestrictedActivity} enabled state: 2 from null,uid=10178,pid=11237
7773-12-03 14:13:50.277  1822  6207 D PackageManager: set app component=ComponentInfo{com.facebook.appmanager/com.facebook.oxygen.appmanager.webinstall.WebInstallAppLinkInstagramRestrictedActivity} enabled state: 2 from null,uid=10178,pid=11237
7774-12-03 14:13:50.281  1822  6207 D PackageManager: set app component=ComponentInfo{com.facebook.appmanager/com.facebook.oxygen.appmanager.webinstall.WebInstallAppLinkThreadsRestrictedActivity} enabled state: 2 from null,uid=10178,pid=11237
7775-12-03 14:13:50.284  1822  6207 D PackageManager: set app component=ComponentInfo{com.facebook.appmanager/com.facebook.oxygen.appmanager.webinstall.WebInstallAppLinkMessengerRestrictedActivity} enabled state: 2 from null,uid=10178,pid=11237
7776-12-03 14:13:50.286  1822  6207 D PackageManager: set app component=ComponentInfo{com.facebook.appmanager/com.facebook.oxygen.appmanager.modules.api.ModulesApiProvider} enabled state: 1 from null,uid=10178,pid=11237
7777-12-03 14:13:50.287  1822  6207 D PackageManager: set app component=ComponentInfo{com.facebook.appmanager/com.facebook.oxygen.appmanager.firstparty.tos.ShouldAcceptTos} enabled state: 2 from null,uid=10178,pid=11237
7778-12-03 14:13:50.288  1822  6207 D PackageManager: set app component=ComponentInfo{com.facebook.appmanager/com.facebook.oxygen.appmanager.firstparty.tos.ShouldShowTos} enabled state: 2 from null,uid=10178,pid=11237
7779-12-03 14:13:50.289  1822  6207 D PackageManager: set app component=ComponentInfo{com.facebook.appmanager/com.facebook.oxygen.appmanager.firstparty.tos.ShouldShowExplicitTos} enabled state: 2 from null,uid=10178,pid=11237
7780-12-03 14:13:50.312  1822  6207 I ActivityManager: com.facebook.system is exempt from freezer
7781-12-03 14:13:50.313  1822  6207 D CompatibilityChangeReporter: Compat change id reported: 135634846; UID 10116; state: DISABLED
7782-12-03 14:13:50.313  1822  6207 D CompatibilityChangeReporter: Compat change id reported: 177438394; UID 10116; state: DISABLED
7783-12-03 14:13:50.313  1822  6207 D CompatibilityChangeReporter: Compat change id reported: 135772972; UID 10116; state: DISABLED
7784-12-03 14:13:50.314  1822  6207 D CompatibilityChangeReporter: Compat change id reported: 135754954; UID 10116; state: ENABLED
7785-12-03 14:13:50.315  1822  2059 D CompatibilityChangeReporter: Compat change id reported: 143937733; UID 10116; state: ENABLED
7786-12-03 14:13:50.329  1822  2059 D Boost   : hostingType=content provider, hostingName={com.facebook.system/com.facebook.oxygen.installer.api.AppManagerApiProvider}, callerPackage=com.facebook.appmanager, isSystem=true, isBoostNeeded=false.
7787-12-03 14:13:50.330  1822  2059 I ActivityManager: Start proc 11283:com.facebook.system/u0a116 for content provider {com.facebook.system/com.facebook.oxygen.installer.api.AppManagerApiProvider} caller=com.facebook.appmanager
7788-12-03 14:13:50.393  1822  6207 I SmartPower.com.facebook.system/10116(11283): died->background(738780ms) R(process start ) adj=-10000.
7789-12-03 14:13:50.396  1822  6207 D CompatibilityChangeReporter: Compat change id reported: 168419799; UID 10116; state: DISABLED
7790-12-03 14:13:50.550  1822  6207 W ProcessStats: Tracking association SourceState{38e7606 com.miui.home/10103 BTopFgs #674367} whose proc state 2 is better than process ProcessState{645577b com.miui.securitycenter.remote/1000 pkg=com.miui.securitycenter} proc state 3 (74 skipped)
7791-12-03 14:13:50.584  1822  6207 D PackageManager: set app component=ComponentInfo{com.facebook.appmanager/com.facebook.oxygen.appmanager.nekodirect.NekoDirectProvider} enabled state: 2 from null,uid=10178,pid=11237
7792-12-03 14:13:50.586  1822  6207 W ContentProviderHelper: No provider info for content provider com.facebook.appmanager.nekodirect when providerRunning is false, caller is ProcessRecord{3538d15 11237:com.facebook.appmanager/u0a178}
7793:12-03 14:13:50.587 11237 11274 E ActivityThread: Failed to find provider info for com.facebook.appmanager.nekodirect
7794-12-03 14:13:50.588  1822  6207 D PackageManager: set app component=ComponentInfo{com.facebook.appmanager/com.facebook.oxygen.appmanager.installapi.OxInstallApiProvider} enabled state: 1 from null,uid=10178,pid=11237
7795-12-03 14:13:50.589  1822  6535 D PackageManager: set app component=ComponentInfo{com.facebook.appmanager/com.facebook.oxygen.appmanager.experimentation.AppManagerExperimentProvider} enabled state: 1 from null,uid=10178,pid=11237
7796-12-03 14:13:51.031 10869 10869 I ForceDarkHelperStubImpl: setViewRootImplForceDark: false for com.albacontrol.MainActivity@13aa5e6, reason: AppDarkModeEnable
7797-12-03 14:13:51.037  1822  6535 D WindowManager: wms.Input focus has changed to Window{71c45b6 u0 com.albacontrol/com.albacontrol.MainActivity} display=0 updateInputWindows = false
7798-12-03 14:13:51.037  1822  6535 I MultiSenceManagerInternalStub: getInstance
7799-12-03 14:13:51.039  1822  2024 D WindowManager: wms.Focus not requested for window=Window{71c45b6 u0 com.albacontrol/com.albacontrol.MainActivity} because it has no surface or is not focusable.
7800-12-03 14:13:51.041  1822  6300 D CoreBackPreview: Window{71c45b6 u0 com.albacontrol/com.albacontrol.MainActivity}: Setting back callback OnBackInvokedCallbackInfo{mCallback=android.window.IOnBackInvokedCallback$Stub$Proxy@a7c99bc, mPriority=0}
7801-12-03 14:13:51.066  1822  2189 I AppsFilter: interaction: PackageSetting{49b004a com.albacontrol/10217} -> PackageSetting{351dbbb com.facebook.appmanager/10178} BLOCKED
7802-12-03 14:13:51.067  1822  2189 I AppsFilter: interaction: PackageSetting{ba0f3ed com.example.albacontrol.test/10890} -> PackageSetting{351dbbb com.facebook.appmanager/10178} BLOCKED
7803-12-03 14:13:51.067  1822  2189 I AppsFilter: interaction: PackageSetting{4284222 com.fido.asm/10152} -> PackageSetting{351dbbb com.facebook.appmanager/10178} BLOCKED
7804-12-03 14:13:51.073  1822  2024 D WindowManager: wms.Update InputWindowHandle: 71c45b6 com.albacontrol/com.albacontrol.MainActivity, frame=[0,0,0,0], touchableRegion=SkRegion((-28,-913,1052,1487)), scaleFactor=1.0, transform=null, windowToken=android.os.BinderProxy@3233951, isClone=false, visibal=true, focusable=true, changed=true
7805-12-03 14:13:51.079 10869 10869 I ForceDarkHelperStubImpl: setViewRootImplForceDark: false for com.albacontrol.MainActivity@13aa5e6, reason: AppDarkModeEnable
7806-12-03 14:13:51.100  1822  6219 D WindowManager: wms.finishDrawingLocked: mDrawState=COMMIT_DRAW_PENDING Window{71c45b6 u0 com.albacontrol/com.albacontrol.MainActivity} in Surface(name=com.albacontrol/com.albacontrol.MainActivity)/@0xdb09cb4
7807-12-03 14:13:51.115  1822  2024 I WindowManager: wms.showSurfaceRobustly mWin:Window{71c45b6 u0 com.albacontrol/com.albacontrol.MainActivity}
