1210-12-03 13:52:52.375  1822  2058 I SmartPower.com.google.android.googlequicksearchbox:interactor/10207(4538): idle->background(2114ms) R(broadcast start Intent { act=android.intent.action.BATTERY_CHANGED flg=0x60000010 (has extras) }) adj=100.
1211-12-03 13:52:52.378  1822  2058 I SmartPower.com.whatsapp.w4b/10311(10316): idle->background(2116ms) R(broadcast start Intent { act=android.intent.action.BATTERY_CHANGED flg=0x60000010 (has extras) }) adj=902.
1212-12-03 13:52:52.389  1822  1822 D UiModeManager: updateConfigurationLocked: mDockState=0; mCarMode=false; mCar=false; mPowerSave=false; mComputedNightMode=true; mNightMode=2; uiMode=33
1213-12-03 13:52:53.635  1822  1822 W WindowManager: removeWindowToken: Attempted to remove non-existing token: android.os.Binder@6cec77c
1214-12-03 13:52:55.381  1822  2676 I SmartPower.com.google.android.googlequicksearchbox:interactor/10207(4538): background->idle(3006ms) R(broadcast start Intent { act=android.intent.action.BATTERY_CHANGED flg=0x60000010 (has extras) }) adj=100.
1215-12-03 13:52:55.382  1822  2676 I SmartPower.com.whatsapp.w4b/10311(10316): background->idle(3004ms) R(broadcast start Intent { act=android.intent.action.BATTERY_CHANGED flg=0x60000010 (has extras) }) adj=902.
1216-12-03 13:52:57.383  1822  2902 D ProcessMemoryCleaner: Compact memory: com.whatsapp.w4b/10311(10316) state=hibernation adj=902 pri=511 usage=5 isKilled=false pss:133829 swap:45093
1217-12-03 13:53:00.002  1822  2394 D AlarmManager: mBroadcastRefCount -> 1
1218-12-03 13:53:00.009  1822  1822 D AlarmManager: mBroadcastRefCount -> 0
1219-12-03 13:53:00.010  1822  1822 D AlarmManager: mPendingIntent -> null
1220-12-03 13:53:00.039  1822  2906 D PerfShielderService: com.android.systemui|StatusBar|515|197293302182548|434|3|3
1221-12-03 13:53:00.040  4614 24914 W MiuiPerfServiceClient: interceptAndQueuing:2965|com.android.systemui|515|434|197293302182548|Slow handle traversal|3
1222-12-03 13:53:08.071  2965  3444 D vol.VolumeDialogControl: onRemoteUpdate: stream: 113 volume: 8
1223-12-03 13:53:08.084  1822  1854 W ActivityManager: Unable to start service Intent { pkg=com.milink.service cmp=com.milink.service/com.miui.miplay.audio.service.CoreService (has extras) } U=0: not found
1224-12-03 13:53:14.971  1822  2030 D HeapUsage Monitor: HeapAllocSize : 102MB; monitorSize : 500MB
1225-12-03 13:53:17.949  1822  1822 D UiModeManager: updateConfigurationLocked: mDockState=0; mCarMode=false; mCar=false; mPowerSave=false; mComputedNightMode=true; mNightMode=2; uiMode=33
1226-12-03 13:53:17.967  1822  2058 I SmartPower.com.google.android.googlequicksearchbox:interactor/10207(4538): idle->background(22586ms) R(broadcast start Intent { act=android.intent.action.BATTERY_CHANGED flg=0x60000010 (has extras) }) adj=100.
1227-12-03 13:53:17.969  1822  2058 I SmartPower.com.whatsapp.w4b/10311(10316): idle->background(22587ms) R(broadcast start Intent { act=android.intent.action.BATTERY_CHANGED flg=0x60000010 (has extras) }) adj=902.
1228-12-03 13:53:17.979  1822  1822 D UiModeManager: updateConfigurationLocked: mDockState=0; mCarMode=false; mCar=false; mPowerSave=false; mComputedNightMode=true; mNightMode=2; uiMode=33
1229-12-03 13:53:19.148  1822  2178 D DisplayPowerControllerImpl: updateBrightnessChangeStatus: animating: true, displayState: 2, slowChange: false, appliedDimming: true, appliedLowPower: false, currentBrightness: 0.13953866, currentSdrBrightness: 0.13953866, targetBrightness: 0.00342131, targetSdrBrightness: 0.00342131, previousDisplayPolicy: 3, currentDisplayPolicy: 2, appliedHdrRate: false
1230-12-03 13:53:19.149  1822  2178 I DisplayPowerControllerImpl: Animating brightness rate: 0.7058823, outRate: 0.7058823, reason: no_changed
1231-12-03 13:53:19.151  1822  2178 I DisplayPowerController[0]: Brightness [0.00342131] reason changing to: 'manual [ dim ]', previous reason: 'manual'.
1232-12-03 13:53:19.152  1822  2178 I DisplayPowerController[0]: BrightnessEvent: disp=0, brt=0.00342131, rcmdBrt=NaN, preBrt=NaN, lux=0.0, preLux=0.0, hbmMax=1.0, hbmMode=off, thrmMax=1.0, flags=, reason=manual [ dim ]
1233-12-03 13:53:20.970  1822  2676 I SmartPower.com.google.android.googlequicksearchbox:interactor/10207(4538): background->idle(3003ms) R(broadcast start Intent { act=android.intent.action.BATTERY_CHANGED flg=0x60000010 (has extras) }) adj=100.
--
1618-12-03 13:54:25.632  1822  1822 D AlarmManager: mBroadcastRefCount -> 3
1619-12-03 13:54:25.632  1822  1822 D AlarmManager: mPendingIntent -> PendingIntent{e77849e: PendingIntentRecord{37fcb7f com.miui.powerkeeper startService}}
1620-12-03 13:54:25.632  1822  1822 D AlarmManager: mBroadcastRefCount -> 2
1621-12-03 13:54:25.632  1822  1822 D AlarmManager: mPendingIntent -> null
1622-12-03 13:54:25.634  1822  1822 D AlarmManager: mBroadcastRefCount -> 1
1623-12-03 13:54:25.635  1822  1822 D AlarmManager: mPendingIntent -> null
1624-12-03 13:54:25.635  1822  1822 D AlarmManager: mBroadcastRefCount -> 0
1625-12-03 13:54:25.635  1822  1822 D AlarmManager: mPendingIntent -> null
1626-12-03 13:54:25.638  1822  1822 D Fingerprint21: handleError, client: FingerprintAuthenticationClient, error: 5, vendorCode: 0
1627-12-03 13:54:25.638  1822  1822 D Biometrics/AcquisitionClient: onErrorInternal code: 5, finish: true
1628-12-03 13:54:25.638  1822  1822 W BiometricFrameworkStatsLogger: found a negative latency : -1
1629-12-03 13:54:25.639  1822  1822 D BiometricStateCallback: Client finished, state updated to 0, client {[856] com.android.server.biometrics.sensors.fingerprint.hidl.FingerprintAuthenticationClient, proto=3, owner=com.android.systemui, cookie=0, requestId=368, userId=0}
1630-12-03 13:54:25.639  1822  1822 D BiometricSchedulerOperation: [Finished / destroy]: {[856] com.android.server.biometrics.sensors.fingerprint.hidl.FingerprintAuthenticationClient, proto=3, owner=com.android.systemui, cookie=0, requestId=368, userId=0}
1631-12-03 13:54:25.643  1822  1822 D BiometricScheduler/Fingerprint21: [Finishing] {[856] com.android.server.biometrics.sensors.fingerprint.hidl.FingerprintAuthenticationClient, proto=3, owner=com.android.systemui, cookie=0, requestId=368, userId=0}, success: false
1632-12-03 13:54:25.644  1822  1822 D BiometricCoexCoordinator: removeAuthenticationClient(OtherFp), client: {[856] com.android.server.biometrics.sensors.fingerprint.hidl.FingerprintAuthenticationClient, proto=3, owner=com.android.systemui, cookie=0, requestId=368, userId=0}
1633-12-03 13:54:25.644  1822  1822 D GestureAvailabilityTracker: Notifying gesture availability, active=true
1634-12-03 13:54:25.644  1822  1822 D BiometricScheduler/Fingerprint21: No operations, returning to idle
1635-12-03 13:54:25.645  1822  3498 D CompatibilityChangeReporter: Compat change id reported: 194532703; UID 1000; state: ENABLED
1636-12-03 13:54:25.646  1822  3498 D CompatibilityChangeReporter: Compat change id reported: 194532703; UID 1000; state: DISABLED
1637-12-03 13:54:25.651  1822  4595 W JobScheduler: Job didn't exist in JobStore: 
1638-12-03 13:54:25.656  1822  4595 W JobScheduler: Job didn't exist in JobStore: 
1639-12-03 13:54:25.664  1822  4602 I SmartPower.com.google.android.apps.docs.editors.docs/10399(2572): died->background(55020292ms) R(process start ) adj=-10000.
1640-12-03 13:54:25.666  1822  4595 D WindowManager: wms.finishDrawingLocked: mDrawState=COMMIT_DRAW_PENDING Window{17e5a59 u0 android/com.android.internal.app.MiuiChooserActivity} in Surface(name=android/com.android.internal.app.MiuiChooserActivity)/@0x75b95ec
1641-12-03 13:54:25.666   536   536 I ForceDarkHelperStubImpl: setViewRootImplForceDark: true for com.android.internal.app.MiuiChooserActivity@8ddc7a, reason: WhiteAppDarkMode
1642-12-03 13:54:25.683  1822  4595 I SmartPower.com.google.android.ext.services/10264(13860): idle->background(40820ms) R(service unbind com.google.android.ext.services/android.ext.services.resolver.LRResolverRankerService) adj=100.
1643-12-03 13:54:25.688  1822  6539 D CoreBackPreview: Window{4effb91 u0 android/com.android.internal.app.MiuiChooserActivity}: Setting back callback null
1644-12-03 13:54:25.695 32190 32190 I ForceDarkHelperStubImpl: setViewRootImplForceDark: false for com.albacontrol.MainActivity@f198538, reason: AppDarkModeEnable
1645-12-03 13:54:25.701  1822  6539 D CoreBackPreview: Window{2eed497 u0 com.albacontrol/com.albacontrol.MainActivity}: Setting back callback OnBackInvokedCallbackInfo{mCallback=android.window.IOnBackInvokedCallback$Stub$Proxy@9421e6d, mPriority=0}
1646-12-03 13:54:25.706   536   536 D MiuiResolverActivity: Application.getProcessName() android:ui
1647-12-03 13:54:25.707   536   536 D MiuiResolverActivity: intent() Intent { act=android.intent.action.SEND typ=application/pdf flg=0x8080001 clip={application/pdf {T(258) U(content)}} (has extras) }
1648-12-03 13:54:25.763   536   536 D ResolverActivityStubImpl: rebuildCompleted: false
1649-12-03 13:54:25.764   536   536 D ResolverActivityStubImpl: ResolverActivityInjector: count 36
1650-12-03 13:54:25.764   536   536 D ResolverActivityStubImpl: java.lang.Throwable
1651-12-03 13:54:25.764   536   536 D ResolverActivityStubImpl: 	at com.android.internal.app.ResolverActivityStubImpl.initGridViews(ResolverActivityStubImpl.java:475)
1652-12-03 13:54:25.764   536   536 D ResolverActivityStubImpl: 	at com.android.internal.app.ResolverActivityStubImpl.configureContentView(ResolverActivityStubImpl.java:278)
1653-12-03 13:54:25.764   536   536 D ResolverActivityStubImpl: 	at com.android.internal.app.MiuiResolverActivity.onCreate(MiuiResolverActivity.java:454)
1654-12-03 13:54:25.764   536   536 D ResolverActivityStubImpl: 	at com.android.internal.app.MiuiChooserActivity.onCreate(MiuiChooserActivity.java:848)
1655-12-03 13:54:25.764   536   536 D ResolverActivityStubImpl: 	at android.app.Activity.performCreate(Activity.java:8589)
1656-12-03 13:54:25.764   536   536 D ResolverActivityStubImpl: 	at android.app.Activity.performCreate(Activity.java:8553)
1657-12-03 13:54:25.764   536   536 D ResolverActivityStubImpl: 	at android.app.Instrumentation.callActivityOnCreate(Instrumentation.java:1445)
1658:12-03 13:54:25.764   536   536 D ResolverActivityStubImpl: 	at android.app.ActivityThread.performLaunchActivity(ActivityThread.java:3901)
1659:12-03 13:54:25.764   536   536 D ResolverActivityStubImpl: 	at android.app.ActivityThread.handleLaunchActivity(ActivityThread.java:4073)
1660:12-03 13:54:25.764   536   536 D ResolverActivityStubImpl: 	at android.app.ActivityThread.handleRelaunchActivityInner(ActivityThread.java:6105)
1661:12-03 13:54:25.764   536   536 D ResolverActivityStubImpl: 	at android.app.ActivityThread.handleRelaunchActivity(ActivityThread.java:5996)
1662-12-03 13:54:25.764   536   536 D ResolverActivityStubImpl: 	at android.app.servertransaction.ActivityRelaunchItem.execute(ActivityRelaunchItem.java:71)
1663-12-03 13:54:25.764   536   536 D ResolverActivityStubImpl: 	at android.app.servertransaction.ActivityTransactionItem.execute(ActivityTransactionItem.java:45)
1664-12-03 13:54:25.764   536   536 D ResolverActivityStubImpl: 	at android.app.servertransaction.TransactionExecutor.executeCallbacks(TransactionExecutor.java:135)
1665-12-03 13:54:25.764   536   536 D ResolverActivityStubImpl: 	at android.app.servertransaction.TransactionExecutor.execute(TransactionExecutor.java:95)
1666:12-03 13:54:25.764   536   536 D ResolverActivityStubImpl: 	at android.app.ActivityThread$H.handleMessage(ActivityThread.java:2426)
1667-12-03 13:54:25.764   536   536 D ResolverActivityStubImpl: 	at android.os.Handler.dispatchMessage(Handler.java:106)
1668-12-03 13:54:25.764   536   536 D ResolverActivityStubImpl: 	at android.os.Looper.loopOnce(Looper.java:211)
1669-12-03 13:54:25.764   536   536 D ResolverActivityStubImpl: 	at android.os.Looper.loop(Looper.java:300)
1670:12-03 13:54:25.764   536   536 D ResolverActivityStubImpl: 	at android.app.ActivityThread.main(ActivityThread.java:8503)
1671-12-03 13:54:25.764   536   536 D ResolverActivityStubImpl: 	at java.lang.reflect.Method.invoke(Native Method)
1672-12-03 13:54:25.764   536   536 D ResolverActivityStubImpl: 	at com.android.internal.os.RuntimeInit$MethodAndArgsCaller.run(RuntimeInit.java:561)
1673-12-03 13:54:25.764   536   536 D ResolverActivityStubImpl: 	at com.android.internal.os.ZygoteInit.main(ZygoteInit.java:954)
1674-12-03 13:54:25.764   536   536 D ResolverActivityStubImpl: page: 5
1675-12-03 13:54:25.766  1822  6539 I WindowManager: finishDrawing of relaunch: Window{2eed497 u0 com.albacontrol/com.albacontrol.MainActivity} 221ms
1676-12-03 13:54:25.766  1822  6539 D WindowManager: wms.finishDrawingLocked: mDrawState=COMMIT_DRAW_PENDING Window{2eed497 u0 com.albacontrol/com.albacontrol.MainActivity} in Surface(name=com.albacontrol/com.albacontrol.MainActivity)/@0x354c5ab
1677-12-03 13:54:25.778  1822  2438 E MiuiActivityController: MiuiLog-ActivityObserver: There was something wrong : null
1678-12-03 13:54:25.819   536   536 I ForceDarkHelperStubImpl: setViewRootImplForceDark: true for com.android.internal.app.MiuiChooserActivity@10b0bf4, reason: WhiteAppDarkMode
1679-12-03 13:54:25.819  1822  4602 W WindowManager: Failed looking up window session=Session{9ed952e 536:1000} callers=com.android.server.wm.WindowManagerService.windowForClientLocked:6466 com.android.server.wm.Session.updateRequestedVisibilities:716 android.view.IWindowSession$Stub.onTransact:1115 
1680-12-03 13:54:25.824  1822  4602 D CoreBackPreview: Window{d2b052 u0 android/com.android.internal.app.MiuiChooserActivity}: Setting back callback OnBackInvokedCallbackInfo{mCallback=android.window.IOnBackInvokedCallback$Stub$Proxy@3bbc20, mPriority=0}
1681-12-03 13:54:25.842   536   536 I ForceDarkHelperStubImpl: setViewRootImplForceDark: true for com.android.internal.app.MiuiChooserActivity@10b0bf4, reason: WhiteAppDarkMode
1682-12-03 13:54:25.845  1822  4602 D CoreBackPreview: Window{7c77f9e u0 android/com.android.internal.app.MiuiChooserActivity}: Setting back callback OnBackInvokedCallbackInfo{mCallback=android.window.IOnBackInvokedCallback$Stub$Proxy@5707a4c, mPriority=0}
1683-12-03 13:54:25.888   536   536 I ForceDarkHelperStubImpl: setViewRootImplForceDark: true for com.android.internal.app.MiuiChooserActivity@10b0bf4, reason: WhiteAppDarkMode
1684-12-03 13:54:25.941  1822  3498 I WindowManager: finishDrawing of relaunch: Window{7c77f9e u0 android/com.android.internal.app.MiuiChooserActivity} 398ms
1685-12-03 13:54:25.941  1822  3498 D WindowManager: wms.finishDrawingLocked: mDrawState=COMMIT_DRAW_PENDING Window{7c77f9e u0 android/com.android.internal.app.MiuiChooserActivity} in Surface(name=android/com.android.internal.app.MiuiChooserActivity)/@0xf73574d
1686-12-03 13:54:25.941  1822  3498 D MiuiFreeFormGesturePointerEventListener: finishDrawingWindow: topFullScreenWindow= Window{7c77f9e u0 android/com.android.internal.app.MiuiChooserActivity}
1687-12-03 13:54:25.944  1822  3498 D WindowManager: wms.finishDrawingLocked: mDrawState=COMMIT_DRAW_PENDING Window{d2b052 u0 android/com.android.internal.app.MiuiChooserActivity} in Surface(name=android/com.android.internal.app.MiuiChooserActivity)/@0x32d0e7c
1688-12-03 13:54:25.950  1822  4602 I SmartPower.com.albacontrol/10217(32190): idle->visible(39766ms) R(become visible) adj=101.
1689-12-03 13:54:25.951  1822  4602 I SmartPower.android:ui/1000(536): invisible->visible(42770ms) R(become visible) adj=0.
1690-12-03 13:54:25.954  1822  4602 I WindowManager: wms.showSurfaceRobustly mWin:Window{2eed497 u0 com.albacontrol/com.albacontrol.MainActivity}
1691-12-03 13:54:25.955  1822  4602 I WindowManager: wms.showSurfaceRobustly mWin:Window{7c77f9e u0 android/com.android.internal.app.MiuiChooserActivity}
1692-12-03 13:54:25.955  1822  4602 I WindowManager: wms.showSurfaceRobustly mWin:Window{d2b052 u0 android/com.android.internal.app.MiuiChooserActivity}
1693-12-03 13:54:25.957  1822  2058 I SmartPower.com.miui.home/10103(3022): idle->background(39441ms) R(broadcast start Intent { act=com.android.systemui.fsgesture flg=0x4000010 (has extras) }) adj=100.
1694-12-03 13:54:25.967  1822  3498 W WindowManager: Failed looking up window session=Session{9ed952e 536:1000} callers=com.android.server.wm.WindowManagerService.windowForClientLocked:6466 com.android.server.wm.Session.setOnBackInvokedCallbackInfo:960 android.view.IWindowSession$Stub.onTransact:1237 
1695-12-03 13:54:25.967  1822  3498 E WindowManager: setOnBackInvokedCallback(): No window state for package:android
1696-12-03 13:54:25.980  1822  3498 D MiuiFreeFormGesturePointerEventListener: finishDrawingWindow: topFullScreenWindow= Window{7c77f9e u0 android/com.android.internal.app.MiuiChooserActivity}
1697-12-03 13:54:25.994  1822  2438 E MiuiActivityController: MiuiLog-ActivityObserver: There was something wrong : null
1698-12-03 13:54:26.004  2965  3158 I OneHandedController: stopOneHanded mState = 0, uiEvent = 1
1699-12-03 13:54:26.005  2965  3158 D OneHandedController: stopOneHanded state isTransitioning or STATE_NONE
1700-12-03 13:54:26.005  2965  2965 I KeyguardViewMediator: keyguardGone
1701-12-03 13:54:26.009  2965  3579 I KeyguardSensorInjector: unregister large area touch sensor
1702-12-03 13:54:26.011   607   631 I keystore2: keystore2::authorization: on_lock_screen_event(LockScreenEvent(0), user_id=0, password.is_some()=false, unlocking_sids=Some([-6308532530539622462]))
1703-12-03 13:54:26.019   607   631 W keystore2: keystore2::super_key: In try_unlock_user_with_biometric: attempt failed: In use_key_in_one_step: Failed to begin operation.
1704-12-03 13:54:26.019   607   631 W keystore2: 
1705-12-03 13:54:26.019   607   631 W keystore2: Caused by:
1706-12-03 13:54:26.019   607   631 W keystore2:     0: In upgrade_keyblob_if_required_with: Closure failed
1707-12-03 13:54:26.019   607   631 W keystore2:     1: Error::Km(ErrorCode(-26))
1708-12-03 13:54:26.020  1822  4595 D WindowManager: wms.Input focus has changed to Window{d2b052 u0 android/com.android.internal.app.MiuiChooserActivity} display=0 updateInputWindows = true
1709-12-03 13:54:26.020  1822  4595 I MultiSenceManagerInternalStub: getInstance
1710-12-03 13:54:26.065  1822  2708 D MiuiFreeformOneTrackManager: aready bound
1711-12-03 13:54:26.065  1822  2708 D MiuiFreeFormGestureController: handleFreeFormReceiver intent=Intent { act=android.intent.action.USER_PRESENT flg=0x24200010 }
1712-12-03 13:54:26.068  4723  4723 D miui.face.FaceService: lock screen passed
1713-12-03 13:54:26.079  7107  7417 D PowerKeeper.AppStandby: disable standby chain
1714-12-03 13:54:26.087  1822  2058 W BroadcastQueue: Background execution not allowed: receiving Intent { act=android.intent.action.USER_PRESENT flg=0x24200010 } to com.facebook.services/com.facebook.oxygen.services.fbns.RegisteredMqttSystemBroadcastReceiver
1715-12-03 13:54:26.101  1822  2023 D MiuiPaperContrastOverlayStubImpl: Update paper-mode, param is true
1716-12-03 13:54:26.103  1822  2058 W BroadcastQueue: Background execution not allowed: receiving Intent { act=android.intent.action.USER_PRESENT flg=0x24200010 } to com.google.android.gms/.auth.setup.devicesignals.LockScreenReceiver
1717-12-03 13:54:26.103  1822  2058 W BroadcastQueue: Background execution not allowed: receiving Intent { act=android.intent.action.USER_PRESENT flg=0x24200010 } to com.google.android.gms/.chimera.GmsIntentOperationService$PersistentTrustedReceiver
1718-12-03 13:54:26.103  1822  2058 W BroadcastQueue: Background execution not allowed: receiving Intent { act=android.intent.action.USER_PRESENT flg=0x24200010 } to ci.atlasearth.client/io.adjoe.sdk.internal.DeviceStatusTracker
1719-12-03 13:54:26.103  1822  2058 W BroadcastQueue: Background execution not allowed: receiving Intent { act=android.intent.action.USER_PRESENT flg=0x24200010 } to com.alibaba.aliexpresshd/.receiver.SystemBroadcastReceiver
1720-12-03 13:54:26.103  1822  2058 W BroadcastQueue: Background execution not allowed: receiving Intent { act=android.intent.action.USER_PRESENT flg=0x24200010 } to com.alibaba.aliexpresshd/com.taobao.accs.EventReceiver
1721-12-03 13:54:26.103  1822  2058 W BroadcastQueue: Background execution not allowed: receiving Intent { act=android.intent.action.USER_PRESENT flg=0x24200010 } to com.fumbgames.bitcoinminor/io.adjoe.sdk.internal.DeviceStatusTracker
1722-12-03 13:54:26.103  1822  2058 W BroadcastQueue: Background execution not allowed: receiving Intent { act=android.intent.action.USER_PRESENT flg=0x24200010 } to com.fumbgames.minersofbitcoin/io.adjoe.sdk.internal.DeviceStatusTracker
1723-12-03 13:54:26.103  1822  2058 W BroadcastQueue: Background execution not allowed: receiving Intent { act=android.intent.action.USER_PRESENT flg=0x24200010 } to com.instagram.android/com.instagram.push.FbnsInitBroadcastReceiver
1724-12-03 13:54:26.103  1822  2058 W BroadcastQueue: Background execution not allowed: receiving Intent { act=android.intent.action.USER_PRESENT flg=0x24200010 } to io.zebedee.wallet/io.adjoe.sdk.internal.DeviceStatusTracker
1725-12-03 13:54:26.117  1822  1822 I DarkModeTimeModeReceiver:  onReceive: action = android.intent.action.USER_PRESENT
1726-12-03 13:54:26.117  1822  1822 I DarkModeTimeModeManager: not get suggest from cloud
1727-12-03 13:54:26.127  2965  3158 D MiuiSplitWindowTrackManager: Split track already bind
1728-12-03 13:54:26.134  1822  4595 D SchedBoost: com.android.systemui boosting, skip reset priority
1729-12-03 13:54:26.135  1822  4595 D SchedBoost: com.android.systemui boosting, skip reset priority
1730-12-03 13:54:26.142  1822  4595 E AppOps  : Bad call made by uid 1002. Package "com.google.android.gms" does not belong to uid 1002.
1731-12-03 13:54:26.169  1822  4595 D CompatibilityChangeReporter: Compat change id reported: 161145287; UID 10399; state: DISABLED
1732-12-03 13:54:26.195  1822  6207 D CompatibilityChangeReporter: Compat change id reported: 201794303; UID 10399; state: ENABLED
1733-12-03 13:54:26.210  1822  3953 D CompatibilityChangeReporter: Compat change id reported: 161252188; UID 10205; state: DISABLED
1734-12-03 13:54:26.214   536   536 D MiuiResolverActivity: updateInitGridView
1735-12-03 13:54:26.216   536   536 D ResolverActivityStubImpl: ResolverActivityInjector: count 36
1736-12-03 13:54:26.216   536   536 D ResolverActivityStubImpl: java.lang.Throwable
1737-12-03 13:54:26.216   536   536 D ResolverActivityStubImpl: 	at com.android.internal.app.ResolverActivityStubImpl.initGridViews(ResolverActivityStubImpl.java:475)
1738-12-03 13:54:26.216   536   536 D ResolverActivityStubImpl: 	at com.android.internal.app.MiuiResolverActivity.updateInitGridView(MiuiResolverActivity.java:2316)
1739-12-03 13:54:26.216   536   536 D ResolverActivityStubImpl: 	at com.android.internal.app.ResolverListAdapter$1.onPostExecute(ResolverListAdapter.java:424)
1740-12-03 13:54:26.216   536   536 D ResolverActivityStubImpl: 	at com.android.internal.app.ResolverListAdapter$1.onPostExecute(ResolverListAdapter.java:408)
1741-12-03 13:54:26.216   536   536 D ResolverActivityStubImpl: 	at android.os.AsyncTask.finish(AsyncTask.java:771)
1742-12-03 13:54:26.216   536   536 D ResolverActivityStubImpl: 	at android.os.AsyncTask.-$$Nest$mfinish(Unknown Source:0)
1743-12-03 13:54:26.216   536   536 D ResolverActivityStubImpl: 	at android.os.AsyncTask$InternalHandler.handleMessage(AsyncTask.java:788)
1744-12-03 13:54:26.216   536   536 D ResolverActivityStubImpl: 	at android.os.Handler.dispatchMessage(Handler.java:106)
1745-12-03 13:54:26.216   536   536 D ResolverActivityStubImpl: 	at android.os.Looper.loopOnce(Looper.java:211)
1746-12-03 13:54:26.216   536   536 D ResolverActivityStubImpl: 	at android.os.Looper.loop(Looper.java:300)
1747:12-03 13:54:26.216   536   536 D ResolverActivityStubImpl: 	at android.app.ActivityThread.main(ActivityThread.java:8503)
1748-12-03 13:54:26.216   536   536 D ResolverActivityStubImpl: 	at java.lang.reflect.Method.invoke(Native Method)
1749-12-03 13:54:26.216   536   536 D ResolverActivityStubImpl: 	at com.android.internal.os.RuntimeInit$MethodAndArgsCaller.run(RuntimeInit.java:561)
1750-12-03 13:54:26.216   536   536 D ResolverActivityStubImpl: 	at com.android.internal.os.ZygoteInit.main(ZygoteInit.java:954)
1751-12-03 13:54:26.216   536   536 D ResolverActivityStubImpl: page: 5
1752-12-03 13:54:26.240  1822  3953 D CompatibilityChangeReporter: Compat change id reported: 74210811; UID 10399; state: ENABLED
1753-12-03 13:54:26.252  2965  2965 D MiuiFastUnlockController: setWallPaperAsTarget asTarget=false
1754-12-03 13:54:26.252  1822  3953 I WindowManager: setWallpaperAsTarget asTarget=false
1755-12-03 13:54:26.264   607 17720 E keystore2: keystore2::error: In create_operation.
1756-12-03 13:54:26.264   607 17720 E keystore2: 
1757-12-03 13:54:26.264   607 17720 E keystore2: Caused by:
1758-12-03 13:54:26.264   607 17720 E keystore2:     0: In authorize_create: matching auth token is expired.
1759-12-03 13:54:26.264   607 17720 E keystore2:     1: Error::Km(ErrorCode(-26))
1760-12-03 13:54:26.278  1822  2024 D WindowManager: wms.Update InputWindowHandle: d2b052 android/com.android.internal.app.MiuiChooserActivity, frame=[0,0,0,0], touchableRegion=SkRegion((0,0,1080,2400)), scaleFactor=1.0, transform=null, windowToken=android.os.BinderProxy@eb47cdd, isClone=false, visibal=true, focusable=true, changed=true
1761-12-03 13:54:26.325  1822  2764 D PackageManager: set app component=ComponentInfo{com.google.android.apps.docs.editors.docs/com.google.android.apps.docs.common.sync.syncadapter.DocsSyncAdapterService} enabled state: 0 from null,uid=10399,pid=2572
1762-12-03 13:54:26.326  1822  2764 D PackageManager: set app component=ComponentInfo{com.google.android.apps.docs.editors.docs/com.google.android.apps.docs.common.storagebackend.LegacyStorageBackendContentProvider} enabled state: 0 from null,uid=10399,pid=2572
1763-12-03 13:54:26.327  1822  2764 D PackageManager: set app component=ComponentInfo{com.google.android.apps.docs.editors.docs/com.google.android.apps.docs.editors.shared.documentcreation.WidgetDocumentCreatorActivity} enabled state: 0 from null,uid=10399,pid=2572
1764-12-03 13:54:26.328  1822  2764 D PackageManager: set app component=ComponentInfo{com.google.android.apps.docs.editors.docs/com.google.android.apps.docs.editors.shared.documentcreation.ExternalDocumentCreatorActivity} enabled state: 0 from null,uid=10399,pid=2572
1765-12-03 13:54:26.333  1822  2764 D PackageManager: set app component=ComponentInfo{com.google.android.apps.docs.editors.docs/com.google.android.apps.docs.editors.shared.widgets.NewDocumentWidgetActivity} enabled state: 0 from null,uid=10399,pid=2572
1766-12-03 13:54:26.334  1822  2764 D PackageManager: set app component=ComponentInfo{com.google.android.apps.docs.editors.docs/com.google.android.apps.docs.editors.shared.export.FileContentProvider} enabled state: 0 from null,uid=10399,pid=2572
1767-12-03 13:54:26.336  1822  2764 D PackageManager: set app component=ComponentInfo{com.google.android.apps.docs.editors.docs/com.google.android.apps.docs.editors.shared.copypaste.AndroidClipboardContentProvider} enabled state: 0 from null,uid=10399,pid=2572
1768-12-03 13:54:26.337  1822  2409 D PackageManager: set app component=ComponentInfo{com.google.android.apps.docs.editors.docs/com.google.android.apps.docs.editors.shared.copypaste.AndroidImageContentProvider} enabled state: 0 from null,uid=10399,pid=2572
1769-12-03 13:54:26.338  1822  2409 D PackageManager: set app component=ComponentInfo{com.google.android.apps.docs.editors.docs/com.google.android.apps.docs.editors.shared.inserttool.clipboard.InsertToolClipboardContentProvider} enabled state: 0 from null,uid=10399,pid=2572
1770-12-03 13:54:26.339  1822  2409 D PackageManager: set app component=ComponentInfo{com.google.android.apps.docs.editors.docs/com.google.android.apps.docs.editors.shared.inserttool.clipboard.InsertToolImageContentProvider} enabled state: 0 from null,uid=10399,pid=2572
1771-12-03 13:54:26.344  1822  2409 D PackageManager: set app component=ComponentInfo{com.google.android.apps.docs.editors.docs/com.google.android.apps.docs.editors.kix.conversion.KixOnlineImportActivity} enabled state: 0 from null,uid=10399,pid=2572
1772-12-03 13:54:26.483  1822  2764 D CompatibilityChangeReporter: Compat change id reported: 194532703; UID 10399; state: ENABLED
1773-12-03 13:54:26.621  1822  6207 D CompatibilityChangeReporter: Compat change id reported: 218533173; UID 10399; state: ENABLED
1774-12-03 13:54:26.730  1822  6207 E AppOps  : Bad call made by uid 10205. Package "com.google.android.gms" does not belong to uid 10399.
1775-12-03 13:54:27.160  1822  2676 I SmartPower.com.miui.analytics/10134(12701): background->idle(3003ms) R(service start com.miui.analytics/.onetrack.TrackService) adj=100.
1776-12-03 13:54:27.234  1822  2676 I SmartPower.com.miui.weather2/10269(31985): background->idle(3000ms) R(content provider start ContentProviderRecord{1519d51 u0 com.miui.weather2/.providers.WeatherProvider}) adj=0.
1777-12-03 13:54:27.262  1822  6207 D CoreBackPreview: Window{d2b052 u0 android/com.android.internal.app.MiuiChooserActivity}: Setting back callback null
1778-12-03 13:54:27.282  1822  6207 D WindowManager: wms.Input focus has changed to Window{7c77f9e u0 android/com.android.internal.app.MiuiChooserActivity} display=0 updateInputWindows = false
1779-12-03 13:54:27.282  1822  6207 I MultiSenceManagerInternalStub: getInstance
1780-12-03 13:54:27.329  1822  2024 D WindowManager: wms.Focus not requested for window=Window{7c77f9e u0 android/com.android.internal.app.MiuiChooserActivity} because it has no surface or is not focusable.
1781-12-03 13:54:27.332  1822  2023 D WindowManager: wms.Input focus has changed to null display=0 updateInputWindows = false
1782-12-03 13:54:27.332  1822  2023 I MultiSenceManagerInternalStub: getInstance
1783-12-03 13:54:27.345   536   536 I InsetsControllerImpl: change fadeInDuration from 275ms to 525ms for the lowmem and middle device
1784-12-03 13:54:27.355  1822  2764 D WindowManager: wms.Input focus has changed to Window{2eed497 u0 com.albacontrol/com.albacontrol.MainActivity} display=0 updateInputWindows = true
1785-12-03 13:54:27.356  1822  2764 I MultiSenceManagerInternalStub: getInstance
1786-12-03 13:54:27.367  1822  2438 E MiuiActivityController: MiuiLog-ActivityObserver: There was something wrong : null
1787-12-03 13:54:27.507  1822  2676 I SmartPower.com.google.android.googlequicksearchbox:interactor/10207(4538): background->idle(3001ms) R(broadcast start Intent { act=android.intent.action.BATTERY_CHANGED flg=0x60000010 (has extras) }) adj=100.
--
1846-12-03 13:54:29.433  1822  2024 I WindowManager: wms.showSurfaceRobustly mWin:Window{e38ab69 u0 com.google.android.photopicker/com.android.photopicker.PhotopickerGetContentActivity}
1847-12-03 13:54:29.435  1822  2655 W JobScheduler: Job didn't exist in JobStore: 
1848-12-03 13:54:29.451  1822  2438 E MiuiActivityController: MiuiLog-ActivityObserver: There was something wrong : null
1849-12-03 13:54:29.519  1822  2902 D ProcessMemoryCleaner: Compact memory: com.whatsapp.w4b/10311(10316) state=hibernation adj=901 pri=511 usage=5 isKilled=false pss:133829 swap:45093
1850-12-03 13:54:29.542  1822  2024 D WindowManager: wms.Update InputWindowHandle: e38ab69 com.google.android.photopicker/com.android.photopicker.PhotopickerGetContentActivity, frame=[0,0,0,0], touchableRegion=SkRegion((0,0,1080,2400)), scaleFactor=1.0, transform=null, windowToken=android.os.BinderProxy@b0da9f0, isClone=false, visibal=true, focusable=true, changed=true
1851-12-03 13:54:29.543  1822  2655 D CompatibilityChangeReporter: Compat change id reported: 214016041; UID 10158; state: ENABLED
1852-12-03 13:54:29.560  1822  2409 D CompatibilityChangeReporter: Compat change id reported: 319212206; UID 10328; state: ENABLED
1853-12-03 13:54:29.627  1822  1822 D UiModeManager: updateConfigurationLocked: mDockState=0; mCarMode=false; mCar=false; mPowerSave=false; mComputedNightMode=true; mNightMode=2; uiMode=33
1854-12-03 13:54:29.639  1822  2058 I SmartPower.com.google.android.googlequicksearchbox:interactor/10207(4538): idle->background(2132ms) R(broadcast start Intent { act=android.intent.action.BATTERY_CHANGED flg=0x60000010 (has extras) }) adj=100.
1855-12-03 13:54:29.640  1822  2058 I SmartPower.com.whatsapp.w4b/10311(10316): idle->background(2132ms) R(broadcast start Intent { act=android.intent.action.BATTERY_CHANGED flg=0x60000010 (has extras) }) adj=901.
1856-12-03 13:54:29.951  4524  2969 W BpBinder: PerfMonitor binderTransact :  time=518ms interface=android.content.IContentProvider code=1
1857-12-03 13:54:29.957  4524  2991 W BpBinder: PerfMonitor binderTransact :  time=471ms interface=android.content.IContentProvider code=1
1858-12-03 13:54:29.961  2794  2812 W BpBinder: PerfMonitor binderTransact :  time=534ms interface=android.content.IContentProvider code=1
1859-12-03 13:54:29.963  2794  2830 W BpBinder: PerfMonitor binderTransact :  time=484ms interface=android.content.IContentProvider code=1
1860-12-03 13:54:30.563  1822  2676 I SmartPower.com.google.android.ext.services/10264(13860): background->idle(4880ms) R(remove from whitelist) adj=100.
1861-12-03 13:54:32.640  1822  2676 I SmartPower.com.google.android.googlequicksearchbox:interactor/10207(4538): background->idle(3001ms) R(broadcast start Intent { act=android.intent.action.BATTERY_CHANGED flg=0x60000010 (has extras) }) adj=100.
1862-12-03 13:54:32.640  1822  2676 I SmartPower.com.whatsapp.w4b/10311(10316): background->idle(3000ms) R(broadcast start Intent { act=android.intent.action.BATTERY_CHANGED flg=0x60000010 (has extras) }) adj=901.
1863-12-03 13:54:32.745  1822  2380 D CompatibilityChangeReporter: Compat change id reported: 218533173; UID 10217; state: ENABLED
1864-12-03 13:54:34.522  1822  2655 W ProcessStats: Tracking association SourceState{38e7606 com.miui.home/10103 BTopFgs #670087} whose proc state 2 is better than process ProcessState{645577b com.miui.securitycenter.remote/1000 pkg=com.miui.securitycenter} proc state 3 (1317 skipped)
1865-12-03 13:54:34.539  7107  7397 E KernelRpmStatsReader: Failure in reading rpm stats
1866-12-03 13:54:34.539  7107  7397 E KernelRpmStatsReader: java.io.FileNotFoundException: /sys/power/system_sleep/stats: open failed: EACCES (Permission denied)
1867-12-03 13:54:34.539  7107  7397 E KernelRpmStatsReader: 	at libcore.io.IoBridge.open(IoBridge.java:574)
1868-12-03 13:54:34.539  7107  7397 E KernelRpmStatsReader: 	at java.io.FileInputStream.<init>(FileInputStream.java:179)
1869-12-03 13:54:34.539  7107  7397 E KernelRpmStatsReader: 	at java.io.FileInputStream.<init>(FileInputStream.java:133)
1870-12-03 13:54:34.539  7107  7397 E KernelRpmStatsReader: 	at com.miui.powerkeeper.utils.KernelRpmStatsReader.readRpmStatsType1(Unknown Source:19)
1871-12-03 13:54:34.539  7107  7397 E KernelRpmStatsReader: 	at com.miui.powerkeeper.utils.KernelRpmStatsReader.readRpmStats(Unknown Source:63)
1872-12-03 13:54:34.539  7107  7397 E KernelRpmStatsReader: 	at com.miui.powerkeeper.powerchecker.PowerCheckerService.requestKernelRpmStatsUpdate(Unknown Source:4)
1873-12-03 13:54:34.539  7107  7397 E KernelRpmStatsReader: 	at com.miui.powerkeeper.powerchecker.PowerCheckerService.addBatteryHistoryRecord(Unknown Source:32)
1874-12-03 13:54:34.539  7107  7397 E KernelRpmStatsReader: 	at com.miui.powerkeeper.powerchecker.PowerCheckerService.updateBatteryLevelChanged(Unknown Source:8)
1875-12-03 13:54:34.539  7107  7397 E KernelRpmStatsReader: 	at com.miui.powerkeeper.powerchecker.PowerCheckerService.access$2700(Unknown Source:0)
1876-12-03 13:54:34.539  7107  7397 E KernelRpmStatsReader: 	at com.miui.powerkeeper.powerchecker.PowerCheckerService$PowerCheckHandler.handleMessage(Unknown Source:124)
1877-12-03 13:54:34.539  7107  7397 E KernelRpmStatsReader: 	at android.os.Handler.dispatchMessage(Handler.java:106)
1878-12-03 13:54:34.539  7107  7397 E KernelRpmStatsReader: 	at android.os.Looper.loopOnce(Looper.java:211)
1879-12-03 13:54:34.539  7107  7397 E KernelRpmStatsReader: 	at android.os.Looper.loop(Looper.java:300)
1880-12-03 13:54:34.539  7107  7397 E KernelRpmStatsReader: 	at android.os.HandlerThread.run(HandlerThread.java:67)
1881-12-03 13:54:34.539  7107  7397 E KernelRpmStatsReader: Caused by: android.system.ErrnoException: open failed: EACCES (Permission denied)
1882-12-03 13:54:34.539  7107  7397 E KernelRpmStatsReader: 	at libcore.io.Linux.open(Native Method)
1883-12-03 13:54:34.539  7107  7397 E KernelRpmStatsReader: 	at libcore.io.ForwardingOs.open(ForwardingOs.java:568)
1884-12-03 13:54:34.539  7107  7397 E KernelRpmStatsReader: 	at libcore.io.BlockGuardOs.open(BlockGuardOs.java:274)
1885-12-03 13:54:34.539  7107  7397 E KernelRpmStatsReader: 	at libcore.io.ForwardingOs.open(ForwardingOs.java:568)
1886:12-03 13:54:34.539  7107  7397 E KernelRpmStatsReader: 	at android.app.ActivityThread$AndroidOs.open(ActivityThread.java:8381)
1887-12-03 13:54:34.539  7107  7397 E KernelRpmStatsReader: 	at libcore.io.IoBridge.open(IoBridge.java:560)
1888-12-03 13:54:34.539  7107  7397 E KernelRpmStatsReader: 	... 13 more
1889-12-03 13:54:34.641  1822  2902 D ProcessMemoryCleaner: Compact memory: com.whatsapp.w4b/10311(10316) state=hibernation adj=901 pri=511 usage=5 isKilled=false pss:133829 swap:45093
1890-12-03 13:54:34.747  1822  1822 D UiModeManager: updateConfigurationLocked: mDockState=0; mCarMode=false; mCar=false; mPowerSave=false; mComputedNightMode=true; mNightMode=2; uiMode=33
1891-12-03 13:54:34.761  1822  2058 I SmartPower.com.google.android.googlequicksearchbox:interactor/10207(4538): idle->background(2121ms) R(broadcast start Intent { act=android.intent.action.BATTERY_CHANGED flg=0x60000010 (has extras) }) adj=100.
1892-12-03 13:54:34.763  1822  2058 I SmartPower.com.whatsapp.w4b/10311(10316): idle->background(2123ms) R(broadcast start Intent { act=android.intent.action.BATTERY_CHANGED flg=0x60000010 (has extras) }) adj=901.
1893-12-03 13:54:34.774  1822  1822 D UiModeManager: updateConfigurationLocked: mDockState=0; mCarMode=false; mCar=false; mPowerSave=false; mComputedNightMode=true; mNightMode=2; uiMode=33
1894-12-03 13:54:35.058  1822  2024 D WindowManager: wms.Focus not requested for window=Window{e38ab69 u0 com.google.android.photopicker/com.android.photopicker.PhotopickerGetContentActivity} because it has no surface or is not focusable.
1895-12-03 13:54:35.105  1822  6539 D WindowManager: wms.Input focus has changed to Window{2eed497 u0 com.albacontrol/com.albacontrol.MainActivity} display=0 updateInputWindows = true
1896-12-03 13:54:35.105  1822  6539 I MultiSenceManagerInternalStub: getInstance
1897:12-03 13:54:35.109 32190 32190 E ActivityThread:  fail in deliverResultsIfNeeded java.lang.NullPointerException: Attempt to invoke virtual method 'java.lang.String android.os.Bundle.getString(java.lang.String)' on a null object reference
1898-12-03 13:54:35.121  1822  2438 E MiuiActivityController: MiuiLog-ActivityObserver: There was something wrong : null
1899-12-03 13:54:35.216  1822  6539 I SmartPower.com.google.android.photopicker/10158(2794): visible->invisible(5791ms) R(become invisible) adj=0.
1900-12-03 13:54:35.217  1822  6539 I SmartPower.com.google.android.photopicker/10158(2794): invisible->background(2ms) R(become background) adj=0.
1901-12-03 13:54:35.238  1822  2021 D Aurogon :  uid = 10158 switch to BG
1902-12-03 13:54:35.241  2794  2794 W MiuiMagicPointerUtilsStubHeadImpl: MiuiMagicPointerUtilsStubHeadImpl has been initialized !!
1903-12-03 13:54:35.254  1822  6539 D CoreBackPreview: Window{8fbf4ca u0 Toast}: Setting back callback OnBackInvokedCallbackInfo{mCallback=android.window.IOnBackInvokedCallback$Stub$Proxy@8365322, mPriority=0}
1904-12-03 13:54:35.265  1822  2438 E MiuiActivityController: MiuiLog-ActivityObserver: There was something wrong : null
1905-12-03 13:54:35.283  1822  4602 D CoreBackPreview: Window{e38ab69 u0 com.google.android.photopicker/com.android.photopicker.PhotopickerGetContentActivity}: Setting back callback OnBackInvokedCallbackInfo{mCallback=android.window.IOnBackInvokedCallback$Stub$Proxy@213e6e9, mPriority=-1}
1906-12-03 13:54:35.288  1822  2024 I WindowManager: wms.showSurfaceRobustly mWin:Window{8fbf4ca u0 Toast}
1907-12-03 13:54:35.327  1822  4602 D CoreBackPreview: Window{e38ab69 u0 com.google.android.photopicker/com.android.photopicker.PhotopickerGetContentActivity}: Setting back callback null
1908-12-03 13:54:35.337  1822  2764 I PowerManagerServiceImpl: Acquire wakelock: SCREEN_BRIGHT_WAKE_LOCK        'WindowManager' ON_AFTER_RELEASE (uid=1000 pid=1822 pkg=android ws=WorkSource{1000 com.android.systemui})
1909-12-03 13:54:35.343  1822  2438 E MiuiActivityController: MiuiLog-ActivityObserver: There was something wrong : null
1910-12-03 13:54:35.343  1822  4602 D WindowManager: setLockTaskAuth: task=Task{76710d3 #375 type=standard A=10217:com.albacontrol U=0 visible=true visibleRequested=true mode=fullscreen translucent=false sz=1} mLockTaskAuth=LOCK_TASK_AUTH_PINNABLE
1911-12-03 13:54:35.772  1822  4602 I SmartPower.com.google.android.inputmethod.latin/10228(5577): idle->background(8232ms) R(service create com.google.android.inputmethod.latin/com.android.inputmethod.latin.spellcheck.AndroidSpellCheckerService) adj=0.
1912-12-03 13:54:36.211 32190 32190 W Looper  : PerfMonitor doFrame : time=102ms vsyncFrame=0 latency=331ms procState=-1 historyMsgCount=1
1913-12-03 13:54:36.387  1822  6207 D PerfShielderService: com.albacontrol|com.albacontrol/com.albacontrol.MainActivity|487|197403393368131|436|0|3
1914-12-03 13:54:36.387  4614 24914 W MiuiPerfServiceClient: interceptAndQueuing:32190|com.albacontrol|487|436|197403393368131|Slow main thread|3
1915-12-03 13:54:36.736  1822  2764 E AppOps  : Bad call made by uid 10205. Package "com.google.android.gms" does not belong to uid 10399.
1916-12-03 13:54:36.763   607  2596 I keystore2: keystore2::watchdog: Watchdog thread idle -> terminating. Have a great day.
1917-12-03 13:54:37.763  1822  2676 I SmartPower.com.google.android.googlequicksearchbox:interactor/10207(4538): background->idle(3002ms) R(broadcast start Intent { act=android.intent.action.BATTERY_CHANGED flg=0x60000010 (has extras) }) adj=100.
1918-12-03 13:54:37.764  1822  2676 I SmartPower.com.whatsapp.w4b/10311(10316): background->idle(3001ms) R(broadcast start Intent { act=android.intent.action.BATTERY_CHANGED flg=0x60000010 (has extras) }) adj=901.
1919-12-03 13:54:37.769  1822  6539 D CoreBackPreview: Window{8fbf4ca u0 Toast}: Setting back callback null
1920-12-03 13:54:37.783  1822  6539 I PowerManagerServiceImpl: Release wakelock: SCREEN_BRIGHT_WAKE_LOCK        'WindowManager' ON_AFTER_RELEASE DISABLED ACQ=-2s443ms (uid=1000 pid=1822 pkg=android ws=WorkSource{1000 com.android.systemui})
1921-12-03 13:54:37.788  1822  6539 W NotificationService: Toast already killed. pkg=com.albacontrol token=android.os.BinderProxy@df90f7
1922-12-03 13:54:37.814  1822  2764 D CoreBackPreview: Window{71121cd u0 Toast}: Setting back callback OnBackInvokedCallbackInfo{mCallback=android.window.IOnBackInvokedCallback$Stub$Proxy@c0c99d0, mPriority=0}
1923-12-03 13:54:37.849  1822  2024 I WindowManager: wms.showSurfaceRobustly mWin:Window{71121cd u0 Toast}
1924-12-03 13:54:38.219  1822  2676 I SmartPower.com.google.android.photopicker/10158(2794): background->idle(3002ms) R(become background) adj=905.
1925-12-03 13:54:38.865  1822  1822 W WindowManager: removeWindowToken: Attempted to remove non-existing token: android.os.Binder@b9fc3f5
1926-12-03 13:54:38.965  1822  2676 I SmartPower.com.google.android.apps.photos/10328(2832): background->idle(9894ms) R(adj below visible) adj=700.
1927-12-03 13:54:39.217  1822  2023 I PowerManagerServiceImpl: Acquire wakelock: SCREEN_BRIGHT_WAKE_LOCK        'WindowManager' ON_AFTER_RELEASE (uid=1000 pid=1822 pkg=android ws=WorkSource{1000 com.android.systemui})
1928-12-03 13:54:39.765  1822  2902 D ProcessMemoryCleaner: Compact memory: com.whatsapp.w4b/10311(10316) state=hibernation adj=901 pri=511 usage=5 isKilled=false pss:133829 swap:45093
1929-12-03 13:54:39.863  1822  1822 D UiModeManager: updateConfigurationLocked: mDockState=0; mCarMode=false; mCar=false; mPowerSave=false; mComputedNightMode=true; mNightMode=2; uiMode=33
1930-12-03 13:54:39.881  1822  2058 I SmartPower.com.google.android.googlequicksearchbox:interactor/10207(4538): idle->background(2117ms) R(broadcast start Intent { act=android.intent.action.BATTERY_CHANGED flg=0x60000010 (has extras) }) adj=100.
1931-12-03 13:54:39.883  1822  2058 I SmartPower.com.whatsapp.w4b/10311(10316): idle->background(2119ms) R(broadcast start Intent { act=android.intent.action.BATTERY_CHANGED flg=0x60000010 (has extras) }) adj=901.
1932-12-03 13:54:39.892  1822  1822 D UiModeManager: updateConfigurationLocked: mDockState=0; mCarMode=false; mCar=false; mPowerSave=false; mComputedNightMode=true; mNightMode=2; uiMode=33
1933-12-03 13:54:40.374  1822  2764 D CoreBackPreview: Window{71121cd u0 Toast}: Setting back callback null
1934-12-03 13:54:40.393  1822  6207 I PowerManagerServiceImpl: Release wakelock: SCREEN_BRIGHT_WAKE_LOCK        'WindowManager' ON_AFTER_RELEASE DISABLED ACQ=-1s175ms (uid=1000 pid=1822 pkg=android ws=WorkSource{1000 com.android.systemui})
1935-12-03 13:54:40.397  1822  6207 W NotificationService: Toast already killed. pkg=com.albacontrol token=android.os.BinderProxy@8dad40b
1936-12-03 13:54:42.883  1822  2676 I SmartPower.com.google.android.googlequicksearchbox:interactor/10207(4538): background->idle(3003ms) R(broadcast start Intent { act=android.intent.action.BATTERY_CHANGED flg=0x60000010 (has extras) }) adj=100.
1937-12-03 13:54:42.884  1822  2676 I SmartPower.com.whatsapp.w4b/10311(10316): background->idle(3001ms) R(broadcast start Intent { act=android.intent.action.BATTERY_CHANGED flg=0x60000010 (has extras) }) adj=901.
--
2107-12-03 13:56:07.993  1822  3498 W ProcessStats: Tracking association SourceState{38e7606 com.miui.home/10103 BTopFgs #670293} whose proc state 2 is better than process ProcessState{645577b com.miui.securitycenter.remote/1000 pkg=com.miui.securitycenter} proc state 3 (23 skipped)
2108-12-03 13:56:08.002  1822  2058 D CompatibilityChangeReporter: Compat change id reported: 135634846; UID 10819; state: DISABLED
2109-12-03 13:56:08.002  1822  2058 D CompatibilityChangeReporter: Compat change id reported: 177438394; UID 10819; state: DISABLED
2110-12-03 13:56:08.003  1822  2058 D CompatibilityChangeReporter: Compat change id reported: 135772972; UID 10819; state: DISABLED
2111-12-03 13:56:08.003  1822  2058 D CompatibilityChangeReporter: Compat change id reported: 135754954; UID 10819; state: ENABLED
2112-12-03 13:56:08.004  1822  2059 D CompatibilityChangeReporter: Compat change id reported: 143937733; UID 10819; state: ENABLED
2113-12-03 13:56:08.017  1822  2059 D Boost   : hostingType=broadcast, hostingName={com.linkedin.android/com.google.firebase.iid.FirebaseInstanceIdReceiver}, callerPackage=com.google.android.gms, isSystem=true, isBoostNeeded=false.
2114-12-03 13:56:08.018  1822  2059 I ActivityManager: Start proc 3280:com.linkedin.android/u0a819 for broadcast {com.linkedin.android/com.google.firebase.iid.FirebaseInstanceIdReceiver} caller=com.google.android.gms
2115-12-03 13:56:08.062  1822  3498 I SmartPower.com.linkedin.android/10819(3280): died->background(936108ms) R(process start ) adj=-10000.
2116-12-03 13:56:08.130  1822  3429 D BiometricService: canAuthenticate: User=0, Caller=0, Authenticators=255
2117-12-03 13:56:08.130  1822  3498 D BiometricService: canAuthenticate: User=0, Caller=0, Authenticators=255
2118-12-03 13:56:08.130  1822  3429 D BiometricService/PreAuthInfo: Package: com.google.android.gms Sensor ID: 0 Modality: 2 Status: 1
2119-12-03 13:56:08.130  1822  3498 D BiometricService/PreAuthInfo: Package: com.google.android.gms Sensor ID: 0 Modality: 2 Status: 1
2120-12-03 13:56:08.130  1822  3429 D BiometricService/PreAuthInfo: getCanAuthenticateInternal Modality: 2 AuthenticatorStatus: 1
2121-12-03 13:56:08.130  1822  3498 D BiometricService/PreAuthInfo: getCanAuthenticateInternal Modality: 2 AuthenticatorStatus: 1
2122-12-03 13:56:08.130  1822  3498 D AuthService: canAuthenticate, userId: 0, callingUserId: 0, authenticators: 255, result: 0
2123-12-03 13:56:08.130  1822  3429 D AuthService: canAuthenticate, userId: 0, callingUserId: 0, authenticators: 255, result: 0
2124-12-03 13:56:08.369  1822  3498 D ForceDarkAppConfigProvider: cloudConfigVersion: -1   localConfigVersion:20240126
2125-12-03 13:56:08.369  1822  3498 I UiModeManager: systemserver package:com.linkedin.android null
2126-12-03 13:56:08.452   607 17720 E keystore2: keystore2::error: In create_operation.
2127-12-03 13:56:08.452   607 17720 E keystore2: 
2128-12-03 13:56:08.452   607 17720 E keystore2: Caused by:
2129-12-03 13:56:08.452   607 17720 E keystore2:     0: In authorize_create: matching auth token is expired.
2130-12-03 13:56:08.452   607 17720 E keystore2:     1: Error::Km(ErrorCode(-26))
2131-12-03 13:56:08.567  1822  6277 D CompatibilityChangeReporter: Compat change id reported: 161145287; UID 10819; state: DISABLED
2132-12-03 13:56:08.966  1822  6277 D BiometricService: canAuthenticate: User=0, Caller=0, Authenticators=255
2133-12-03 13:56:08.966  1822  6277 D BiometricService/PreAuthInfo: Package: com.google.android.gms Sensor ID: 0 Modality: 2 Status: 1
2134-12-03 13:56:08.966  1822  6277 D BiometricService/PreAuthInfo: getCanAuthenticateInternal Modality: 2 AuthenticatorStatus: 1
2135-12-03 13:56:08.967  1822  6277 D AuthService: canAuthenticate, userId: 0, callingUserId: 0, authenticators: 255, result: 0
2136-12-03 13:56:08.971   607 17720 E keystore2: keystore2::error: In create_operation.
2137-12-03 13:56:08.971   607 17720 E keystore2: 
2138-12-03 13:56:08.971   607 17720 E keystore2: Caused by:
2139-12-03 13:56:08.971   607 17720 E keystore2:     0: In authorize_create: matching auth token is expired.
2140-12-03 13:56:08.971   607 17720 E keystore2:     1: Error::Km(ErrorCode(-26))
