12-03 16:59:51.545 21904 21904 I ForceDarkHelperStubImpl: setViewRootImplForceDark: false for com.albacontrol.MainActivity@d534810, reason: AppDarkModeEnable
12-03 16:59:51.550 21904 21904 D VRI[MainActivity]: vri.reportNextDraw android.view.ViewRootImpl.performTraversals:4013 android.view.ViewRootImpl.doTraversal:2725 android.view.ViewRootImpl$TraversalRunnable.run:9812 android.view.Choreographer$CallbackRecord.run:1505 android.view.Choreographer$CallbackRecord.run:1513 
12-03 16:59:51.550 21904 21904 D VRI[MainActivity]: vri.Setup new sync id=0 syncSeqId=0
12-03 16:59:51.560 21904 21953 E perf_hint: Session creation failed, mPreferredRateNanos: -1
12-03 16:59:51.562 21904 21904 D VRI[MainActivity]: vri.reportDrawFinished syncSeqId=0 android.view.ViewRootImpl.lambda$createSyncIfNeeded$4$android-view-ViewRootImpl:4081 android.view.ViewRootImpl$$ExternalSyntheticLambda2.run:6 android.os.Handler.handleCallback:942 android.os.Handler.dispatchMessage:99 android.os.Looper.loopOnce:211 
12-03 16:59:51.589 21904 21904 D DecorView[]: onWindowFocusChanged hasWindowFocus false
12-03 16:59:51.590 21904 21904 D EditorStubImpl: Type = 2, RectF = RectF(201.0, 995.0, 311.0, 1105.0), mInsertionHandleData = [HandleData{mIsShow=false, mPosition=RectF(201.0, 995.0, 311.0, 1105.0)}]
12-03 16:59:51.590 21904 21904 D EditorStubImpl: Type = 2, RectF = RectF(302.0, 1216.0, 412.0, 1326.0), mInsertionHandleData = [HandleData{mIsShow=false, mPosition=RectF(302.0, 1216.0, 412.0, 1326.0)}]
12-03 16:59:51.663 21904 21904 D DecorView[]: onWindowFocusChanged hasWindowFocus true
12-03 16:59:52.139 21904 21953 D OpenGLRenderer: endAllActiveAnimators on 0xb40000779ca21a00 (RippleDrawable) with handle 0xb4000077e32d09e0
12-03 16:59:52.206 21904 21904 W OnBackInvokedCallback: OnBackInvokedCallback is not enabled for the application.
12-03 16:59:52.206 21904 21904 W OnBackInvokedCallback: Set 'android:enableOnBackInvokedCallback="true"' in the application manifest.
12-03 16:59:52.206 21904 21904 D DecorView[]: onWindowFocusChanged hasWindowFocus true
12-03 16:59:52.783 21904 21904 D IS_CTS_MODE: false
12-03 16:59:52.784 21904 21904 D MULTI_WINDOW_ENABLED: false
12-03 16:59:52.811 21904 21904 D ScrollerOptimizationManager: registerConfigChangedListener
12-03 16:59:52.817 21904 21904 D ScrollerOptimizationManager: registerConfigChangedListener
12-03 16:59:52.846 21904 21904 I ForceDarkHelperStubImpl: setViewRootImplForceDark: false for com.albacontrol.MainActivity@d534810, reason: AppDarkModeEnable
12-03 16:59:52.898 21904 21904 I ForceDarkHelperStubImpl: setViewRootImplForceDark: false for com.albacontrol.MainActivity@d534810, reason: AppDarkModeEnable
12-03 16:59:52.903 21904 21904 D VRI[MainActivity]: vri.reportNextDraw android.view.ViewRootImpl.performTraversals:4013 android.view.ViewRootImpl.doTraversal:2725 android.view.ViewRootImpl$TraversalRunnable.run:9812 android.view.Choreographer$CallbackRecord.run:1505 android.view.Choreographer$CallbackRecord.run:1513 
12-03 16:59:52.903 21904 21904 D VRI[MainActivity]: vri.Setup new sync id=0 syncSeqId=0
12-03 16:59:52.913 21904 21953 E perf_hint: Session creation failed, mPreferredRateNanos: -1
12-03 16:59:52.915 21904 21904 D VRI[MainActivity]: vri.reportDrawFinished syncSeqId=0 android.view.ViewRootImpl.lambda$createSyncIfNeeded$4$android-view-ViewRootImpl:4081 android.view.ViewRootImpl$$ExternalSyntheticLambda2.run:6 android.os.Handler.handleCallback:942 android.os.Handler.dispatchMessage:99 android.os.Looper.loopOnce:211 
12-03 16:59:52.948 21904 21904 D DecorView[]: onWindowFocusChanged hasWindowFocus false
12-03 16:59:52.949 21904 21904 D EditorStubImpl: Type = 2, RectF = RectF(201.0, 995.0, 311.0, 1105.0), mInsertionHandleData = [HandleData{mIsShow=false, mPosition=RectF(201.0, 995.0, 311.0, 1105.0)}]
12-03 16:59:52.949 21904 21904 D EditorStubImpl: Type = 2, RectF = RectF(302.0, 1216.0, 412.0, 1326.0), mInsertionHandleData = [HandleData{mIsShow=false, mPosition=RectF(302.0, 1216.0, 412.0, 1326.0)}]
12-03 16:59:53.007 21904 21904 D DecorView[]: onWindowFocusChanged hasWindowFocus true
12-03 16:59:53.482 21904 21953 D OpenGLRenderer: endAllActiveAnimators on 0xb4000077dfcdfe00 (RippleDrawable) with handle 0xb4000077e32d0820
12-03 16:59:53.554 21904 21904 W OnBackInvokedCallback: OnBackInvokedCallback is not enabled for the application.
12-03 16:59:53.554 21904 21904 W OnBackInvokedCallback: Set 'android:enableOnBackInvokedCallback="true"' in the application manifest.
12-03 16:59:53.554 21904 21904 D DecorView[]: onWindowFocusChanged hasWindowFocus true
12-03 16:59:54.054 21904 21904 D IS_CTS_MODE: false
12-03 16:59:54.054 21904 21904 D MULTI_WINDOW_ENABLED: false
12-03 16:59:54.083 21904 21904 D ScrollerOptimizationManager: registerConfigChangedListener
12-03 16:59:54.093 21904 21904 D ScrollerOptimizationManager: registerConfigChangedListener
12-03 16:59:54.109 21904 21904 I ForceDarkHelperStubImpl: setViewRootImplForceDark: false for com.albacontrol.MainActivity@d534810, reason: AppDarkModeEnable
12-03 16:59:54.152 21904 21904 I ForceDarkHelperStubImpl: setViewRootImplForceDark: false for com.albacontrol.MainActivity@d534810, reason: AppDarkModeEnable
12-03 16:59:54.157 21904 21904 D VRI[MainActivity]: vri.reportNextDraw android.view.ViewRootImpl.performTraversals:4013 android.view.ViewRootImpl.doTraversal:2725 android.view.ViewRootImpl$TraversalRunnable.run:9812 android.view.Choreographer$CallbackRecord.run:1505 android.view.Choreographer$CallbackRecord.run:1513 
12-03 16:59:54.157 21904 21904 D VRI[MainActivity]: vri.Setup new sync id=0 syncSeqId=0
12-03 16:59:54.169 21904 21953 E perf_hint: Session creation failed, mPreferredRateNanos: -1
12-03 16:59:54.170 21904 21904 D VRI[MainActivity]: vri.reportDrawFinished syncSeqId=0 android.view.ViewRootImpl.lambda$createSyncIfNeeded$4$android-view-ViewRootImpl:4081 android.view.ViewRootImpl$$ExternalSyntheticLambda2.run:6 android.os.Handler.handleCallback:942 android.os.Handler.dispatchMessage:99 android.os.Looper.loopOnce:211 
12-03 16:59:54.197 21904 21904 D DecorView[]: onWindowFocusChanged hasWindowFocus false
12-03 16:59:54.198 21904 21904 D EditorStubImpl: Type = 2, RectF = RectF(201.0, 995.0, 311.0, 1105.0), mInsertionHandleData = [HandleData{mIsShow=false, mPosition=RectF(201.0, 995.0, 311.0, 1105.0)}]
12-03 16:59:54.199 21904 21904 D EditorStubImpl: Type = 2, RectF = RectF(302.0, 1216.0, 412.0, 1326.0), mInsertionHandleData = [HandleData{mIsShow=false, mPosition=RectF(302.0, 1216.0, 412.0, 1326.0)}]
12-03 16:59:54.264 21904 21904 D DecorView[]: onWindowFocusChanged hasWindowFocus true
12-03 16:59:54.753 21904 21953 D OpenGLRenderer: endAllActiveAnimators on 0xb40000779ca72c00 (RippleDrawable) with handle 0xb4000077e32d0ca0
12-03 16:59:54.818 21904 21904 W OnBackInvokedCallback: OnBackInvokedCallback is not enabled for the application.
12-03 16:59:54.818 21904 21904 W OnBackInvokedCallback: Set 'android:enableOnBackInvokedCallback="true"' in the application manifest.
12-03 16:59:54.819 21904 21904 D DecorView[]: onWindowFocusChanged hasWindowFocus true
12-03 16:59:55.321 21904 21904 D IS_CTS_MODE: false
12-03 16:59:55.321 21904 21904 D MULTI_WINDOW_ENABLED: false
12-03 16:59:55.349 21904 21904 D ScrollerOptimizationManager: registerConfigChangedListener
12-03 16:59:55.361 21904 21904 D ScrollerOptimizationManager: registerConfigChangedListener
12-03 16:59:55.378 21904 21904 I ForceDarkHelperStubImpl: setViewRootImplForceDark: false for com.albacontrol.MainActivity@d534810, reason: AppDarkModeEnable
12-03 16:59:55.423 21904 21904 I ForceDarkHelperStubImpl: setViewRootImplForceDark: false for com.albacontrol.MainActivity@d534810, reason: AppDarkModeEnable
12-03 16:59:55.428 21904 21904 D VRI[MainActivity]: vri.reportNextDraw android.view.ViewRootImpl.performTraversals:4013 android.view.ViewRootImpl.doTraversal:2725 android.view.ViewRootImpl$TraversalRunnable.run:9812 android.view.Choreographer$CallbackRecord.run:1505 android.view.Choreographer$CallbackRecord.run:1513 
12-03 16:59:55.428 21904 21904 D VRI[MainActivity]: vri.Setup new sync id=0 syncSeqId=0
12-03 16:59:55.438 21904 21953 E perf_hint: Session creation failed, mPreferredRateNanos: -1
12-03 16:59:55.439 21904 21904 D VRI[MainActivity]: vri.reportDrawFinished syncSeqId=0 android.view.ViewRootImpl.lambda$createSyncIfNeeded$4$android-view-ViewRootImpl:4081 android.view.ViewRootImpl$$ExternalSyntheticLambda2.run:6 android.os.Handler.handleCallback:942 android.os.Handler.dispatchMessage:99 android.os.Looper.loopOnce:211 
12-03 16:59:55.465 21904 21904 D DecorView[]: onWindowFocusChanged hasWindowFocus false
12-03 16:59:55.466 21904 21904 D EditorStubImpl: Type = 2, RectF = RectF(201.0, 995.0, 311.0, 1105.0), mInsertionHandleData = [HandleData{mIsShow=false, mPosition=RectF(201.0, 995.0, 311.0, 1105.0)}]
12-03 16:59:55.466 21904 21904 D EditorStubImpl: Type = 2, RectF = RectF(302.0, 1216.0, 412.0, 1326.0), mInsertionHandleData = [HandleData{mIsShow=false, mPosition=RectF(302.0, 1216.0, 412.0, 1326.0)}]
12-03 16:59:55.517 21904 21904 D DecorView[]: onWindowFocusChanged hasWindowFocus true
12-03 16:59:55.981 21904 21953 D OpenGLRenderer: endAllActiveAnimators on 0xb40000779ca9da00 (RippleDrawable) with handle 0xb4000077e32d0de0
12-03 16:59:56.036 21904 21904 W OnBackInvokedCallback: OnBackInvokedCallback is not enabled for the application.
12-03 16:59:56.036 21904 21904 W OnBackInvokedCallback: Set 'android:enableOnBackInvokedCallback="true"' in the application manifest.
12-03 16:59:56.037 21904 21904 D DecorView[]: onWindowFocusChanged hasWindowFocus true
12-03 16:59:56.568 21904 21904 D IS_CTS_MODE: false
12-03 16:59:56.569 21904 21904 D MULTI_WINDOW_ENABLED: false
12-03 16:59:56.584 21904 21904 D ScrollerOptimizationManager: registerConfigChangedListener
12-03 16:59:56.587 21904 21904 D ScrollerOptimizationManager: registerConfigChangedListener
12-03 16:59:56.601 21904 21904 I ForceDarkHelperStubImpl: setViewRootImplForceDark: false for com.albacontrol.MainActivity@d534810, reason: AppDarkModeEnable
12-03 16:59:56.625 21904 21904 I ForceDarkHelperStubImpl: setViewRootImplForceDark: false for com.albacontrol.MainActivity@d534810, reason: AppDarkModeEnable
12-03 16:59:56.628 21904 21904 D VRI[MainActivity]: vri.reportNextDraw android.view.ViewRootImpl.performTraversals:4013 android.view.ViewRootImpl.doTraversal:2725 android.view.ViewRootImpl$TraversalRunnable.run:9812 android.view.Choreographer$CallbackRecord.run:1505 android.view.Choreographer$CallbackRecord.run:1513 
12-03 16:59:56.628 21904 21904 D VRI[MainActivity]: vri.Setup new sync id=0 syncSeqId=0
12-03 16:59:56.633 21904 21953 E perf_hint: Session creation failed, mPreferredRateNanos: -1
12-03 16:59:56.634 21904 21904 D VRI[MainActivity]: vri.reportDrawFinished syncSeqId=0 android.view.ViewRootImpl.lambda$createSyncIfNeeded$4$android-view-ViewRootImpl:4081 android.view.ViewRootImpl$$ExternalSyntheticLambda2.run:6 android.os.Handler.handleCallback:942 android.os.Handler.dispatchMessage:99 android.os.Looper.loopOnce:211 
12-03 16:59:56.660 21904 21904 D DecorView[]: onWindowFocusChanged hasWindowFocus false
12-03 16:59:56.661 21904 21904 D EditorStubImpl: Type = 2, RectF = RectF(201.0, 995.0, 311.0, 1105.0), mInsertionHandleData = [HandleData{mIsShow=false, mPosition=RectF(201.0, 995.0, 311.0, 1105.0)}]
12-03 16:59:56.661 21904 21904 D EditorStubImpl: Type = 2, RectF = RectF(302.0, 1216.0, 412.0, 1326.0), mInsertionHandleData = [HandleData{mIsShow=false, mPosition=RectF(302.0, 1216.0, 412.0, 1326.0)}]
12-03 16:59:56.702 21904 21904 D DecorView[]: onWindowFocusChanged hasWindowFocus true
12-03 16:59:57.300 21904 21953 D OpenGLRenderer: endAllActiveAnimators on 0xb40000779cac8800 (RippleDrawable) with handle 0xb4000077e32d0e40
12-03 16:59:57.356 21904 21904 W OnBackInvokedCallback: OnBackInvokedCallback is not enabled for the application.
12-03 16:59:57.356 21904 21904 W OnBackInvokedCallback: Set 'android:enableOnBackInvokedCallback="true"' in the application manifest.
12-03 16:59:57.357 21904 21904 D DecorView[]: onWindowFocusChanged hasWindowFocus true
12-03 16:59:57.875 21904 21904 D IS_CTS_MODE: false
12-03 16:59:57.876 21904 21904 D MULTI_WINDOW_ENABLED: false
12-03 16:59:57.885 21904 21904 D ScrollerOptimizationManager: registerConfigChangedListener
12-03 16:59:57.890 21904 21904 D ScrollerOptimizationManager: registerConfigChangedListener
12-03 16:59:57.903 21904 21904 I ForceDarkHelperStubImpl: setViewRootImplForceDark: false for com.albacontrol.MainActivity@d534810, reason: AppDarkModeEnable
12-03 16:59:57.953 21904 21904 I ForceDarkHelperStubImpl: setViewRootImplForceDark: false for com.albacontrol.MainActivity@d534810, reason: AppDarkModeEnable
12-03 16:59:57.960 21904 21904 D VRI[MainActivity]: vri.reportNextDraw android.view.ViewRootImpl.performTraversals:4013 android.view.ViewRootImpl.doTraversal:2725 android.view.ViewRootImpl$TraversalRunnable.run:9812 android.view.Choreographer$CallbackRecord.run:1505 android.view.Choreographer$CallbackRecord.run:1513 
12-03 16:59:57.961 21904 21904 D VRI[MainActivity]: vri.Setup new sync id=0 syncSeqId=0
12-03 16:59:57.975 21904 21953 E perf_hint: Session creation failed, mPreferredRateNanos: -1
12-03 16:59:57.976 21904 21904 D VRI[MainActivity]: vri.reportDrawFinished syncSeqId=0 android.view.ViewRootImpl.lambda$createSyncIfNeeded$4$android-view-ViewRootImpl:4081 android.view.ViewRootImpl$$ExternalSyntheticLambda2.run:6 android.os.Handler.handleCallback:942 android.os.Handler.dispatchMessage:99 android.os.Looper.loopOnce:211 
12-03 16:59:57.994 21904 21904 D DecorView[]: onWindowFocusChanged hasWindowFocus false
12-03 16:59:57.995 21904 21904 D EditorStubImpl: Type = 2, RectF = RectF(201.0, 995.0, 311.0, 1105.0), mInsertionHandleData = [HandleData{mIsShow=false, mPosition=RectF(201.0, 995.0, 311.0, 1105.0)}]
12-03 16:59:57.995 21904 21904 D EditorStubImpl: Type = 2, RectF = RectF(302.0, 1216.0, 412.0, 1326.0), mInsertionHandleData = [HandleData{mIsShow=false, mPosition=RectF(302.0, 1216.0, 412.0, 1326.0)}]
12-03 16:59:58.040 21904 21904 D DecorView[]: onWindowFocusChanged hasWindowFocus true
12-03 16:59:58.537 21904 21953 D OpenGLRenderer: endAllActiveAnimators on 0xb40000779cb3e000 (RippleDrawable) with handle 0xb4000077e32d0ce0
12-03 16:59:58.595 21904 21904 W OnBackInvokedCallback: OnBackInvokedCallback is not enabled for the application.
12-03 16:59:58.595 21904 21904 W OnBackInvokedCallback: Set 'android:enableOnBackInvokedCallback="true"' in the application manifest.
12-03 16:59:58.596 21904 21904 D DecorView[]: onWindowFocusChanged hasWindowFocus true
12-03 16:59:59.081 21904 21904 D IS_CTS_MODE: false
12-03 16:59:59.081 21904 21904 D MULTI_WINDOW_ENABLED: false
12-03 16:59:59.111 21904 21904 D ScrollerOptimizationManager: registerConfigChangedListener
12-03 16:59:59.128 21904 21904 D ScrollerOptimizationManager: registerConfigChangedListener
12-03 16:59:59.142 21904 21904 I ForceDarkHelperStubImpl: setViewRootImplForceDark: false for com.albacontrol.MainActivity@d534810, reason: AppDarkModeEnable
12-03 16:59:59.189 21904 21904 I ForceDarkHelperStubImpl: setViewRootImplForceDark: false for com.albacontrol.MainActivity@d534810, reason: AppDarkModeEnable
12-03 16:59:59.194 21904 21904 D VRI[MainActivity]: vri.reportNextDraw android.view.ViewRootImpl.performTraversals:4013 android.view.ViewRootImpl.doTraversal:2725 android.view.ViewRootImpl$TraversalRunnable.run:9812 android.view.Choreographer$CallbackRecord.run:1505 android.view.Choreographer$CallbackRecord.run:1513 
12-03 16:59:59.194 21904 21904 D VRI[MainActivity]: vri.Setup new sync id=0 syncSeqId=0
12-03 16:59:59.205 21904 21953 E perf_hint: Session creation failed, mPreferredRateNanos: -1
12-03 16:59:59.207 21904 21904 D VRI[MainActivity]: vri.reportDrawFinished syncSeqId=0 android.view.ViewRootImpl.lambda$createSyncIfNeeded$4$android-view-ViewRootImpl:4081 android.view.ViewRootImpl$$ExternalSyntheticLambda2.run:6 android.os.Handler.handleCallback:942 android.os.Handler.dispatchMessage:99 android.os.Looper.loopOnce:211 
12-03 16:59:59.224 21904 21904 D DecorView[]: onWindowFocusChanged hasWindowFocus false
12-03 16:59:59.225 21904 21904 D EditorStubImpl: Type = 2, RectF = RectF(201.0, 995.0, 311.0, 1105.0), mInsertionHandleData = [HandleData{mIsShow=false, mPosition=RectF(201.0, 995.0, 311.0, 1105.0)}]
12-03 16:59:59.225 21904 21904 D EditorStubImpl: Type = 2, RectF = RectF(302.0, 1216.0, 412.0, 1326.0), mInsertionHandleData = [HandleData{mIsShow=false, mPosition=RectF(302.0, 1216.0, 412.0, 1326.0)}]
12-03 16:59:59.292 21904 21904 D DecorView[]: onWindowFocusChanged hasWindowFocus true
12-03 16:59:59.841 21904 21953 D OpenGLRenderer: endAllActiveAnimators on 0xb40000779c9ec400 (RippleDrawable) with handle 0xb4000077e00c34a0
12-03 16:59:59.894 21904 21904 W OnBackInvokedCallback: OnBackInvokedCallback is not enabled for the application.
12-03 16:59:59.894 21904 21904 W OnBackInvokedCallback: Set 'android:enableOnBackInvokedCallback="true"' in the application manifest.
12-03 16:59:59.894 21904 21904 D DecorView[]: onWindowFocusChanged hasWindowFocus true
12-03 17:00:00.533 21904 21904 D IS_CTS_MODE: false
12-03 17:00:00.533 21904 21904 D MULTI_WINDOW_ENABLED: false
12-03 17:00:00.567 21904 21904 D ScrollerOptimizationManager: registerConfigChangedListener
12-03 17:00:00.576 21904 21904 D ScrollerOptimizationManager: registerConfigChangedListener
12-03 17:00:00.591 21904 21904 I ForceDarkHelperStubImpl: setViewRootImplForceDark: false for com.albacontrol.MainActivity@d534810, reason: AppDarkModeEnable
12-03 17:00:00.643 21904 21904 I ForceDarkHelperStubImpl: setViewRootImplForceDark: false for com.albacontrol.MainActivity@d534810, reason: AppDarkModeEnable
12-03 17:00:00.648 21904 21904 D VRI[MainActivity]: vri.reportNextDraw android.view.ViewRootImpl.performTraversals:4013 android.view.ViewRootImpl.doTraversal:2725 android.view.ViewRootImpl$TraversalRunnable.run:9812 android.view.Choreographer$CallbackRecord.run:1505 android.view.Choreographer$CallbackRecord.run:1513 
12-03 17:00:00.649 21904 21904 D VRI[MainActivity]: vri.Setup new sync id=0 syncSeqId=0
12-03 17:00:00.659 21904 21953 E perf_hint: Session creation failed, mPreferredRateNanos: -1
12-03 17:00:00.660 21904 21904 D VRI[MainActivity]: vri.reportDrawFinished syncSeqId=0 android.view.ViewRootImpl.lambda$createSyncIfNeeded$4$android-view-ViewRootImpl:4081 android.view.ViewRootImpl$$ExternalSyntheticLambda2.run:6 android.os.Handler.handleCallback:942 android.os.Handler.dispatchMessage:99 android.os.Looper.loopOnce:211 
12-03 17:00:00.677 21904 21904 D DecorView[]: onWindowFocusChanged hasWindowFocus false
12-03 17:00:00.678 21904 21904 D EditorStubImpl: Type = 2, RectF = RectF(201.0, 995.0, 311.0, 1105.0), mInsertionHandleData = [HandleData{mIsShow=false, mPosition=RectF(201.0, 995.0, 311.0, 1105.0)}]
12-03 17:00:00.678 21904 21904 D EditorStubImpl: Type = 2, RectF = RectF(302.0, 1216.0, 412.0, 1326.0), mInsertionHandleData = [HandleData{mIsShow=false, mPosition=RectF(302.0, 1216.0, 412.0, 1326.0)}]
12-03 17:00:00.744 21904 21904 D DecorView[]: onWindowFocusChanged hasWindowFocus true
12-03 17:00:01.295 21904 21953 D OpenGLRenderer: endAllActiveAnimators on 0xb40000779cb5b200 (RippleDrawable) with handle 0xb4000077e32d0ec0
12-03 17:00:01.334 21904 21904 W OnBackInvokedCallback: OnBackInvokedCallback is not enabled for the application.
12-03 17:00:01.334 21904 21904 W OnBackInvokedCallback: Set 'android:enableOnBackInvokedCallback="true"' in the application manifest.
12-03 17:00:01.334 21904 21904 D DecorView[]: onWindowFocusChanged hasWindowFocus true
12-03 17:00:02.120 21904 21904 D IS_CTS_MODE: false
12-03 17:00:02.120 21904 21904 D MULTI_WINDOW_ENABLED: false
12-03 17:00:02.150 21904 21904 D ScrollerOptimizationManager: registerConfigChangedListener
12-03 17:00:02.168 21904 21904 D ScrollerOptimizationManager: registerConfigChangedListener
12-03 17:00:02.195 21904 21904 I ForceDarkHelperStubImpl: setViewRootImplForceDark: false for com.albacontrol.MainActivity@d534810, reason: AppDarkModeEnable
12-03 17:00:02.233 21904 21904 I ForceDarkHelperStubImpl: setViewRootImplForceDark: false for com.albacontrol.MainActivity@d534810, reason: AppDarkModeEnable
12-03 17:00:02.238 21904 21904 D VRI[MainActivity]: vri.reportNextDraw android.view.ViewRootImpl.performTraversals:4013 android.view.ViewRootImpl.doTraversal:2725 android.view.ViewRootImpl$TraversalRunnable.run:9812 android.view.Choreographer$CallbackRecord.run:1505 android.view.Choreographer$CallbackRecord.run:1513 
12-03 17:00:02.238 21904 21904 D VRI[MainActivity]: vri.Setup new sync id=0 syncSeqId=0
12-03 17:00:02.252 21904 21953 E perf_hint: Session creation failed, mPreferredRateNanos: -1
12-03 17:00:02.261 21904 21904 D VRI[MainActivity]: vri.reportDrawFinished syncSeqId=0 android.view.ViewRootImpl.lambda$createSyncIfNeeded$4$android-view-ViewRootImpl:4081 android.view.ViewRootImpl$$ExternalSyntheticLambda2.run:6 android.os.Handler.handleCallback:942 android.os.Handler.dispatchMessage:99 android.os.Looper.loopOnce:211 
12-03 17:00:02.274 21904 21904 D DecorView[]: onWindowFocusChanged hasWindowFocus false
12-03 17:00:02.275 21904 21904 D EditorStubImpl: Type = 2, RectF = RectF(201.0, 995.0, 311.0, 1105.0), mInsertionHandleData = [HandleData{mIsShow=false, mPosition=RectF(201.0, 995.0, 311.0, 1105.0)}]
12-03 17:00:02.275 21904 21904 D EditorStubImpl: Type = 2, RectF = RectF(302.0, 1216.0, 412.0, 1326.0), mInsertionHandleData = [HandleData{mIsShow=false, mPosition=RectF(302.0, 1216.0, 412.0, 1326.0)}]
12-03 17:00:02.339 21904 21904 D DecorView[]: onWindowFocusChanged hasWindowFocus true
12-03 17:00:02.836 21904 21953 D OpenGLRenderer: endAllActiveAnimators on 0xb40000779cbb5000 (RippleDrawable) with handle 0xb4000077de8de720
12-03 17:00:02.907 21904 21904 W OnBackInvokedCallback: OnBackInvokedCallback is not enabled for the application.
12-03 17:00:02.907 21904 21904 W OnBackInvokedCallback: Set 'android:enableOnBackInvokedCallback="true"' in the application manifest.
12-03 17:00:02.908 21904 21904 D DecorView[]: onWindowFocusChanged hasWindowFocus true
12-03 17:00:03.574 21904 21904 D IS_CTS_MODE: false
12-03 17:00:03.574 21904 21904 D MULTI_WINDOW_ENABLED: false
12-03 17:00:03.602 21904 21904 D ScrollerOptimizationManager: registerConfigChangedListener
12-03 17:00:03.613 21904 21904 D ScrollerOptimizationManager: registerConfigChangedListener
12-03 17:00:03.636 21904 21904 I ForceDarkHelperStubImpl: setViewRootImplForceDark: false for com.albacontrol.MainActivity@d534810, reason: AppDarkModeEnable
12-03 17:00:03.683 21904 21904 I ForceDarkHelperStubImpl: setViewRootImplForceDark: false for com.albacontrol.MainActivity@d534810, reason: AppDarkModeEnable
12-03 17:00:03.688 21904 21904 D VRI[MainActivity]: vri.reportNextDraw android.view.ViewRootImpl.performTraversals:4013 android.view.ViewRootImpl.doTraversal:2725 android.view.ViewRootImpl$TraversalRunnable.run:9812 android.view.Choreographer$CallbackRecord.run:1505 android.view.Choreographer$CallbackRecord.run:1513 
12-03 17:00:03.688 21904 21904 D VRI[MainActivity]: vri.Setup new sync id=0 syncSeqId=0
12-03 17:00:03.699 21904 21953 E perf_hint: Session creation failed, mPreferredRateNanos: -1
12-03 17:00:03.700 21904 21904 D VRI[MainActivity]: vri.reportDrawFinished syncSeqId=0 android.view.ViewRootImpl.lambda$createSyncIfNeeded$4$android-view-ViewRootImpl:4081 android.view.ViewRootImpl$$ExternalSyntheticLambda2.run:6 android.os.Handler.handleCallback:942 android.os.Handler.dispatchMessage:99 android.os.Looper.loopOnce:211 
12-03 17:00:03.720 21904 21904 D DecorView[]: onWindowFocusChanged hasWindowFocus false
12-03 17:00:03.721 21904 21904 D EditorStubImpl: Type = 2, RectF = RectF(201.0, 995.0, 311.0, 1105.0), mInsertionHandleData = [HandleData{mIsShow=false, mPosition=RectF(201.0, 995.0, 311.0, 1105.0)}]
12-03 17:00:03.721 21904 21904 D EditorStubImpl: Type = 2, RectF = RectF(302.0, 1216.0, 412.0, 1326.0), mInsertionHandleData = [HandleData{mIsShow=false, mPosition=RectF(302.0, 1216.0, 412.0, 1326.0)}]
12-03 17:00:03.782 21904 21904 D DecorView[]: onWindowFocusChanged hasWindowFocus true
12-03 17:00:04.246 21904 21953 D OpenGLRenderer: endAllActiveAnimators on 0xb40000779cbf5e00 (RippleDrawable) with handle 0xb4000077de8de840
12-03 17:00:04.293 21904 21904 W OnBackInvokedCallback: OnBackInvokedCallback is not enabled for the application.
12-03 17:00:04.293 21904 21904 W OnBackInvokedCallback: Set 'android:enableOnBackInvokedCallback="true"' in the application manifest.
12-03 17:00:04.293 21904 21904 D DecorView[]: onWindowFocusChanged hasWindowFocus true
12-03 17:00:06.731 21904 21904 D IS_CTS_MODE: false
12-03 17:00:06.731 21904 21904 D MULTI_WINDOW_ENABLED: false
12-03 17:00:06.757 21904 21904 D ScrollerOptimizationManager: registerConfigChangedListener
12-03 17:00:06.770 21904 21904 D ScrollerOptimizationManager: registerConfigChangedListener
12-03 17:00:06.781 21904 21904 I ForceDarkHelperStubImpl: setViewRootImplForceDark: false for com.albacontrol.MainActivity@d534810, reason: AppDarkModeEnable
12-03 17:00:06.828 21904 21904 I ForceDarkHelperStubImpl: setViewRootImplForceDark: false for com.albacontrol.MainActivity@d534810, reason: AppDarkModeEnable
12-03 17:00:06.833 21904 21904 D VRI[MainActivity]: vri.reportNextDraw android.view.ViewRootImpl.performTraversals:4013 android.view.ViewRootImpl.doTraversal:2725 android.view.ViewRootImpl$TraversalRunnable.run:9812 android.view.Choreographer$CallbackRecord.run:1505 android.view.Choreographer$CallbackRecord.run:1513 
12-03 17:00:06.834 21904 21904 D VRI[MainActivity]: vri.Setup new sync id=0 syncSeqId=0
12-03 17:00:06.844 21904 21953 E perf_hint: Session creation failed, mPreferredRateNanos: -1
12-03 17:00:06.845 21904 21904 D VRI[MainActivity]: vri.reportDrawFinished syncSeqId=0 android.view.ViewRootImpl.lambda$createSyncIfNeeded$4$android-view-ViewRootImpl:4081 android.view.ViewRootImpl$$ExternalSyntheticLambda2.run:6 android.os.Handler.handleCallback:942 android.os.Handler.dispatchMessage:99 android.os.Looper.loopOnce:211 
12-03 17:00:06.874 21904 21904 D DecorView[]: onWindowFocusChanged hasWindowFocus false
12-03 17:00:06.875 21904 21904 D EditorStubImpl: Type = 2, RectF = RectF(201.0, 995.0, 311.0, 1105.0), mInsertionHandleData = [HandleData{mIsShow=false, mPosition=RectF(201.0, 995.0, 311.0, 1105.0)}]
12-03 17:00:06.875 21904 21904 D EditorStubImpl: Type = 2, RectF = RectF(302.0, 1216.0, 412.0, 1326.0), mInsertionHandleData = [HandleData{mIsShow=false, mPosition=RectF(302.0, 1216.0, 412.0, 1326.0)}]
12-03 17:00:06.919 21904 21904 D DecorView[]: onWindowFocusChanged hasWindowFocus true
12-03 17:00:07.467 21904 21953 D OpenGLRenderer: endAllActiveAnimators on 0xb40000779cc3ec00 (RippleDrawable) with handle 0xb4000077de8deca0
12-03 17:00:07.518 21904 21904 W OnBackInvokedCallback: OnBackInvokedCallback is not enabled for the application.
12-03 17:00:07.518 21904 21904 W OnBackInvokedCallback: Set 'android:enableOnBackInvokedCallback="true"' in the application manifest.
12-03 17:00:07.518 21904 21904 D DecorView[]: onWindowFocusChanged hasWindowFocus true
12-03 17:00:08.022 21904 21904 D Editor  : Double tap detection is fail
12-03 17:00:08.139 21904 21904 V TextView: sendCursorInfo support:false
12-03 17:00:08.563 21904 26177 D TransportRuntime.CctTransportBackend: Making request to: https://firebaselogging.googleapis.com/v0cc/log/batch?format=json_proto3
12-03 17:00:08.782 21904 26177 I TransportRuntime.CctTransportBackend: Status Code: 200
12-03 17:00:08.783 21904 26177 I TransportRuntime.CctTransportBackend: Content-Type: application/json; charset=UTF-8
12-03 17:00:08.783 21904 26177 I TransportRuntime.CctTransportBackend: Content-Encoding: gzip
12-03 17:00:10.164 21904 21904 D IS_CTS_MODE: false
12-03 17:00:10.164 21904 21904 D MULTI_WINDOW_ENABLED: false
12-03 17:00:10.176 21904 21904 D ScrollerOptimizationManager: registerConfigChangedListener
12-03 17:00:10.182 21904 21904 D ScrollerOptimizationManager: registerConfigChangedListener
12-03 17:00:10.195 21904 21904 I ForceDarkHelperStubImpl: setViewRootImplForceDark: false for com.albacontrol.MainActivity@d534810, reason: AppDarkModeEnable
12-03 17:00:10.229 21904 21904 I ForceDarkHelperStubImpl: setViewRootImplForceDark: false for com.albacontrol.MainActivity@d534810, reason: AppDarkModeEnable
12-03 17:00:10.233 21904 21904 D VRI[MainActivity]: vri.reportNextDraw android.view.ViewRootImpl.performTraversals:4013 android.view.ViewRootImpl.doTraversal:2725 android.view.ViewRootImpl$TraversalRunnable.run:9812 android.view.Choreographer$CallbackRecord.run:1505 android.view.Choreographer$CallbackRecord.run:1513 
12-03 17:00:10.233 21904 21904 D VRI[MainActivity]: vri.Setup new sync id=0 syncSeqId=0
12-03 17:00:10.242 21904 21953 E perf_hint: Session creation failed, mPreferredRateNanos: -1
12-03 17:00:10.244 21904 21904 D VRI[MainActivity]: vri.reportDrawFinished syncSeqId=0 android.view.ViewRootImpl.lambda$createSyncIfNeeded$4$android-view-ViewRootImpl:4081 android.view.ViewRootImpl$$ExternalSyntheticLambda2.run:6 android.os.Handler.handleCallback:942 android.os.Handler.dispatchMessage:99 android.os.Looper.loopOnce:211 
12-03 17:00:10.262 21904 21904 D DecorView[]: onWindowFocusChanged hasWindowFocus false
12-03 17:00:10.263 21904 21904 D EditorStubImpl: Type = 2, RectF = RectF(201.0, 995.0, 311.0, 1105.0), mInsertionHandleData = [HandleData{mIsShow=false, mPosition=RectF(201.0, 995.0, 311.0, 1105.0)}]
12-03 17:00:10.263 21904 21904 D EditorStubImpl: Type = 2, RectF = RectF(302.0, 1216.0, 412.0, 1326.0), mInsertionHandleData = [HandleData{mIsShow=false, mPosition=RectF(302.0, 1216.0, 412.0, 1326.0)}]
12-03 17:00:10.318 21904 21904 D DecorView[]: onWindowFocusChanged hasWindowFocus true
12-03 17:00:10.865 21904 21953 D OpenGLRenderer: endAllActiveAnimators on 0xb4000077aefde600 (RippleDrawable) with handle 0xb4000077e32d0b20
12-03 17:00:10.907 21904 21904 W OnBackInvokedCallback: OnBackInvokedCallback is not enabled for the application.
12-03 17:00:10.907 21904 21904 W OnBackInvokedCallback: Set 'android:enableOnBackInvokedCallback="true"' in the application manifest.
12-03 17:00:10.907 21904 21904 D DecorView[]: onWindowFocusChanged hasWindowFocus true
12-03 17:00:11.773 21904 21904 D IS_CTS_MODE: false
12-03 17:00:11.773 21904 21904 D MULTI_WINDOW_ENABLED: false
12-03 17:00:11.792 21904 21904 D ScrollerOptimizationManager: registerConfigChangedListener
12-03 17:00:11.796 21904 21904 D ScrollerOptimizationManager: registerConfigChangedListener
12-03 17:00:11.805 21904 21904 I ForceDarkHelperStubImpl: setViewRootImplForceDark: false for com.albacontrol.MainActivity@d534810, reason: AppDarkModeEnable
12-03 17:00:11.836 21904 21904 I ForceDarkHelperStubImpl: setViewRootImplForceDark: false for com.albacontrol.MainActivity@d534810, reason: AppDarkModeEnable
12-03 17:00:11.839 21904 21904 D VRI[MainActivity]: vri.reportNextDraw android.view.ViewRootImpl.performTraversals:4013 android.view.ViewRootImpl.doTraversal:2725 android.view.ViewRootImpl$TraversalRunnable.run:9812 android.view.Choreographer$CallbackRecord.run:1505 android.view.Choreographer$CallbackRecord.run:1513 
12-03 17:00:11.840 21904 21904 D VRI[MainActivity]: vri.Setup new sync id=0 syncSeqId=0
12-03 17:00:11.850 21904 21953 E perf_hint: Session creation failed, mPreferredRateNanos: -1
12-03 17:00:11.851 21904 21904 D VRI[MainActivity]: vri.reportDrawFinished syncSeqId=0 android.view.ViewRootImpl.lambda$createSyncIfNeeded$4$android-view-ViewRootImpl:4081 android.view.ViewRootImpl$$ExternalSyntheticLambda2.run:6 android.os.Handler.handleCallback:942 android.os.Handler.dispatchMessage:99 android.os.Looper.loopOnce:211 
12-03 17:00:11.864 21904 21904 D DecorView[]: onWindowFocusChanged hasWindowFocus false
12-03 17:00:11.865 21904 21904 D EditorStubImpl: Type = 2, RectF = RectF(201.0, 995.0, 311.0, 1105.0), mInsertionHandleData = [HandleData{mIsShow=false, mPosition=RectF(201.0, 995.0, 311.0, 1105.0)}]
12-03 17:00:11.865 21904 21904 D EditorStubImpl: Type = 2, RectF = RectF(302.0, 1216.0, 412.0, 1326.0), mInsertionHandleData = [HandleData{mIsShow=false, mPosition=RectF(302.0, 1216.0, 412.0, 1326.0)}]
12-03 17:00:11.918 21904 21904 D DecorView[]: onWindowFocusChanged hasWindowFocus true
12-03 17:00:12.425 21904 21953 D OpenGLRenderer: endAllActiveAnimators on 0xb4000077af12ea00 (RippleDrawable) with handle 0xb4000077e32d07e0
12-03 17:00:12.462 21904 21904 W OnBackInvokedCallback: OnBackInvokedCallback is not enabled for the application.
12-03 17:00:12.462 21904 21904 W OnBackInvokedCallback: Set 'android:enableOnBackInvokedCallback="true"' in the application manifest.
12-03 17:00:12.463 21904 21904 D DecorView[]: onWindowFocusChanged hasWindowFocus true
12-03 17:00:13.159 21904 21904 D IS_CTS_MODE: false
12-03 17:00:13.159 21904 21904 D MULTI_WINDOW_ENABLED: false
12-03 17:00:13.169 21904 21904 D ScrollerOptimizationManager: registerConfigChangedListener
12-03 17:00:13.174 21904 21904 D ScrollerOptimizationManager: registerConfigChangedListener
12-03 17:00:13.191 21904 21904 I ForceDarkHelperStubImpl: setViewRootImplForceDark: false for com.albacontrol.MainActivity@d534810, reason: AppDarkModeEnable
12-03 17:00:13.228 21904 21904 I ForceDarkHelperStubImpl: setViewRootImplForceDark: false for com.albacontrol.MainActivity@d534810, reason: AppDarkModeEnable
12-03 17:00:13.233 21904 21904 D VRI[MainActivity]: vri.reportNextDraw android.view.ViewRootImpl.performTraversals:4013 android.view.ViewRootImpl.doTraversal:2725 android.view.ViewRootImpl$TraversalRunnable.run:9812 android.view.Choreographer$CallbackRecord.run:1505 android.view.Choreographer$CallbackRecord.run:1513 
12-03 17:00:13.234 21904 21904 D VRI[MainActivity]: vri.Setup new sync id=0 syncSeqId=0
12-03 17:00:13.242 21904 21953 E perf_hint: Session creation failed, mPreferredRateNanos: -1
12-03 17:00:13.243 21904 21904 D VRI[MainActivity]: vri.reportDrawFinished syncSeqId=0 android.view.ViewRootImpl.lambda$createSyncIfNeeded$4$android-view-ViewRootImpl:4081 android.view.ViewRootImpl$$ExternalSyntheticLambda2.run:6 android.os.Handler.handleCallback:942 android.os.Handler.dispatchMessage:99 android.os.Looper.loopOnce:211 
12-03 17:00:13.266 21904 21904 D DecorView[]: onWindowFocusChanged hasWindowFocus false
12-03 17:00:13.267 21904 21904 D EditorStubImpl: Type = 2, RectF = RectF(201.0, 995.0, 311.0, 1105.0), mInsertionHandleData = [HandleData{mIsShow=false, mPosition=RectF(201.0, 995.0, 311.0, 1105.0)}]
12-03 17:00:13.267 21904 21904 D EditorStubImpl: Type = 2, RectF = RectF(302.0, 1216.0, 412.0, 1326.0), mInsertionHandleData = [HandleData{mIsShow=false, mPosition=RectF(302.0, 1216.0, 412.0, 1326.0)}]
12-03 17:00:13.305 21904 21904 D DecorView[]: onWindowFocusChanged hasWindowFocus true
12-03 17:00:13.808 21904 21953 D OpenGLRenderer: endAllActiveAnimators on 0xb40000779cbd9800 (RippleDrawable) with handle 0xb4000077e32dd700
12-03 17:00:13.847 21904 21904 W OnBackInvokedCallback: OnBackInvokedCallback is not enabled for the application.
12-03 17:00:13.847 21904 21904 W OnBackInvokedCallback: Set 'android:enableOnBackInvokedCallback="true"' in the application manifest.
12-03 17:00:13.847 21904 21904 D DecorView[]: onWindowFocusChanged hasWindowFocus true
12-03 17:00:15.309 21904 21904 D Editor  : Double tap detection is fail
12-03 17:00:15.405 21904 21904 I HandWritingStubImpl: refreshLastKeyboardType: 1
12-03 17:00:15.411 21904 21904 I HandWritingStubImpl: getCurrentKeyboardType: 1
12-03 17:00:15.420 21904 21904 D InputMethodManager: showSoftInput() view=androidx.appcompat.widget.AppCompatEditText{9e0c74e VFED..CL. .F.P..ID 22,196-970,320 #7f0800e8 app:id/etDescripcion aid=1073741909} flags=0 reason=SHOW_SOFT_INPUT
12-03 17:00:15.434 21904 21904 I ForceDarkHelperStubImpl: setViewRootImplForceDark: false for com.albacontrol.MainActivity@d534810, reason: AppDarkModeEnable
12-03 17:00:15.441 21904 21904 D EditorStubImpl: Type = 0, RectF = RectF(421.0, 843.0, 531.0, 953.0), mInsertionHandleData = [HandleData{mIsShow=false, mPosition=RectF(0.0, 0.0, 0.0, 0.0)}]
12-03 17:00:15.441 21904 21904 W EditorStubImpl: Two list size not equals,try recover it
12-03 17:00:15.442 21904 21904 D EditorStubImpl: isMultiHandle = false, status = 1, sendData = [RectF(421.0, 843.0, 531.0, 953.0)]
12-03 17:00:15.445 21904 21904 V TextView: sendCursorInfo support:false
12-03 17:00:15.446 21904 21904 W RemoteInputConnectionImpl: requestCursorAnchorInfo on inactive InputConnection
12-03 17:00:15.463 21904 21904 I ForceDarkHelperStubImpl: setViewRootImplForceDark: false for com.albacontrol.MainActivity@d534810, reason: AppDarkModeEnable
12-03 17:00:15.464 21904 21904 D VRI[PopupWindow:3e9]: vri.reportNextDraw android.view.ViewRootImpl.performTraversals:4013 android.view.ViewRootImpl.doTraversal:2725 android.view.ViewRootImpl$TraversalRunnable.run:9812 android.view.Choreographer$CallbackRecord.run:1505 android.view.Choreographer$CallbackRecord.run:1513 
12-03 17:00:15.464 21904 21904 D VRI[PopupWindow:3e9]: vri.Setup new sync id=0 syncSeqId=0
12-03 17:00:15.468 21904 21953 E perf_hint: Session creation failed, mPreferredRateNanos: -1
12-03 17:00:15.470 21904 21904 D VRI[PopupWindow:3e9]: vri.reportDrawFinished syncSeqId=0 android.view.ViewRootImpl.lambda$createSyncIfNeeded$4$android-view-ViewRootImpl:4081 android.view.ViewRootImpl$$ExternalSyntheticLambda2.run:6 android.os.Handler.handleCallback:942 android.os.Handler.dispatchMessage:99 android.os.Looper.loopOnce:211 
12-03 17:00:15.471 21904 21904 D VRI[PopupWindow:3e9]: vri.reportNextDraw android.view.ViewRootImpl.handleResized:2083 android.view.ViewRootImpl.-$$Nest$mhandleResized:0 android.view.ViewRootImpl$ViewRootHandler.handleMessageImpl:6167 android.view.ViewRootImpl$ViewRootHandler.handleMessage:6136 android.os.Handler.dispatchMessage:106 
12-03 17:00:15.472 21904 21904 D VRI[PopupWindow:3e9]: vri.Setup new sync id=1 syncSeqId=0
12-03 17:00:15.473 21904 21904 D VRI[PopupWindow:3e9]: vri.reportDrawFinished syncSeqId=0 android.view.ViewRootImpl.lambda$createSyncIfNeeded$4$android-view-ViewRootImpl:4081 android.view.ViewRootImpl$$ExternalSyntheticLambda2.run:6 android.os.Handler.handleCallback:942 android.os.Handler.dispatchMessage:99 android.os.Looper.loopOnce:211 
12-03 17:00:15.473 21904 21904 W OnBackInvokedCallback: OnBackInvokedCallback is not enabled for the application.
12-03 17:00:15.473 21904 21904 W OnBackInvokedCallback: Set 'android:enableOnBackInvokedCallback="true"' in the application manifest.
12-03 17:00:15.473 21904 21904 D InsetsController: show(ime(), fromIme=true)
12-03 17:00:15.484 21904 21904 D EditorStubImpl: Type = 1, RectF = RectF(424.0, 843.0, 534.0, 953.0), mInsertionHandleData = [HandleData{mIsShow=true, mPosition=RectF(421.0, 843.0, 531.0, 953.0)}]
12-03 17:00:15.484 21904 21904 D EditorStubImpl: isMultiHandle = false, status = 2, sendData = [RectF(424.0, 843.0, 534.0, 953.0)]
12-03 17:00:15.510 21904 21904 D InsetsController: show(ime(), fromIme=true)
12-03 17:00:16.113 21904 21904 D Editor  : Double tap detection is fail
12-03 17:00:16.182 21904 21904 D InputMethodManager: showSoftInput() view=androidx.appcompat.widget.AppCompatEditText{9e0c74e VFED..CL. .F.P..ID 22,196-970,320 #7f0800e8 app:id/etDescripcion aid=1073741909} flags=0 reason=SHOW_SOFT_INPUT
12-03 17:00:16.225 21904 21904 D EditorStubImpl: Type = 2, RectF = RectF(424.0, 843.0, 534.0, 953.0), mInsertionHandleData = [HandleData{mIsShow=true, mPosition=RectF(424.0, 843.0, 534.0, 953.0)}]
12-03 17:00:16.225 21904 21904 D EditorStubImpl: isMultiHandle = false, status = 3, sendData = [RectF(424.0, 843.0, 534.0, 953.0)]
12-03 17:00:16.235 21904 21904 I ForceDarkHelperStubImpl: setViewRootImplForceDark: false for com.albacontrol.MainActivity@d534810, reason: AppDarkModeEnable
12-03 17:00:16.242 21904 21904 D EditorStubImpl: Type = 0, RectF = RectF(338.0, 843.0, 448.0, 953.0), mInsertionHandleData = [HandleData{mIsShow=false, mPosition=RectF(424.0, 843.0, 534.0, 953.0)}]
12-03 17:00:16.242 21904 21904 D EditorStubImpl: isMultiHandle = false, status = 1, sendData = [RectF(338.0, 843.0, 448.0, 953.0)]
12-03 17:00:16.245 21904 21904 D InsetsController: show(ime(), fromIme=true)
12-03 17:00:16.275 21904 21904 I ForceDarkHelperStubImpl: setViewRootImplForceDark: false for com.albacontrol.MainActivity@d534810, reason: AppDarkModeEnable
12-03 17:00:16.276 21904 21904 D VRI[PopupWindow:3e9]: vri.reportNextDraw android.view.ViewRootImpl.performTraversals:4013 android.view.ViewRootImpl.doTraversal:2725 android.view.ViewRootImpl$TraversalRunnable.run:9812 android.view.Choreographer$CallbackRecord.run:1505 android.view.Choreographer$CallbackRecord.run:1513 
12-03 17:00:16.276 21904 21904 D VRI[PopupWindow:3e9]: vri.Setup new sync id=0 syncSeqId=0
12-03 17:00:16.279 21904 21953 E perf_hint: Session creation failed, mPreferredRateNanos: -1
12-03 17:00:16.280 21904 21904 D VRI[PopupWindow:3e9]: vri.reportDrawFinished syncSeqId=0 android.view.ViewRootImpl.lambda$createSyncIfNeeded$4$android-view-ViewRootImpl:4081 android.view.ViewRootImpl$$ExternalSyntheticLambda2.run:6 android.os.Handler.handleCallback:942 android.os.Handler.dispatchMessage:99 android.os.Looper.loopOnce:211 
12-03 17:00:16.282 21904 21904 D VRI[PopupWindow:3e9]: vri.reportNextDraw android.view.ViewRootImpl.handleResized:2083 android.view.ViewRootImpl.-$$Nest$mhandleResized:0 android.view.ViewRootImpl$ViewRootHandler.handleMessageImpl:6167 android.view.ViewRootImpl$ViewRootHandler.handleMessage:6136 android.os.Handler.dispatchMessage:106 
12-03 17:00:16.285 21904 21904 D VRI[PopupWindow:3e9]: vri.Setup new sync id=1 syncSeqId=0
12-03 17:00:16.287 21904 21904 D EditorStubImpl: Type = 1, RectF = RectF(338.0, 843.0, 448.0, 953.0), mInsertionHandleData = [HandleData{mIsShow=true, mPosition=RectF(338.0, 843.0, 448.0, 953.0)}]
12-03 17:00:16.290 21904 21904 D VRI[PopupWindow:3e9]: vri.reportDrawFinished syncSeqId=0 android.view.ViewRootImpl.lambda$createSyncIfNeeded$4$android-view-ViewRootImpl:4081 android.view.ViewRootImpl$$ExternalSyntheticLambda2.run:6 android.os.Handler.handleCallback:942 android.os.Handler.dispatchMessage:99 android.os.Looper.loopOnce:211 
12-03 17:00:17.514 21904 21904 D AlbaTpl : scheduleAutoSavePattern: disabled (save only at finalize)
12-03 17:00:17.532 21904 21904 D EditorStubImpl: Type = 2, RectF = RectF(338.0, 843.0, 448.0, 953.0), mInsertionHandleData = [HandleData{mIsShow=true, mPosition=RectF(338.0, 843.0, 448.0, 953.0)}]
12-03 17:00:17.532 21904 21904 D EditorStubImpl: isMultiHandle = false, status = 3, sendData = [RectF(338.0, 843.0, 448.0, 953.0)]
12-03 17:00:18.951 21904 21904 D AlbaTpl : scheduleAutoSavePattern: disabled (save only at finalize)
12-03 17:00:18.956 21904 21904 D EditorStubImpl: Type = 2, RectF = RectF(338.0, 843.0, 448.0, 953.0), mInsertionHandleData = [HandleData{mIsShow=false, mPosition=RectF(338.0, 843.0, 448.0, 953.0)}]
12-03 17:00:19.671 21904 21904 D AlbaTpl : scheduleAutoSavePattern: disabled (save only at finalize)
12-03 17:00:19.673 21904 21904 D EditorStubImpl: Type = 2, RectF = RectF(338.0, 843.0, 448.0, 953.0), mInsertionHandleData = [HandleData{mIsShow=false, mPosition=RectF(338.0, 843.0, 448.0, 953.0)}]
12-03 17:00:22.631 21904 21904 D AlbaTpl : scheduleAutoSavePattern: disabled (save only at finalize)
12-03 17:00:22.634 21904 21904 D EditorStubImpl: Type = 2, RectF = RectF(338.0, 843.0, 448.0, 953.0), mInsertionHandleData = [HandleData{mIsShow=false, mPosition=RectF(338.0, 843.0, 448.0, 953.0)}]
12-03 17:00:23.440 21904 21904 D AlbaTpl : scheduleAutoSavePattern: disabled (save only at finalize)
12-03 17:00:23.442 21904 21904 D EditorStubImpl: Type = 2, RectF = RectF(338.0, 843.0, 448.0, 953.0), mInsertionHandleData = [HandleData{mIsShow=false, mPosition=RectF(338.0, 843.0, 448.0, 953.0)}]
12-03 17:00:24.006 21904 21904 D AlbaTpl : scheduleAutoSavePattern: disabled (save only at finalize)
12-03 17:00:24.009 21904 21904 D EditorStubImpl: Type = 2, RectF = RectF(338.0, 843.0, 448.0, 953.0), mInsertionHandleData = [HandleData{mIsShow=false, mPosition=RectF(338.0, 843.0, 448.0, 953.0)}]
12-03 17:00:25.404 21904 21904 D AlbaTpl : scheduleAutoSavePattern: disabled (save only at finalize)
12-03 17:00:25.408 21904 21904 D EditorStubImpl: Type = 2, RectF = RectF(338.0, 843.0, 448.0, 953.0), mInsertionHandleData = [HandleData{mIsShow=false, mPosition=RectF(338.0, 843.0, 448.0, 953.0)}]
12-03 17:00:27.402 21904 21904 D Editor  : Double tap detection is fail
12-03 17:00:27.470 21904 21904 D EditorStubImpl: Type = 2, RectF = RectF(338.0, 843.0, 448.0, 953.0), mInsertionHandleData = [HandleData{mIsShow=false, mPosition=RectF(338.0, 843.0, 448.0, 953.0)}]
12-03 17:00:27.475 21904 21904 I HandWritingStubImpl: refreshLastKeyboardType: 1
12-03 17:00:27.482 21904 21904 I HandWritingStubImpl: getCurrentKeyboardType: 1
12-03 17:00:27.491 21904 21904 D InputMethodManager: showSoftInput() view=androidx.appcompat.widget.AppCompatEditText{f9e5e67 VFED..CL. .F.P..ID 0,64-301,188 #7f0800f0 app:id/etUnidades aid=1073741910} flags=0 reason=SHOW_SOFT_INPUT
12-03 17:00:27.513 21904 21904 I ForceDarkHelperStubImpl: setViewRootImplForceDark: false for com.albacontrol.MainActivity@d534810, reason: AppDarkModeEnable
12-03 17:00:27.521 21904 21904 D EditorStubImpl: Type = 0, RectF = RectF(50.0, 1064.0, 160.0, 1174.0), mInsertionHandleData = [HandleData{mIsShow=false, mPosition=RectF(0.0, 0.0, 0.0, 0.0)}]
12-03 17:00:27.521 21904 21904 W EditorStubImpl: Two list size not equals,try recover it
12-03 17:00:27.521 21904 21904 D EditorStubImpl: isMultiHandle = false, status = 1, sendData = [RectF(50.0, 1064.0, 160.0, 1174.0)]
12-03 17:00:27.525 21904 21904 V TextView: sendCursorInfo support:false
12-03 17:00:27.552 21904 21904 I ForceDarkHelperStubImpl: setViewRootImplForceDark: false for com.albacontrol.MainActivity@d534810, reason: AppDarkModeEnable
12-03 17:00:27.556 21904 21904 D VRI[PopupWindow:3e9]: vri.reportNextDraw android.view.ViewRootImpl.performTraversals:4013 android.view.ViewRootImpl.doTraversal:2725 android.view.ViewRootImpl$TraversalRunnable.run:9812 android.view.Choreographer$CallbackRecord.run:1505 android.view.Choreographer$CallbackRecord.run:1513 
12-03 17:00:27.556 21904 21904 D VRI[PopupWindow:3e9]: vri.Setup new sync id=0 syncSeqId=0
12-03 17:00:27.559 21904 21953 E perf_hint: Session creation failed, mPreferredRateNanos: -1
12-03 17:00:27.559 21904 21904 D VRI[PopupWindow:3e9]: vri.reportDrawFinished syncSeqId=0 android.view.ViewRootImpl.lambda$createSyncIfNeeded$4$android-view-ViewRootImpl:4081 android.view.ViewRootImpl$$ExternalSyntheticLambda2.run:6 android.os.Handler.handleCallback:942 android.os.Handler.dispatchMessage:99 android.os.Looper.loopOnce:211 
12-03 17:00:27.560 21904 21904 W RemoteInputConnectionImpl: requestCursorAnchorInfo on inactive InputConnection
12-03 17:00:27.561 21904 21904 W OnBackInvokedCallback: OnBackInvokedCallback is not enabled for the application.
12-03 17:00:27.561 21904 21904 W OnBackInvokedCallback: Set 'android:enableOnBackInvokedCallback="true"' in the application manifest.
12-03 17:00:27.561 21904 21904 D VRI[PopupWindow:3e9]: vri.reportNextDraw android.view.ViewRootImpl.handleResized:2083 android.view.ViewRootImpl.-$$Nest$mhandleResized:0 android.view.ViewRootImpl$ViewRootHandler.handleMessageImpl:6167 android.view.ViewRootImpl$ViewRootHandler.handleMessage:6136 android.os.Handler.dispatchMessage:106 
12-03 17:00:27.562 21904 21904 D VRI[PopupWindow:3e9]: vri.Setup new sync id=1 syncSeqId=0
12-03 17:00:27.564 21904 21904 D EditorStubImpl: Type = 1, RectF = RectF(53.0, 1064.0, 163.0, 1174.0), mInsertionHandleData = [HandleData{mIsShow=true, mPosition=RectF(50.0, 1064.0, 160.0, 1174.0)}]
12-03 17:00:27.564 21904 21904 D EditorStubImpl: isMultiHandle = false, status = 2, sendData = [RectF(53.0, 1064.0, 163.0, 1174.0)]
12-03 17:00:27.566 21904 21904 D VRI[PopupWindow:3e9]: vri.reportDrawFinished syncSeqId=0 android.view.ViewRootImpl.lambda$createSyncIfNeeded$4$android-view-ViewRootImpl:4081 android.view.ViewRootImpl$$ExternalSyntheticLambda2.run:6 android.os.Handler.handleCallback:942 android.os.Handler.dispatchMessage:99 android.os.Looper.loopOnce:211 
12-03 17:00:27.567 21904 21904 D InsetsController: show(ime(), fromIme=true)
12-03 17:00:27.567 21904 21904 D InsetsController: show(ime(), fromIme=true)
12-03 17:00:28.219 21904 21904 D AlbaTpl : scheduleAutoSavePattern: disabled (save only at finalize)
12-03 17:00:28.230 21904 21904 D EditorStubImpl: Type = 2, RectF = RectF(53.0, 1064.0, 163.0, 1174.0), mInsertionHandleData = [HandleData{mIsShow=true, mPosition=RectF(53.0, 1064.0, 163.0, 1174.0)}]
12-03 17:00:28.230 21904 21904 D EditorStubImpl: isMultiHandle = false, status = 3, sendData = [RectF(53.0, 1064.0, 163.0, 1174.0)]
12-03 17:00:29.307 21904 21904 D AlbaTpl : scheduleAutoSavePattern: disabled (save only at finalize)
12-03 17:00:29.313 21904 21904 D EditorStubImpl: Type = 2, RectF = RectF(53.0, 1064.0, 163.0, 1174.0), mInsertionHandleData = [HandleData{mIsShow=false, mPosition=RectF(53.0, 1064.0, 163.0, 1174.0)}]
12-03 17:00:29.801 21904 21904 D AlbaTpl : scheduleAutoSavePattern: disabled (save only at finalize)
12-03 17:00:29.804 21904 21904 D EditorStubImpl: Type = 2, RectF = RectF(53.0, 1064.0, 163.0, 1174.0), mInsertionHandleData = [HandleData{mIsShow=false, mPosition=RectF(53.0, 1064.0, 163.0, 1174.0)}]
12-03 17:00:30.268 21904 21904 D Editor  : Double tap detection is fail
12-03 17:00:30.347 21904 21904 D EditorStubImpl: Type = 2, RectF = RectF(53.0, 1064.0, 163.0, 1174.0), mInsertionHandleData = [HandleData{mIsShow=false, mPosition=RectF(53.0, 1064.0, 163.0, 1174.0)}]
12-03 17:00:30.348 21904 21904 I HandWritingStubImpl: refreshLastKeyboardType: 1
12-03 17:00:30.351 21904 21904 I HandWritingStubImpl: getCurrentKeyboardType: 1
12-03 17:00:30.357 21904 21904 D InputMethodManager: showSoftInput() view=androidx.appcompat.widget.AppCompatEditText{bc8c4bd VFED..CL. .F.P..ID 0,64-301,188 #7f0800ed app:id/etPrecio aid=1073741911} flags=0 reason=SHOW_SOFT_INPUT
