1557-12-03 15:28:27.198  1822  2438 E MiuiActivityController: MiuiLog-ActivityObserver: There was something wrong : null
1558-12-03 15:28:27.684  1822  2438 E MiuiActivityController: MiuiLog-ActivityObserver: There was something wrong : null
1559-12-03 15:28:28.178  1822  2438 E MiuiActivityController: MiuiLog-ActivityObserver: There was something wrong : null
1560-12-03 15:28:28.261  1822  2438 E MiuiActivityController: MiuiLog-ActivityObserver: There was something wrong : null
1561-12-03 15:28:28.777  1822  2438 E MiuiActivityController: MiuiLog-ActivityObserver: There was something wrong : null
1562-12-03 15:28:41.009  1822 22911 E VibratorManagerService: Vibrate ignored, not vibrating for ringtones or notify for MIUI
1563-12-03 15:28:51.457  1822  2642 E ProcessManager: error write exception log
1564-12-03 15:29:04.219  1822  2642 E ProcessManager: error write exception log
1565-12-03 15:29:29.163  2965  2965 E miui_face: start face unlock fail, mKeyguardShowing =false;isDeviceInteractive =false;isSwitchingUser =false;isKeyguardGoingAway =false
1566-12-03 15:29:29.399  1822  2377 E AppOps  : attributionTag  not declared in manifest of android
1567-12-03 15:29:29.403  1822  2377 E AppOps  : attributionTag  not declared in manifest of android
1568-12-03 15:29:29.407  1822  2377 E AppOps  : attributionTag  not declared in manifest of android
1569-12-03 15:29:29.432  1822  2438 E MiuiActivityController: MiuiLog-ActivityObserver: There was something wrong : null
1570-12-03 15:29:29.459  1822  2088 E KernelCpuSpeedReader: Failed to read cpu-freq: /sys/devices/system/cpu/cpu0/cpufreq/stats/time_in_state: open failed: ENOENT (No such file or directory)
1571-12-03 15:29:29.459  1822  2088 E KernelCpuSpeedReader: Failed to read cpu-freq: /sys/devices/system/cpu/cpu1190400/cpufreq/stats/time_in_state: open failed: ENOENT (No such file or directory)
1572-12-03 15:29:29.459  1822  2088 E KernelCpuSpeedReader: Failed to read cpu-freq: /sys/devices/system/cpu/cpu2707200/cpufreq/stats/time_in_state: open failed: ENOENT (No such file or directory)
1573-12-03 15:29:29.459  1822  2088 E KernelCpuSpeedReader: Failed to read cpu-freq: /sys/devices/system/cpu/cpu4512000/cpufreq/stats/time_in_state: open failed: ENOENT (No such file or directory)
1574-12-03 15:29:29.554  1822  2438 E MiuiActivityController: MiuiLog-ActivityObserver: There was something wrong : null
1575-12-03 15:29:29.789  2965  2965 E miui_face: start face unlock fail, mKeyguardShowing =true;isDeviceInteractive =false;isSwitchingUser =false;isKeyguardGoingAway =false
1576-12-03 15:29:29.792  2965  2965 E miui_face: start face unlock fail, mKeyguardShowing =true;isDeviceInteractive =false;isSwitchingUser =false;isKeyguardGoingAway =false
1577-12-03 15:29:29.794  2965  2965 E miui_face: start face unlock fail, mKeyguardShowing =true;isDeviceInteractive =false;isSwitchingUser =false;isKeyguardGoingAway =false
1578-12-03 15:29:30.300  2965  2965 E miui_face: start face unlock fail, mKeyguardShowing =true;isDeviceInteractive =false;isSwitchingUser =false;isKeyguardGoingAway =false
1579-12-03 15:29:30.523  1822  4595 E AppOps  : Bad call made by uid 10269. Package "com.miui.weather2" does not belong to uid 1000.
1580-12-03 15:29:30.538  1822  6219 E AppOps  : Bad call made by uid 10269. Package "com.miui.weather2" does not belong to uid 1000.
1581-12-03 15:29:30.540  1822  6219 E AppOps  : Bad call made by uid 10269. Package "com.miui.weather2" does not belong to uid 1000.
1582-12-03 15:29:30.541  1822  4595 E AppOps  : Bad call made by uid 10269. Package "com.miui.weather2" does not belong to uid 1000.
1583-12-03 15:29:30.544  1822  4595 E AppOps  : Bad call made by uid 10269. Package "com.miui.weather2" does not belong to uid 1000.
1584-12-03 15:29:58.415  1822  1822 E ActivityManager: Cancel pending or running compactions as system is awake
1585-12-03 15:29:58.467  1822  3200 E AppOps  : Bad call made by uid 1002. Package "com.google.android.gms" does not belong to uid 1002.
1586-12-03 15:29:58.528  1822  2088 E KernelCpuSpeedReader: Failed to read cpu-freq: /sys/devices/system/cpu/cpu0/cpufreq/stats/time_in_state: open failed: ENOENT (No such file or directory)
1587-12-03 15:29:58.528  1822  2088 E KernelCpuSpeedReader: Failed to read cpu-freq: /sys/devices/system/cpu/cpu1190400/cpufreq/stats/time_in_state: open failed: ENOENT (No such file or directory)
1588-12-03 15:29:58.529  1822  2088 E KernelCpuSpeedReader: Failed to read cpu-freq: /sys/devices/system/cpu/cpu2707200/cpufreq/stats/time_in_state: open failed: ENOENT (No such file or directory)
--
1676-12-03 15:32:19.942  1822  2377 E AppOps  : attributionTag  not declared in manifest of android
1677-12-03 15:32:19.946  1822  2377 E AppOps  : attributionTag  not declared in manifest of android
1678-12-03 15:32:19.950  1822  2377 E AppOps  : attributionTag  not declared in manifest of android
1679-12-03 15:32:26.872  1822 23918 E VibratorManagerService: Vibrate ignored, not vibrating for ringtones or notify for MIUI
1680-12-03 15:32:39.552  1822  2088 E KernelCpuSpeedReader: Failed to read cpu-freq: /sys/devices/system/cpu/cpu0/cpufreq/stats/time_in_state: open failed: ENOENT (No such file or directory)
1681-12-03 15:32:39.553  1822  2088 E KernelCpuSpeedReader: Failed to read cpu-freq: /sys/devices/system/cpu/cpu1190400/cpufreq/stats/time_in_state: open failed: ENOENT (No such file or directory)
1682-12-03 15:32:39.553  1822  2088 E KernelCpuSpeedReader: Failed to read cpu-freq: /sys/devices/system/cpu/cpu2707200/cpufreq/stats/time_in_state: open failed: ENOENT (No such file or directory)
1683-12-03 15:32:39.554  1822  2088 E KernelCpuSpeedReader: Failed to read cpu-freq: /sys/devices/system/cpu/cpu4512000/cpufreq/stats/time_in_state: open failed: ENOENT (No such file or directory)
1684-12-03 15:33:01.470  1822  2438 E MiuiActivityController: MiuiLog-ActivityObserver: There was something wrong : null
1685-12-03 15:33:02.018  1822  2438 E MiuiActivityController: MiuiLog-ActivityObserver: There was something wrong : null
1686-12-03 15:33:02.403  1822  2438 E MiuiActivityController: MiuiLog-ActivityObserver: There was something wrong : null
1687-12-03 15:33:02.554  1822  2438 E MiuiActivityController: MiuiLog-ActivityObserver: There was something wrong : null
1688-12-03 15:33:03.024  1822  2438 E MiuiActivityController: MiuiLog-ActivityObserver: There was something wrong : null
1689-12-03 15:33:25.089  1822  2642 E ProcessManager: error write exception log
1690-12-03 15:33:33.231  1822  2088 E KernelCpuSpeedReader: Failed to read cpu-freq: /sys/devices/system/cpu/cpu0/cpufreq/stats/time_in_state: open failed: ENOENT (No such file or directory)
1691-12-03 15:33:33.232  1822  2088 E KernelCpuSpeedReader: Failed to read cpu-freq: /sys/devices/system/cpu/cpu1190400/cpufreq/stats/time_in_state: open failed: ENOENT (No such file or directory)
1692-12-03 15:33:33.233  1822  2088 E KernelCpuSpeedReader: Failed to read cpu-freq: /sys/devices/system/cpu/cpu2707200/cpufreq/stats/time_in_state: open failed: ENOENT (No such file or directory)
1693-12-03 15:33:33.234  1822  2088 E KernelCpuSpeedReader: Failed to read cpu-freq: /sys/devices/system/cpu/cpu4512000/cpufreq/stats/time_in_state: open failed: ENOENT (No such file or directory)
1694-12-03 15:33:33.697  1822  2642 E ProcessManager: error write exception log
1695-12-03 15:33:43.273  7107  7397 E KernelRpmStatsReader: Failure in reading rpm stats
1696-12-03 15:33:43.273  7107  7397 E KernelRpmStatsReader: java.io.FileNotFoundException: /sys/power/system_sleep/stats: open failed: EACCES (Permission denied)
1697-12-03 15:33:43.273  7107  7397 E KernelRpmStatsReader: 	at libcore.io.IoBridge.open(IoBridge.java:574)
1698-12-03 15:33:43.273  7107  7397 E KernelRpmStatsReader: 	at java.io.FileInputStream.<init>(FileInputStream.java:179)
1699-12-03 15:33:43.273  7107  7397 E KernelRpmStatsReader: 	at java.io.FileInputStream.<init>(FileInputStream.java:133)
1700-12-03 15:33:43.273  7107  7397 E KernelRpmStatsReader: 	at com.miui.powerkeeper.utils.KernelRpmStatsReader.readRpmStatsType1(Unknown Source:19)
1701-12-03 15:33:43.273  7107  7397 E KernelRpmStatsReader: 	at com.miui.powerkeeper.utils.KernelRpmStatsReader.readRpmStats(Unknown Source:63)
1702-12-03 15:33:43.273  7107  7397 E KernelRpmStatsReader: 	at com.miui.powerkeeper.powerchecker.PowerCheckerService.requestKernelRpmStatsUpdate(Unknown Source:4)
1703-12-03 15:33:43.273  7107  7397 E KernelRpmStatsReader: 	at com.miui.powerkeeper.powerchecker.PowerCheckerService.addBatteryHistoryRecord(Unknown Source:32)
1704-12-03 15:33:43.273  7107  7397 E KernelRpmStatsReader: 	at com.miui.powerkeeper.powerchecker.PowerCheckerService.updateBatteryLevelChanged(Unknown Source:8)
1705-12-03 15:33:43.273  7107  7397 E KernelRpmStatsReader: 	at com.miui.powerkeeper.powerchecker.PowerCheckerService.access$2700(Unknown Source:0)
1706-12-03 15:33:43.273  7107  7397 E KernelRpmStatsReader: 	at com.miui.powerkeeper.powerchecker.PowerCheckerService$PowerCheckHandler.handleMessage(Unknown Source:124)
1707-12-03 15:33:43.273  7107  7397 E KernelRpmStatsReader: 	at android.os.Handler.dispatchMessage(Handler.java:106)
1708-12-03 15:33:43.273  7107  7397 E KernelRpmStatsReader: 	at android.os.Looper.loopOnce(Looper.java:211)
1709-12-03 15:33:43.273  7107  7397 E KernelRpmStatsReader: 	at android.os.Looper.loop(Looper.java:300)
1710-12-03 15:33:43.273  7107  7397 E KernelRpmStatsReader: 	at android.os.HandlerThread.run(HandlerThread.java:67)
1711-12-03 15:33:43.273  7107  7397 E KernelRpmStatsReader: Caused by: android.system.ErrnoException: open failed: EACCES (Permission denied)
1712-12-03 15:33:43.273  7107  7397 E KernelRpmStatsReader: 	at libcore.io.Linux.open(Native Method)
1713-12-03 15:33:43.273  7107  7397 E KernelRpmStatsReader: 	at libcore.io.ForwardingOs.open(ForwardingOs.java:568)
1714-12-03 15:33:43.273  7107  7397 E KernelRpmStatsReader: 	at libcore.io.BlockGuardOs.open(BlockGuardOs.java:274)
1715-12-03 15:33:43.273  7107  7397 E KernelRpmStatsReader: 	at libcore.io.ForwardingOs.open(ForwardingOs.java:568)
1716:12-03 15:33:43.273  7107  7397 E KernelRpmStatsReader: 	at android.app.ActivityThread$AndroidOs.open(ActivityThread.java:8381)
1717-12-03 15:33:43.273  7107  7397 E KernelRpmStatsReader: 	at libcore.io.IoBridge.open(IoBridge.java:560)
1718-12-03 15:33:43.273  7107  7397 E KernelRpmStatsReader: 	... 13 more
1719-12-03 15:34:41.482  2965  2965 E miui_face: start face unlock fail, mKeyguardShowing =false;isDeviceInteractive =false;isSwitchingUser =false;isKeyguardGoingAway =false
1720-12-03 15:34:41.546  1822  2642 E ProcessManager: error write exception log
1721-12-03 15:34:41.712  1822  2438 E MiuiActivityController: MiuiLog-ActivityObserver: There was something wrong : null
1722-12-03 15:34:41.714  1822  2377 E AppOps  : attributionTag  not declared in manifest of android
1723-12-03 15:34:41.717  1822  2377 E AppOps  : attributionTag  not declared in manifest of android
1724-12-03 15:34:41.720  1822  2377 E AppOps  : attributionTag  not declared in manifest of android
1725-12-03 15:34:41.723  1822  2377 E AppOps  : attributionTag  not declared in manifest of android
1726-12-03 15:34:41.727  1822  2377 E AppOps  : attributionTag  not declared in manifest of android
1727-12-03 15:34:41.729  1822  2377 E AppOps  : attributionTag  not declared in manifest of android
1728-12-03 15:34:41.759  1822  2088 E KernelCpuSpeedReader: Failed to read cpu-freq: /sys/devices/system/cpu/cpu0/cpufreq/stats/time_in_state: open failed: ENOENT (No such file or directory)
1729-12-03 15:34:41.759  1822  2088 E KernelCpuSpeedReader: Failed to read cpu-freq: /sys/devices/system/cpu/cpu1190400/cpufreq/stats/time_in_state: open failed: ENOENT (No such file or directory)
1730-12-03 15:34:41.759  1822  2088 E KernelCpuSpeedReader: Failed to read cpu-freq: /sys/devices/system/cpu/cpu2707200/cpufreq/stats/time_in_state: open failed: ENOENT (No such file or directory)
1731-12-03 15:34:41.760  1822  2088 E KernelCpuSpeedReader: Failed to read cpu-freq: /sys/devices/system/cpu/cpu4512000/cpufreq/stats/time_in_state: open failed: ENOENT (No such file or directory)
1732-12-03 15:34:41.816  1822  2438 E MiuiActivityController: MiuiLog-ActivityObserver: There was something wrong : null
1733-12-03 15:34:42.112  1822  2642 E ProcessManager: error write exception log
1734-12-03 15:34:42.184  2965  2965 E miui_face: start face unlock fail, mKeyguardShowing =true;isDeviceInteractive =false;isSwitchingUser =false;isKeyguardGoingAway =false
1735-12-03 15:34:42.185  2965  2965 E miui_face: start face unlock fail, mKeyguardShowing =true;isDeviceInteractive =false;isSwitchingUser =false;isKeyguardGoingAway =false
1736-12-03 15:34:42.188  2965  2965 E miui_face: start face unlock fail, mKeyguardShowing =true;isDeviceInteractive =false;isSwitchingUser =false;isKeyguardGoingAway =false
1737-12-03 15:34:42.435  2965  2965 E miui_face: start face unlock fail, mKeyguardShowing =true;isDeviceInteractive =false;isSwitchingUser =false;isKeyguardGoingAway =false
1738-12-03 15:34:42.711  1822  4602 E AppOps  : Bad call made by uid 10269. Package "com.miui.weather2" does not belong to uid 1000.
1739-12-03 15:34:42.720  1822  3953 E AppOps  : Bad call made by uid 10269. Package "com.miui.weather2" does not belong to uid 1000.
1740-12-03 15:34:42.721  1822  6207 E AppOps  : Bad call made by uid 10269. Package "com.miui.weather2" does not belong to uid 1000.
1741-12-03 15:34:42.723  1822  6207 E AppOps  : Bad call made by uid 10269. Package "com.miui.weather2" does not belong to uid 1000.
1742-12-03 15:34:42.724  1822  6300 E AppOps  : Bad call made by uid 10269. Package "com.miui.weather2" does not belong to uid 1000.
1743-12-03 15:35:07.686  1822  2088 E KernelCpuSpeedReader: Failed to read cpu-freq: /sys/devices/system/cpu/cpu0/cpufreq/stats/time_in_state: open failed: ENOENT (No such file or directory)
1744-12-03 15:35:07.686  1822  2088 E KernelCpuSpeedReader: Failed to read cpu-freq: /sys/devices/system/cpu/cpu1190400/cpufreq/stats/time_in_state: open failed: ENOENT (No such file or directory)
1745-12-03 15:35:07.686  1822  2088 E KernelCpuSpeedReader: Failed to read cpu-freq: /sys/devices/system/cpu/cpu2707200/cpufreq/stats/time_in_state: open failed: ENOENT (No such file or directory)
1746-12-03 15:35:07.687  1822  2088 E KernelCpuSpeedReader: Failed to read cpu-freq: /sys/devices/system/cpu/cpu4512000/cpufreq/stats/time_in_state: open failed: ENOENT (No such file or directory)
1747-12-03 15:35:07.785  1822 24238 E VibratorManagerService: Vibrate ignored, not vibrating for ringtones or notify for MIUI
1748-12-03 15:35:09.832  1822  1822 E ActivityManager: Cancel pending or running compactions as system is awake
1749-12-03 15:35:09.895  1822  2088 E KernelCpuSpeedReader: Failed to read cpu-freq: /sys/devices/system/cpu/cpu0/cpufreq/stats/time_in_state: open failed: ENOENT (No such file or directory)
1750-12-03 15:35:09.896  1822  2088 E KernelCpuSpeedReader: Failed to read cpu-freq: /sys/devices/system/cpu/cpu1190400/cpufreq/stats/time_in_state: open failed: ENOENT (No such file or directory)
1751-12-03 15:35:09.896  1822  2088 E KernelCpuSpeedReader: Failed to read cpu-freq: /sys/devices/system/cpu/cpu2707200/cpufreq/stats/time_in_state: open failed: ENOENT (No such file or directory)
1752-12-03 15:35:09.896  1822  2088 E KernelCpuSpeedReader: Failed to read cpu-freq: /sys/devices/system/cpu/cpu4512000/cpufreq/stats/time_in_state: open failed: ENOENT (No such file or directory)
1753-12-03 15:35:09.901  1822  5599 E AppOps  : Bad call made by uid 10269. Package "com.miui.weather2" does not belong to uid 1000.
1754-12-03 15:35:09.909  1822  5599 E AppOps  : Bad call made by uid 10269. Package "com.miui.weather2" does not belong to uid 1000.
1755-12-03 15:35:09.912  1822  6300 E AppOps  : Bad call made by uid 10269. Package "com.miui.weather2" does not belong to uid 1000.
1756-12-03 15:35:09.915  1822  6277 E AppOps  : Bad call made by uid 10269. Package "com.miui.weather2" does not belong to uid 1000.
1757-12-03 15:35:09.921  1822  6277 E AppOps  : Bad call made by uid 10269. Package "com.miui.weather2" does not belong to uid 1000.
1758-12-03 15:35:10.018  1822  6277 E AppOps  : Bad call made by uid 1002. Package "com.google.android.gms" does not belong to uid 1002.
1759-12-03 15:35:21.031  1822  2438 E MiuiActivityController: MiuiLog-ActivityObserver: There was something wrong : null
1760-12-03 15:35:21.173  1822  2438 E MiuiActivityController: MiuiLog-ActivityObserver: There was something wrong : null
1761-12-03 15:35:21.368  1822  2438 E MiuiActivityController: MiuiLog-ActivityObserver: There was something wrong : null
1762-12-03 15:35:21.369  1822  2438 E MiuiActivityController: MiuiLog-ActivityObserver: There was something wrong : null
1763-12-03 15:35:21.438  1822  2088 E KernelCpuSpeedReader: Failed to read cpu-freq: /sys/devices/system/cpu/cpu0/cpufreq/stats/time_in_state: open failed: ENOENT (No such file or directory)
1764-12-03 15:35:21.439  1822  2088 E KernelCpuSpeedReader: Failed to read cpu-freq: /sys/devices/system/cpu/cpu1190400/cpufreq/stats/time_in_state: open failed: ENOENT (No such file or directory)
1765-12-03 15:35:21.439  1822  2088 E KernelCpuSpeedReader: Failed to read cpu-freq: /sys/devices/system/cpu/cpu2707200/cpufreq/stats/time_in_state: open failed: ENOENT (No such file or directory)
1766-12-03 15:35:21.439  1822  2088 E KernelCpuSpeedReader: Failed to read cpu-freq: /sys/devices/system/cpu/cpu4512000/cpufreq/stats/time_in_state: open failed: ENOENT (No such file or directory)
1767-12-03 15:35:21.548  1822  2438 E MiuiActivityController: MiuiLog-ActivityObserver: There was something wrong : null
1768-12-03 15:35:21.708  1822  5599 E AppOps  : Bad call made by uid 1002. Package "com.google.android.gms" does not belong to uid 1002.
1769-12-03 15:35:21.792   607 27575 E keystore2: keystore2::error: In create_operation.
1770-12-03 15:35:21.792   607 27575 E keystore2: 
1771-12-03 15:35:21.792   607 27575 E keystore2: Caused by:
1772-12-03 15:35:21.792   607 27575 E keystore2:     0: In authorize_create: matching auth token is expired.
1773-12-03 15:35:21.792   607 27575 E keystore2:     1: Error::Km(ErrorCode(-26))
1774-12-03 15:35:41.487  1822  2642 E ProcessManager: error write exception log
1775-12-03 15:36:40.451  1822  2394 E AlarmManager: Attempt to decrement existing alarm count 0 by 1 for uid 1000
1776-12-03 15:36:40.478  1822  2394 E AlarmManager: Attempt to decrement existing alarm count 0 by 1 for uid 1000
1777-12-03 15:37:00.437  1822  2642 E ProcessManager: error write exception log
1778-12-03 15:37:00.499  1822  2438 E MiuiActivityController: MiuiLog-ActivityObserver: There was something wrong : null
1779-12-03 15:37:00.936  1822  2438 E MiuiActivityController: MiuiLog-ActivityObserver: There was something wrong : null
1780-12-03 15:37:01.391  1822  2438 E MiuiActivityController: MiuiLog-ActivityObserver: There was something wrong : null
1781:12-03 15:37:01.427 24525 24573 E ActivityThread: Failed to find provider info for com.facebook.appmanager.nekodirect
1782-12-03 15:37:02.124  1822  2642 E ProcessManager: error write exception log
1783-12-03 15:37:02.142  1822  2438 E MiuiActivityController: MiuiLog-ActivityObserver: There was something wrong : null
1784-12-03 15:37:02.207  1822  2642 E ProcessManager: error write exception log
1785-12-03 15:37:02.538  1822  2438 E MiuiActivityController: MiuiLog-ActivityObserver: There was something wrong : null
1786-12-03 15:37:02.574  1822  2438 E MiuiActivityController: MiuiLog-ActivityObserver: There was something wrong : null
1787-12-03 15:37:02.577  1822  2438 E MiuiActivityController: MiuiLog-ActivityObserver: There was something wrong : null
1788-12-03 15:37:02.764  1822  2642 E ProcessManager: error write exception log
1789-12-03 15:37:03.050  1822  2438 E MiuiActivityController: MiuiLog-ActivityObserver: There was something wrong : null
1790-12-03 15:37:03.755  1822  1822 E Fingerprint21: onAcquired for non-acquisition client: null
1791-12-03 15:37:04.122  1822  2438 E MiuiActivityController: MiuiLog-ActivityObserver: There was something wrong : null
1792-12-03 15:37:04.206  1822  2438 E MiuiActivityController: MiuiLog-ActivityObserver: There was something wrong : null
1793-12-03 15:37:04.728  1822  2438 E MiuiActivityController: MiuiLog-ActivityObserver: There was something wrong : null
1794-12-03 15:37:06.387  1822  2438 E MiuiActivityController: MiuiLog-ActivityObserver: There was something wrong : null
1795-12-03 15:37:06.968  1822  2438 E MiuiActivityController: MiuiLog-ActivityObserver: There was something wrong : null
1796-12-03 15:37:07.153  1822  2438 E MiuiActivityController: MiuiLog-ActivityObserver: There was something wrong : null
1797-12-03 15:37:07.233  1822  2438 E MiuiActivityController: MiuiLog-ActivityObserver: There was something wrong : null
1798-12-03 15:37:07.747  1822  2438 E MiuiActivityController: MiuiLog-ActivityObserver: There was something wrong : null
1799-12-03 15:37:20.445  1822  2377 E AppOps  : attributionTag  not declared in manifest of android
1800-12-03 15:37:20.448  1822  2377 E AppOps  : attributionTag  not declared in manifest of android
1801-12-03 15:37:20.450  1822  2377 E AppOps  : attributionTag  not declared in manifest of android
1802-12-03 15:37:56.699  1822  3083 E ShortcutService: Invalid icon type in shortcut 120363423903274953@g.us. Bitmaps are not allowed in long-lived shortcuts. Use Resource icons, or Uri-based icons instead.
1803-12-03 15:38:25.696  1822  2642 E ProcessManager: error write exception log
1804-12-03 15:39:32.991  1822  2438 E MiuiActivityController: MiuiLog-ActivityObserver: There was something wrong : null
1805-12-03 15:39:33.415  1822  2438 E MiuiActivityController: MiuiLog-ActivityObserver: There was something wrong : null
1806-12-03 15:39:36.369  1822  2438 E MiuiActivityController: MiuiLog-ActivityObserver: There was something wrong : null
1807-12-03 15:39:36.854  1822  2438 E MiuiActivityController: MiuiLog-ActivityObserver: There was something wrong : null
1808-12-03 15:39:37.151  1822  2438 E MiuiActivityController: MiuiLog-ActivityObserver: There was something wrong : null
1809-12-03 15:39:37.156  1822  2438 E MiuiActivityController: MiuiLog-ActivityObserver: There was something wrong : null
1810-12-03 15:39:37.159  1822  2438 E MiuiActivityController: MiuiLog-ActivityObserver: There was something wrong : null
1811-12-03 15:39:37.565  1822  2438 E MiuiActivityController: MiuiLog-ActivityObserver: There was something wrong : null
1812-12-03 15:39:38.543  1822  1822 E Fingerprint21: onAcquired for non-acquisition client: null
1813-12-03 15:39:38.991  1822  2438 E MiuiActivityController: MiuiLog-ActivityObserver: There was something wrong : null
1814-12-03 15:39:39.072  1822  2438 E MiuiActivityController: MiuiLog-ActivityObserver: There was something wrong : null
1815-12-03 15:39:39.582  1822  2438 E MiuiActivityController: MiuiLog-ActivityObserver: There was something wrong : null
1816-12-03 15:39:44.875 23222 23222 E GlobalScreenshot: jumpProcess: enter  mIsInOutAnimating:false jumpType:send
1817-12-03 15:39:44.975  1822  2438 E MiuiActivityController: MiuiLog-ActivityObserver: There was something wrong : null
1818-12-03 15:39:44.979  1822  2764 E WindowManager: setOnBackInvokedCallback(): No window state for package:com.miui.screenshot
1819-12-03 15:39:44.985  1822  2438 E MiuiActivityController: MiuiLog-ActivityObserver: There was something wrong : null
1820-12-03 15:39:45.310  1822  2438 E MiuiActivityController: MiuiLog-ActivityObserver: There was something wrong : null
1821-12-03 15:39:45.347  1822  6277 E PackageDexUsage: Unsupported context?
--
1831-12-03 15:39:53.101  1822  2438 E MiuiActivityController: MiuiLog-ActivityObserver: There was something wrong : null
1832-12-03 15:39:53.102  1822  1854 E WindowManager: setOnBackInvokedCallback(): No window state for package:com.whatsapp.w4b
1833-12-03 15:39:53.374  1822  2438 E MiuiActivityController: MiuiLog-ActivityObserver: There was something wrong : null
1834-12-03 15:39:54.140  1822  2438 E MiuiActivityController: MiuiLog-ActivityObserver: There was something wrong : null
1835-12-03 15:39:54.166  1822  2438 E MiuiActivityController: MiuiLog-ActivityObserver: There was something wrong : null
1836-12-03 15:39:54.660  1822  2642 E ProcessManager: error write exception log
1837-12-03 15:39:54.997  1822  4636 E AppOps  : Bad call made by uid 10227. Package "com.google.android.gms" does not belong to uid 10227.
1838-12-03 15:39:55.013  1822  5604 E AppOps  : Bad call made by uid 10227. Package "com.google.android.gms" does not belong to uid 10227.
1839-12-03 15:39:55.052  1822  2642 E ProcessManager: error write exception log
1840-12-03 15:39:55.075  1822  4605 E AppOps  : Bad call made by uid 10200. Package "com.google.android.gms" does not belong to uid 10200.
1841-12-03 15:39:55.082  1822  4605 E AppOps  : Bad call made by uid 10200. Package "com.google.android.gms" does not belong to uid 10200.
1842-12-03 15:39:56.552  1822  2438 E MiuiActivityController: MiuiLog-ActivityObserver: There was something wrong : null
1843-12-03 15:39:56.554  1822  2438 E MiuiActivityController: MiuiLog-ActivityObserver: There was something wrong : null
1844-12-03 15:40:02.948  1822  2088 E KernelCpuSpeedReader: Failed to read cpu-freq: /sys/devices/system/cpu/cpu0/cpufreq/stats/time_in_state: open failed: ENOENT (No such file or directory)
1845-12-03 15:40:02.948  1822  2088 E KernelCpuSpeedReader: Failed to read cpu-freq: /sys/devices/system/cpu/cpu1190400/cpufreq/stats/time_in_state: open failed: ENOENT (No such file or directory)
1846-12-03 15:40:02.949  1822  2088 E KernelCpuSpeedReader: Failed to read cpu-freq: /sys/devices/system/cpu/cpu2707200/cpufreq/stats/time_in_state: open failed: ENOENT (No such file or directory)
1847-12-03 15:40:02.949  1822  2088 E KernelCpuSpeedReader: Failed to read cpu-freq: /sys/devices/system/cpu/cpu4512000/cpufreq/stats/time_in_state: open failed: ENOENT (No such file or directory)
1848-12-03 15:40:03.361  1822  2642 E ProcessManager: error write exception log
1849-12-03 15:40:11.583  1822  2642 E ProcessManager: error write exception log
1850-12-03 15:40:12.973  7107  7397 E KernelRpmStatsReader: Failure in reading rpm stats
1851-12-03 15:40:12.973  7107  7397 E KernelRpmStatsReader: java.io.FileNotFoundException: /sys/power/system_sleep/stats: open failed: EACCES (Permission denied)
1852-12-03 15:40:12.973  7107  7397 E KernelRpmStatsReader: 	at libcore.io.IoBridge.open(IoBridge.java:574)
1853-12-03 15:40:12.973  7107  7397 E KernelRpmStatsReader: 	at java.io.FileInputStream.<init>(FileInputStream.java:179)
1854-12-03 15:40:12.973  7107  7397 E KernelRpmStatsReader: 	at java.io.FileInputStream.<init>(FileInputStream.java:133)
1855-12-03 15:40:12.973  7107  7397 E KernelRpmStatsReader: 	at com.miui.powerkeeper.utils.KernelRpmStatsReader.readRpmStatsType1(Unknown Source:19)
1856-12-03 15:40:12.973  7107  7397 E KernelRpmStatsReader: 	at com.miui.powerkeeper.utils.KernelRpmStatsReader.readRpmStats(Unknown Source:63)
1857-12-03 15:40:12.973  7107  7397 E KernelRpmStatsReader: 	at com.miui.powerkeeper.powerchecker.PowerCheckerService.requestKernelRpmStatsUpdate(Unknown Source:4)
1858-12-03 15:40:12.973  7107  7397 E KernelRpmStatsReader: 	at com.miui.powerkeeper.powerchecker.PowerCheckerService.addBatteryHistoryRecord(Unknown Source:32)
1859-12-03 15:40:12.973  7107  7397 E KernelRpmStatsReader: 	at com.miui.powerkeeper.powerchecker.PowerCheckerService.updateBatteryLevelChanged(Unknown Source:8)
1860-12-03 15:40:12.973  7107  7397 E KernelRpmStatsReader: 	at com.miui.powerkeeper.powerchecker.PowerCheckerService.access$2700(Unknown Source:0)
1861-12-03 15:40:12.973  7107  7397 E KernelRpmStatsReader: 	at com.miui.powerkeeper.powerchecker.PowerCheckerService$PowerCheckHandler.handleMessage(Unknown Source:124)
1862-12-03 15:40:12.973  7107  7397 E KernelRpmStatsReader: 	at android.os.Handler.dispatchMessage(Handler.java:106)
1863-12-03 15:40:12.973  7107  7397 E KernelRpmStatsReader: 	at android.os.Looper.loopOnce(Looper.java:211)
1864-12-03 15:40:12.973  7107  7397 E KernelRpmStatsReader: 	at android.os.Looper.loop(Looper.java:300)
1865-12-03 15:40:12.973  7107  7397 E KernelRpmStatsReader: 	at android.os.HandlerThread.run(HandlerThread.java:67)
1866-12-03 15:40:12.973  7107  7397 E KernelRpmStatsReader: Caused by: android.system.ErrnoException: open failed: EACCES (Permission denied)
1867-12-03 15:40:12.973  7107  7397 E KernelRpmStatsReader: 	at libcore.io.Linux.open(Native Method)
1868-12-03 15:40:12.973  7107  7397 E KernelRpmStatsReader: 	at libcore.io.ForwardingOs.open(ForwardingOs.java:568)
1869-12-03 15:40:12.973  7107  7397 E KernelRpmStatsReader: 	at libcore.io.BlockGuardOs.open(BlockGuardOs.java:274)
1870-12-03 15:40:12.973  7107  7397 E KernelRpmStatsReader: 	at libcore.io.ForwardingOs.open(ForwardingOs.java:568)
1871:12-03 15:40:12.973  7107  7397 E KernelRpmStatsReader: 	at android.app.ActivityThread$AndroidOs.open(ActivityThread.java:8381)
1872-12-03 15:40:12.973  7107  7397 E KernelRpmStatsReader: 	at libcore.io.IoBridge.open(IoBridge.java:560)
1873-12-03 15:40:12.973  7107  7397 E KernelRpmStatsReader: 	... 13 more
1874-12-03 15:40:26.349  1822  2438 E MiuiActivityController: MiuiLog-ActivityObserver: There was something wrong : null
1875-12-03 15:40:27.013  1822  2438 E MiuiActivityController: MiuiLog-ActivityObserver: There was something wrong : null
1876-12-03 15:40:27.037  1822  2438 E MiuiActivityController: MiuiLog-ActivityObserver: There was something wrong : null
1877-12-03 15:40:27.087  1822  2642 E ProcessManager: error write exception log
1878-12-03 15:40:27.094  1822  2642 E ProcessManager: error write exception log
1879-12-03 15:40:27.780  1822  3953 E ShortcutService: Invalid icon type in shortcut 120363423903274953@g.us. Bitmaps are not allowed in long-lived shortcuts. Use Resource icons, or Uri-based icons instead.
1880-12-03 15:40:36.975  1822  2438 E MiuiActivityController: MiuiLog-ActivityObserver: There was something wrong : null
1881-12-03 15:40:38.012  1822  2438 E MiuiActivityController: MiuiLog-ActivityObserver: There was something wrong : null
1882-12-03 15:40:39.644  1822  2438 E MiuiActivityController: MiuiLog-ActivityObserver: There was something wrong : null
1883-12-03 15:40:39.659  1822  2088 E KernelCpuSpeedReader: Failed to read cpu-freq: /sys/devices/system/cpu/cpu0/cpufreq/stats/time_in_state: open failed: ENOENT (No such file or directory)
1884-12-03 15:40:39.659  1822  2088 E KernelCpuSpeedReader: Failed to read cpu-freq: /sys/devices/system/cpu/cpu1190400/cpufreq/stats/time_in_state: open failed: ENOENT (No such file or directory)
1885-12-03 15:40:39.659  1822  2088 E KernelCpuSpeedReader: Failed to read cpu-freq: /sys/devices/system/cpu/cpu2707200/cpufreq/stats/time_in_state: open failed: ENOENT (No such file or directory)
1886-12-03 15:40:39.659  1822  2088 E KernelCpuSpeedReader: Failed to read cpu-freq: /sys/devices/system/cpu/cpu4512000/cpufreq/stats/time_in_state: open failed: ENOENT (No such file or directory)
1887-12-03 15:40:40.136  1822  2438 E MiuiActivityController: MiuiLog-ActivityObserver: There was something wrong : null
1888-12-03 15:40:40.139  1822  2438 E MiuiActivityController: MiuiLog-ActivityObserver: There was something wrong : null
1889-12-03 15:40:40.706  1822  2438 E MiuiActivityController: MiuiLog-ActivityObserver: There was something wrong : null
1890-12-03 15:40:41.023  1822  2438 E MiuiActivityController: MiuiLog-ActivityObserver: There was something wrong : null
1891-12-03 15:40:41.515  1822  2438 E MiuiActivityController: MiuiLog-ActivityObserver: There was something wrong : null
1892-12-03 15:40:48.970  1822  2438 E MiuiActivityController: MiuiLog-ActivityObserver: There was something wrong : null
1893-12-03 15:40:49.527  1822  2438 E MiuiActivityController: MiuiLog-ActivityObserver: There was something wrong : null
1894-12-03 15:40:54.931  1822  2416 E MiuiInputKeyEventLog: before go to home
1895-12-03 15:40:55.132  1822  2438 E MiuiActivityController: MiuiLog-ActivityObserver: There was something wrong : null
1896-12-03 15:40:57.179  1822  2438 E MiuiActivityController: MiuiLog-ActivityObserver: There was something wrong : null
1897-12-03 15:41:00.710  1822  2438 E MiuiActivityController: MiuiLog-ActivityObserver: There was something wrong : null
1898-12-03 15:41:00.884  1822  2438 E MiuiActivityController: MiuiLog-ActivityObserver: There was something wrong : null
1899-12-03 15:41:00.916  1822  2642 E ProcessManager: error write exception log
1900-12-03 15:41:00.942  1822  2642 E ProcessManager: error write exception log
1901-12-03 15:41:00.954  1822  2438 E MiuiActivityController: MiuiLog-ActivityObserver: There was something wrong : null
1902-12-03 15:41:01.376  1822  2438 E MiuiActivityController: MiuiLog-ActivityObserver: There was something wrong : null
1903-12-03 15:41:01.444  1822  2438 E MiuiActivityController: MiuiLog-ActivityObserver: There was something wrong : null
1904-12-03 15:41:01.453  1822  2642 E ProcessManager: error write exception log
1905-12-03 15:41:01.456  1822  2438 E MiuiActivityController: MiuiLog-ActivityObserver: There was something wrong : null
1906-12-03 15:41:01.593  1822  2438 E MiuiActivityController: MiuiLog-ActivityObserver: There was something wrong : null
1907-12-03 15:41:01.770  1822  2438 E MiuiActivityController: MiuiLog-ActivityObserver: There was something wrong : null
1908-12-03 15:41:01.922  1822  2642 E ProcessManager: error write exception log
1909-12-03 15:41:02.125  1822  4605 E AppOps  : Bad call made by uid 10200. Package "com.google.android.gms" does not belong to uid 10200.
1910-12-03 15:41:02.136  1822  4605 E AppOps  : Bad call made by uid 10200. Package "com.google.android.gms" does not belong to uid 10200.
1911-12-03 15:41:02.646  1822  2642 E ProcessManager: error write exception log
--
2036-12-03 15:44:30.594  1822  2438 E MiuiActivityController: MiuiLog-ActivityObserver: There was something wrong : null
2037-12-03 15:44:31.069  1822  2438 E MiuiActivityController: MiuiLog-ActivityObserver: There was something wrong : null
2038-12-03 15:44:31.397  1822  2438 E MiuiActivityController: MiuiLog-ActivityObserver: There was something wrong : null
2039-12-03 15:44:31.401  1822  2438 E MiuiActivityController: MiuiLog-ActivityObserver: There was something wrong : null
2040-12-03 15:44:31.412  1822  2438 E MiuiActivityController: MiuiLog-ActivityObserver: There was something wrong : null
2041-12-03 15:44:31.867  1822  2438 E MiuiActivityController: MiuiLog-ActivityObserver: There was something wrong : null
2042-12-03 15:44:32.609  1822  1822 E Fingerprint21: onAcquired for non-acquisition client: null
2043-12-03 15:44:33.062  1822  2438 E MiuiActivityController: MiuiLog-ActivityObserver: There was something wrong : null
2044-12-03 15:44:33.146  1822  2438 E MiuiActivityController: MiuiLog-ActivityObserver: There was something wrong : null
2045-12-03 15:44:33.671  1822  2438 E MiuiActivityController: MiuiLog-ActivityObserver: There was something wrong : null
2046-12-03 15:44:39.414  1822  2088 E KernelCpuSpeedReader: Failed to read cpu-freq: /sys/devices/system/cpu/cpu0/cpufreq/stats/time_in_state: open failed: ENOENT (No such file or directory)
2047-12-03 15:44:39.414  1822  2088 E KernelCpuSpeedReader: Failed to read cpu-freq: /sys/devices/system/cpu/cpu1190400/cpufreq/stats/time_in_state: open failed: ENOENT (No such file or directory)
2048-12-03 15:44:39.414  1822  2088 E KernelCpuSpeedReader: Failed to read cpu-freq: /sys/devices/system/cpu/cpu2707200/cpufreq/stats/time_in_state: open failed: ENOENT (No such file or directory)
2049-12-03 15:44:39.414  1822  2088 E KernelCpuSpeedReader: Failed to read cpu-freq: /sys/devices/system/cpu/cpu4512000/cpufreq/stats/time_in_state: open failed: ENOENT (No such file or directory)
2050-12-03 15:44:47.633  1822 27900 E VibratorManagerService: Vibrate ignored, not vibrating for ringtones or notify for MIUI
2051-12-03 15:44:48.143  1822  2642 E ProcessManager: error write exception log
2052-12-03 15:44:48.604  1822  2642 E ProcessManager: error write exception log
2053-12-03 15:44:48.689  1822  3549 E AppOps  : Bad call made by uid 10200. Package "com.google.android.gms" does not belong to uid 10200.
2054-12-03 15:44:48.695  1822  3549 E AppOps  : Bad call made by uid 10200. Package "com.google.android.gms" does not belong to uid 10200.
2055-12-03 15:44:49.456  7107  7397 E KernelRpmStatsReader: Failure in reading rpm stats
2056-12-03 15:44:49.456  7107  7397 E KernelRpmStatsReader: java.io.FileNotFoundException: /sys/power/system_sleep/stats: open failed: EACCES (Permission denied)
2057-12-03 15:44:49.456  7107  7397 E KernelRpmStatsReader: 	at libcore.io.IoBridge.open(IoBridge.java:574)
2058-12-03 15:44:49.456  7107  7397 E KernelRpmStatsReader: 	at java.io.FileInputStream.<init>(FileInputStream.java:179)
2059-12-03 15:44:49.456  7107  7397 E KernelRpmStatsReader: 	at java.io.FileInputStream.<init>(FileInputStream.java:133)
2060-12-03 15:44:49.456  7107  7397 E KernelRpmStatsReader: 	at com.miui.powerkeeper.utils.KernelRpmStatsReader.readRpmStatsType1(Unknown Source:19)
2061-12-03 15:44:49.456  7107  7397 E KernelRpmStatsReader: 	at com.miui.powerkeeper.utils.KernelRpmStatsReader.readRpmStats(Unknown Source:63)
2062-12-03 15:44:49.456  7107  7397 E KernelRpmStatsReader: 	at com.miui.powerkeeper.powerchecker.PowerCheckerService.requestKernelRpmStatsUpdate(Unknown Source:4)
2063-12-03 15:44:49.456  7107  7397 E KernelRpmStatsReader: 	at com.miui.powerkeeper.powerchecker.PowerCheckerService.addBatteryHistoryRecord(Unknown Source:32)
2064-12-03 15:44:49.456  7107  7397 E KernelRpmStatsReader: 	at com.miui.powerkeeper.powerchecker.PowerCheckerService.updateBatteryLevelChanged(Unknown Source:8)
2065-12-03 15:44:49.456  7107  7397 E KernelRpmStatsReader: 	at com.miui.powerkeeper.powerchecker.PowerCheckerService.access$2700(Unknown Source:0)
2066-12-03 15:44:49.456  7107  7397 E KernelRpmStatsReader: 	at com.miui.powerkeeper.powerchecker.PowerCheckerService$PowerCheckHandler.handleMessage(Unknown Source:124)
2067-12-03 15:44:49.456  7107  7397 E KernelRpmStatsReader: 	at android.os.Handler.dispatchMessage(Handler.java:106)
2068-12-03 15:44:49.456  7107  7397 E KernelRpmStatsReader: 	at android.os.Looper.loopOnce(Looper.java:211)
2069-12-03 15:44:49.456  7107  7397 E KernelRpmStatsReader: 	at android.os.Looper.loop(Looper.java:300)
2070-12-03 15:44:49.456  7107  7397 E KernelRpmStatsReader: 	at android.os.HandlerThread.run(HandlerThread.java:67)
2071-12-03 15:44:49.456  7107  7397 E KernelRpmStatsReader: Caused by: android.system.ErrnoException: open failed: EACCES (Permission denied)
2072-12-03 15:44:49.456  7107  7397 E KernelRpmStatsReader: 	at libcore.io.Linux.open(Native Method)
2073-12-03 15:44:49.456  7107  7397 E KernelRpmStatsReader: 	at libcore.io.ForwardingOs.open(ForwardingOs.java:568)
2074-12-03 15:44:49.456  7107  7397 E KernelRpmStatsReader: 	at libcore.io.BlockGuardOs.open(BlockGuardOs.java:274)
2075-12-03 15:44:49.456  7107  7397 E KernelRpmStatsReader: 	at libcore.io.ForwardingOs.open(ForwardingOs.java:568)
2076:12-03 15:44:49.456  7107  7397 E KernelRpmStatsReader: 	at android.app.ActivityThread$AndroidOs.open(ActivityThread.java:8381)
2077-12-03 15:44:49.456  7107  7397 E KernelRpmStatsReader: 	at libcore.io.IoBridge.open(IoBridge.java:560)
2078-12-03 15:44:49.456  7107  7397 E KernelRpmStatsReader: 	... 13 more
2079-12-03 15:44:50.773  1822  2438 E MiuiActivityController: MiuiLog-ActivityObserver: There was something wrong : null
2080-12-03 15:44:51.454  1822  2438 E MiuiActivityController: MiuiLog-ActivityObserver: There was something wrong : null
2081-12-03 15:44:53.671  1822  2438 E MiuiActivityController: MiuiLog-ActivityObserver: There was something wrong : null
2082-12-03 15:44:53.815  1822  2438 E MiuiActivityController: MiuiLog-ActivityObserver: There was something wrong : null
2083-12-03 15:44:54.307  1822  2438 E MiuiActivityController: MiuiLog-ActivityObserver: There was something wrong : null
2084-12-03 15:45:06.294  1822  2642 E ProcessManager: error write exception log
2085-12-03 15:45:07.696  1822  2642 E ProcessManager: error write exception log
2086-12-03 15:45:07.980  1822  5607 E ClipboardService: Denying clipboard access to co.mona.android, application is not in focus nor is it a system service for user 0
2087-12-03 15:45:07.981  1822  5607 E ClipboardService: Denying clipboard access to com.brave.browser, application is not in focus nor is it a system service for user 0
2088-12-03 15:45:07.981  1822  5607 E ClipboardService: Denying clipboard access to com.google.android.gms, application is not in focus nor is it a system service for user 0
2089-12-03 15:45:08.003  1822  2697 E ClipboardService: Denying clipboard access to co.mona.android, application is not in focus nor is it a system service for user 0
2090-12-03 15:45:08.003  1822  2697 E ClipboardService: Denying clipboard access to com.brave.browser, application is not in focus nor is it a system service for user 0
2091-12-03 15:45:08.004  1822  2697 E ClipboardService: Denying clipboard access to com.google.android.gms, application is not in focus nor is it a system service for user 0
2092-12-03 15:45:08.718  1822  5607 E ClipboardService: Denying clipboard access to co.mona.android, application is not in focus nor is it a system service for user 0
2093-12-03 15:45:08.719  1822  5607 E ClipboardService: Denying clipboard access to com.brave.browser, application is not in focus nor is it a system service for user 0
2094-12-03 15:45:08.719  1822  5607 E ClipboardService: Denying clipboard access to com.google.android.gms, application is not in focus nor is it a system service for user 0
2095-12-03 15:45:08.736  1822  2697 E ClipboardService: Denying clipboard access to co.mona.android, application is not in focus nor is it a system service for user 0
2096-12-03 15:45:08.736  1822  2697 E ClipboardService: Denying clipboard access to com.brave.browser, application is not in focus nor is it a system service for user 0
2097-12-03 15:45:08.737  1822  2697 E ClipboardService: Denying clipboard access to com.google.android.gms, application is not in focus nor is it a system service for user 0
2098-12-03 15:45:10.068  1822  2642 E ProcessManager: error write exception log
2099-12-03 15:45:10.234  1822  2642 E ProcessManager: error write exception log
2100-12-03 15:45:10.392  1822  2642 E ProcessManager: error write exception log
2101-12-03 15:45:16.630  1822 28111 E VibratorManagerService: Vibrate ignored, not vibrating for ringtones or notify for MIUI
2102-12-03 15:45:43.553 28163 28163 E GlobalScreenshot: jumpProcess: enter  mIsInOutAnimating:false jumpType:send
2103-12-03 15:45:43.667  1822  2438 E MiuiActivityController: MiuiLog-ActivityObserver: There was something wrong : null
2104-12-03 15:45:44.045  1822  1854 E PackageDexUsage: Unsupported context?
2105-12-03 15:45:44.500  1822  2438 E MiuiActivityController: MiuiLog-ActivityObserver: There was something wrong : null
2106-12-03 15:45:45.446  1822  2642 E ProcessManager: error write exception log
2107-12-03 15:45:46.478  1822  2642 E ProcessManager: error write exception log
2108-12-03 15:45:47.029  1822  2088 E KernelCpuSpeedReader: Failed to read cpu-freq: /sys/devices/system/cpu/cpu0/cpufreq/stats/time_in_state: open failed: ENOENT (No such file or directory)
2109-12-03 15:45:47.030  1822  2088 E KernelCpuSpeedReader: Failed to read cpu-freq: /sys/devices/system/cpu/cpu1190400/cpufreq/stats/time_in_state: open failed: ENOENT (No such file or directory)
2110-12-03 15:45:47.030  1822  2088 E KernelCpuSpeedReader: Failed to read cpu-freq: /sys/devices/system/cpu/cpu2707200/cpufreq/stats/time_in_state: open failed: ENOENT (No such file or directory)
2111-12-03 15:45:47.030  1822  2088 E KernelCpuSpeedReader: Failed to read cpu-freq: /sys/devices/system/cpu/cpu4512000/cpufreq/stats/time_in_state: open failed: ENOENT (No such file or directory)
2112-12-03 15:45:47.549  1822  2642 E ProcessManager: error write exception log
2113-12-03 15:45:49.408  1822  2438 E MiuiActivityController: MiuiLog-ActivityObserver: There was something wrong : null
2114-12-03 15:45:49.419  1822  2438 E MiuiActivityController: MiuiLog-ActivityObserver: There was something wrong : null
2115-12-03 15:45:49.566  1822  2088 E KernelCpuSpeedReader: Failed to read cpu-freq: /sys/devices/system/cpu/cpu0/cpufreq/stats/time_in_state: open failed: ENOENT (No such file or directory)
2116-12-03 15:45:49.566  1822  2088 E KernelCpuSpeedReader: Failed to read cpu-freq: /sys/devices/system/cpu/cpu1190400/cpufreq/stats/time_in_state: open failed: ENOENT (No such file or directory)
--
2307-12-03 15:49:22.903  1822  2642 E ProcessManager: error write exception log
2308-12-03 15:49:25.000  1822  2642 E ProcessManager: error write exception log
2309-12-03 15:49:26.660  1822 30559 E VibratorManagerService: Vibrate ignored, not vibrating for ringtones or notify for MIUI
2310-12-03 15:49:29.026  1822  2438 E MiuiActivityController: MiuiLog-ActivityObserver: There was something wrong : null
2311-12-03 15:49:29.029  1822  2438 E MiuiActivityController: MiuiLog-ActivityObserver: There was something wrong : null
2312-12-03 15:49:29.681  1822  2438 E MiuiActivityController: MiuiLog-ActivityObserver: There was something wrong : null
2313-12-03 15:49:29.807  1822  2438 E MiuiActivityController: MiuiLog-ActivityObserver: There was something wrong : null
2314-12-03 15:49:31.920  1822  2438 E MiuiActivityController: MiuiLog-ActivityObserver: There was something wrong : null
2315-12-03 15:49:32.364  1822  2438 E MiuiActivityController: MiuiLog-ActivityObserver: There was something wrong : null
2316-12-03 15:49:32.834  1822  2438 E MiuiActivityController: MiuiLog-ActivityObserver: There was something wrong : null
2317-12-03 15:49:33.009  1822  2438 E MiuiActivityController: MiuiLog-ActivityObserver: There was something wrong : null
2318-12-03 15:49:33.502  1822  2438 E MiuiActivityController: MiuiLog-ActivityObserver: There was something wrong : null
2319-12-03 15:49:56.877  1822  2088 E KernelCpuSpeedReader: Failed to read cpu-freq: /sys/devices/system/cpu/cpu0/cpufreq/stats/time_in_state: open failed: ENOENT (No such file or directory)
2320-12-03 15:49:56.878  1822  2088 E KernelCpuSpeedReader: Failed to read cpu-freq: /sys/devices/system/cpu/cpu1190400/cpufreq/stats/time_in_state: open failed: ENOENT (No such file or directory)
2321-12-03 15:49:56.879  1822  2088 E KernelCpuSpeedReader: Failed to read cpu-freq: /sys/devices/system/cpu/cpu2707200/cpufreq/stats/time_in_state: open failed: ENOENT (No such file or directory)
2322-12-03 15:49:56.879  1822  2088 E KernelCpuSpeedReader: Failed to read cpu-freq: /sys/devices/system/cpu/cpu4512000/cpufreq/stats/time_in_state: open failed: ENOENT (No such file or directory)
2323-12-03 15:49:57.339  1822  2642 E ProcessManager: error write exception log
2324-12-03 15:49:57.783  1822  2642 E ProcessManager: error write exception log
2325-12-03 15:49:59.446  1822 30795 E VibratorManagerService: Vibrate ignored, not vibrating for ringtones or notify for MIUI
2326-12-03 15:50:06.885  7107  7397 E KernelRpmStatsReader: Failure in reading rpm stats
2327-12-03 15:50:06.885  7107  7397 E KernelRpmStatsReader: java.io.FileNotFoundException: /sys/power/system_sleep/stats: open failed: EACCES (Permission denied)
2328-12-03 15:50:06.885  7107  7397 E KernelRpmStatsReader: 	at libcore.io.IoBridge.open(IoBridge.java:574)
2329-12-03 15:50:06.885  7107  7397 E KernelRpmStatsReader: 	at java.io.FileInputStream.<init>(FileInputStream.java:179)
2330-12-03 15:50:06.885  7107  7397 E KernelRpmStatsReader: 	at java.io.FileInputStream.<init>(FileInputStream.java:133)
2331-12-03 15:50:06.885  7107  7397 E KernelRpmStatsReader: 	at com.miui.powerkeeper.utils.KernelRpmStatsReader.readRpmStatsType1(Unknown Source:19)
2332-12-03 15:50:06.885  7107  7397 E KernelRpmStatsReader: 	at com.miui.powerkeeper.utils.KernelRpmStatsReader.readRpmStats(Unknown Source:63)
2333-12-03 15:50:06.885  7107  7397 E KernelRpmStatsReader: 	at com.miui.powerkeeper.powerchecker.PowerCheckerService.requestKernelRpmStatsUpdate(Unknown Source:4)
2334-12-03 15:50:06.885  7107  7397 E KernelRpmStatsReader: 	at com.miui.powerkeeper.powerchecker.PowerCheckerService.addBatteryHistoryRecord(Unknown Source:32)
2335-12-03 15:50:06.885  7107  7397 E KernelRpmStatsReader: 	at com.miui.powerkeeper.powerchecker.PowerCheckerService.updateBatteryLevelChanged(Unknown Source:8)
2336-12-03 15:50:06.885  7107  7397 E KernelRpmStatsReader: 	at com.miui.powerkeeper.powerchecker.PowerCheckerService.access$2700(Unknown Source:0)
2337-12-03 15:50:06.885  7107  7397 E KernelRpmStatsReader: 	at com.miui.powerkeeper.powerchecker.PowerCheckerService$PowerCheckHandler.handleMessage(Unknown Source:124)
2338-12-03 15:50:06.885  7107  7397 E KernelRpmStatsReader: 	at android.os.Handler.dispatchMessage(Handler.java:106)
2339-12-03 15:50:06.885  7107  7397 E KernelRpmStatsReader: 	at android.os.Looper.loopOnce(Looper.java:211)
2340-12-03 15:50:06.885  7107  7397 E KernelRpmStatsReader: 	at android.os.Looper.loop(Looper.java:300)
2341-12-03 15:50:06.885  7107  7397 E KernelRpmStatsReader: 	at android.os.HandlerThread.run(HandlerThread.java:67)
2342-12-03 15:50:06.885  7107  7397 E KernelRpmStatsReader: Caused by: android.system.ErrnoException: open failed: EACCES (Permission denied)
2343-12-03 15:50:06.885  7107  7397 E KernelRpmStatsReader: 	at libcore.io.Linux.open(Native Method)
2344-12-03 15:50:06.885  7107  7397 E KernelRpmStatsReader: 	at libcore.io.ForwardingOs.open(ForwardingOs.java:568)
2345-12-03 15:50:06.885  7107  7397 E KernelRpmStatsReader: 	at libcore.io.BlockGuardOs.open(BlockGuardOs.java:274)
2346-12-03 15:50:06.885  7107  7397 E KernelRpmStatsReader: 	at libcore.io.ForwardingOs.open(ForwardingOs.java:568)
