3078-12-03 13:57:26.045  1822  2024 I SmartPower.com.google.android.photopicker/10158(5303): invisible->visible(467ms) R(become visible) adj=0.
3079-12-03 13:57:26.057  1822  2024 I WindowManager: wms.showSurfaceRobustly mWin:Window{96c4c82 u0 com.google.android.photopicker/com.android.photopicker.PhotopickerGetContentActivity}
3080-12-03 13:57:26.074  1822  2438 E MiuiActivityController: MiuiLog-ActivityObserver: There was something wrong : null
3081-12-03 13:57:26.166  1822  5582 D CompatibilityChangeReporter: Compat change id reported: 319212206; UID 10328; state: ENABLED
3082-12-03 13:57:26.171  1822  2024 D WindowManager: wms.Update InputWindowHandle: 96c4c82 com.google.android.photopicker/com.android.photopicker.PhotopickerGetContentActivity, frame=[0,0,0,0], touchableRegion=SkRegion((0,0,1080,2400)), scaleFactor=1.0, transform=null, windowToken=android.os.BinderProxy@45f2bcd, isClone=false, visibal=true, focusable=true, changed=true
3083-12-03 13:57:26.172  1822  2655 D CompatibilityChangeReporter: Compat change id reported: 214016041; UID 10158; state: ENABLED
3084-12-03 13:57:26.199  1822  2655 D CompatibilityChangeReporter: Compat change id reported: 168419799; UID 10205; state: DISABLED
3085-12-03 13:57:26.661  4524  3014 W BpBinder: PerfMonitor binderTransact :  time=593ms interface=android.content.IContentProvider code=1
3086-12-03 13:57:26.672  5303  5371 W BpBinder: PerfMonitor binderTransact :  time=615ms interface=android.content.IContentProvider code=1
3087-12-03 13:57:26.853  4524  5398 W BpBinder: PerfMonitor binderTransact :  time=739ms interface=android.content.IContentProvider code=1
3088-12-03 13:57:26.862  5303  5354 W BpBinder: PerfMonitor binderTransact :  time=752ms interface=android.content.IContentProvider code=1
3089-12-03 13:57:27.773  1822  2676 I SmartPower.com.miui.weather2/10269(4587): background->idle(9435ms) R(adj below visible) adj=700.
3090-12-03 13:57:28.007  1822  2676 I SmartPower.com.google.process.gservices/10205(4489): background->idle(3001ms) R(content provider start ContentProviderRecord{968170e u0 com.google.android.gsf/.gservices.GservicesProvider}) adj=0.
3091-12-03 13:57:28.007  1822  2676 I SmartPower.com.google.android.gms/10205(30781): background->idle(8066ms) R(content provider start ContentProviderRecord{968170e u0 com.google.android.gsf/.gservices.GservicesProvider}) adj=600.
3092-12-03 13:57:28.589  1822  2045 W ProcessStats: Tracking association SourceState{38e7606 com.miui.home/10103 BTopFgs #671068} whose proc state 2 is better than process ProcessState{645577b com.miui.securitycenter.remote/1000 pkg=com.miui.securitycenter} proc state 3 (1159 skipped)
3093-12-03 13:57:28.820  1822  1822 D UiModeManager: updateConfigurationLocked: mDockState=0; mCarMode=false; mCar=false; mPowerSave=false; mComputedNightMode=true; mNightMode=2; uiMode=33
3094-12-03 13:57:30.132  1822  5599 E AppOps  : Bad call made by uid 10205. Package "com.google.android.gms" does not belong to uid 10604.
3095-12-03 13:57:30.695  1822  5599 E AppOps  : Bad call made by uid 10205. Package "com.google.android.gms" does not belong to uid 10224.
3096-12-03 13:57:30.769   607  5099 I keystore2: keystore2::watchdog: Watchdog thread idle -> terminating. Have a great day.
3097-12-03 13:57:31.612  1822  2024 D WindowManager: wms.Focus not requested for window=Window{96c4c82 u0 com.google.android.photopicker/com.android.photopicker.PhotopickerGetContentActivity} because it has no surface or is not focusable.
3098-12-03 13:57:31.678  1822  5582 D WindowManager: wms.Input focus has changed to Window{b100120 u0 com.albacontrol/com.albacontrol.MainActivity} display=0 updateInputWindows = true
3099-12-03 13:57:31.678  1822  5582 I MultiSenceManagerInternalStub: getInstance
3100:12-03 13:57:31.683  5215  5215 E ActivityThread:  fail in deliverResultsIfNeeded java.lang.NullPointerException: Attempt to invoke virtual method 'java.lang.String android.os.Bundle.getString(java.lang.String)' on a null object reference
3101-12-03 13:57:31.693  1822  2438 E MiuiActivityController: MiuiLog-ActivityObserver: There was something wrong : null
3102-12-03 13:57:31.781  1822  2655 I SmartPower.com.google.android.photopicker/10158(5303): visible->invisible(5736ms) R(become invisible) adj=0.
3103-12-03 13:57:31.781  1822  2655 I SmartPower.com.google.android.photopicker/10158(5303): invisible->background(0ms) R(become background) adj=0.
3104-12-03 13:57:31.783  1822  2655 D CoreBackPreview: Window{9170a02 u0 Toast}: Setting back callback OnBackInvokedCallbackInfo{mCallback=android.window.IOnBackInvokedCallback$Stub$Proxy@6efc44e, mPriority=0}
3105-12-03 13:57:31.796  1822  2021 D Aurogon :  uid = 10158 switch to BG
3106-12-03 13:57:31.809  5303  5303 W MiuiMagicPointerUtilsStubHeadImpl: MiuiMagicPointerUtilsStubHeadImpl has been initialized !!
3107-12-03 13:57:31.824  1822  2655 D CoreBackPreview: Window{96c4c82 u0 com.google.android.photopicker/com.android.photopicker.PhotopickerGetContentActivity}: Setting back callback OnBackInvokedCallbackInfo{mCallback=android.window.IOnBackInvokedCallback$Stub$Proxy@3104d8b, mPriority=-1}
3108-12-03 13:57:31.824  1822  2676 I SmartPower.com.google.android.googlequicksearchbox:googleapp/10207(9579): background->idle(11884ms) R(broadcast start Intent { act=android.intent.action.BATTERY_CHANGED flg=0x60000010 (has extras) }) adj=800.
3109-12-03 13:57:31.825  1822  2676 I SmartPower.com.google.android.googlequicksearchbox:interactor/10207(4538): background->idle(12917ms) R(broadcast start Intent { act=android.intent.action.BATTERY_CHANGED flg=0x60000010 (has extras) }) adj=100.
3110-12-03 13:57:31.825  1822  2676 I SmartPower.com.whatsapp.w4b/10311(10316): background->idle(12779ms) R(broadcast start Intent { act=android.intent.action.BATTERY_CHANGED flg=0x60000010 (has extras) }) adj=901.
3111-12-03 13:57:31.829  1822  2024 I WindowManager: wms.showSurfaceRobustly mWin:Window{9170a02 u0 Toast}
3112-12-03 13:57:31.869  1822  5604 D CoreBackPreview: Window{96c4c82 u0 com.google.android.photopicker/com.android.photopicker.PhotopickerGetContentActivity}: Setting back callback null
3113-12-03 13:57:31.878  1822  2655 I PowerManagerServiceImpl: Acquire wakelock: SCREEN_BRIGHT_WAKE_LOCK        'WindowManager' ON_AFTER_RELEASE (uid=1000 pid=1822 pkg=android ws=WorkSource{1000 com.android.systemui})
3114-12-03 13:57:31.884  1822  2438 E MiuiActivityController: MiuiLog-ActivityObserver: There was something wrong : null
3115-12-03 13:57:31.889  1822  2655 D WindowManager: setLockTaskAuth: task=Task{1c60806 #377 type=standard A=10217:com.albacontrol U=0 visible=true visibleRequested=true mode=fullscreen translucent=false sz=1} mLockTaskAuth=LOCK_TASK_AUTH_PINNABLE
3116-12-03 13:57:32.050  5215  5215 W Activity: PerfMonitor: Slow Operation: Activity com.albacontrol/.MainActivity onActivityResult took 367ms
3117-12-03 13:57:32.135  1822  2438 E MiuiActivityController: MiuiLog-ActivityObserver: There was something wrong : null
3118-12-03 13:57:32.574  1822  5604 D PerfShielderService: com.albacontrol|com.albacontrol/com.albacontrol.MainActivity|360|197579254280616|300|0|2
3119-12-03 13:57:32.575  4614 24914 W MiuiPerfServiceClient: interceptAndQueuing:5215|com.albacontrol|360|300|197579254280616|Slow main thread|2
3120-12-03 13:57:33.024  1822  1822 W WindowManager: removeWindowToken: Attempted to remove non-existing token: android.os.Binder@1b5d4c4
3121-12-03 13:57:33.353  5215  5215 W Looper  : PerfMonitor doFrame : time=124ms vsyncFrame=0 latency=393ms procState=-1 historyMsgCount=2
3122-12-03 13:57:33.393  1822  2906 D AutofillSession: createPendingIntent for request 217
3123-12-03 13:57:33.393  1822  2906 D ContentCapturePerUserService: Notified activity assist data for activity: Token{2676ec7 ActivityRecord{94c52e1 u0 com.albacontrol/.MainActivity} t377}} without a session Id
3124-12-03 13:57:33.730  1822  2906 D PerfShielderService: com.albacontrol|com.albacontrol/com.albacontrol.MainActivity|608|197580571698532|520|0|3
3125-12-03 13:57:33.730  4614 24914 W MiuiPerfServiceClient: interceptAndQueuing:5215|com.albacontrol|608|520|197580571698532|Slow main thread|3
3126-12-03 13:57:33.826  1822  2902 D ProcessMemoryCleaner: Compact memory: com.whatsapp.w4b/10311(10316) state=hibernation adj=901 pri=511 usage=5 isKilled=false pss:133829 swap:45093
3127-12-03 13:57:33.934  1822  1822 D UiModeManager: updateConfigurationLocked: mDockState=0; mCarMode=false; mCar=false; mPowerSave=false; mComputedNightMode=true; mNightMode=2; uiMode=33
3128-12-03 13:57:33.940  1822  2058 I SmartPower.com.google.android.googlequicksearchbox:interactor/10207(4538): idle->background(2115ms) R(broadcast start Intent { act=android.intent.action.BATTERY_CHANGED flg=0x60000010 (has extras) }) adj=100.
3129-12-03 13:57:33.940  1822  2058 I SmartPower.com.whatsapp.w4b/10311(10316): idle->background(2115ms) R(broadcast start Intent { act=android.intent.action.BATTERY_CHANGED flg=0x60000010 (has extras) }) adj=901.
3130-12-03 13:57:33.952  1822  5604 I InputMethodManagerService: IMMS.showSoftInput(), client = com.android.internal.view.IInputMethodClient$Stub$Proxy@19e0aba
3131-12-03 13:57:33.952  1822  5604 I InputMethodManagerService: IMMS.showCurrentInputLocked(), flags = 0
3132-12-03 13:57:33.952  1822  5604 D SmartPower.com.google.android.inputmethod.latin:train/10228(23204): show input method
3133-12-03 13:57:33.952  1822  5604 I SmartPower.com.google.android.inputmethod.latin:train/10228(23204): idle->visible(293968ms) R(show input method) adj=945.
3134-12-03 13:57:33.952  1822  5604 D SmartPower.com.google.android.inputmethod.latin/10228(5577): show input method
3135-12-03 13:57:33.952  1822  5604 I SmartPower.com.google.android.inputmethod.latin/10228(5577): background->visible(178181ms) R(show input method) adj=100.
3136-12-03 13:57:33.953  1822  5604 I InputMethodManagerService: IMMS.showCurrentInputLocked request ims to show inputMethod.
3137-12-03 13:57:33.973  5215  5215 I ForceDarkHelperStubImpl: setViewRootImplForceDark: false for com.albacontrol.MainActivity@13aa5e6, reason: AppDarkModeEnable
3138-12-03 13:57:33.974  1822  5604 D CompatibilityChangeReporter: Compat change id reported: 168419799; UID 10217; state: DISABLED
3139-12-03 13:57:33.978  1822  5604 D CoreBackPreview: Window{5921886 u0 PopupWindow:3e9}: Setting back callback OnBackInvokedCallbackInfo{mCallback=android.window.IOnBackInvokedCallback$Stub$Proxy@54c174, mPriority=0}
3140-12-03 13:57:34.014  5215  5215 I ForceDarkHelperStubImpl: setViewRootImplForceDark: false for com.albacontrol.MainActivity@13aa5e6, reason: AppDarkModeEnable
3141-12-03 13:57:34.021  1822  5604 D WindowManager: wms.finishDrawingLocked: mDrawState=COMMIT_DRAW_PENDING Window{5921886 u0 PopupWindow:3e9} in Surface(name=PopupWindow:3e9)/@0xdfdb25e
3142-12-03 13:57:34.036  1822  2024 I WindowManager: wms.showSurfaceRobustly mWin:Window{5921886 u0 PopupWindow:3e9}
3143-12-03 13:57:34.065  1822  5604 I InputMethodManagerService: IMMS.applyImeVisibility(), setVisible = true, mCurclient = ClientState{adb0e8b uid=10217 pid=5215 displayId=0}
3144-12-03 13:57:34.065  1822  5604 I WindowManager: WMS.showImePostLayout(), imeTarget = Window{b100120 u0 com.albacontrol/com.albacontrol.MainActivity}
3145-12-03 13:57:34.071  1822  5604 I SmartPower.com.google.android.inputmethod.latin:train/10228(23204): visible->invisible(118ms) R(become invisible) adj=945.
3146-12-03 13:57:34.085  1822  5582 I SmartPower.android.process.acore/10118(5267): idle->background(8613ms) R(content provider start ContentProviderRecord{9656fa4 u0 com.android.providers.userdictionary/.UserDictionaryProvider}) adj=100.
3147-12-03 13:57:34.309  1822  2655 D WindowManager: wms.finishDrawingLocked: mDrawState=COMMIT_DRAW_PENDING Window{c44713b u0 InputMethod} in Surface(name=InputMethod)/@0x273ef40
3148-12-03 13:57:34.311  1822  2024 I ImeInsetsSourceProvider: ImeInsetsSourceProvider.scheduleShowImePostLayout() Run showImeRunner.
3149-12-03 13:57:34.311  1822  2024 I ImeInsetsSourceProvider: ImeInsetsSourceProvider.scheduleShowImePostLayout() isReadyToShowIme.
3150-12-03 13:57:34.318  1822  2023 I WindowManager: input method visible height changed 701
3151-12-03 13:57:34.319  1822  2708 D MiuiFreeFormGestureController: handleFreeFormReceiver intent=Intent { act=miui.intent.action.INPUT_METHOD_VISIBLE_HEIGHT_CHANGED flg=0x10 (has extras) }
3152-12-03 13:57:34.328  1822  2023 I WindowManager: wms.showSurfaceRobustly mWin:Window{c44713b u0 InputMethod}
3153-12-03 13:57:34.342  5215  5215 W MiuiMagicPointerUtilsStubHeadImpl: MiuiMagicPointerUtilsStubHeadImpl has been initialized !!
3154-12-03 13:57:34.348  1822  2655 D CoreBackPreview: Window{5921886 u0 PopupWindow:3e9}: Setting back callback null
3155-12-03 13:57:34.358  1822  2655 D CoreBackPreview: Window{9170a02 u0 Toast}: Setting back callback null
3156-12-03 13:57:34.395  1822  5582 I PowerManagerServiceImpl: Release wakelock: SCREEN_BRIGHT_WAKE_LOCK        'WindowManager' ON_AFTER_RELEASE DISABLED ACQ=-2s518ms (uid=1000 pid=1822 pkg=android ws=WorkSource{1000 com.android.systemui})
3157-12-03 13:57:34.399  1822  5604 W NotificationService: Toast already killed. pkg=com.albacontrol token=android.os.BinderProxy@cadeab3
3158-12-03 13:57:34.427  1822  5582 D CoreBackPreview: Window{1a707e9 u0 Toast}: Setting back callback OnBackInvokedCallbackInfo{mCallback=android.window.IOnBackInvokedCallback$Stub$Proxy@8b0db9c, mPriority=0}
3159-12-03 13:57:34.453  1822  1822 D AutofillSession: clearPendingIntentLocked
3160-12-03 13:57:34.455  1822  2024 I WindowManager: wms.showSurfaceRobustly mWin:Window{1a707e9 u0 Toast}
--
5046-12-03 14:02:27.475  1822  2438 E MiuiActivityController: MiuiLog-ActivityObserver: There was something wrong : null
5047-12-03 14:02:27.476  1822  2024 D WindowManager: wms.Update InputWindowHandle: 4e874b9 com.albacontrol/com.albacontrol.MainActivity, frame=[0,0,0,0], touchableRegion=SkRegion((0,0,1080,2400)), scaleFactor=1.0, transform=null, windowToken=android.os.BinderProxy@7048680, isClone=false, visibal=true, focusable=true, changed=true
5048-12-03 14:02:27.483  1822  3200 I SmartPower.com.google.android.photopicker/10158(7597): died->invisible(160066ms) R(process start ) adj=-10000.
5049-12-03 14:02:27.485  1822  3200 D CompatibilityChangeReporter: Compat change id reported: 168419799; UID 10158; state: DISABLED
5050-12-03 14:02:27.485  1822  3200 W MiuiBoosterUtils: enable_miuibooster : false ,isInit: true
5051-12-03 14:02:27.489  1822  3200 D WindowManager: wms.Input focus has changed to null display=0 updateInputWindows = true
5052-12-03 14:02:27.489  1822  3200 I MultiSenceManagerInternalStub: getInstance
5053-12-03 14:02:27.496  1822  2021 D Aurogon :  uid = 10158 switch to FG
5054-12-03 14:02:27.547  1822  2045 W NotificationHistory: Attempted to remove conversation for locked/gone/disabled user 0
5055-12-03 14:02:27.578  1822  2906 D CompatibilityChangeReporter: Compat change id reported: 161145287; UID 10158; state: DISABLED
5056-12-03 14:02:27.595  1822  5605 D CompatibilityChangeReporter: Compat change id reported: 135634846; UID 10328; state: DISABLED
5057-12-03 14:02:27.595  1822  5605 D CompatibilityChangeReporter: Compat change id reported: 177438394; UID 10328; state: DISABLED
5058-12-03 14:02:27.595  1822  5605 D CompatibilityChangeReporter: Compat change id reported: 135772972; UID 10328; state: DISABLED
5059-12-03 14:02:27.596  1822  5605 D CompatibilityChangeReporter: Compat change id reported: 135754954; UID 10328; state: ENABLED
5060-12-03 14:02:27.597  1822  2059 D CompatibilityChangeReporter: Compat change id reported: 143937733; UID 10328; state: ENABLED
5061-12-03 14:02:27.607  1822  2059 D Boost   : hostingType=content provider, hostingName={com.google.android.apps.photos/com.google.android.apps.photos.cloudpicker.CloudMediaProviderWrapper}, callerPackage=com.google.android.providers.media.module, isSystem=true, isBoostNeeded=false.
5062-12-03 14:02:27.607  1822  2059 I ActivityManager: Start proc 7632:com.google.android.apps.photos/u0a328 for content provider {com.google.android.apps.photos/com.google.android.apps.photos.cloudpicker.CloudMediaProviderWrapper} caller=com.google.android.providers.media.module
5063-12-03 14:02:27.638  1822  2906 I SmartPower.com.google.android.apps.photos/10328(7632): died->background(235481ms) R(process start ) adj=-10000.
5064-12-03 14:02:27.640  1822  2906 D CompatibilityChangeReporter: Compat change id reported: 168419799; UID 10328; state: DISABLED
5065-12-03 14:02:27.771  1822  3200 D CompatibilityChangeReporter: Compat change id reported: 161145287; UID 10328; state: DISABLED
5066-12-03 14:02:27.796  7597  7597 W Looper  : PerfMonitor looperActivity : package=com.google.android.photopicker/com.android.photopicker.PhotopickerGetContentActivity time=0ms latency=304ms  procState=-1  historyMsgCount=3
5067-12-03 14:02:27.800  7597  7597 D FramePredict: FramePredict init: false
5068-12-03 14:02:27.802  1822  2906 D CoreBackPreview: Window{91e534e u0 com.google.android.photopicker/com.android.photopicker.PhotopickerGetContentActivity}: Setting back callback OnBackInvokedCallbackInfo{mCallback=android.window.IOnBackInvokedCallback$Stub$Proxy@333b014, mPriority=-1}
5069-12-03 14:02:27.802  1822  5605 D CoreBackPreview: Window{91e534e u0 com.google.android.photopicker/com.android.photopicker.PhotopickerGetContentActivity}: Setting back callback OnBackInvokedCallbackInfo{mCallback=android.window.IOnBackInvokedCallback$Stub$Proxy@2040bd, mPriority=0}
5070-12-03 14:02:27.895  1822  2906 D WindowManager: wms.Input focus has changed to Window{91e534e u0 com.google.android.photopicker/com.android.photopicker.PhotopickerGetContentActivity} display=0 updateInputWindows = true
5071-12-03 14:02:27.895  1822  2906 I MultiSenceManagerInternalStub: getInstance
5072-12-03 14:02:27.898  1822  2024 D WindowManager: wms.Update InputWindowHandle: 91e534e com.google.android.photopicker/com.android.photopicker.PhotopickerGetContentActivity, frame=[0,0,0,0], touchableRegion=SkRegion((0,0,1080,2400)), scaleFactor=1.0, transform=null, windowToken=android.os.BinderProxy@3451e49, isClone=false, visibal=true, focusable=true, changed=true
5073-12-03 14:02:27.906  1822  1853 I SmartPower.com.google.process.gservices/10205(7023): idle->background(45781ms) R(content provider start ContentProviderRecord{62acd7a u0 com.google.android.gsf/.gservices.GservicesProvider}) adj=0.
5074-12-03 14:02:27.940  1822  1853 D CompatibilityChangeReporter: Compat change id reported: 168419799; UID 10313; state: DISABLED
5075-12-03 14:02:27.951  1822  1853 D ProcessManager: beginSchedThreads is not Enabled
5076-12-03 14:02:27.975  1822  1853 D WindowManager: wms.finishDrawingLocked: mDrawState=COMMIT_DRAW_PENDING Window{91e534e u0 com.google.android.photopicker/com.android.photopicker.PhotopickerGetContentActivity} in Surface(name=com.google.android.photopicker/com.android.photopicker.PhotopickerGetContentActivity)/@0x82e93f
5077-12-03 14:02:27.975  1822  1853 D MiuiFreeFormGesturePointerEventListener: finishDrawingWindow: topFullScreenWindow= Window{91e534e u0 com.google.android.photopicker/com.android.photopicker.PhotopickerGetContentActivity}
5078-12-03 14:02:27.986  1822  2024 I SmartPower.com.google.android.photopicker/10158(7597): invisible->visible(503ms) R(become visible) adj=0.
5079-12-03 14:02:27.992  1822  2024 I WindowManager: wms.showSurfaceRobustly mWin:Window{91e534e u0 com.google.android.photopicker/com.android.photopicker.PhotopickerGetContentActivity}
5080-12-03 14:02:28.017  1822  2438 E MiuiActivityController: MiuiLog-ActivityObserver: There was something wrong : null
5081-12-03 14:02:28.069  1822  4605 D CompatibilityChangeReporter: Compat change id reported: 214016041; UID 10158; state: ENABLED
5082-12-03 14:02:28.096  1822  2906 D CompatibilityChangeReporter: Compat change id reported: 161252188; UID 10205; state: DISABLED
5083-12-03 14:02:28.115  1822  2024 D WindowManager: wms.Update InputWindowHandle: 91e534e com.google.android.photopicker/com.android.photopicker.PhotopickerGetContentActivity, frame=[0,0,0,0], touchableRegion=SkRegion((0,0,1080,2400)), scaleFactor=1.0, transform=null, windowToken=android.os.BinderProxy@3451e49, isClone=false, visibal=true, focusable=true, changed=true
5084-12-03 14:02:28.128  1822  5604 D CompatibilityChangeReporter: Compat change id reported: 319212206; UID 10328; state: ENABLED
5085-12-03 14:02:28.148  1822  2906 D CompatibilityChangeReporter: Compat change id reported: 168419799; UID 10205; state: DISABLED
5086-12-03 14:02:28.454  4524  7694 W BpBinder: PerfMonitor binderTransact :  time=402ms interface=android.content.IContentProvider code=1
5087-12-03 14:02:28.455  4524  7693 W BpBinder: PerfMonitor binderTransact :  time=434ms interface=android.content.IContentProvider code=1
5088-12-03 14:02:28.458  7597  7656 W BpBinder: PerfMonitor binderTransact :  time=411ms interface=android.content.IContentProvider code=1
5089-12-03 14:02:28.459  7597  7629 W BpBinder: PerfMonitor binderTransact :  time=466ms interface=android.content.IContentProvider code=1
5090-12-03 14:02:28.818  1822  1822 D UiModeManager: updateConfigurationLocked: mDockState=0; mCarMode=false; mCar=false; mPowerSave=false; mComputedNightMode=true; mNightMode=2; uiMode=33
5091-12-03 14:02:28.821  1822  2058 I SmartPower.com.google.android.googlequicksearchbox:interactor/10207(4538): idle->background(4688ms) R(broadcast start Intent { act=android.intent.action.BATTERY_CHANGED flg=0x60000010 (has extras) }) adj=100.
5092-12-03 14:02:28.821  1822  2058 I SmartPower.com.whatsapp.w4b/10311(10316): idle->background(4595ms) R(broadcast start Intent { act=android.intent.action.BATTERY_CHANGED flg=0x60000010 (has extras) }) adj=901.
5093-12-03 14:02:28.930  1822  2676 I SmartPower.com.facebook.services/10121(13885): background->idle(7662ms) R(service start com.facebook.services/com.facebook.oxygen.services.fbns.PreloadedFbnsService) adj=500.
5094-12-03 14:02:29.985  7258  7258 D FramePredict: FramePredict init: false
5095-12-03 14:02:30.134  1822  2676 I SmartPower.com.miui.weather2/10269(7065): background->idle(9453ms) R(adj below visible) adj=700.
5096-12-03 14:02:30.907  1822  2676 I SmartPower.com.google.android.gms.unstable/10205(7059): background->idle(3923ms) R(content provider start ContentProviderRecord{62acd7a u0 com.google.android.gsf/.gservices.GservicesProvider}) adj=800.
5097-12-03 14:02:30.907  1822  2676 I SmartPower.com.google.process.gservices/10205(7023): background->idle(3001ms) R(content provider start ContentProviderRecord{62acd7a u0 com.google.android.gsf/.gservices.GservicesProvider}) adj=0.
5098-12-03 14:02:30.907  1822  2676 I SmartPower.com.google.android.gms/10205(30781): background->idle(6555ms) R(content provider start ContentProviderRecord{62acd7a u0 com.google.android.gsf/.gservices.GservicesProvider}) adj=600.
5099-12-03 14:02:30.979  1822  5605 W ProcessStats: Tracking association SourceState{38e7606 com.miui.home/10103 BTopFgs #672236} whose proc state 2 is better than process ProcessState{645577b com.miui.securitycenter.remote/1000 pkg=com.miui.securitycenter} proc state 3 (1303 skipped)
5100-12-03 14:02:31.823  1822  2676 I SmartPower.com.google.android.googlequicksearchbox:googleapp/10207(9579): background->idle(7472ms) R(broadcast start Intent { act=android.intent.action.BATTERY_CHANGED flg=0x60000010 (has extras) }) adj=800.
5101-12-03 14:02:31.824  1822  2676 I SmartPower.com.google.android.googlequicksearchbox:interactor/10207(4538): background->idle(3003ms) R(broadcast start Intent { act=android.intent.action.BATTERY_CHANGED flg=0x60000010 (has extras) }) adj=100.
5102-12-03 14:02:31.824  1822  2676 I SmartPower.com.whatsapp.w4b/10311(10316): background->idle(3002ms) R(broadcast start Intent { act=android.intent.action.BATTERY_CHANGED flg=0x60000010 (has extras) }) adj=901.
5103-12-03 14:02:33.721  1822  2024 D WindowManager: wms.Focus not requested for window=Window{91e534e u0 com.google.android.photopicker/com.android.photopicker.PhotopickerGetContentActivity} because it has no surface or is not focusable.
5104-12-03 14:02:33.766  1822  4605 D WindowManager: wms.Input focus has changed to Window{4e874b9 u0 com.albacontrol/com.albacontrol.MainActivity} display=0 updateInputWindows = true
5105-12-03 14:02:33.766  1822  4605 I MultiSenceManagerInternalStub: getInstance
5106:12-03 14:02:33.773  7206  7206 E ActivityThread:  fail in deliverResultsIfNeeded java.lang.NullPointerException: Attempt to invoke virtual method 'java.lang.String android.os.Bundle.getString(java.lang.String)' on a null object reference
5107-12-03 14:02:33.781  1822  2438 E MiuiActivityController: MiuiLog-ActivityObserver: There was something wrong : null
5108-12-03 14:02:33.824  1822  2902 D ProcessMemoryCleaner: Compact memory: com.whatsapp.w4b/10311(10316) state=hibernation adj=901 pri=511 usage=5 isKilled=false pss:118633 swap:46929
5109-12-03 14:02:33.873  1822  2906 I SmartPower.com.google.android.photopicker/10158(7597): visible->invisible(5888ms) R(become invisible) adj=0.
5110-12-03 14:02:33.874  1822  2906 I SmartPower.com.google.android.photopicker/10158(7597): invisible->background(0ms) R(become background) adj=0.
5111-12-03 14:02:33.880  1822  2906 D CoreBackPreview: Window{76cb73a u0 Toast}: Setting back callback OnBackInvokedCallbackInfo{mCallback=android.window.IOnBackInvokedCallback$Stub$Proxy@fa09f4, mPriority=0}
5112-12-03 14:02:33.886  1822  2021 D Aurogon :  uid = 10158 switch to BG
5113-12-03 14:02:33.904  7597  7597 W MiuiMagicPointerUtilsStubHeadImpl: MiuiMagicPointerUtilsStubHeadImpl has been initialized !!
5114-12-03 14:02:33.925  1822  2024 I WindowManager: wms.showSurfaceRobustly mWin:Window{76cb73a u0 Toast}
5115-12-03 14:02:33.929  1822  5604 D CoreBackPreview: Window{91e534e u0 com.google.android.photopicker/com.android.photopicker.PhotopickerGetContentActivity}: Setting back callback OnBackInvokedCallbackInfo{mCallback=android.window.IOnBackInvokedCallback$Stub$Proxy@3406163, mPriority=-1}
5116-12-03 14:02:33.961  1822  5604 D CoreBackPreview: Window{91e534e u0 com.google.android.photopicker/com.android.photopicker.PhotopickerGetContentActivity}: Setting back callback null
5117-12-03 14:02:33.969  1822  2906 I PowerManagerServiceImpl: Acquire wakelock: SCREEN_BRIGHT_WAKE_LOCK        'WindowManager' ON_AFTER_RELEASE (uid=1000 pid=1822 pkg=android ws=WorkSource{1000 com.android.systemui})
5118-12-03 14:02:33.973  1822  2438 E MiuiActivityController: MiuiLog-ActivityObserver: There was something wrong : null
5119-12-03 14:02:33.973  1822  5604 D WindowManager: setLockTaskAuth: task=Task{e7a7820 #379 type=standard A=10217:com.albacontrol U=0 visible=true visibleRequested=true mode=fullscreen translucent=false sz=1} mLockTaskAuth=LOCK_TASK_AUTH_PINNABLE
5120-12-03 14:02:34.040  7206  7206 W Activity: PerfMonitor: Slow Operation: Activity com.albacontrol/.MainActivity onActivityResult took 267ms
5121-12-03 14:02:34.123  1822  2438 E MiuiActivityController: MiuiLog-ActivityObserver: There was something wrong : null
5122-12-03 14:02:34.567  1822  2906 D PerfShielderService: com.albacontrol|com.albacontrol/com.albacontrol.MainActivity|254|197881240328938|197|0|2
5123-12-03 14:02:34.568  4614 25272 W MiuiPerfServiceClient: interceptAndQueuing:7206|com.albacontrol|254|197|197881240328938|Slow main thread|2
5124-12-03 14:02:34.914  1822  2906 I SmartPower.com.google.android.inputmethod.latin/10228(5577): idle->background(10983ms) R(service create com.google.android.inputmethod.latin/com.android.inputmethod.latin.spellcheck.AndroidSpellCheckerService) adj=0.
5125-12-03 14:02:35.414  7206  7206 W Looper  : PerfMonitor doFrame : time=125ms vsyncFrame=0 latency=378ms procState=-1 historyMsgCount=2
5126-12-03 14:02:35.453  1822  5605 D AutofillSession: createPendingIntent for request 220
5127-12-03 14:02:35.454  1822  5605 D ContentCapturePerUserService: Notified activity assist data for activity: Token{37f15d9 ActivityRecord{e2e6b23 u0 com.albacontrol/.MainActivity} t379}} without a session Id
5128-12-03 14:02:35.565  1822  1822 W WindowManager: removeWindowToken: Attempted to remove non-existing token: android.os.Binder@423e337
5129-12-03 14:02:35.689  1822  5605 D PerfShielderService: com.albacontrol|com.albacontrol/com.albacontrol.MainActivity|593|197882632539459|505|0|3
5130-12-03 14:02:35.689  4614 25272 W MiuiPerfServiceClient: interceptAndQueuing:7206|com.albacontrol|593|505|197882632539459|Slow main thread|3
5131-12-03 14:02:36.451  1822  5605 D CoreBackPreview: Window{76cb73a u0 Toast}: Setting back callback null
5132-12-03 14:02:36.463  1822  5605 I PowerManagerServiceImpl: Release wakelock: SCREEN_BRIGHT_WAKE_LOCK        'WindowManager' ON_AFTER_RELEASE DISABLED ACQ=-2s493ms (uid=1000 pid=1822 pkg=android ws=WorkSource{1000 com.android.systemui})
5133-12-03 14:02:36.468  1822  5604 W NotificationService: Toast already killed. pkg=com.albacontrol token=android.os.BinderProxy@b3207b5
5134-12-03 14:02:36.494  1822  5604 D CoreBackPreview: Window{e8e21bb u0 Toast}: Setting back callback OnBackInvokedCallbackInfo{mCallback=android.window.IOnBackInvokedCallback$Stub$Proxy@a965516, mPriority=0}
5135-12-03 14:02:36.527  1822  2024 I WindowManager: wms.showSurfaceRobustly mWin:Window{e8e21bb u0 Toast}
5136-12-03 14:02:36.874  1822  2676 I SmartPower.com.google.android.photopicker/10158(7597): background->idle(3000ms) R(become invisible) adj=905.
5137-12-03 14:02:37.461  1822  2676 I SmartPower.com.google.android.apps.photos/10328(7632): background->idle(9823ms) R(adj below visible) adj=700.
5138-12-03 14:02:37.877  1822  2023 I PowerManagerServiceImpl: Acquire wakelock: SCREEN_BRIGHT_WAKE_LOCK        'WindowManager' ON_AFTER_RELEASE (uid=1000 pid=1822 pkg=android ws=WorkSource{1000 com.android.systemui})
5139-12-03 14:02:39.040  1822  5605 D CoreBackPreview: Window{e8e21bb u0 Toast}: Setting back callback null
5140-12-03 14:02:39.054  1822  5605 I PowerManagerServiceImpl: Release wakelock: SCREEN_BRIGHT_WAKE_LOCK        'WindowManager' ON_AFTER_RELEASE DISABLED ACQ=-1s176ms (uid=1000 pid=1822 pkg=android ws=WorkSource{1000 com.android.systemui})
5141-12-03 14:02:39.066  1822  2906 W NotificationService: Toast already killed. pkg=com.albacontrol token=android.os.BinderProxy@975498f
5142-12-03 14:02:39.901   607  7223 I keystore2: keystore2::watchdog: Watchdog thread idle -> terminating. Have a great day.
5143-12-03 14:02:40.683  1822  2058 I ActivityManager: Waited long enough for: ServiceRecord{ae42e94 u0 com.instagram.android/com.instagram.jobscheduler.bgfetch.scheduler.IgBgFetchTaskLifeService}
5144-12-03 14:02:41.086  1822  5604 W ProcessStats: Tracking association SourceState{38e7606 com.miui.home/10103 BTopFgs #672311} whose proc state 2 is better than process ProcessState{645577b com.miui.securitycenter.remote/1000 pkg=com.miui.securitycenter} proc state 3 (299 skipped)
5145-12-03 14:02:43.434  2965  3444 D vol.VolumeDialogControl: onRemoteUpdate: stream: 113 volume: 8
5146-12-03 14:02:43.441  1822  4605 W ActivityManager: Unable to start service Intent { pkg=com.milink.service cmp=com.milink.service/com.miui.miplay.audio.service.CoreService (has extras) } U=0: not found
5147-12-03 14:02:44.993  1822  2030 D HeapUsage Monitor: HeapAllocSize : 119MB; monitorSize : 500MB
5148-12-03 14:02:46.688  1822  2380 D CompatibilityChangeReporter: Compat change id reported: 218533173; UID 10313; state: ENABLED
5149-12-03 14:02:47.198  1822  1822 W WindowManager: removeWindowToken: Attempted to remove non-existing token: android.os.Binder@97c662e
5150-12-03 14:02:47.198  1822  5604 D OomAdjuster: App adj change from previous state to cached state : 23275 com.google.android.apps.messaging
5151-12-03 14:02:47.212  1822  2902 D ProcessMemoryCleaner: Compact memory: com.google.android.apps.messaging/10214(23275) state=hibernation adj=900 pri=311 usage=6 isKilled=false pss:111666 swap:88085
5152-12-03 14:02:47.213  1822  2902 W MiuiMemoryService: com.google.android.apps.messaging is system app!
5153-12-03 14:02:48.975  1822  2394 D AlarmManager: mBroadcastRefCount -> 1
5154-12-03 14:02:48.980  1822  1822 D AlarmManager: mBroadcastRefCount -> 0
5155-12-03 14:02:48.981  1822  1822 D AlarmManager: mPendingIntent -> PendingIntent{3352402: PendingIntentRecord{de659cd com.google.android.gms/com.google.android.gms.auth_authzen__phone startService}}
5156-12-03 14:02:49.791  1822  1822 W WindowManager: removeWindowToken: Attempted to remove non-existing token: android.os.Binder@9b7a2f2
5157-12-03 14:02:51.272  1822  5604 W ProcessStats: Tracking association SourceState{38e7606 com.miui.home/10103 BTopFgs #672338} whose proc state 2 is better than process ProcessState{645577b com.miui.securitycenter.remote/1000 pkg=com.miui.securitycenter} proc state 3 (119 skipped)
5158-12-03 14:02:55.333  1822  2906 I ActivityManager: Killing 6893:com.google.android.webview:webview_service/u0a223 (adj 955): empty #9
5159-12-03 14:02:55.384  1822  2642 E ProcessManager: error write exception log
5160-12-03 14:02:55.397  1822  5604 I ActivityManager: Killing 6475:com.android.htmlviewer:remote/u0a147 (adj 965): empty #9
5161-12-03 14:02:55.401  1822  5604 I ActivityManager: Killing 6945:com.android.camera/u0a105 (adj 600): empty #10
5162-12-03 14:02:55.459  1822  2642 E ProcessManager: error write exception log
5163-12-03 14:02:55.488  1822  2642 E ProcessManager: error write exception log
5164-12-03 14:03:00.001  1822  2394 D AlarmManager: mBroadcastRefCount -> 1
5165-12-03 14:03:00.006  1822  1822 D AlarmManager: mBroadcastRefCount -> 0
5166-12-03 14:03:00.006  1822  1822 D AlarmManager: mPendingIntent -> null
--
7260-12-03 14:12:39.919  1822  2059 I ActivityManager: Start proc 10906:com.google.android.photopicker/u0a158 for next-top-activity {com.google.android.photopicker/com.android.photopicker.PhotopickerGetContentActivity} caller=com.albacontrol
7261-12-03 14:12:39.920  1822 10907 W ContextImpl: Calling a method in the system process without a qualified user: android.app.ContextImpl.sendBroadcast:1199 com.qualcomm.qti.Performance$SendGameLaunchBroadcast.run:247 java.lang.Thread.run:1119 <bottom of call stack> <bottom of call stack> 
7262-12-03 14:12:39.923  1822  2438 E MiuiActivityController: MiuiLog-ActivityObserver: There was something wrong : null
7263-12-03 14:12:39.929  1822  2024 D WindowManager: wms.Update InputWindowHandle: ae41cc3 com.albacontrol/com.albacontrol.MainActivity, frame=[0,0,0,0], touchableRegion=SkRegion((0,0,1080,2400)), scaleFactor=1.0, transform=null, windowToken=android.os.BinderProxy@1c90072, isClone=false, visibal=true, focusable=true, changed=true
7264-12-03 14:12:39.958  1822  2764 I SmartPower.com.google.android.photopicker/10158(10906): died->invisible(244867ms) R(process start ) adj=-10000.
7265-12-03 14:12:39.960  1822  2764 D CompatibilityChangeReporter: Compat change id reported: 168419799; UID 10158; state: DISABLED
7266-12-03 14:12:39.960  1822  2764 W MiuiBoosterUtils: enable_miuibooster : false ,isInit: true
7267-12-03 14:12:39.966  1822  2764 D WindowManager: wms.Input focus has changed to null display=0 updateInputWindows = true
7268-12-03 14:12:39.966  1822  2764 I MultiSenceManagerInternalStub: getInstance
7269-12-03 14:12:39.974  1822  2021 D Aurogon :  uid = 10158 switch to FG
7270-12-03 14:12:40.073  1822  5599 D CompatibilityChangeReporter: Compat change id reported: 161145287; UID 10158; state: DISABLED
7271-12-03 14:12:40.080  1822  5599 D CompatibilityChangeReporter: Compat change id reported: 135634846; UID 10328; state: DISABLED
7272-12-03 14:12:40.080  1822  5599 D CompatibilityChangeReporter: Compat change id reported: 177438394; UID 10328; state: DISABLED
7273-12-03 14:12:40.080  1822  5599 D CompatibilityChangeReporter: Compat change id reported: 135772972; UID 10328; state: DISABLED
7274-12-03 14:12:40.080  1822  5599 D CompatibilityChangeReporter: Compat change id reported: 135754954; UID 10328; state: ENABLED
7275-12-03 14:12:40.081  1822  2059 D CompatibilityChangeReporter: Compat change id reported: 143937733; UID 10328; state: ENABLED
7276-12-03 14:12:40.091  1822  2059 D Boost   : hostingType=content provider, hostingName={com.google.android.apps.photos/com.google.android.apps.photos.cloudpicker.CloudMediaProviderWrapper}, callerPackage=com.google.android.providers.media.module, isSystem=true, isBoostNeeded=false.
7277-12-03 14:12:40.092  1822  2059 I ActivityManager: Start proc 10942:com.google.android.apps.photos/u0a328 for content provider {com.google.android.apps.photos/com.google.android.apps.photos.cloudpicker.CloudMediaProviderWrapper} caller=com.google.android.providers.media.module
7278-12-03 14:12:40.127  1822  5599 I SmartPower.com.google.android.apps.photos/10328(10942): died->background(245500ms) R(process start ) adj=-10000.
7279-12-03 14:12:40.128  1822  5599 D CompatibilityChangeReporter: Compat change id reported: 168419799; UID 10328; state: DISABLED
7280-12-03 14:12:40.160  1822  2676 I SmartPower.com.google.android.gms/10205(30781): background->idle(5135ms) R(service end com.google.android.gms/.chimera.GmsIntentOperationService) adj=500.
7281-12-03 14:12:40.162  1822  1822 D UiModeManager: updateConfigurationLocked: mDockState=0; mCarMode=false; mCar=false; mPowerSave=false; mComputedNightMode=true; mNightMode=2; uiMode=33
7282-12-03 14:12:40.164  1822  2058 I SmartPower.com.google.android.googlequicksearchbox:interactor/10207(4538): idle->background(5562ms) R(broadcast start Intent { act=android.intent.action.BATTERY_CHANGED flg=0x60000010 (has extras) }) adj=100.
7283-12-03 14:12:40.164  1822  2058 I SmartPower.com.whatsapp.w4b/10311(10316): idle->background(5529ms) R(broadcast start Intent { act=android.intent.action.BATTERY_CHANGED flg=0x60000010 (has extras) }) adj=901.
7284-12-03 14:12:40.272  1822  5599 D CompatibilityChangeReporter: Compat change id reported: 161145287; UID 10328; state: DISABLED
7285-12-03 14:12:40.291 10906 10906 W Looper  : PerfMonitor looperActivity : package=com.google.android.photopicker/com.android.photopicker.PhotopickerGetContentActivity time=0ms latency=320ms  procState=-1  historyMsgCount=2
7286-12-03 14:12:40.298 10906 10906 D FramePredict: FramePredict init: false
7287-12-03 14:12:40.301  1822  5599 D CoreBackPreview: Window{a763448 u0 com.google.android.photopicker/com.android.photopicker.PhotopickerGetContentActivity}: Setting back callback OnBackInvokedCallbackInfo{mCallback=android.window.IOnBackInvokedCallback$Stub$Proxy@12ee1de, mPriority=-1}
7288-12-03 14:12:40.301  1822  5599 D CoreBackPreview: Window{a763448 u0 com.google.android.photopicker/com.android.photopicker.PhotopickerGetContentActivity}: Setting back callback OnBackInvokedCallbackInfo{mCallback=android.window.IOnBackInvokedCallback$Stub$Proxy@46ee1d5, mPriority=0}
7289-12-03 14:12:40.395  1822  5599 D WindowManager: wms.Input focus has changed to Window{a763448 u0 com.google.android.photopicker/com.android.photopicker.PhotopickerGetContentActivity} display=0 updateInputWindows = true
7290-12-03 14:12:40.395  1822  5599 I MultiSenceManagerInternalStub: getInstance
7291-12-03 14:12:40.396  1822  2024 D WindowManager: wms.Update InputWindowHandle: a763448 com.google.android.photopicker/com.android.photopicker.PhotopickerGetContentActivity, frame=[0,0,0,0], touchableRegion=SkRegion((0,0,1080,2400)), scaleFactor=1.0, transform=null, windowToken=android.os.BinderProxy@7205eeb, isClone=false, visibal=true, focusable=true, changed=true
7292-12-03 14:12:40.438  1822  5599 I SmartPower.com.google.process.gservices/10205(10281): idle->background(110103ms) R(content provider start ContentProviderRecord{89c66d5 u0 com.google.android.gsf/.gservices.GservicesProvider}) adj=0.
7293-12-03 14:12:40.451  1822  5599 D ProcessManager: beginSchedThreads is not Enabled
7294-12-03 14:12:40.452  1822  5605 D CompatibilityChangeReporter: Compat change id reported: 161252188; UID 10205; state: DISABLED
7295-12-03 14:12:40.457  1822  5605 D CompatibilityChangeReporter: Compat change id reported: 319212206; UID 10328; state: ENABLED
7296-12-03 14:12:40.484  1822  5605 D CompatibilityChangeReporter: Compat change id reported: 168419799; UID 10205; state: DISABLED
7297-12-03 14:12:40.490  1822  6539 D WindowManager: wms.finishDrawingLocked: mDrawState=COMMIT_DRAW_PENDING Window{a763448 u0 com.google.android.photopicker/com.android.photopicker.PhotopickerGetContentActivity} in Surface(name=com.google.android.photopicker/com.android.photopicker.PhotopickerGetContentActivity)/@0xf2afac6
7298-12-03 14:12:40.491  1822  6539 D MiuiFreeFormGesturePointerEventListener: finishDrawingWindow: topFullScreenWindow= Window{a763448 u0 com.google.android.photopicker/com.android.photopicker.PhotopickerGetContentActivity}
7299-12-03 14:12:40.497  1822  2024 I SmartPower.com.google.android.photopicker/10158(10906): invisible->visible(539ms) R(become visible) adj=0.
7300-12-03 14:12:40.512  1822  2024 I WindowManager: wms.showSurfaceRobustly mWin:Window{a763448 u0 com.google.android.photopicker/com.android.photopicker.PhotopickerGetContentActivity}
7301-12-03 14:12:40.524  1822  2438 E MiuiActivityController: MiuiLog-ActivityObserver: There was something wrong : null
7302-12-03 14:12:40.587  1822  6536 D CompatibilityChangeReporter: Compat change id reported: 214016041; UID 10158; state: ENABLED
7303-12-03 14:12:40.623  1822  2024 D WindowManager: wms.Update InputWindowHandle: a763448 com.google.android.photopicker/com.android.photopicker.PhotopickerGetContentActivity, frame=[0,0,0,0], touchableRegion=SkRegion((0,0,1080,2400)), scaleFactor=1.0, transform=null, windowToken=android.os.BinderProxy@7205eeb, isClone=false, visibal=true, focusable=true, changed=true
7304-12-03 14:12:40.900  4524 10987 W BpBinder: PerfMonitor binderTransact :  time=392ms interface=android.content.IContentProvider code=1
7305-12-03 14:12:40.900  4524 11011 W BpBinder: PerfMonitor binderTransact :  time=339ms interface=android.content.IContentProvider code=1
7306-12-03 14:12:40.908 10906 10972 W BpBinder: PerfMonitor binderTransact :  time=352ms interface=android.content.IContentProvider code=1
7307-12-03 14:12:40.908 10906 10925 W BpBinder: PerfMonitor binderTransact :  time=406ms interface=android.content.IContentProvider code=1
7308-12-03 14:12:40.962  4524 10986 W BpBinder: PerfMonitor binderTransact :  time=617ms interface=android.content.IContentProvider code=1
7309-12-03 14:12:40.969 10906 10963 W BpBinder: PerfMonitor binderTransact :  time=645ms interface=android.content.IContentProvider code=1
7310-12-03 14:12:42.211  1822  5605 W ProcessStats: Tracking association SourceState{38e7606 com.miui.home/10103 BTopFgs #674206} whose proc state 2 is better than process ProcessState{645577b com.miui.securitycenter.remote/1000 pkg=com.miui.securitycenter} proc state 3 (784 skipped)
7311-12-03 14:12:43.165  1822  2676 I SmartPower.com.google.android.googlequicksearchbox:googleapp/10207(9579): background->idle(8140ms) R(broadcast start Intent { act=android.intent.action.BATTERY_CHANGED flg=0x60000010 (has extras) }) adj=800.
7312-12-03 14:12:43.166  1822  2676 I SmartPower.com.google.android.googlequicksearchbox:interactor/10207(4538): background->idle(3002ms) R(broadcast start Intent { act=android.intent.action.BATTERY_CHANGED flg=0x60000010 (has extras) }) adj=100.
7313-12-03 14:12:43.166  1822  2676 I SmartPower.com.whatsapp.w4b/10311(10316): background->idle(3001ms) R(broadcast start Intent { act=android.intent.action.BATTERY_CHANGED flg=0x60000010 (has extras) }) adj=901.
7314-12-03 14:12:43.438  1822  2676 I SmartPower.com.google.process.gservices/10205(10281): background->idle(3000ms) R(content provider start ContentProviderRecord{89c66d5 u0 com.google.android.gsf/.gservices.GservicesProvider}) adj=0.
7315-12-03 14:12:44.184  2965  3444 D vol.VolumeDialogControl: onRemoteUpdate: stream: 113 volume: 8
7316-12-03 14:12:44.191  1822  5599 W ActivityManager: Unable to start service Intent { pkg=com.milink.service cmp=com.milink.service/com.miui.miplay.audio.service.CoreService (has extras) } U=0: not found
7317-12-03 14:12:44.226  1822  2024 D WindowManager: wms.Focus not requested for window=Window{a763448 u0 com.google.android.photopicker/com.android.photopicker.PhotopickerGetContentActivity} because it has no surface or is not focusable.
7318-12-03 14:12:44.235  1822  6536 D WindowManager: wms.Input focus has changed to Window{ae41cc3 u0 com.albacontrol/com.albacontrol.MainActivity} display=0 updateInputWindows = true
7319-12-03 14:12:44.235  1822  6536 I MultiSenceManagerInternalStub: getInstance
7320:12-03 14:12:44.241 10869 10869 E ActivityThread:  fail in deliverResultsIfNeeded java.lang.NullPointerException: Attempt to invoke virtual method 'java.lang.String android.os.Bundle.getString(java.lang.String)' on a null object reference
7321-12-03 14:12:44.249  1822  2438 E MiuiActivityController: MiuiLog-ActivityObserver: There was something wrong : null
7322-12-03 14:12:44.343  1822  5605 I SmartPower.com.google.android.photopicker/10158(10906): visible->invisible(3846ms) R(become invisible) adj=0.
7323-12-03 14:12:44.343  1822  5605 I SmartPower.com.google.android.photopicker/10158(10906): invisible->background(1ms) R(become background) adj=0.
7324-12-03 14:12:44.348  1822  5605 D CoreBackPreview: Window{5c57fba u0 Toast}: Setting back callback OnBackInvokedCallbackInfo{mCallback=android.window.IOnBackInvokedCallback$Stub$Proxy@f788e74, mPriority=0}
7325-12-03 14:12:44.351  1822  2021 D Aurogon :  uid = 10158 switch to BG
7326-12-03 14:12:44.366 10906 10906 W MiuiMagicPointerUtilsStubHeadImpl: MiuiMagicPointerUtilsStubHeadImpl has been initialized !!
7327-12-03 14:12:44.383  1822  5605 D CoreBackPreview: Window{a763448 u0 com.google.android.photopicker/com.android.photopicker.PhotopickerGetContentActivity}: Setting back callback OnBackInvokedCallbackInfo{mCallback=android.window.IOnBackInvokedCallback$Stub$Proxy@e820fe3, mPriority=-1}
7328-12-03 14:12:44.397  1822  2024 I WindowManager: wms.showSurfaceRobustly mWin:Window{5c57fba u0 Toast}
7329-12-03 14:12:44.429  1822  6539 D CoreBackPreview: Window{a763448 u0 com.google.android.photopicker/com.android.photopicker.PhotopickerGetContentActivity}: Setting back callback null
7330-12-03 14:12:44.438  1822  2764 I PowerManagerServiceImpl: Acquire wakelock: SCREEN_BRIGHT_WAKE_LOCK        'WindowManager' ON_AFTER_RELEASE (uid=1000 pid=1822 pkg=android ws=WorkSource{1000 com.android.systemui})
7331-12-03 14:12:44.446  1822  2438 E MiuiActivityController: MiuiLog-ActivityObserver: There was something wrong : null
7332-12-03 14:12:44.447  1822  5604 D WindowManager: setLockTaskAuth: task=Task{c100ac8 #381 type=standard A=10217:com.albacontrol U=0 visible=true visibleRequested=true mode=fullscreen translucent=false sz=1} mLockTaskAuth=LOCK_TASK_AUTH_PINNABLE
7333-12-03 14:12:44.587 10869 10869 W Activity: PerfMonitor: Slow Operation: Activity com.albacontrol/.MainActivity onActivityResult took 345ms
7334-12-03 14:12:44.655  1822  2438 E MiuiActivityController: MiuiLog-ActivityObserver: There was something wrong : null
7335-12-03 14:12:45.019  1822  2030 D HeapUsage Monitor: HeapAllocSize : 108MB; monitorSize : 500MB
7336-12-03 14:12:45.113  1822  5599 D PerfShielderService: com.albacontrol|com.albacontrol/com.albacontrol.MainActivity|325|198491775889539|281|0|2
7337-12-03 14:12:45.114  4614 25272 W MiuiPerfServiceClient: interceptAndQueuing:10869|com.albacontrol|325|281|198491775889539|Slow main thread|2
7338-12-03 14:12:45.166  1822  2902 D ProcessMemoryCleaner: Compact memory: com.whatsapp.w4b/10311(10316) state=hibernation adj=901 pri=511 usage=5 isKilled=false pss:118633 swap:46929
7339-12-03 14:12:45.300  1822  1822 D UiModeManager: updateConfigurationLocked: mDockState=0; mCarMode=false; mCar=false; mPowerSave=false; mComputedNightMode=true; mNightMode=2; uiMode=33
7340-12-03 14:12:45.310  1822  2058 I SmartPower.com.google.android.googlequicksearchbox:interactor/10207(4538): idle->background(2144ms) R(broadcast start Intent { act=android.intent.action.BATTERY_CHANGED flg=0x60000010 (has extras) }) adj=100.
7341-12-03 14:12:45.311  1822  2058 I SmartPower.com.whatsapp.w4b/10311(10316): idle->background(2145ms) R(broadcast start Intent { act=android.intent.action.BATTERY_CHANGED flg=0x60000010 (has extras) }) adj=901.
7342-12-03 14:12:45.316  1822  1822 D UiModeManager: updateConfigurationLocked: mDockState=0; mCarMode=false; mCar=false; mPowerSave=false; mComputedNightMode=true; mNightMode=2; uiMode=33
7343-12-03 14:12:45.392  1822 11599 D AutofillSession: clearPendingIntentLocked
7344-12-03 14:12:45.392  1822 11599 W AutofillInlineSuggestionsRequestSession: Never received an InlineSuggestionsRequest from the IME for 1073741826@9141058
7345-12-03 14:12:45.759   607 10834 I keystore2: keystore2::watchdog: Watchdog thread idle -> terminating. Have a great day.
7346-12-03 14:12:45.985 10869 10869 W Looper  : PerfMonitor doFrame : time=126ms vsyncFrame=0 latency=467ms procState=-1 historyMsgCount=2
7347-12-03 14:12:46.025  1822  5604 D AutofillSession: createPendingIntent for request 221
7348-12-03 14:12:46.025  1822  5604 D ContentCapturePerUserService: Notified activity assist data for activity: Token{4cdb761 ActivityRecord{3397f6b u0 com.albacontrol/.MainActivity} t381}} without a session Id
7349-12-03 14:12:46.916  1822  5604 D CoreBackPreview: Window{5c57fba u0 Toast}: Setting back callback null
7350-12-03 14:12:46.934  1822  5604 I PowerManagerServiceImpl: Release wakelock: SCREEN_BRIGHT_WAKE_LOCK        'WindowManager' ON_AFTER_RELEASE DISABLED ACQ=-2s495ms (uid=1000 pid=1822 pkg=android ws=WorkSource{1000 com.android.systemui})
7351-12-03 14:12:46.940  1822  5604 W NotificationService: Toast already killed. pkg=com.albacontrol token=android.os.BinderProxy@6d2e779
7352-12-03 14:12:46.974  1822  5604 D CoreBackPreview: Window{c2dd11f u0 Toast}: Setting back callback OnBackInvokedCallbackInfo{mCallback=android.window.IOnBackInvokedCallback$Stub$Proxy@51ec6ca, mPriority=0}
