2347:12-03 15:50:06.885  7107  7397 E KernelRpmStatsReader: 	at android.app.ActivityThread$AndroidOs.open(ActivityThread.java:8381)
2348-12-03 15:50:06.885  7107  7397 E KernelRpmStatsReader: 	at libcore.io.IoBridge.open(IoBridge.java:560)
2349-12-03 15:50:06.885  7107  7397 E KernelRpmStatsReader: 	... 13 more
2350-12-03 15:50:21.023  1822  2642 E ProcessManager: error write exception log
2351-12-03 15:50:21.169  1822  4602 E AppOps  : Bad call made by uid 10205. Package "com.google.android.gms" does not belong to uid 10224.
2352-12-03 15:50:21.263  1822  2642 E ProcessManager: error write exception log
2353-12-03 15:50:31.222  1822  3083 E AppOps  : Bad call made by uid 10205. Package "com.google.android.gms" does not belong to uid 10224.
2354-12-03 15:50:33.616  1822  2438 E MiuiActivityController: MiuiLog-ActivityObserver: There was something wrong : null
2355-12-03 15:50:34.163  1822  2438 E MiuiActivityController: MiuiLog-ActivityObserver: There was something wrong : null
2356-12-03 15:50:35.510  1822  2438 E MiuiActivityController: MiuiLog-ActivityObserver: There was something wrong : null
2357-12-03 15:50:35.681  1822  2438 E MiuiActivityController: MiuiLog-ActivityObserver: There was something wrong : null
2358-12-03 15:50:36.173  1822  2438 E MiuiActivityController: MiuiLog-ActivityObserver: There was something wrong : null
2359-12-03 15:50:45.678  1822  2438 E MiuiActivityController: MiuiLog-ActivityObserver: There was something wrong : null
2360-12-03 15:50:46.165  1822  2438 E MiuiActivityController: MiuiLog-ActivityObserver: There was something wrong : null
2361-12-03 15:50:46.304  1822  2438 E MiuiActivityController: MiuiLog-ActivityObserver: There was something wrong : null
2362-12-03 15:50:47.242  1822  2438 E MiuiActivityController: MiuiLog-ActivityObserver: There was something wrong : null
2363-12-03 15:50:47.749  1822  2438 E MiuiActivityController: MiuiLog-ActivityObserver: There was something wrong : null
2364-12-03 15:50:51.176  1822  2088 E KernelCpuSpeedReader: Failed to read cpu-freq: /sys/devices/system/cpu/cpu0/cpufreq/stats/time_in_state: open failed: ENOENT (No such file or directory)
2365-12-03 15:50:51.177  1822  2088 E KernelCpuSpeedReader: Failed to read cpu-freq: /sys/devices/system/cpu/cpu1190400/cpufreq/stats/time_in_state: open failed: ENOENT (No such file or directory)
2366-12-03 15:50:51.177  1822  2088 E KernelCpuSpeedReader: Failed to read cpu-freq: /sys/devices/system/cpu/cpu2707200/cpufreq/stats/time_in_state: open failed: ENOENT (No such file or directory)
2367-12-03 15:50:51.178  1822  2088 E KernelCpuSpeedReader: Failed to read cpu-freq: /sys/devices/system/cpu/cpu4512000/cpufreq/stats/time_in_state: open failed: ENOENT (No such file or directory)
2368-12-03 15:51:12.576  1822  2642 E ProcessManager: error write exception log
2369-12-03 15:51:15.403 28163 28163 E GlobalScreenshot: jumpProcess: enter  mIsInOutAnimating:false jumpType:send
2370-12-03 15:51:15.554  1822  2438 E MiuiActivityController: MiuiLog-ActivityObserver: There was something wrong : null
2371-12-03 15:51:15.560  1822  4605 E WindowManager: setOnBackInvokedCallback(): No window state for package:com.miui.screenshot
2372-12-03 15:51:15.563  1822  2438 E MiuiActivityController: MiuiLog-ActivityObserver: There was something wrong : null
2373-12-03 15:51:15.934  1822  3083 E PackageDexUsage: Unsupported context?
2374-12-03 15:51:16.255  1822  2438 E MiuiActivityController: MiuiLog-ActivityObserver: There was something wrong : null
2375-12-03 15:51:18.412  1822  2438 E MiuiActivityController: MiuiLog-ActivityObserver: There was something wrong : null
2376-12-03 15:51:18.427  1822  2438 E MiuiActivityController: MiuiLog-ActivityObserver: There was something wrong : null
2377-12-03 15:51:18.772  1822  2438 E MiuiActivityController: MiuiLog-ActivityObserver: There was something wrong : null
2378-12-03 15:51:19.189  1822  2438 E MiuiActivityController: MiuiLog-ActivityObserver: There was something wrong : null
2379-12-03 15:51:19.360  1822  2438 E MiuiActivityController: MiuiLog-ActivityObserver: There was something wrong : null
2380-12-03 15:51:21.367  1822  2438 E MiuiActivityController: MiuiLog-ActivityObserver: There was something wrong : null
2381-12-03 15:51:21.389  1822  2438 E MiuiActivityController: MiuiLog-ActivityObserver: There was something wrong : null
2382-12-03 15:51:21.687  1822  2438 E MiuiActivityController: MiuiLog-ActivityObserver: There was something wrong : null
2383-12-03 15:51:22.473  1822  2438 E MiuiActivityController: MiuiLog-ActivityObserver: There was something wrong : null
2384-12-03 15:51:22.515  1822  2438 E MiuiActivityController: MiuiLog-ActivityObserver: There was something wrong : null
2385-12-03 15:51:23.894  1822  2438 E MiuiActivityController: MiuiLog-ActivityObserver: There was something wrong : null
2386-12-03 15:51:23.896  1822  2438 E MiuiActivityController: MiuiLog-ActivityObserver: There was something wrong : null
2387-12-03 15:51:28.212  1822  2438 E MiuiActivityController: MiuiLog-ActivityObserver: There was something wrong : null
2388-12-03 15:51:28.865  1822  2438 E MiuiActivityController: MiuiLog-ActivityObserver: There was something wrong : null
2389-12-03 15:51:29.392  1822  2438 E MiuiActivityController: MiuiLog-ActivityObserver: There was something wrong : null
2390-12-03 15:51:29.795  1822  2438 E MiuiActivityController: MiuiLog-ActivityObserver: There was something wrong : null
2391-12-03 15:51:29.802  1822  4605 E ShortcutService: Invalid icon type in shortcut 120363423903274953@g.us. Bitmaps are not allowed in long-lived shortcuts. Use Resource icons, or Uri-based icons instead.
2392-12-03 15:51:30.230  1822  2438 E MiuiActivityController: MiuiLog-ActivityObserver: There was something wrong : null
2393-12-03 15:51:31.029  1822  2438 E MiuiActivityController: MiuiLog-ActivityObserver: There was something wrong : null
2394-12-03 15:51:31.349  1822  2438 E MiuiActivityController: MiuiLog-ActivityObserver: There was something wrong : null
2395-12-03 15:51:31.535  1822  2642 E ProcessManager: error write exception log
2396-12-03 15:51:31.570  1822  2642 E ProcessManager: error write exception log
2397-12-03 15:51:31.860  1822  2438 E MiuiActivityController: MiuiLog-ActivityObserver: There was something wrong : null
2398-12-03 15:51:38.778  1822  2377 E AppOps  : attributionTag  not declared in manifest of android
2399-12-03 15:51:38.781  1822  2377 E AppOps  : attributionTag  not declared in manifest of android
2400-12-03 15:51:38.785  1822  2377 E AppOps  : attributionTag  not declared in manifest of android
2401-12-03 15:51:38.788  1822  2377 E AppOps  : attributionTag  not declared in manifest of android
2402-12-03 15:51:38.792  1822  2377 E AppOps  : attributionTag  not declared in manifest of android
2403-12-03 15:51:38.797  1822  2377 E AppOps  : attributionTag  not declared in manifest of android
2404-12-03 15:51:45.533  1822  2642 E ProcessManager: error write exception log
2405-12-03 15:51:45.587  1822  2642 E ProcessManager: error write exception log
2406-12-03 15:51:45.731  1822  2642 E ProcessManager: error write exception log
2407-12-03 15:51:45.826  1822  2642 E ProcessManager: error write exception log
2408-12-03 15:51:52.212  1822 32284 E VibratorManagerService: Vibrate ignored, not vibrating for ringtones or notify for MIUI
2409-12-03 15:51:55.507  1822  2642 E ProcessManager: error write exception log
2410-12-03 15:52:15.088  1822  2438 E MiuiActivityController: MiuiLog-ActivityObserver: There was something wrong : null
2411-12-03 15:52:15.725  1822  2438 E MiuiActivityController: MiuiLog-ActivityObserver: There was something wrong : null
2412-12-03 15:52:15.856  1822  2438 E MiuiActivityController: MiuiLog-ActivityObserver: There was something wrong : null
2413:12-03 15:52:16.326 32539 32597 E ActivityThread: Failed to find provider info for com.facebook.appmanager.nekodirect
2414-12-03 15:52:16.356  1822  2438 E MiuiActivityController: MiuiLog-ActivityObserver: There was something wrong : null
2415-12-03 15:52:16.507  1822  2438 E MiuiActivityController: MiuiLog-ActivityObserver: There was something wrong : null
2416-12-03 15:52:17.668  1822  2642 E ProcessManager: error write exception log
2417-12-03 15:52:17.886  1822  2642 E ProcessManager: error write exception log
2418-12-03 15:52:40.036  1822  2642 E ProcessManager: error write exception log
2419-12-03 15:53:15.921  1822  2438 E MiuiActivityController: MiuiLog-ActivityObserver: There was something wrong : null
2420-12-03 15:53:16.334  1822  2438 E MiuiActivityController: MiuiLog-ActivityObserver: There was something wrong : null
2421-12-03 15:53:16.497  1822  2438 E MiuiActivityController: MiuiLog-ActivityObserver: There was something wrong : null
2422-12-03 15:53:17.606  1822  2438 E MiuiActivityController: MiuiLog-ActivityObserver: There was something wrong : null
2423-12-03 15:53:17.891  1822  2438 E MiuiActivityController: MiuiLog-ActivityObserver: There was something wrong : null
2424-12-03 15:53:17.908  1822  2438 E MiuiActivityController: MiuiLog-ActivityObserver: There was something wrong : null
2425-12-03 15:53:17.908  1822  2438 E MiuiActivityController: MiuiLog-ActivityObserver: There was something wrong : null
2426-12-03 15:53:18.407  1822  2438 E MiuiActivityController: MiuiLog-ActivityObserver: There was something wrong : null
2427-12-03 15:53:19.238  1822  1822 E Fingerprint21: onAcquired for non-acquisition client: null
2428-12-03 15:53:19.609  1822  2438 E MiuiActivityController: MiuiLog-ActivityObserver: There was something wrong : null
2429-12-03 15:53:19.698  1822  2438 E MiuiActivityController: MiuiLog-ActivityObserver: There was something wrong : null
2430-12-03 15:53:20.218  1822  2438 E MiuiActivityController: MiuiLog-ActivityObserver: There was something wrong : null
2431-12-03 15:53:25.746  1822   838 E VibratorManagerService: Vibrate ignored, not vibrating for ringtones or notify for MIUI
2432-12-03 15:53:43.542  1822  2438 E MiuiActivityController: MiuiLog-ActivityObserver: There was something wrong : null
2433-12-03 15:53:44.122  1822  2438 E MiuiActivityController: MiuiLog-ActivityObserver: There was something wrong : null
2434-12-03 15:53:44.269  1822  2438 E MiuiActivityController: MiuiLog-ActivityObserver: There was something wrong : null
2435-12-03 15:53:44.763  1822  2438 E MiuiActivityController: MiuiLog-ActivityObserver: There was something wrong : null
2436-12-03 15:53:47.393  1822  2642 E ProcessManager: error write exception log
2437-12-03 15:53:47.754  1822  2438 E MiuiActivityController: MiuiLog-ActivityObserver: There was something wrong : null
2438-12-03 15:54:01.088  1822  2088 E KernelCpuSpeedReader: Failed to read cpu-freq: /sys/devices/system/cpu/cpu0/cpufreq/stats/time_in_state: open failed: ENOENT (No such file or directory)
2439-12-03 15:54:01.088  1822  2088 E KernelCpuSpeedReader: Failed to read cpu-freq: /sys/devices/system/cpu/cpu1190400/cpufreq/stats/time_in_state: open failed: ENOENT (No such file or directory)
2440-12-03 15:54:01.088  1822  2088 E KernelCpuSpeedReader: Failed to read cpu-freq: /sys/devices/system/cpu/cpu2707200/cpufreq/stats/time_in_state: open failed: ENOENT (No such file or directory)
2441-12-03 15:54:01.089  1822  2088 E KernelCpuSpeedReader: Failed to read cpu-freq: /sys/devices/system/cpu/cpu4512000/cpufreq/stats/time_in_state: open failed: ENOENT (No such file or directory)
2442-12-03 15:54:23.094  1822  2088 E KernelCpuSpeedReader: Failed to read cpu-freq: /sys/devices/system/cpu/cpu0/cpufreq/stats/time_in_state: open failed: ENOENT (No such file or directory)
2443-12-03 15:54:23.094  1822  2088 E KernelCpuSpeedReader: Failed to read cpu-freq: /sys/devices/system/cpu/cpu1190400/cpufreq/stats/time_in_state: open failed: ENOENT (No such file or directory)
2444-12-03 15:54:23.095  1822  2088 E KernelCpuSpeedReader: Failed to read cpu-freq: /sys/devices/system/cpu/cpu2707200/cpufreq/stats/time_in_state: open failed: ENOENT (No such file or directory)
2445-12-03 15:54:23.095  1822  2088 E KernelCpuSpeedReader: Failed to read cpu-freq: /sys/devices/system/cpu/cpu4512000/cpufreq/stats/time_in_state: open failed: ENOENT (No such file or directory)
2446-12-03 15:54:23.602  1822  2642 E ProcessManager: error write exception log
2447-12-03 15:54:33.134  7107  7397 E KernelRpmStatsReader: Failure in reading rpm stats
2448-12-03 15:54:33.134  7107  7397 E KernelRpmStatsReader: java.io.FileNotFoundException: /sys/power/system_sleep/stats: open failed: EACCES (Permission denied)
2449-12-03 15:54:33.134  7107  7397 E KernelRpmStatsReader: 	at libcore.io.IoBridge.open(IoBridge.java:574)
2450-12-03 15:54:33.134  7107  7397 E KernelRpmStatsReader: 	at java.io.FileInputStream.<init>(FileInputStream.java:179)
2451-12-03 15:54:33.134  7107  7397 E KernelRpmStatsReader: 	at java.io.FileInputStream.<init>(FileInputStream.java:133)
2452-12-03 15:54:33.134  7107  7397 E KernelRpmStatsReader: 	at com.miui.powerkeeper.utils.KernelRpmStatsReader.readRpmStatsType1(Unknown Source:19)
2453-12-03 15:54:33.134  7107  7397 E KernelRpmStatsReader: 	at com.miui.powerkeeper.utils.KernelRpmStatsReader.readRpmStats(Unknown Source:63)
2454-12-03 15:54:33.134  7107  7397 E KernelRpmStatsReader: 	at com.miui.powerkeeper.powerchecker.PowerCheckerService.requestKernelRpmStatsUpdate(Unknown Source:4)
2455-12-03 15:54:33.134  7107  7397 E KernelRpmStatsReader: 	at com.miui.powerkeeper.powerchecker.PowerCheckerService.addBatteryHistoryRecord(Unknown Source:32)
2456-12-03 15:54:33.134  7107  7397 E KernelRpmStatsReader: 	at com.miui.powerkeeper.powerchecker.PowerCheckerService.updateBatteryLevelChanged(Unknown Source:8)
2457-12-03 15:54:33.134  7107  7397 E KernelRpmStatsReader: 	at com.miui.powerkeeper.powerchecker.PowerCheckerService.access$2700(Unknown Source:0)
2458-12-03 15:54:33.134  7107  7397 E KernelRpmStatsReader: 	at com.miui.powerkeeper.powerchecker.PowerCheckerService$PowerCheckHandler.handleMessage(Unknown Source:124)
2459-12-03 15:54:33.134  7107  7397 E KernelRpmStatsReader: 	at android.os.Handler.dispatchMessage(Handler.java:106)
2460-12-03 15:54:33.134  7107  7397 E KernelRpmStatsReader: 	at android.os.Looper.loopOnce(Looper.java:211)
2461-12-03 15:54:33.134  7107  7397 E KernelRpmStatsReader: 	at android.os.Looper.loop(Looper.java:300)
2462-12-03 15:54:33.134  7107  7397 E KernelRpmStatsReader: 	at android.os.HandlerThread.run(HandlerThread.java:67)
2463-12-03 15:54:33.134  7107  7397 E KernelRpmStatsReader: Caused by: android.system.ErrnoException: open failed: EACCES (Permission denied)
2464-12-03 15:54:33.134  7107  7397 E KernelRpmStatsReader: 	at libcore.io.Linux.open(Native Method)
2465-12-03 15:54:33.134  7107  7397 E KernelRpmStatsReader: 	at libcore.io.ForwardingOs.open(ForwardingOs.java:568)
2466-12-03 15:54:33.134  7107  7397 E KernelRpmStatsReader: 	at libcore.io.BlockGuardOs.open(BlockGuardOs.java:274)
2467-12-03 15:54:33.134  7107  7397 E KernelRpmStatsReader: 	at libcore.io.ForwardingOs.open(ForwardingOs.java:568)
2468:12-03 15:54:33.134  7107  7397 E KernelRpmStatsReader: 	at android.app.ActivityThread$AndroidOs.open(ActivityThread.java:8381)
2469-12-03 15:54:33.134  7107  7397 E KernelRpmStatsReader: 	at libcore.io.IoBridge.open(IoBridge.java:560)
2470-12-03 15:54:33.134  7107  7397 E KernelRpmStatsReader: 	... 13 more
2471-12-03 15:55:01.960  2965  2965 E miui_face: start face unlock fail, mKeyguardShowing =false;isDeviceInteractive =false;isSwitchingUser =false;isKeyguardGoingAway =false
2472-12-03 15:55:02.205  1822  2438 E MiuiActivityController: MiuiLog-ActivityObserver: There was something wrong : null
2473-12-03 15:55:02.252  1822  2088 E KernelCpuSpeedReader: Failed to read cpu-freq: /sys/devices/system/cpu/cpu0/cpufreq/stats/time_in_state: open failed: ENOENT (No such file or directory)
2474-12-03 15:55:02.252  1822  2088 E KernelCpuSpeedReader: Failed to read cpu-freq: /sys/devices/system/cpu/cpu1190400/cpufreq/stats/time_in_state: open failed: ENOENT (No such file or directory)
2475-12-03 15:55:02.252  1822  2088 E KernelCpuSpeedReader: Failed to read cpu-freq: /sys/devices/system/cpu/cpu2707200/cpufreq/stats/time_in_state: open failed: ENOENT (No such file or directory)
2476-12-03 15:55:02.252  1822  2088 E KernelCpuSpeedReader: Failed to read cpu-freq: /sys/devices/system/cpu/cpu4512000/cpufreq/stats/time_in_state: open failed: ENOENT (No such file or directory)
2477-12-03 15:55:02.318  1822  2438 E MiuiActivityController: MiuiLog-ActivityObserver: There was something wrong : null
2478-12-03 15:55:02.571  2965  2965 E miui_face: start face unlock fail, mKeyguardShowing =true;isDeviceInteractive =false;isSwitchingUser =false;isKeyguardGoingAway =false
2479-12-03 15:55:02.573  2965  2965 E miui_face: start face unlock fail, mKeyguardShowing =true;isDeviceInteractive =false;isSwitchingUser =false;isKeyguardGoingAway =false
2480-12-03 15:55:02.575  2965  2965 E miui_face: start face unlock fail, mKeyguardShowing =true;isDeviceInteractive =false;isSwitchingUser =false;isKeyguardGoingAway =false
2481-12-03 15:55:02.690  2965  2965 E miui_face: start face unlock fail, mKeyguardShowing =true;isDeviceInteractive =false;isSwitchingUser =false;isKeyguardGoingAway =false
2482-12-03 15:55:03.000  1822  5604 E AppOps  : Bad call made by uid 10269. Package "com.miui.weather2" does not belong to uid 1000.
2483-12-03 15:55:03.020  1822  5604 E AppOps  : Bad call made by uid 10269. Package "com.miui.weather2" does not belong to uid 1000.
2484-12-03 15:55:03.021  1822  5604 E AppOps  : Bad call made by uid 10269. Package "com.miui.weather2" does not belong to uid 1000.
2485-12-03 15:55:03.022  1822  5604 E AppOps  : Bad call made by uid 10269. Package "com.miui.weather2" does not belong to uid 1000.
2486-12-03 15:55:03.023  1822  5604 E AppOps  : Bad call made by uid 10269. Package "com.miui.weather2" does not belong to uid 1000.
2487-12-03 15:55:03.997  2610  2610 E ForceDarkHelperStubImpl: getForceDarkOriginState transact failed , mService: null
2488-12-03 15:55:04.340  1822  2377 E AppOps  : attributionTag  not declared in manifest of android
2489-12-03 15:55:04.343  1822  2377 E AppOps  : attributionTag  not declared in manifest of android
2490-12-03 15:55:04.344  1822  2377 E AppOps  : attributionTag  not declared in manifest of android
2491-12-03 15:55:05.107  1822  2377 E AppOps  : attributionTag  not declared in manifest of android
2492-12-03 15:55:05.110  1822  2377 E AppOps  : attributionTag  not declared in manifest of android
2493-12-03 15:55:05.114  1822  2377 E AppOps  : attributionTag  not declared in manifest of android
2494-12-03 15:55:32.797  1822  2642 E ProcessManager: error write exception log
2495-12-03 15:55:32.871  1822  2088 E KernelCpuSpeedReader: Failed to read cpu-freq: /sys/devices/system/cpu/cpu0/cpufreq/stats/time_in_state: open failed: ENOENT (No such file or directory)
2496-12-03 15:55:32.872  1822  2088 E KernelCpuSpeedReader: Failed to read cpu-freq: /sys/devices/system/cpu/cpu1190400/cpufreq/stats/time_in_state: open failed: ENOENT (No such file or directory)
2497-12-03 15:55:32.872  1822  2088 E KernelCpuSpeedReader: Failed to read cpu-freq: /sys/devices/system/cpu/cpu2707200/cpufreq/stats/time_in_state: open failed: ENOENT (No such file or directory)
2498-12-03 15:55:32.872  1822  2088 E KernelCpuSpeedReader: Failed to read cpu-freq: /sys/devices/system/cpu/cpu4512000/cpufreq/stats/time_in_state: open failed: ENOENT (No such file or directory)
2499-12-03 15:55:59.746  1822  1822 E ActivityManager: Cancel pending or running compactions as system is awake
2500-12-03 15:55:59.814  1822  2642 E ProcessManager: error write exception log
2501-12-03 15:55:59.861  1822  5594 E AppOps  : Bad call made by uid 10269. Package "com.miui.weather2" does not belong to uid 1000.
2502-12-03 15:55:59.866  1822  3549 E AppOps  : Bad call made by uid 10269. Package "com.miui.weather2" does not belong to uid 1000.
2503-12-03 15:55:59.873  1822  3549 E AppOps  : Bad call made by uid 10269. Package "com.miui.weather2" does not belong to uid 1000.
2504-12-03 15:55:59.874  1822  2088 E KernelCpuSpeedReader: Failed to read cpu-freq: /sys/devices/system/cpu/cpu0/cpufreq/stats/time_in_state: open failed: ENOENT (No such file or directory)
2505-12-03 15:55:59.874  1822  2088 E KernelCpuSpeedReader: Failed to read cpu-freq: /sys/devices/system/cpu/cpu1190400/cpufreq/stats/time_in_state: open failed: ENOENT (No such file or directory)
2506-12-03 15:55:59.874  1822  2088 E KernelCpuSpeedReader: Failed to read cpu-freq: /sys/devices/system/cpu/cpu2707200/cpufreq/stats/time_in_state: open failed: ENOENT (No such file or directory)
2507-12-03 15:55:59.874  1822  2088 E KernelCpuSpeedReader: Failed to read cpu-freq: /sys/devices/system/cpu/cpu4512000/cpufreq/stats/time_in_state: open failed: ENOENT (No such file or directory)
2508-12-03 15:55:59.881  1822  3549 E AppOps  : Bad call made by uid 10269. Package "com.miui.weather2" does not belong to uid 1000.
--
2619-12-03 16:02:03.605   607 12262 E keystore2:     1: Error::Km(ErrorCode(-26))
2620-12-03 16:02:04.658  1822  2642 E ProcessManager: error write exception log
2621-12-03 16:02:15.475  1822  2642 E ProcessManager: error write exception log
2622-12-03 16:02:15.548  1822  2642 E ProcessManager: error write exception log
2623-12-03 16:02:15.561  1822  2642 E ProcessManager: error write exception log
2624-12-03 16:02:32.850  1822  2642 E ProcessManager: error write exception log
2625-12-03 16:02:32.922  1822  2088 E KernelCpuSpeedReader: Failed to read cpu-freq: /sys/devices/system/cpu/cpu0/cpufreq/stats/time_in_state: open failed: ENOENT (No such file or directory)
2626-12-03 16:02:32.923  1822  2088 E KernelCpuSpeedReader: Failed to read cpu-freq: /sys/devices/system/cpu/cpu1190400/cpufreq/stats/time_in_state: open failed: ENOENT (No such file or directory)
2627-12-03 16:02:32.923  1822  2088 E KernelCpuSpeedReader: Failed to read cpu-freq: /sys/devices/system/cpu/cpu2707200/cpufreq/stats/time_in_state: open failed: ENOENT (No such file or directory)
2628-12-03 16:02:32.923  1822  2088 E KernelCpuSpeedReader: Failed to read cpu-freq: /sys/devices/system/cpu/cpu4512000/cpufreq/stats/time_in_state: open failed: ENOENT (No such file or directory)
2629-12-03 16:02:32.948  1822  2642 E ProcessManager: error write exception log
2630-12-03 16:02:32.968  1822  2377 E AppOps  : attributionTag  not declared in manifest of android
2631-12-03 16:02:51.522  1822  2088 E KernelCpuSpeedReader: Failed to read cpu-freq: /sys/devices/system/cpu/cpu0/cpufreq/stats/time_in_state: open failed: ENOENT (No such file or directory)
2632-12-03 16:02:51.523  1822  2088 E KernelCpuSpeedReader: Failed to read cpu-freq: /sys/devices/system/cpu/cpu1190400/cpufreq/stats/time_in_state: open failed: ENOENT (No such file or directory)
2633-12-03 16:02:51.524  1822  2088 E KernelCpuSpeedReader: Failed to read cpu-freq: /sys/devices/system/cpu/cpu2707200/cpufreq/stats/time_in_state: open failed: ENOENT (No such file or directory)
2634-12-03 16:02:51.525  1822  2088 E KernelCpuSpeedReader: Failed to read cpu-freq: /sys/devices/system/cpu/cpu4512000/cpufreq/stats/time_in_state: open failed: ENOENT (No such file or directory)
2635-12-03 16:02:51.932  1822  2642 E ProcessManager: error write exception log
2636-12-03 16:02:51.984  1822  2642 E ProcessManager: error write exception log
2637-12-03 16:02:51.991  1822  2642 E ProcessManager: error write exception log
2638-12-03 16:03:01.550  7107  7397 E KernelRpmStatsReader: Failure in reading rpm stats
2639-12-03 16:03:01.550  7107  7397 E KernelRpmStatsReader: java.io.FileNotFoundException: /sys/power/system_sleep/stats: open failed: EACCES (Permission denied)
2640-12-03 16:03:01.550  7107  7397 E KernelRpmStatsReader: 	at libcore.io.IoBridge.open(IoBridge.java:574)
2641-12-03 16:03:01.550  7107  7397 E KernelRpmStatsReader: 	at java.io.FileInputStream.<init>(FileInputStream.java:179)
2642-12-03 16:03:01.550  7107  7397 E KernelRpmStatsReader: 	at java.io.FileInputStream.<init>(FileInputStream.java:133)
2643-12-03 16:03:01.550  7107  7397 E KernelRpmStatsReader: 	at com.miui.powerkeeper.utils.KernelRpmStatsReader.readRpmStatsType1(Unknown Source:19)
2644-12-03 16:03:01.550  7107  7397 E KernelRpmStatsReader: 	at com.miui.powerkeeper.utils.KernelRpmStatsReader.readRpmStats(Unknown Source:63)
2645-12-03 16:03:01.550  7107  7397 E KernelRpmStatsReader: 	at com.miui.powerkeeper.powerchecker.PowerCheckerService.requestKernelRpmStatsUpdate(Unknown Source:4)
2646-12-03 16:03:01.550  7107  7397 E KernelRpmStatsReader: 	at com.miui.powerkeeper.powerchecker.PowerCheckerService.addBatteryHistoryRecord(Unknown Source:32)
2647-12-03 16:03:01.550  7107  7397 E KernelRpmStatsReader: 	at com.miui.powerkeeper.powerchecker.PowerCheckerService.updateBatteryLevelChanged(Unknown Source:8)
2648-12-03 16:03:01.550  7107  7397 E KernelRpmStatsReader: 	at com.miui.powerkeeper.powerchecker.PowerCheckerService.access$2700(Unknown Source:0)
2649-12-03 16:03:01.550  7107  7397 E KernelRpmStatsReader: 	at com.miui.powerkeeper.powerchecker.PowerCheckerService$PowerCheckHandler.handleMessage(Unknown Source:124)
2650-12-03 16:03:01.550  7107  7397 E KernelRpmStatsReader: 	at android.os.Handler.dispatchMessage(Handler.java:106)
2651-12-03 16:03:01.550  7107  7397 E KernelRpmStatsReader: 	at android.os.Looper.loopOnce(Looper.java:211)
2652-12-03 16:03:01.550  7107  7397 E KernelRpmStatsReader: 	at android.os.Looper.loop(Looper.java:300)
2653-12-03 16:03:01.550  7107  7397 E KernelRpmStatsReader: 	at android.os.HandlerThread.run(HandlerThread.java:67)
2654-12-03 16:03:01.550  7107  7397 E KernelRpmStatsReader: Caused by: android.system.ErrnoException: open failed: EACCES (Permission denied)
2655-12-03 16:03:01.550  7107  7397 E KernelRpmStatsReader: 	at libcore.io.Linux.open(Native Method)
2656-12-03 16:03:01.550  7107  7397 E KernelRpmStatsReader: 	at libcore.io.ForwardingOs.open(ForwardingOs.java:568)
2657-12-03 16:03:01.550  7107  7397 E KernelRpmStatsReader: 	at libcore.io.BlockGuardOs.open(BlockGuardOs.java:274)
2658-12-03 16:03:01.550  7107  7397 E KernelRpmStatsReader: 	at libcore.io.ForwardingOs.open(ForwardingOs.java:568)
2659:12-03 16:03:01.550  7107  7397 E KernelRpmStatsReader: 	at android.app.ActivityThread$AndroidOs.open(ActivityThread.java:8381)
2660-12-03 16:03:01.550  7107  7397 E KernelRpmStatsReader: 	at libcore.io.IoBridge.open(IoBridge.java:560)
2661-12-03 16:03:01.550  7107  7397 E KernelRpmStatsReader: 	... 13 more
2662-12-03 16:03:27.664  1822  2088 E KernelCpuSpeedReader: Failed to read cpu-freq: /sys/devices/system/cpu/cpu0/cpufreq/stats/time_in_state: open failed: ENOENT (No such file or directory)
2663-12-03 16:03:27.665  1822  2088 E KernelCpuSpeedReader: Failed to read cpu-freq: /sys/devices/system/cpu/cpu1190400/cpufreq/stats/time_in_state: open failed: ENOENT (No such file or directory)
2664-12-03 16:03:27.665  1822  2088 E KernelCpuSpeedReader: Failed to read cpu-freq: /sys/devices/system/cpu/cpu2707200/cpufreq/stats/time_in_state: open failed: ENOENT (No such file or directory)
2665-12-03 16:03:27.666  1822  2088 E KernelCpuSpeedReader: Failed to read cpu-freq: /sys/devices/system/cpu/cpu4512000/cpufreq/stats/time_in_state: open failed: ENOENT (No such file or directory)
2666-12-03 16:03:41.318  1822  2438 E MiuiActivityController: MiuiLog-ActivityObserver: There was something wrong : null
2667-12-03 16:03:41.521  1822  2438 E MiuiActivityController: MiuiLog-ActivityObserver: There was something wrong : null
2668-12-03 16:03:46.806  1822  2438 E MiuiActivityController: MiuiLog-ActivityObserver: There was something wrong : null
2669-12-03 16:03:46.913  1822  2438 E MiuiActivityController: MiuiLog-ActivityObserver: There was something wrong : null
2670-12-03 16:03:46.930  1822  2438 E MiuiActivityController: MiuiLog-ActivityObserver: There was something wrong : null
2671-12-03 16:03:59.682  1822  2438 E MiuiActivityController: MiuiLog-ActivityObserver: There was something wrong : null
2672-12-03 16:03:59.816  1822  2438 E MiuiActivityController: MiuiLog-ActivityObserver: There was something wrong : null
2673-12-03 16:04:06.518  1822  2438 E MiuiActivityController: MiuiLog-ActivityObserver: There was something wrong : null
2674-12-03 16:04:06.598  1822  2438 E MiuiActivityController: MiuiLog-ActivityObserver: There was something wrong : null
2675-12-03 16:04:06.612  1822  2438 E MiuiActivityController: MiuiLog-ActivityObserver: There was something wrong : null
2676-12-03 16:04:07.825  1822  2438 E MiuiActivityController: MiuiLog-ActivityObserver: There was something wrong : null
2677-12-03 16:04:08.096  1822  2438 E MiuiActivityController: MiuiLog-ActivityObserver: There was something wrong : null
2678-12-03 16:04:08.536  1822  2438 E MiuiActivityController: MiuiLog-ActivityObserver: There was something wrong : null
2679-12-03 16:04:09.687  1822  2438 E MiuiActivityController: MiuiLog-ActivityObserver: There was something wrong : null
2680-12-03 16:04:10.201  1822  2438 E MiuiActivityController: MiuiLog-ActivityObserver: There was something wrong : null
2681-12-03 16:04:10.434  1822  2438 E MiuiActivityController: MiuiLog-ActivityObserver: There was something wrong : null
2682-12-03 16:04:24.833  1822  2377 E AppOps  : attributionTag  not declared in manifest of android
2683-12-03 16:04:24.836  1822  2377 E AppOps  : attributionTag  not declared in manifest of android
2684-12-03 16:04:24.840  1822  2377 E AppOps  : attributionTag  not declared in manifest of android
2685-12-03 16:04:24.845  1822  2377 E AppOps  : attributionTag  not declared in manifest of android
2686-12-03 16:04:24.849  1822  2377 E AppOps  : attributionTag  not declared in manifest of android
2687-12-03 16:04:24.853  1822  2377 E AppOps  : attributionTag  not declared in manifest of android
2688-12-03 16:04:24.855  1822  2377 E AppOps  : attributionTag  not declared in manifest of android
2689-12-03 16:04:24.858  1822  2377 E AppOps  : attributionTag  not declared in manifest of android
2690-12-03 16:04:24.861  1822  2377 E AppOps  : attributionTag  not declared in manifest of android
2691-12-03 16:04:24.864  1822  2377 E AppOps  : attributionTag  not declared in manifest of android
2692-12-03 16:04:24.867  1822  2377 E AppOps  : attributionTag  not declared in manifest of android
2693-12-03 16:04:24.870  1822  2377 E AppOps  : attributionTag  not declared in manifest of android
2694-12-03 16:04:33.389  1822  2377 E AppOps  : attributionTag  not declared in manifest of android
2695-12-03 16:04:33.392  1822  2377 E AppOps  : attributionTag  not declared in manifest of android
2696-12-03 16:04:33.395  1822  2377 E AppOps  : attributionTag  not declared in manifest of android
2697-12-03 16:04:41.887  1822  2377 E AppOps  : attributionTag  not declared in manifest of android
2698-12-03 16:04:41.891  1822  2377 E AppOps  : attributionTag  not declared in manifest of android
2699-12-03 16:04:41.896  1822  2377 E AppOps  : attributionTag  not declared in manifest of android
--
2735-12-03 16:05:59.069  2965  2965 E miui_face: start face unlock fail, mKeyguardShowing =true;isDeviceInteractive =false;isSwitchingUser =false;isKeyguardGoingAway =false
2736-12-03 16:05:59.326  1822  2088 E KernelCpuSpeedReader: Failed to read cpu-freq: /sys/devices/system/cpu/cpu0/cpufreq/stats/time_in_state: open failed: ENOENT (No such file or directory)
2737-12-03 16:05:59.327  1822  2088 E KernelCpuSpeedReader: Failed to read cpu-freq: /sys/devices/system/cpu/cpu1190400/cpufreq/stats/time_in_state: open failed: ENOENT (No such file or directory)
2738-12-03 16:05:59.327  1822  2088 E KernelCpuSpeedReader: Failed to read cpu-freq: /sys/devices/system/cpu/cpu2707200/cpufreq/stats/time_in_state: open failed: ENOENT (No such file or directory)
2739-12-03 16:05:59.327  1822  2088 E KernelCpuSpeedReader: Failed to read cpu-freq: /sys/devices/system/cpu/cpu4512000/cpufreq/stats/time_in_state: open failed: ENOENT (No such file or directory)
2740-12-03 16:05:59.533  2965  2965 E miui_face: start face unlock fail, mKeyguardShowing =true;isDeviceInteractive =false;isSwitchingUser =false;isKeyguardGoingAway =false
2741-12-03 16:05:59.611  1822  5582 E AppOps  : Bad call made by uid 10269. Package "com.miui.weather2" does not belong to uid 1000.
2742-12-03 16:05:59.612  1822  3429 E AppOps  : Bad call made by uid 10269. Package "com.miui.weather2" does not belong to uid 1000.
2743-12-03 16:05:59.613  1822  3429 E AppOps  : Bad call made by uid 10269. Package "com.miui.weather2" does not belong to uid 1000.
2744-12-03 16:05:59.614  1822  5582 E AppOps  : Bad call made by uid 10269. Package "com.miui.weather2" does not belong to uid 1000.
2745-12-03 16:05:59.615  1822  3429 E AppOps  : Bad call made by uid 10269. Package "com.miui.weather2" does not belong to uid 1000.
2746-12-03 16:05:59.651  2965  2965 E miui_face: start face unlock fail, mKeyguardShowing =true;isDeviceInteractive =false;isSwitchingUser =false;isKeyguardGoingAway =false
2747-12-03 16:06:17.258  1822  2642 E ProcessManager: error write exception log
2748-12-03 16:06:18.478  1822  1822 E ActivityManager: Cancel pending or running compactions as system is awake
2749-12-03 16:06:18.518  1822  2088 E KernelCpuSpeedReader: Failed to read cpu-freq: /sys/devices/system/cpu/cpu0/cpufreq/stats/time_in_state: open failed: ENOENT (No such file or directory)
2750-12-03 16:06:18.518  1822  2088 E KernelCpuSpeedReader: Failed to read cpu-freq: /sys/devices/system/cpu/cpu1190400/cpufreq/stats/time_in_state: open failed: ENOENT (No such file or directory)
2751-12-03 16:06:18.518  1822  2088 E KernelCpuSpeedReader: Failed to read cpu-freq: /sys/devices/system/cpu/cpu2707200/cpufreq/stats/time_in_state: open failed: ENOENT (No such file or directory)
2752-12-03 16:06:18.518  1822  2088 E KernelCpuSpeedReader: Failed to read cpu-freq: /sys/devices/system/cpu/cpu4512000/cpufreq/stats/time_in_state: open failed: ENOENT (No such file or directory)
2753-12-03 16:06:18.531  1822  3953 E AppOps  : Bad call made by uid 1002. Package "com.google.android.gms" does not belong to uid 1002.
2754-12-03 16:06:18.572  1822  2655 E AppOps  : Bad call made by uid 10269. Package "com.miui.weather2" does not belong to uid 1000.
2755-12-03 16:06:18.581  1822  3429 E AppOps  : Bad call made by uid 10269. Package "com.miui.weather2" does not belong to uid 1000.
2756-12-03 16:06:18.589  1822  6277 E AppOps  : Bad call made by uid 10269. Package "com.miui.weather2" does not belong to uid 1000.
2757-12-03 16:06:18.590  1822  6277 E AppOps  : Bad call made by uid 10269. Package "com.miui.weather2" does not belong to uid 1000.
2758-12-03 16:06:18.592  1822  6277 E AppOps  : Bad call made by uid 10269. Package "com.miui.weather2" does not belong to uid 1000.
2759-12-03 16:06:20.415  1822  2377 E AppOps  : attributionTag  not declared in manifest of android
2760-12-03 16:06:31.543  1822  2438 E MiuiActivityController: MiuiLog-ActivityObserver: There was something wrong : null
2761-12-03 16:06:31.675  1822  2438 E MiuiActivityController: MiuiLog-ActivityObserver: There was something wrong : null
2762-12-03 16:06:31.894  1822  2438 E MiuiActivityController: MiuiLog-ActivityObserver: There was something wrong : null
2763-12-03 16:06:31.896  1822  2438 E MiuiActivityController: MiuiLog-ActivityObserver: There was something wrong : null
2764-12-03 16:06:32.002  1822  2438 E MiuiActivityController: MiuiLog-ActivityObserver: There was something wrong : null
2765-12-03 16:06:32.182  1822  6300 E AppOps  : Bad call made by uid 1002. Package "com.google.android.gms" does not belong to uid 1002.
2766-12-03 16:06:32.232   607 12262 E keystore2: keystore2::error: In create_operation.
2767-12-03 16:06:32.232   607 12262 E keystore2: 
2768-12-03 16:06:32.232   607 12262 E keystore2: Caused by:
2769-12-03 16:06:32.232   607 12262 E keystore2:     0: In authorize_create: matching auth token is expired.
2770-12-03 16:06:32.232   607 12262 E keystore2:     1: Error::Km(ErrorCode(-26))
2771-12-03 16:06:39.462  1822  2377 E AppOps  : attributionTag  not declared in manifest of android
2772-12-03 16:06:39.465  1822  2377 E AppOps  : attributionTag  not declared in manifest of android
2773-12-03 16:06:39.469  1822  2377 E AppOps  : attributionTag  not declared in manifest of android
2774-12-03 16:07:01.574  1822  2642 E ProcessManager: error write exception log
2775:12-03 16:07:37.404  7019  7070 E ActivityThread: Failed to find provider info for com.facebook.appmanager.nekodirect
2776-12-03 16:07:38.302  1822  2642 E ProcessManager: error write exception log
2777-12-03 16:07:38.317  1822  2642 E ProcessManager: error write exception log
2778-12-03 16:07:38.676  1822  2642 E ProcessManager: error write exception log
2779-12-03 16:07:59.351  1822  2642 E ProcessManager: error write exception log
2780-12-03 16:08:27.878  1822  2377 E AppOps  : attributionTag  not declared in manifest of android
2781-12-03 16:08:27.881  1822  2377 E AppOps  : attributionTag  not declared in manifest of android
2782-12-03 16:08:27.884  1822  2377 E AppOps  : attributionTag  not declared in manifest of android
2783-12-03 16:09:04.869  1822  2642 E ProcessManager: error write exception log
2784-12-03 16:09:04.961  1822  2642 E ProcessManager: error write exception log
2785-12-03 16:10:54.497  1822  2416 E MiuiInputKeyEventLog: before go to home
2786-12-03 16:10:54.654  1822  2088 E KernelCpuSpeedReader: Failed to read cpu-freq: /sys/devices/system/cpu/cpu0/cpufreq/stats/time_in_state: open failed: ENOENT (No such file or directory)
2787-12-03 16:10:54.654  1822  2088 E KernelCpuSpeedReader: Failed to read cpu-freq: /sys/devices/system/cpu/cpu1190400/cpufreq/stats/time_in_state: open failed: ENOENT (No such file or directory)
2788-12-03 16:10:54.655  1822  2088 E KernelCpuSpeedReader: Failed to read cpu-freq: /sys/devices/system/cpu/cpu2707200/cpufreq/stats/time_in_state: open failed: ENOENT (No such file or directory)
2789-12-03 16:10:54.655  1822  2088 E KernelCpuSpeedReader: Failed to read cpu-freq: /sys/devices/system/cpu/cpu4512000/cpufreq/stats/time_in_state: open failed: ENOENT (No such file or directory)
2790-12-03 16:10:54.812  1822  2438 E MiuiActivityController: MiuiLog-ActivityObserver: There was something wrong : null
2791-12-03 16:10:55.402  1822  2438 E MiuiActivityController: MiuiLog-ActivityObserver: There was something wrong : null
2792-12-03 16:10:55.475  2965  2965 E miui_face: start face unlock fail, mKeyguardShowing =false;isDeviceInteractive =false;isSwitchingUser =false;isKeyguardGoingAway =false
2793-12-03 16:10:55.690  1822  2377 E AppOps  : attributionTag  not declared in manifest of android
2794-12-03 16:10:55.691  1822  2377 E AppOps  : attributionTag  not declared in manifest of android
2795-12-03 16:10:55.692  1822  2377 E AppOps  : attributionTag  not declared in manifest of android
2796-12-03 16:10:55.693  1822  2377 E AppOps  : attributionTag  not declared in manifest of android
2797-12-03 16:10:55.694  1822  2377 E AppOps  : attributionTag  not declared in manifest of android
2798-12-03 16:10:55.695  1822  2438 E MiuiActivityController: MiuiLog-ActivityObserver: There was something wrong : null
2799-12-03 16:10:55.695  1822  2377 E AppOps  : attributionTag  not declared in manifest of android
2800-12-03 16:10:55.696  1822  2377 E AppOps  : attributionTag  not declared in manifest of android
2801-12-03 16:10:55.709  1822  2088 E KernelCpuSpeedReader: Failed to read cpu-freq: /sys/devices/system/cpu/cpu0/cpufreq/stats/time_in_state: open failed: ENOENT (No such file or directory)
2802-12-03 16:10:55.709  1822  2088 E KernelCpuSpeedReader: Failed to read cpu-freq: /sys/devices/system/cpu/cpu1190400/cpufreq/stats/time_in_state: open failed: ENOENT (No such file or directory)
2803-12-03 16:10:55.709  1822  2088 E KernelCpuSpeedReader: Failed to read cpu-freq: /sys/devices/system/cpu/cpu2707200/cpufreq/stats/time_in_state: open failed: ENOENT (No such file or directory)
2804-12-03 16:10:55.710  1822  2088 E KernelCpuSpeedReader: Failed to read cpu-freq: /sys/devices/system/cpu/cpu4512000/cpufreq/stats/time_in_state: open failed: ENOENT (No such file or directory)
2805-12-03 16:10:55.765  1822  2438 E MiuiActivityController: MiuiLog-ActivityObserver: There was something wrong : null
2806-12-03 16:10:55.970  1822  2377 E AppOps  : attributionTag  not declared in manifest of android
2807-12-03 16:10:55.972  1822  2377 E AppOps  : attributionTag  not declared in manifest of android
2808-12-03 16:10:56.055  2965  2965 E miui_face: start face unlock fail, mKeyguardShowing =true;isDeviceInteractive =false;isSwitchingUser =false;isKeyguardGoingAway =false
2809-12-03 16:10:56.056  2965  2965 E miui_face: start face unlock fail, mKeyguardShowing =true;isDeviceInteractive =false;isSwitchingUser =false;isKeyguardGoingAway =false
2810-12-03 16:10:56.058  2965  2965 E miui_face: start face unlock fail, mKeyguardShowing =true;isDeviceInteractive =false;isSwitchingUser =false;isKeyguardGoingAway =false
2811-12-03 16:10:56.174  2965  2965 E miui_face: start face unlock fail, mKeyguardShowing =true;isDeviceInteractive =false;isSwitchingUser =false;isKeyguardGoingAway =false
2812-12-03 16:10:56.389  1822  2409 E AppOps  : Bad call made by uid 10269. Package "com.miui.weather2" does not belong to uid 1000.
2813-12-03 16:10:56.394  1822  2409 E AppOps  : Bad call made by uid 10269. Package "com.miui.weather2" does not belong to uid 1000.
2814-12-03 16:10:56.398  1822  2409 E AppOps  : Bad call made by uid 10269. Package "com.miui.weather2" does not belong to uid 1000.
2815-12-03 16:10:56.400  1822  3429 E AppOps  : Bad call made by uid 10269. Package "com.miui.weather2" does not belong to uid 1000.
--
2965-12-03 16:14:51.388  2965  2965 E miui_face: start face unlock fail, mKeyguardShowing =true;isDeviceInteractive =false;isSwitchingUser =false;isKeyguardGoingAway =false
2966-12-03 16:14:51.390  2965  2965 E miui_face: start face unlock fail, mKeyguardShowing =true;isDeviceInteractive =false;isSwitchingUser =false;isKeyguardGoingAway =false
2967-12-03 16:14:51.391  2965  2965 E miui_face: start face unlock fail, mKeyguardShowing =true;isDeviceInteractive =false;isSwitchingUser =false;isKeyguardGoingAway =false
2968-12-03 16:14:51.727  2965  2965 E miui_face: start face unlock fail, mKeyguardShowing =true;isDeviceInteractive =false;isSwitchingUser =false;isKeyguardGoingAway =false
2969-12-03 16:14:51.874  1822  6536 E AppOps  : Bad call made by uid 10269. Package "com.miui.weather2" does not belong to uid 1000.
2970-12-03 16:14:51.885  1822  3498 E AppOps  : Bad call made by uid 10269. Package "com.miui.weather2" does not belong to uid 1000.
2971-12-03 16:14:51.888  1822  6536 E AppOps  : Bad call made by uid 10269. Package "com.miui.weather2" does not belong to uid 1000.
2972-12-03 16:14:51.890  1822  6536 E AppOps  : Bad call made by uid 10269. Package "com.miui.weather2" does not belong to uid 1000.
2973-12-03 16:14:51.891  1822  4648 E AppOps  : Bad call made by uid 10269. Package "com.miui.weather2" does not belong to uid 1000.
2974-12-03 16:14:55.105  1822  2642 E ProcessManager: error write exception log
2975-12-03 16:15:38.154  1822  1822 E ActivityManager: Cancel pending or running compactions as system is awake
2976-12-03 16:15:38.201  1822  2642 E ProcessManager: error write exception log
2977-12-03 16:15:38.207  1822  2088 E KernelCpuSpeedReader: Failed to read cpu-freq: /sys/devices/system/cpu/cpu4512000/cpufreq/stats/time_in_state: open failed: ENOENT (No such file or directory)
2978-12-03 16:15:38.208  1822  2088 E KernelCpuSpeedReader: Failed to read cpu-freq: /sys/devices/system/cpu/cpu2707200/cpufreq/stats/time_in_state: open failed: ENOENT (No such file or directory)
2979-12-03 16:15:38.208  1822  2088 E KernelCpuSpeedReader: Failed to read cpu-freq: /sys/devices/system/cpu/cpu1190400/cpufreq/stats/time_in_state: open failed: ENOENT (No such file or directory)
2980-12-03 16:15:38.208  1822  2088 E KernelCpuSpeedReader: Failed to read cpu-freq: /sys/devices/system/cpu/cpu0/cpufreq/stats/time_in_state: open failed: ENOENT (No such file or directory)
2981-12-03 16:15:38.241  1822  4595 E AppOps  : Bad call made by uid 1002. Package "com.google.android.gms" does not belong to uid 1002.
2982-12-03 16:15:38.265  1822  4595 E AppOps  : Bad call made by uid 10269. Package "com.miui.weather2" does not belong to uid 1000.
2983-12-03 16:15:38.280  1822  6536 E AppOps  : Bad call made by uid 10269. Package "com.miui.weather2" does not belong to uid 1000.
2984-12-03 16:15:38.283  1822  2906 E AppOps  : Bad call made by uid 10269. Package "com.miui.weather2" does not belong to uid 1000.
2985-12-03 16:15:38.285  1822  6536 E AppOps  : Bad call made by uid 10269. Package "com.miui.weather2" does not belong to uid 1000.
2986-12-03 16:15:38.286  1822  6536 E AppOps  : Bad call made by uid 10269. Package "com.miui.weather2" does not belong to uid 1000.
2987-12-03 16:15:40.275  1822  4595 E WindowManager: setOnBackInvokedCallback(): No window state for package:com.albacontrol
2988-12-03 16:15:40.398  1822  2438 E MiuiActivityController: MiuiLog-ActivityObserver: There was something wrong : null
2989-12-03 16:15:40.565  1822  6219 E AppOps  : Bad call made by uid 1002. Package "com.google.android.gms" does not belong to uid 1002.
2990-12-03 16:15:40.609   607 17720 E keystore2: keystore2::error: In create_operation.
2991-12-03 16:15:40.609   607 17720 E keystore2: 
2992-12-03 16:15:40.609   607 17720 E keystore2: Caused by:
2993-12-03 16:15:40.609   607 17720 E keystore2:     0: In authorize_create: matching auth token is expired.
2994-12-03 16:15:40.609   607 17720 E keystore2:     1: Error::Km(ErrorCode(-26))
2995-12-03 16:16:01.946  1822  2438 E MiuiActivityController: MiuiLog-ActivityObserver: There was something wrong : null
2996-12-03 16:16:02.609  1822  2438 E MiuiActivityController: MiuiLog-ActivityObserver: There was something wrong : null
2997-12-03 16:16:07.267  1822  2642 E ProcessManager: error write exception log
2998-12-03 16:16:07.319  1822  2642 E ProcessManager: error write exception log
2999-12-03 16:16:09.013  1822  2438 E MiuiActivityController: MiuiLog-ActivityObserver: There was something wrong : null
3000-12-03 16:16:09.053  1822  2438 E MiuiActivityController: MiuiLog-ActivityObserver: There was something wrong : null
3001-12-03 16:16:09.104  1822  2642 E ProcessManager: error write exception log
3002-12-03 16:16:09.111  1822  2438 E MiuiActivityController: MiuiLog-ActivityObserver: There was something wrong : null
3003-12-03 16:16:10.547  1822  2438 E MiuiActivityController: MiuiLog-ActivityObserver: There was something wrong : null
3004-12-03 16:16:10.672  1822  2438 E MiuiActivityController: MiuiLog-ActivityObserver: There was something wrong : null
3005:12-03 16:16:18.186  9142  9142 E ActivityThread:  fail in deliverResultsIfNeeded java.lang.NullPointerException: Attempt to invoke virtual method 'java.lang.String android.os.Bundle.getString(java.lang.String)' on a null object reference
3006-12-03 16:16:18.195  1822  2438 E MiuiActivityController: MiuiLog-ActivityObserver: There was something wrong : null
3007-12-03 16:16:18.413  1822  2438 E MiuiActivityController: MiuiLog-ActivityObserver: There was something wrong : null
3008-12-03 16:16:18.631  1822  2438 E MiuiActivityController: MiuiLog-ActivityObserver: There was something wrong : null
3009-12-03 16:16:37.280  1822  2642 E ProcessManager: error write exception log
3010-12-03 16:16:37.377  1822  2642 E ProcessManager: error write exception log
3011-12-03 16:16:41.149  1822  2377 E AppOps  : attributionTag  not declared in manifest of android
3012-12-03 16:16:41.152  1822  2377 E AppOps  : attributionTag  not declared in manifest of android
3013-12-03 16:17:57.571  1822  2642 E ProcessManager: error write exception log
3014-12-03 16:19:51.395  2965  2965 E miui_face: start face unlock fail, mKeyguardShowing =false;isDeviceInteractive =false;isSwitchingUser =false;isKeyguardGoingAway =false
3015-12-03 16:19:51.627  1822  2438 E MiuiActivityController: MiuiLog-ActivityObserver: There was something wrong : null
3016-12-03 16:19:51.659  1822  2088 E KernelCpuSpeedReader: Failed to read cpu-freq: /sys/devices/system/cpu/cpu4512000/cpufreq/stats/time_in_state: open failed: ENOENT (No such file or directory)
3017-12-03 16:19:51.660  1822  2088 E KernelCpuSpeedReader: Failed to read cpu-freq: /sys/devices/system/cpu/cpu2707200/cpufreq/stats/time_in_state: open failed: ENOENT (No such file or directory)
3018-12-03 16:19:51.660  1822  2088 E KernelCpuSpeedReader: Failed to read cpu-freq: /sys/devices/system/cpu/cpu1190400/cpufreq/stats/time_in_state: open failed: ENOENT (No such file or directory)
3019-12-03 16:19:51.660  1822  2088 E KernelCpuSpeedReader: Failed to read cpu-freq: /sys/devices/system/cpu/cpu0/cpufreq/stats/time_in_state: open failed: ENOENT (No such file or directory)
3020-12-03 16:19:51.755  1822  2438 E MiuiActivityController: MiuiLog-ActivityObserver: There was something wrong : null
3021-12-03 16:19:51.934  2965  2965 E miui_face: start face unlock fail, mKeyguardShowing =true;isDeviceInteractive =false;isSwitchingUser =false;isKeyguardGoingAway =false
3022-12-03 16:19:51.936  2965  2965 E miui_face: start face unlock fail, mKeyguardShowing =true;isDeviceInteractive =false;isSwitchingUser =false;isKeyguardGoingAway =false
3023-12-03 16:19:51.939  2965  2965 E miui_face: start face unlock fail, mKeyguardShowing =true;isDeviceInteractive =false;isSwitchingUser =false;isKeyguardGoingAway =false
3024-12-03 16:19:52.180  1822  5599 E AppOps  : Bad call made by uid 10269. Package "com.miui.weather2" does not belong to uid 1000.
3025-12-03 16:19:52.202  1822  5607 E AppOps  : Bad call made by uid 10269. Package "com.miui.weather2" does not belong to uid 1000.
3026-12-03 16:19:52.214  2965  2965 E miui_face: start face unlock fail, mKeyguardShowing =true;isDeviceInteractive =false;isSwitchingUser =false;isKeyguardGoingAway =false
