12-05 10:14:38.589 E/KernelCpuSpeedReader( 1829): Failed to read cpu-freq: /sys/devices/system/cpu/cpu0/cpufreq/stats/time_in_state: open failed: ENOENT (No such file or directory)
12-05 10:14:47.300 E/KernelCpuSpeedReader( 1829): Failed to read cpu-freq: /sys/devices/system/cpu/cpu4512000/cpufreq/stats/time_in_state: open failed: ENOENT (No such file or directory)
12-05 10:14:47.300 E/KernelCpuSpeedReader( 1829): Failed to read cpu-freq: /sys/devices/system/cpu/cpu2707200/cpufreq/stats/time_in_state: open failed: ENOENT (No such file or directory)
12-05 10:14:47.300 E/KernelCpuSpeedReader( 1829): Failed to read cpu-freq: /sys/devices/system/cpu/cpu1190400/cpufreq/stats/time_in_state: open failed: ENOENT (No such file or directory)
12-05 10:14:47.300 E/KernelCpuSpeedReader( 1829): Failed to read cpu-freq: /sys/devices/system/cpu/cpu0/cpufreq/stats/time_in_state: open failed: ENOENT (No such file or directory)
12-05 10:15:18.529 E/ProcessManager( 1829): error write exception log
12-05 10:15:52.259 E/ProcessManager( 1829): error write exception log
12-05 10:16:39.780 E/ProcessManager( 1829): error write exception log
12-05 10:17:03.148 E/ActivityManager( 1829): Cancel pending or running compactions as system is awake
12-05 10:17:03.175 E/KernelCpuSpeedReader( 1829): Failed to read cpu-freq: /sys/devices/system/cpu/cpu4512000/cpufreq/stats/time_in_state: open failed: ENOENT (No such file or directory)
12-05 10:17:03.178 E/KernelCpuSpeedReader( 1829): Failed to read cpu-freq: /sys/devices/system/cpu/cpu2707200/cpufreq/stats/time_in_state: open failed: ENOENT (No such file or directory)
12-05 10:17:03.178 E/KernelCpuSpeedReader( 1829): Failed to read cpu-freq: /sys/devices/system/cpu/cpu1190400/cpufreq/stats/time_in_state: open failed: ENOENT (No such file or directory)
12-05 10:17:03.178 E/KernelCpuSpeedReader( 1829): Failed to read cpu-freq: /sys/devices/system/cpu/cpu0/cpufreq/stats/time_in_state: open failed: ENOENT (No such file or directory)
12-05 10:17:03.257 E/AppOps  ( 1829): Bad call made by uid 10269. Package "com.miui.weather2" does not belong to uid 1000.
12-05 10:17:03.261 E/AppOps  ( 1829): Bad call made by uid 10269. Package "com.miui.weather2" does not belong to uid 1000.
12-05 10:17:03.263 E/AppOps  ( 1829): Bad call made by uid 10269. Package "com.miui.weather2" does not belong to uid 1000.
12-05 10:17:03.270 E/AppOps  ( 1829): Bad call made by uid 10269. Package "com.miui.weather2" does not belong to uid 1000.
12-05 10:17:03.273 E/AppOps  ( 1829): Bad call made by uid 10269. Package "com.miui.weather2" does not belong to uid 1000.
12-05 10:17:03.282 E/AppOps  ( 1829): Bad call made by uid 1002. Package "com.google.android.gms" does not belong to uid 1002.
12-05 10:17:35.200 E/ProcessManager( 1829): error write exception log
12-05 10:17:35.245 E/ProcessManager( 1829): error write exception log
12-05 10:17:48.878 E/ProcessManager( 1829): error write exception log
12-05 10:18:10.537 E/miui_face( 2974): start face unlock fail, mKeyguardShowing =true;isDeviceInteractive =false;isSwitchingUser =false;isKeyguardGoingAway =false
12-05 10:18:10.537 E/miui_face( 2974): start face unlock fail, mKeyguardShowing =true;isDeviceInteractive =false;isSwitchingUser =false;isKeyguardGoingAway =false
12-05 10:18:10.769 E/KernelCpuSpeedReader( 1829): Failed to read cpu-freq: /sys/devices/system/cpu/cpu4512000/cpufreq/stats/time_in_state: open failed: ENOENT (No such file or directory)
12-05 10:18:10.770 E/KernelCpuSpeedReader( 1829): Failed to read cpu-freq: /sys/devices/system/cpu/cpu2707200/cpufreq/stats/time_in_state: open failed: ENOENT (No such file or directory)
12-05 10:18:10.770 E/KernelCpuSpeedReader( 1829): Failed to read cpu-freq: /sys/devices/system/cpu/cpu1190400/cpufreq/stats/time_in_state: open failed: ENOENT (No such file or directory)
12-05 10:18:10.771 E/KernelCpuSpeedReader( 1829): Failed to read cpu-freq: /sys/devices/system/cpu/cpu0/cpufreq/stats/time_in_state: open failed: ENOENT (No such file or directory)
12-05 10:18:11.011 E/miui_face( 2974): start face unlock fail, mKeyguardShowing =true;isDeviceInteractive =false;isSwitchingUser =false;isKeyguardGoingAway =false
12-05 10:18:11.106 E/AppOps  ( 1829): Bad call made by uid 10269. Package "com.miui.weather2" does not belong to uid 1000.
12-05 10:18:11.107 E/AppOps  ( 1829): Bad call made by uid 10269. Package "com.miui.weather2" does not belong to uid 1000.
12-05 10:18:11.108 E/AppOps  ( 1829): Bad call made by uid 10269. Package "com.miui.weather2" does not belong to uid 1000.
12-05 10:18:11.109 E/AppOps  ( 1829): Bad call made by uid 10269. Package "com.miui.weather2" does not belong to uid 1000.
12-05 10:18:11.110 E/AppOps  ( 1829): Bad call made by uid 10269. Package "com.miui.weather2" does not belong to uid 1000.
12-05 10:18:11.136 E/miui_face( 2974): start face unlock fail, mKeyguardShowing =true;isDeviceInteractive =false;isSwitchingUser =false;isKeyguardGoingAway =false
12-05 10:18:26.601 E/ActivityManager( 1829): Cancel pending or running compactions as system is awake
12-05 10:18:26.648 E/KernelCpuSpeedReader( 1829): Failed to read cpu-freq: /sys/devices/system/cpu/cpu4512000/cpufreq/stats/time_in_state: open failed: ENOENT (No such file or directory)
12-05 10:18:26.648 E/KernelCpuSpeedReader( 1829): Failed to read cpu-freq: /sys/devices/system/cpu/cpu2707200/cpufreq/stats/time_in_state: open failed: ENOENT (No such file or directory)
12-05 10:18:26.648 E/KernelCpuSpeedReader( 1829): Failed to read cpu-freq: /sys/devices/system/cpu/cpu1190400/cpufreq/stats/time_in_state: open failed: ENOENT (No such file or directory)
12-05 10:18:26.648 E/KernelCpuSpeedReader( 1829): Failed to read cpu-freq: /sys/devices/system/cpu/cpu0/cpufreq/stats/time_in_state: open failed: ENOENT (No such file or directory)
12-05 10:18:26.659 E/AppOps  ( 1829): Bad call made by uid 10269. Package "com.miui.weather2" does not belong to uid 1000.
12-05 10:18:26.679 E/AppOps  ( 1829): Bad call made by uid 10269. Package "com.miui.weather2" does not belong to uid 1000.
12-05 10:18:26.681 E/AppOps  ( 1829): Bad call made by uid 10269. Package "com.miui.weather2" does not belong to uid 1000.
12-05 10:18:26.682 E/AppOps  ( 1829): Bad call made by uid 10269. Package "com.miui.weather2" does not belong to uid 1000.
12-05 10:18:26.684 E/AppOps  ( 1829): Bad call made by uid 10269. Package "com.miui.weather2" does not belong to uid 1000.
12-05 10:18:26.686 E/AppOps  ( 1829): Bad call made by uid 1002. Package "com.google.android.gms" does not belong to uid 1002.
12-05 10:18:26.756 E/WindowManager( 1829): setOnBackInvokedCallback(): No window state for package:com.android.systemui
12-05 10:18:34.967 E/MiuiActivityController( 1829): MiuiLog-ActivityObserver: There was something wrong : null
12-05 10:18:35.005 E/AppOps  ( 1829): Bad call made by uid 10269. Package "com.miui.weather2" does not belong to uid 1000.
12-05 10:18:35.007 E/AppOps  ( 1829): Bad call made by uid 10269. Package "com.miui.weather2" does not belong to uid 1000.
12-05 10:18:35.009 E/AppOps  ( 1829): Bad call made by uid 10269. Package "com.miui.weather2" does not belong to uid 1000.
12-05 10:18:35.010 E/AppOps  ( 1829): Bad call made by uid 10269. Package "com.miui.weather2" does not belong to uid 1000.
12-05 10:18:35.013 E/AppOps  ( 1829): Bad call made by uid 10269. Package "com.miui.weather2" does not belong to uid 1000.
12-05 10:18:35.851 E/AppOps  ( 1829): Bad call made by uid 10269. Package "com.miui.weather2" does not belong to uid 1000.
12-05 10:18:35.853 E/AppOps  ( 1829): Bad call made by uid 10269. Package "com.miui.weather2" does not belong to uid 1000.
12-05 10:18:35.859 E/AppOps  ( 1829): Bad call made by uid 10269. Package "com.miui.weather2" does not belong to uid 1000.
12-05 10:18:35.863 E/AppOps  ( 1829): Bad call made by uid 10269. Package "com.miui.weather2" does not belong to uid 1000.
12-05 10:18:35.865 E/AppOps  ( 1829): Bad call made by uid 10269. Package "com.miui.weather2" does not belong to uid 1000.
12-05 10:18:45.195 E/AppOps  ( 1829): Bad call made by uid 10269. Package "com.miui.weather2" does not belong to uid 1000.
12-05 10:18:45.197 E/AppOps  ( 1829): Bad call made by uid 10269. Package "com.miui.weather2" does not belong to uid 1000.
12-05 10:18:45.198 E/AppOps  ( 1829): Bad call made by uid 10269. Package "com.miui.weather2" does not belong to uid 1000.
12-05 10:18:45.200 E/AppOps  ( 1829): Bad call made by uid 10269. Package "com.miui.weather2" does not belong to uid 1000.
12-05 10:18:45.201 E/AppOps  ( 1829): Bad call made by uid 10269. Package "com.miui.weather2" does not belong to uid 1000.
12-05 10:18:45.205 E/AppOps  ( 1829): Bad call made by uid 10269. Package "com.miui.weather2" does not belong to uid 1000.
12-05 10:18:45.206 E/AppOps  ( 1829): Bad call made by uid 10269. Package "com.miui.weather2" does not belong to uid 1000.
12-05 10:18:45.208 E/AppOps  ( 1829): Bad call made by uid 10269. Package "com.miui.weather2" does not belong to uid 1000.
12-05 10:18:45.209 E/AppOps  ( 1829): Bad call made by uid 10269. Package "com.miui.weather2" does not belong to uid 1000.
12-05 10:18:45.210 E/AppOps  ( 1829): Bad call made by uid 10269. Package "com.miui.weather2" does not belong to uid 1000.
12-05 10:18:45.940 E/MiuiActivityController( 1829): MiuiLog-ActivityObserver: There was something wrong : null
12-05 10:18:45.984 E/MiuiActivityController( 1829): MiuiLog-ActivityObserver: There was something wrong : null
12-05 10:18:45.993 E/MiuiActivityController( 1829): MiuiLog-ActivityObserver: There was something wrong : null
12-05 10:18:46.082 E/MiuiActivityController( 1829): MiuiLog-ActivityObserver: There was something wrong : null
12-05 10:18:46.084 E/MiuiActivityController( 1829): MiuiLog-ActivityObserver: There was something wrong : null
12-05 10:18:46.084 E/MiuiActivityController( 1829): MiuiLog-ActivityObserver: There was something wrong : null
12-05 10:18:53.036 E/KernelCpuSpeedReader( 1829): Failed to read cpu-freq: /sys/devices/system/cpu/cpu4512000/cpufreq/stats/time_in_state: open failed: ENOENT (No such file or directory)
12-05 10:18:53.037 E/KernelCpuSpeedReader( 1829): Failed to read cpu-freq: /sys/devices/system/cpu/cpu2707200/cpufreq/stats/time_in_state: open failed: ENOENT (No such file or directory)
12-05 10:18:53.037 E/KernelCpuSpeedReader( 1829): Failed to read cpu-freq: /sys/devices/system/cpu/cpu1190400/cpufreq/stats/time_in_state: open failed: ENOENT (No such file or directory)
12-05 10:18:53.038 E/KernelCpuSpeedReader( 1829): Failed to read cpu-freq: /sys/devices/system/cpu/cpu0/cpufreq/stats/time_in_state: open failed: ENOENT (No such file or directory)
12-05 10:18:53.083 E/MiuiActivityController( 1829): MiuiLog-ActivityObserver: There was something wrong : null
12-05 10:18:53.310 E/AppOps  ( 1829): Bad call made by uid 1002. Package "com.google.android.gms" does not belong to uid 1002.
12-05 10:18:53.336 E/keystore2(  606): keystore2::error: In create_operation.
12-05 10:18:53.336 E/keystore2(  606): 
12-05 10:18:53.336 E/keystore2(  606): Caused by:
12-05 10:18:53.336 E/keystore2(  606):     0: In authorize_create: matching auth token is expired.
12-05 10:18:53.336 E/keystore2(  606):     1: Error::Km(ErrorCode(-26))
12-05 10:18:54.079 E/ProcessManager( 1829): error write exception log
12-05 10:18:54.104 E/ProcessManager( 1829): error write exception log
12-05 10:18:57.753 E/MiuiActivityController( 1829): MiuiLog-ActivityObserver: There was something wrong : null
12-05 10:18:58.660 E/MiuiActivityController( 1829): MiuiLog-ActivityObserver: There was something wrong : null
12-05 10:18:58.670 E/MiuiActivityController( 1829): MiuiLog-ActivityObserver: There was something wrong : null
12-05 10:19:11.894 E/ProcessManager( 1829): error write exception log
12-05 10:19:11.931 E/ProcessManager( 1829): error write exception log
12-05 10:19:30.170 E/MiuiActivityController( 1829): MiuiLog-ActivityObserver: There was something wrong : null
12-05 10:19:31.072 E/MiuiActivityController( 1829): MiuiLog-ActivityObserver: There was something wrong : null
12-05 10:19:31.097 E/MiuiActivityController( 1829): MiuiLog-ActivityObserver: There was something wrong : null
12-05 10:19:33.013 E/MiuiActivityController( 1829): MiuiLog-ActivityObserver: There was something wrong : null
12-05 10:19:33.487 E/MiuiActivityController( 1829): MiuiLog-ActivityObserver: There was something wrong : null
12-05 10:19:33.854 E/MiuiActivityController( 1829): MiuiLog-ActivityObserver: There was something wrong : null
12-05 10:19:41.136 E/ProcessManager( 1829): error write exception log
12-05 10:19:45.835 E/ProcessManager( 1829): error write exception log
12-05 10:20:02.008 E/MiuiActivityController( 1829): MiuiLog-ActivityObserver: There was something wrong : null
12-05 10:20:02.152 E/MiuiActivityController( 1829): MiuiLog-ActivityObserver: There was something wrong : null
12-05 10:20:02.615 E/MiuiActivityController( 1829): MiuiLog-ActivityObserver: There was something wrong : null
12-05 10:20:03.994 E/MiuiInputKeyEventLog( 1829): before go to home
12-05 10:20:04.141 E/MiuiActivityController( 1829): MiuiLog-ActivityObserver: There was something wrong : null
12-05 10:20:04.734 E/MiuiActivityController( 1829): MiuiLog-ActivityObserver: There was something wrong : null
12-05 10:20:05.188 E/miui_face( 2974): start face unlock fail, mKeyguardShowing =false;isDeviceInteractive =false;isSwitchingUser =false;isKeyguardGoingAway =false
12-05 10:20:05.344 E/KernelCpuSpeedReader( 1829): Failed to read cpu-freq: /sys/devices/system/cpu/cpu4512000/cpufreq/stats/time_in_state: open failed: ENOENT (No such file or directory)
12-05 10:20:05.345 E/KernelCpuSpeedReader( 1829): Failed to read cpu-freq: /sys/devices/system/cpu/cpu2707200/cpufreq/stats/time_in_state: open failed: ENOENT (No such file or directory)
12-05 10:20:05.345 E/KernelCpuSpeedReader( 1829): Failed to read cpu-freq: /sys/devices/system/cpu/cpu1190400/cpufreq/stats/time_in_state: open failed: ENOENT (No such file or directory)
12-05 10:20:05.345 E/KernelCpuSpeedReader( 1829): Failed to read cpu-freq: /sys/devices/system/cpu/cpu0/cpufreq/stats/time_in_state: open failed: ENOENT (No such file or directory)
12-05 10:20:05.357 E/AppOps  ( 1829): attributionTag  not declared in manifest of android
12-05 10:20:05.358 E/AppOps  ( 1829): attributionTag  not declared in manifest of android
12-05 10:20:05.363 E/MiuiActivityController( 1829): MiuiLog-ActivityObserver: There was something wrong : null
12-05 10:20:05.417 E/MiuiActivityController( 1829): MiuiLog-ActivityObserver: There was something wrong : null
12-05 10:20:05.722 E/miui_face( 2974): start face unlock fail, mKeyguardShowing =true;isDeviceInteractive =false;isSwitchingUser =false;isKeyguardGoingAway =false
12-05 10:20:05.723 E/miui_face( 2974): start face unlock fail, mKeyguardShowing =true;isDeviceInteractive =false;isSwitchingUser =false;isKeyguardGoingAway =false
12-05 10:20:05.732 E/miui_face( 2974): start face unlock fail, mKeyguardShowing =true;isDeviceInteractive =false;isSwitchingUser =false;isKeyguardGoingAway =false
12-05 10:20:05.841 E/AppOps  ( 1829): Bad call made by uid 10269. Package "com.miui.weather2" does not belong to uid 1000.
12-05 10:20:05.842 E/AppOps  ( 1829): Bad call made by uid 10269. Package "com.miui.weather2" does not belong to uid 1000.
12-05 10:20:05.843 E/AppOps  ( 1829): Bad call made by uid 10269. Package "com.miui.weather2" does not belong to uid 1000.
12-05 10:20:05.844 E/AppOps  ( 1829): Bad call made by uid 10269. Package "com.miui.weather2" does not belong to uid 1000.
12-05 10:20:05.845 E/AppOps  ( 1829): Bad call made by uid 10269. Package "com.miui.weather2" does not belong to uid 1000.
12-05 10:20:05.871 E/miui_face( 2974): start face unlock fail, mKeyguardShowing =true;isDeviceInteractive =false;isSwitchingUser =false;isKeyguardGoingAway =false
12-05 10:20:37.113 E/AppOps  ( 1829): attributionTag  not declared in manifest of android
12-05 10:20:46.084 E/ProcessManager( 1829): error write exception log
12-05 10:21:26.226 E/VerityUtils( 1829): Failed to measure fs-verity, errno 1: /data/app/~~Oi6mtRxMjgXkYA_Y5s3szQ==/com.google.android.youtube-g-gVFp8DkkmUMVVyY9z08w==/base.apk
12-05 10:21:26.412 E/KernelCpuSpeedReader( 1829): Failed to read cpu-freq: /sys/devices/system/cpu/cpu4512000/cpufreq/stats/time_in_state: open failed: ENOENT (No such file or directory)
12-05 10:21:26.412 E/KernelCpuSpeedReader( 1829): Failed to read cpu-freq: /sys/devices/system/cpu/cpu2707200/cpufreq/stats/time_in_state: open failed: ENOENT (No such file or directory)
12-05 10:21:26.412 E/KernelCpuSpeedReader( 1829): Failed to read cpu-freq: /sys/devices/system/cpu/cpu1190400/cpufreq/stats/time_in_state: open failed: ENOENT (No such file or directory)
12-05 10:21:26.412 E/KernelCpuSpeedReader( 1829): Failed to read cpu-freq: /sys/devices/system/cpu/cpu0/cpufreq/stats/time_in_state: open failed: ENOENT (No such file or directory)
12-05 10:21:27.551 E/ProcessManager( 1829): error write exception log
12-05 10:21:30.907 E/ProcessManager( 1829): error write exception log
12-05 10:21:30.987 E/ProcessManager( 1829): error write exception log
12-05 10:21:32.272 E/ProcessManager( 1829): error write exception log
12-05 10:21:32.361 E/ProcessManager( 1829): error write exception log
12-05 10:21:32.883 E/ProcessManager( 1829): error write exception log
12-05 10:21:32.928 E/ProcessManager( 1829): error write exception log
12-05 10:21:34.756 E/ProcessManager( 1829): error write exception log
12-05 10:21:35.400 E/ForceDarkHelperStubImpl( 6144): getForceDarkOriginState transact failed , mService: null
12-05 10:21:36.168 E/KernelRpmStatsReader( 7016): Failure in reading rpm stats
12-05 10:21:36.168 E/KernelRpmStatsReader( 7016): java.io.FileNotFoundException: /sys/power/system_sleep/stats: open failed: EACCES (Permission denied)
12-05 10:21:36.168 E/KernelRpmStatsReader( 7016): 	at libcore.io.IoBridge.open(IoBridge.java:574)
12-05 10:21:36.168 E/KernelRpmStatsReader( 7016): 	at java.io.FileInputStream.<init>(FileInputStream.java:179)
12-05 10:21:36.168 E/KernelRpmStatsReader( 7016): 	at java.io.FileInputStream.<init>(FileInputStream.java:133)
12-05 10:21:36.168 E/KernelRpmStatsReader( 7016): 	at com.miui.powerkeeper.utils.KernelRpmStatsReader.readRpmStatsType1(Unknown Source:19)
12-05 10:21:36.168 E/KernelRpmStatsReader( 7016): 	at com.miui.powerkeeper.utils.KernelRpmStatsReader.readRpmStats(Unknown Source:63)
12-05 10:21:36.168 E/KernelRpmStatsReader( 7016): 	at com.miui.powerkeeper.powerchecker.PowerCheckerService.requestKernelRpmStatsUpdate(Unknown Source:4)
12-05 10:21:36.168 E/KernelRpmStatsReader( 7016): 	at com.miui.powerkeeper.powerchecker.PowerCheckerService.addBatteryHistoryRecord(Unknown Source:32)
12-05 10:21:36.168 E/KernelRpmStatsReader( 7016): 	at com.miui.powerkeeper.powerchecker.PowerCheckerService.updateBatteryLevelChanged(Unknown Source:8)
12-05 10:21:36.168 E/KernelRpmStatsReader( 7016): 	at com.miui.powerkeeper.powerchecker.PowerCheckerService.access$2700(Unknown Source:0)
12-05 10:21:36.168 E/KernelRpmStatsReader( 7016): 	at com.miui.powerkeeper.powerchecker.PowerCheckerService$PowerCheckHandler.handleMessage(Unknown Source:124)
12-05 10:21:36.168 E/KernelRpmStatsReader( 7016): 	at android.os.Handler.dispatchMessage(Handler.java:106)
12-05 10:21:36.168 E/KernelRpmStatsReader( 7016): 	at android.os.Looper.loopOnce(Looper.java:211)
12-05 10:21:36.168 E/KernelRpmStatsReader( 7016): 	at android.os.Looper.loop(Looper.java:300)
12-05 10:21:36.168 E/KernelRpmStatsReader( 7016): 	at android.os.HandlerThread.run(HandlerThread.java:67)
12-05 10:21:36.168 E/KernelRpmStatsReader( 7016): Caused by: android.system.ErrnoException: open failed: EACCES (Permission denied)
12-05 10:21:36.168 E/KernelRpmStatsReader( 7016): 	at libcore.io.Linux.open(Native Method)
12-05 10:21:36.168 E/KernelRpmStatsReader( 7016): 	at libcore.io.ForwardingOs.open(ForwardingOs.java:568)
12-05 10:21:36.168 E/KernelRpmStatsReader( 7016): 	at libcore.io.BlockGuardOs.open(BlockGuardOs.java:274)
12-05 10:21:36.168 E/KernelRpmStatsReader( 7016): 	at libcore.io.ForwardingOs.open(ForwardingOs.java:568)
12-05 10:21:36.168 E/KernelRpmStatsReader( 7016): 	at android.app.ActivityThread$AndroidOs.open(ActivityThread.java:8381)
12-05 10:21:36.168 E/KernelRpmStatsReader( 7016): 	at libcore.io.IoBridge.open(IoBridge.java:560)
12-05 10:21:36.168 E/KernelRpmStatsReader( 7016): 	... 13 more
12-05 10:21:36.348 E/ForceDarkHelperStubImpl( 6186): getForceDarkOriginState transact failed , mService: null
12-05 10:21:36.667 E/ProcessManager( 1829): error write exception log
12-05 10:21:36.679 E/ProcessManager( 1829): error write exception log
12-05 10:21:36.695 E/ProcessManager( 1829): error write exception log
12-05 10:21:37.377 E/ProcessManager( 1829): error write exception log
12-05 10:21:37.446 E/ProcessManager( 1829): error write exception log
12-05 10:21:37.498 E/ProcessManager( 1829): error write exception log
12-05 10:21:37.509 E/KernelCpuSpeedReader( 1829): Failed to read cpu-freq: /sys/devices/system/cpu/cpu4512000/cpufreq/stats/time_in_state: open failed: ENOENT (No such file or directory)
12-05 10:21:37.510 E/KernelCpuSpeedReader( 1829): Failed to read cpu-freq: /sys/devices/system/cpu/cpu2707200/cpufreq/stats/time_in_state: open failed: ENOENT (No such file or directory)
12-05 10:21:37.510 E/KernelCpuSpeedReader( 1829): Failed to read cpu-freq: /sys/devices/system/cpu/cpu1190400/cpufreq/stats/time_in_state: open failed: ENOENT (No such file or directory)
12-05 10:21:37.510 E/KernelCpuSpeedReader( 1829): Failed to read cpu-freq: /sys/devices/system/cpu/cpu0/cpufreq/stats/time_in_state: open failed: ENOENT (No such file or directory)
12-05 10:21:37.518 E/KernelCpuSpeedReader( 1829): Failed to read cpu-freq: /sys/devices/system/cpu/cpu4512000/cpufreq/stats/time_in_state: open failed: ENOENT (No such file or directory)
12-05 10:21:37.518 E/KernelCpuSpeedReader( 1829): Failed to read cpu-freq: /sys/devices/system/cpu/cpu2707200/cpufreq/stats/time_in_state: open failed: ENOENT (No such file or directory)
12-05 10:21:37.518 E/KernelCpuSpeedReader( 1829): Failed to read cpu-freq: /sys/devices/system/cpu/cpu1190400/cpufreq/stats/time_in_state: open failed: ENOENT (No such file or directory)
12-05 10:21:37.519 E/KernelCpuSpeedReader( 1829): Failed to read cpu-freq: /sys/devices/system/cpu/cpu0/cpufreq/stats/time_in_state: open failed: ENOENT (No such file or directory)
12-05 10:21:56.519 E/KernelCpuSpeedReader( 1829): Failed to read cpu-freq: /sys/devices/system/cpu/cpu4512000/cpufreq/stats/time_in_state: open failed: ENOENT (No such file or directory)
12-05 10:21:56.519 E/KernelCpuSpeedReader( 1829): Failed to read cpu-freq: /sys/devices/system/cpu/cpu2707200/cpufreq/stats/time_in_state: open failed: ENOENT (No such file or directory)
12-05 10:21:56.519 E/KernelCpuSpeedReader( 1829): Failed to read cpu-freq: /sys/devices/system/cpu/cpu1190400/cpufreq/stats/time_in_state: open failed: ENOENT (No such file or directory)
12-05 10:21:56.520 E/KernelCpuSpeedReader( 1829): Failed to read cpu-freq: /sys/devices/system/cpu/cpu0/cpufreq/stats/time_in_state: open failed: ENOENT (No such file or directory)
12-05 10:21:58.558 E/ActivityManager( 1829): Cancel pending or running compactions as system is awake
12-05 10:21:58.588 E/KernelCpuSpeedReader( 1829): Failed to read cpu-freq: /sys/devices/system/cpu/cpu4512000/cpufreq/stats/time_in_state: open failed: ENOENT (No such file or directory)
12-05 10:21:58.588 E/KernelCpuSpeedReader( 1829): Failed to read cpu-freq: /sys/devices/system/cpu/cpu2707200/cpufreq/stats/time_in_state: open failed: ENOENT (No such file or directory)
12-05 10:21:58.588 E/KernelCpuSpeedReader( 1829): Failed to read cpu-freq: /sys/devices/system/cpu/cpu1190400/cpufreq/stats/time_in_state: open failed: ENOENT (No such file or directory)
12-05 10:21:58.588 E/KernelCpuSpeedReader( 1829): Failed to read cpu-freq: /sys/devices/system/cpu/cpu0/cpufreq/stats/time_in_state: open failed: ENOENT (No such file or directory)
12-05 10:21:58.628 E/AppOps  ( 1829): Bad call made by uid 1002. Package "com.google.android.gms" does not belong to uid 1002.
12-05 10:21:58.651 E/AppOps  ( 1829): Bad call made by uid 10269. Package "com.miui.weather2" does not belong to uid 1000.
12-05 10:21:58.658 E/AppOps  ( 1829): Bad call made by uid 10269. Package "com.miui.weather2" does not belong to uid 1000.
12-05 10:21:58.661 E/AppOps  ( 1829): Bad call made by uid 10269. Package "com.miui.weather2" does not belong to uid 1000.
12-05 10:21:58.664 E/AppOps  ( 1829): Bad call made by uid 10269. Package "com.miui.weather2" does not belong to uid 1000.
12-05 10:21:58.667 E/AppOps  ( 1829): Bad call made by uid 10269. Package "com.miui.weather2" does not belong to uid 1000.
12-05 10:22:00.270 E/AppOps  ( 1829): Bad call made by uid 10205. Package "com.google.android.gms" does not belong to uid 10491.
12-05 10:22:01.381 E/MiuiActivityController( 1829): MiuiLog-ActivityObserver: There was something wrong : null
12-05 10:22:01.760 E/ForceDarkHelperStubImpl( 6570): getForceDarkOriginState transact failed , mService: null
12-05 10:22:02.281 E/MiuiActivityController( 1829): MiuiLog-ActivityObserver: There was something wrong : null
12-05 10:22:02.553 E/AppOps  ( 1829): Bad call made by uid 1002. Package "com.google.android.gms" does not belong to uid 1002.
12-05 10:22:02.669 E/MiuiActivityController( 1829): MiuiLog-ActivityObserver: There was something wrong : null
12-05 10:22:02.674 E/MiuiActivityController( 1829): MiuiLog-ActivityObserver: There was something wrong : null
12-05 10:22:02.761 E/keystore2(  606): keystore2::error: In create_operation.
12-05 10:22:02.761 E/keystore2(  606): 
12-05 10:22:02.761 E/keystore2(  606): Caused by:
12-05 10:22:02.761 E/keystore2(  606):     0: In authorize_create: matching auth token is expired.
12-05 10:22:02.761 E/keystore2(  606):     1: Error::Km(ErrorCode(-26))
12-05 10:22:10.300 E/AppOps  ( 1829): Bad call made by uid 10205. Package "com.google.android.gms" does not belong to uid 10491.
12-05 10:22:19.213 E/MiuiActivityController( 1829): MiuiLog-ActivityObserver: There was something wrong : null
12-05 10:22:19.314 E/MiuiActivityController( 1829): MiuiLog-ActivityObserver: There was something wrong : null
12-05 10:22:19.844 E/MiuiActivityController( 1829): MiuiLog-ActivityObserver: There was something wrong : null
12-05 10:22:20.465 E/MiuiActivityController( 1829): MiuiLog-ActivityObserver: There was something wrong : null
12-05 10:22:20.804 E/MiuiActivityController( 1829): MiuiLog-ActivityObserver: There was something wrong : null
12-05 10:22:21.280 E/MiuiActivityController( 1829): MiuiLog-ActivityObserver: There was something wrong : null
12-05 10:22:22.455 E/MiuiActivityController( 1829): MiuiLog-ActivityObserver: There was something wrong : null
12-05 10:22:22.551 E/MiuiActivityController( 1829): MiuiLog-ActivityObserver: There was something wrong : null
12-05 10:22:23.125 E/MiuiActivityController( 1829): MiuiLog-ActivityObserver: There was something wrong : null
12-05 10:22:24.342 E/MiuiActivityController( 1829): MiuiLog-ActivityObserver: There was something wrong : null
12-05 10:22:25.352 E/MiuiActivityController( 1829): MiuiLog-ActivityObserver: There was something wrong : null
12-05 10:22:25.379 E/MiuiActivityController( 1829): MiuiLog-ActivityObserver: There was something wrong : null
12-05 10:22:28.389 E/ProcessManager( 1829): error write exception log
12-05 10:22:28.463 E/ProcessManager( 1829): error write exception log
12-05 10:22:34.418 E/ProcessManager( 1829): error write exception log
12-05 10:22:40.937 E/ProcessManager( 1829): error write exception log
12-05 10:22:43.330 E/ForceDarkHelperStubImpl( 7094): getForceDarkOriginState transact failed , mService: null
12-05 10:22:58.625 E/WindowManager( 1829): setOnBackInvokedCallback(): No window state for package:com.instagram.android
12-05 10:22:59.154 E/ProcessManager( 1829): error write exception log
12-05 10:22:59.227 E/ProcessManager( 1829): error write exception log
12-05 10:23:04.062 E/AppStandbyController( 1829): Tried to force an app to be idle when its min bucket is WORKING_SET
12-05 10:23:54.442 E/ProcessManager( 1829): error write exception log
12-05 10:23:54.460 E/ProcessManager( 1829): error write exception log
12-05 10:23:54.548 E/ProcessManager( 1829): error write exception log
12-05 10:23:55.320 E/ProcessManager( 1829): error write exception log
12-05 10:24:25.982 E/ProcessManager( 1829): error write exception log
12-05 10:25:22.514 E/AppStandbyController( 1829): Tried to force an app to be idle when its min bucket is FREQUENT
12-05 10:26:07.925 E/NetlinkEvent(  776): NetlinkEvent::FindParam(): Parameter 'INTERFACE' not found
12-05 10:26:07.926 E/NetlinkEvent(  776): NetlinkEvent::FindParam(): Parameter 'STATE' not found
12-05 10:26:07.926 E/NetlinkEvent(  776): NetlinkEvent::FindParam(): Parameter 'TIME_NS' not found
12-05 10:26:07.926 E/NetlinkEvent(  776): NetlinkEvent::FindParam(): Parameter 'UID' not found
12-05 10:26:09.124 E/ProcessManager( 1829): error write exception log
12-05 10:26:11.706 E/ShortcutService( 1829): Invalid icon type in shortcut 136150547210488@lid. Bitmaps are not allowed in long-lived shortcuts. Use Resource icons, or Uri-based icons instead.
12-05 10:26:12.628 E/NetlinkEvent(  776): NetlinkEvent::FindParam(): Parameter 'INTERFACE' not found
12-05 10:26:12.628 E/NetlinkEvent(  776): NetlinkEvent::FindParam(): Parameter 'STATE' not found
12-05 10:26:12.628 E/NetlinkEvent(  776): NetlinkEvent::FindParam(): Parameter 'TIME_NS' not found
12-05 10:26:12.628 E/NetlinkEvent(  776): NetlinkEvent::FindParam(): Parameter 'UID' not found
12-05 10:26:15.816 E/ProcessManager( 1829): error write exception log
12-05 10:26:26.167 E/KernelCpuSpeedReader( 1829): Failed to read cpu-freq: /sys/devices/system/cpu/cpu4512000/cpufreq/stats/time_in_state: open failed: ENOENT (No such file or directory)
12-05 10:26:26.168 E/KernelCpuSpeedReader( 1829): Failed to read cpu-freq: /sys/devices/system/cpu/cpu2707200/cpufreq/stats/time_in_state: open failed: ENOENT (No such file or directory)
12-05 10:26:26.169 E/KernelCpuSpeedReader( 1829): Failed to read cpu-freq: /sys/devices/system/cpu/cpu1190400/cpufreq/stats/time_in_state: open failed: ENOENT (No such file or directory)
12-05 10:26:26.169 E/KernelCpuSpeedReader( 1829): Failed to read cpu-freq: /sys/devices/system/cpu/cpu0/cpufreq/stats/time_in_state: open failed: ENOENT (No such file or directory)
12-05 10:26:44.386 E/ProcessManager( 1829): error write exception log
12-05 10:26:44.428 E/ProcessManager( 1829): error write exception log
12-05 10:26:52.811 E/ProcessManager( 1829): error write exception log
12-05 10:29:14.660 E/ActivityThread( 8440): Failed to find provider info for com.facebook.appmanager.nekodirect
12-05 10:29:15.551 E/ProcessManager( 1829): error write exception log
12-05 10:29:15.807 E/ProcessManager( 1829): error write exception log
12-05 10:29:21.061 E/VibratorManagerService( 1829): Vibrate ignored, not vibrating for ringtones or notify for MIUI
12-05 10:29:31.809 E/ProcessManager( 1829): error write exception log
12-05 10:29:31.916 E/MiuiActivityController( 1829): MiuiLog-ActivityObserver: There was something wrong : null
12-05 10:29:31.932 E/KernelCpuSpeedReader( 1829): Failed to read cpu-freq: /sys/devices/system/cpu/cpu4512000/cpufreq/stats/time_in_state: open failed: ENOENT (No such file or directory)
12-05 10:29:31.932 E/KernelCpuSpeedReader( 1829): Failed to read cpu-freq: /sys/devices/system/cpu/cpu2707200/cpufreq/stats/time_in_state: open failed: ENOENT (No such file or directory)
12-05 10:29:31.933 E/KernelCpuSpeedReader( 1829): Failed to read cpu-freq: /sys/devices/system/cpu/cpu1190400/cpufreq/stats/time_in_state: open failed: ENOENT (No such file or directory)
12-05 10:29:31.934 E/KernelCpuSpeedReader( 1829): Failed to read cpu-freq: /sys/devices/system/cpu/cpu0/cpufreq/stats/time_in_state: open failed: ENOENT (No such file or directory)
12-05 10:29:32.810 E/MiuiActivityController( 1829): MiuiLog-ActivityObserver: There was something wrong : null
12-05 10:29:32.826 E/MiuiActivityController( 1829): MiuiLog-ActivityObserver: There was something wrong : null
12-05 10:29:37.783 E/ProcessManager( 1829): error write exception log
12-05 10:29:49.003 E/ProcessManager( 1829): error write exception log
12-05 10:30:06.337 E/AlarmManager( 1829): Attempt to decrement existing alarm count 0 by 1 for uid 1000
12-05 10:30:10.570 E/ProcessManager( 1829): error write exception log
12-05 10:30:10.606 E/ProcessManager( 1829): error write exception log
12-05 10:30:17.954 E/MiuiActivityController( 1829): MiuiLog-ActivityObserver: There was something wrong : null
12-05 10:30:18.159 E/MiuiActivityController( 1829): MiuiLog-ActivityObserver: There was something wrong : null
12-05 10:30:18.597 E/MiuiActivityController( 1829): MiuiLog-ActivityObserver: There was something wrong : null
12-05 10:30:20.075 E/MiuiActivityController( 1829): MiuiLog-ActivityObserver: There was something wrong : null
12-05 10:30:20.227 E/AppOps  ( 1829): attributionTag  not declared in manifest of android
12-05 10:30:20.228 E/AppOps  ( 1829): attributionTag  not declared in manifest of android
12-05 10:30:20.318 E/MiuiActivityController( 1829): MiuiLog-ActivityObserver: There was something wrong : null
12-05 10:30:21.062 E/MiuiActivityController( 1829): MiuiLog-ActivityObserver: There was something wrong : null
12-05 10:30:48.485 E/ProcessManager( 1829): error write exception log
12-05 10:30:48.552 E/ProcessManager( 1829): error write exception log
12-05 10:30:48.559 E/ProcessManager( 1829): error write exception log
12-05 10:30:58.815 E/AlarmManager( 1829): Attempt to decrement existing alarm count 0 by 1 for uid 1000
12-05 10:31:21.655 E/ProcessManager( 1829): error write exception log
12-05 10:31:21.664 E/ProcessManager( 1829): error write exception log
12-05 10:33:20.238 E/AppStandbyController( 1829): Tried to force an app to be idle when its min bucket is WORKING_SET
12-05 10:33:41.384 E/ProcessManager( 1829): error write exception log
12-05 10:34:25.037 E/ProcessManager( 1829): error write exception log
12-05 10:35:21.517 E/AlarmManager( 1829): Attempt to decrement existing alarm count 0 by 1 for uid 1000
12-05 10:35:22.542 E/keystore2(  606): keystore2::error: In create_operation.
12-05 10:35:22.542 E/keystore2(  606): 
12-05 10:35:22.542 E/keystore2(  606): Caused by:
12-05 10:35:22.542 E/keystore2(  606):     0: In authorize_create: matching auth token is expired.
12-05 10:35:22.542 E/keystore2(  606):     1: Error::Km(ErrorCode(-26))
12-05 10:35:23.303 E/keystore2(  606): keystore2::error: In create_operation.
12-05 10:35:23.303 E/keystore2(  606): 
12-05 10:35:23.303 E/keystore2(  606): Caused by:
12-05 10:35:23.303 E/keystore2(  606):     0: In authorize_create: matching auth token is expired.
12-05 10:35:23.303 E/keystore2(  606):     1: Error::Km(ErrorCode(-26))
12-05 10:35:24.079 E/keystore2(  606): keystore2::error: In create_operation.
12-05 10:35:24.079 E/keystore2(  606): 
12-05 10:35:24.079 E/keystore2(  606): Caused by:
12-05 10:35:24.079 E/keystore2(  606):     0: In authorize_create: matching auth token is expired.
12-05 10:35:24.079 E/keystore2(  606):     1: Error::Km(ErrorCode(-26))
12-05 10:36:17.768 E/ProcessManager( 1829): error write exception log
12-05 10:36:23.968 E/ProcessManager( 1829): error write exception log
12-05 10:36:24.085 E/ProcessManager( 1829): error write exception log
12-05 10:36:25.817 E/ProcessManager( 1829): error write exception log
12-05 10:37:47.897 E/AlarmManager( 1829): Attempt to decrement existing alarm count 0 by 1 for uid 1000
12-05 10:37:48.170 E/KernelCpuSpeedReader( 1829): Failed to read cpu-freq: /sys/devices/system/cpu/cpu4512000/cpufreq/stats/time_in_state: open failed: ENOENT (No such file or directory)
12-05 10:37:48.171 E/KernelCpuSpeedReader( 1829): Failed to read cpu-freq: /sys/devices/system/cpu/cpu2707200/cpufreq/stats/time_in_state: open failed: ENOENT (No such file or directory)
12-05 10:37:48.172 E/KernelCpuSpeedReader( 1829): Failed to read cpu-freq: /sys/devices/system/cpu/cpu1190400/cpufreq/stats/time_in_state: open failed: ENOENT (No such file or directory)
12-05 10:37:48.173 E/KernelCpuSpeedReader( 1829): Failed to read cpu-freq: /sys/devices/system/cpu/cpu0/cpufreq/stats/time_in_state: open failed: ENOENT (No such file or directory)
12-05 10:42:23.840 E/ProcessManager( 1829): error write exception log
12-05 10:42:24.525 E/ProcessManager( 1829): error write exception log
12-05 10:42:33.146 E/AppOps  ( 1829): attributionTag  not declared in manifest of android
12-05 10:42:33.148 E/AppOps  ( 1829): attributionTag  not declared in manifest of android
12-05 10:43:06.832 E/KernelCpuSpeedReader( 1829): Failed to read cpu-freq: /sys/devices/system/cpu/cpu4512000/cpufreq/stats/time_in_state: open failed: ENOENT (No such file or directory)
12-05 10:43:06.832 E/KernelCpuSpeedReader( 1829): Failed to read cpu-freq: /sys/devices/system/cpu/cpu2707200/cpufreq/stats/time_in_state: open failed: ENOENT (No such file or directory)
12-05 10:43:06.832 E/KernelCpuSpeedReader( 1829): Failed to read cpu-freq: /sys/devices/system/cpu/cpu1190400/cpufreq/stats/time_in_state: open failed: ENOENT (No such file or directory)
12-05 10:43:06.832 E/KernelCpuSpeedReader( 1829): Failed to read cpu-freq: /sys/devices/system/cpu/cpu0/cpufreq/stats/time_in_state: open failed: ENOENT (No such file or directory)
12-05 10:44:59.169 E/KernelCpuSpeedReader( 1829): Failed to read cpu-freq: /sys/devices/system/cpu/cpu4512000/cpufreq/stats/time_in_state: open failed: ENOENT (No such file or directory)
12-05 10:44:59.169 E/KernelCpuSpeedReader( 1829): Failed to read cpu-freq: /sys/devices/system/cpu/cpu2707200/cpufreq/stats/time_in_state: open failed: ENOENT (No such file or directory)
12-05 10:44:59.170 E/KernelCpuSpeedReader( 1829): Failed to read cpu-freq: /sys/devices/system/cpu/cpu1190400/cpufreq/stats/time_in_state: open failed: ENOENT (No such file or directory)
12-05 10:44:59.170 E/KernelCpuSpeedReader( 1829): Failed to read cpu-freq: /sys/devices/system/cpu/cpu0/cpufreq/stats/time_in_state: open failed: ENOENT (No such file or directory)
12-05 10:44:59.741 E/ProcessManager( 1829): error write exception log
12-05 10:45:09.236 E/KernelRpmStatsReader( 7016): Failure in reading rpm stats
12-05 10:45:09.236 E/KernelRpmStatsReader( 7016): java.io.FileNotFoundException: /sys/power/system_sleep/stats: open failed: EACCES (Permission denied)
12-05 10:45:09.236 E/KernelRpmStatsReader( 7016): 	at libcore.io.IoBridge.open(IoBridge.java:574)
12-05 10:45:09.236 E/KernelRpmStatsReader( 7016): 	at java.io.FileInputStream.<init>(FileInputStream.java:179)
12-05 10:45:09.236 E/KernelRpmStatsReader( 7016): 	at java.io.FileInputStream.<init>(FileInputStream.java:133)
12-05 10:45:09.236 E/KernelRpmStatsReader( 7016): 	at com.miui.powerkeeper.utils.KernelRpmStatsReader.readRpmStatsType1(Unknown Source:19)
12-05 10:45:09.236 E/KernelRpmStatsReader( 7016): 	at com.miui.powerkeeper.utils.KernelRpmStatsReader.readRpmStats(Unknown Source:63)
12-05 10:45:09.236 E/KernelRpmStatsReader( 7016): 	at com.miui.powerkeeper.powerchecker.PowerCheckerService.requestKernelRpmStatsUpdate(Unknown Source:4)
12-05 10:45:09.236 E/KernelRpmStatsReader( 7016): 	at com.miui.powerkeeper.powerchecker.PowerCheckerService.addBatteryHistoryRecord(Unknown Source:32)
12-05 10:45:09.236 E/KernelRpmStatsReader( 7016): 	at com.miui.powerkeeper.powerchecker.PowerCheckerService.updateBatteryLevelChanged(Unknown Source:8)
12-05 10:45:09.236 E/KernelRpmStatsReader( 7016): 	at com.miui.powerkeeper.powerchecker.PowerCheckerService.access$2700(Unknown Source:0)
12-05 10:45:09.236 E/KernelRpmStatsReader( 7016): 	at com.miui.powerkeeper.powerchecker.PowerCheckerService$PowerCheckHandler.handleMessage(Unknown Source:124)
12-05 10:45:09.236 E/KernelRpmStatsReader( 7016): 	at android.os.Handler.dispatchMessage(Handler.java:106)
12-05 10:45:09.236 E/KernelRpmStatsReader( 7016): 	at android.os.Looper.loopOnce(Looper.java:211)
12-05 10:45:09.236 E/KernelRpmStatsReader( 7016): 	at android.os.Looper.loop(Looper.java:300)
12-05 10:45:09.236 E/KernelRpmStatsReader( 7016): 	at android.os.HandlerThread.run(HandlerThread.java:67)
12-05 10:45:09.236 E/KernelRpmStatsReader( 7016): Caused by: android.system.ErrnoException: open failed: EACCES (Permission denied)
12-05 10:45:09.236 E/KernelRpmStatsReader( 7016): 	at libcore.io.Linux.open(Native Method)
12-05 10:45:09.236 E/KernelRpmStatsReader( 7016): 	at libcore.io.ForwardingOs.open(ForwardingOs.java:568)
12-05 10:45:09.236 E/KernelRpmStatsReader( 7016): 	at libcore.io.BlockGuardOs.open(BlockGuardOs.java:274)
12-05 10:45:09.236 E/KernelRpmStatsReader( 7016): 	at libcore.io.ForwardingOs.open(ForwardingOs.java:568)
12-05 10:45:09.236 E/KernelRpmStatsReader( 7016): 	at android.app.ActivityThread$AndroidOs.open(ActivityThread.java:8381)
12-05 10:45:09.236 E/KernelRpmStatsReader( 7016): 	at libcore.io.IoBridge.open(IoBridge.java:560)
12-05 10:45:09.236 E/KernelRpmStatsReader( 7016): 	... 13 more
12-05 10:45:39.608 E/ActivityThread(10821): Failed to find provider info for com.facebook.appmanager.nekodirect
12-05 10:45:42.027 E/ProcessManager( 1829): error write exception log
12-05 10:45:43.056 E/ProcessManager( 1829): error write exception log
12-05 10:45:43.091 E/ProcessManager( 1829): error write exception log
12-05 10:46:05.097 E/ProcessManager( 1829): error write exception log
12-05 10:46:11.719 E/ProcessManager( 1829): error write exception log
12-05 10:47:33.247 E/VibratorManagerService( 1829): Vibrate ignored, not vibrating for ringtones or notify for MIUI
12-05 10:47:36.819 E/ProcessManager( 1829): error write exception log
12-05 10:47:59.571 E/AppOps  ( 1829): Bad call made by uid 10205. Package "com.google.android.gms" does not belong to uid 10760.
12-05 10:47:59.838 E/ProcessManager( 1829): error write exception log
12-05 10:48:00.523 E/ProcessManager( 1829): error write exception log
12-05 10:48:00.593 E/ProcessManager( 1829): error write exception log
12-05 10:48:00.893 E/ForceDarkHelperStubImpl(11922): getForceDarkOriginState transact failed , mService: null
12-05 10:48:01.104 E/ProcessManager( 1829): error write exception log
12-05 10:48:02.718 E/ProcessManager( 1829): error write exception log
12-05 10:48:02.738 E/ProcessManager( 1829): error write exception log
12-05 10:48:02.776 E/ProcessManager( 1829): error write exception log
12-05 10:48:07.654 E/ProcessManager( 1829): error write exception log
12-05 10:48:07.742 E/KernelCpuSpeedReader( 1829): Failed to read cpu-freq: /sys/devices/system/cpu/cpu4512000/cpufreq/stats/time_in_state: open failed: ENOENT (No such file or directory)
12-05 10:48:07.742 E/KernelCpuSpeedReader( 1829): Failed to read cpu-freq: /sys/devices/system/cpu/cpu2707200/cpufreq/stats/time_in_state: open failed: ENOENT (No such file or directory)
12-05 10:48:07.742 E/KernelCpuSpeedReader( 1829): Failed to read cpu-freq: /sys/devices/system/cpu/cpu1190400/cpufreq/stats/time_in_state: open failed: ENOENT (No such file or directory)
12-05 10:48:07.743 E/KernelCpuSpeedReader( 1829): Failed to read cpu-freq: /sys/devices/system/cpu/cpu0/cpufreq/stats/time_in_state: open failed: ENOENT (No such file or directory)
12-05 10:48:50.327 E/ProcessManager( 1829): error write exception log
12-05 10:48:50.985 E/VibratorManagerService( 1829): Vibrate ignored, not vibrating for ringtones or notify for MIUI
12-05 10:49:10.299 E/ProcessManager( 1829): error write exception log
12-05 10:49:32.253 E/VibratorManagerService( 1829): Vibrate ignored, not vibrating for ringtones or notify for MIUI
12-05 10:49:59.208 E/KernelCpuSpeedReader( 1829): Failed to read cpu-freq: /sys/devices/system/cpu/cpu4512000/cpufreq/stats/time_in_state: open failed: ENOENT (No such file or directory)
12-05 10:49:59.209 E/KernelCpuSpeedReader( 1829): Failed to read cpu-freq: /sys/devices/system/cpu/cpu2707200/cpufreq/stats/time_in_state: open failed: ENOENT (No such file or directory)
12-05 10:49:59.209 E/KernelCpuSpeedReader( 1829): Failed to read cpu-freq: /sys/devices/system/cpu/cpu1190400/cpufreq/stats/time_in_state: open failed: ENOENT (No such file or directory)
12-05 10:49:59.209 E/KernelCpuSpeedReader( 1829): Failed to read cpu-freq: /sys/devices/system/cpu/cpu0/cpufreq/stats/time_in_state: open failed: ENOENT (No such file or directory)
12-05 10:52:35.572 E/AppOps  ( 1829): attributionTag  not declared in manifest of android
12-05 10:52:35.577 E/AppOps  ( 1829): attributionTag  not declared in manifest of android
12-05 10:52:35.585 E/AppOps  ( 1829): attributionTag  not declared in manifest of android
12-05 10:52:35.590 E/AppOps  ( 1829): attributionTag  not declared in manifest of android
12-05 10:52:35.596 E/AppOps  ( 1829): attributionTag  not declared in manifest of android
12-05 10:52:35.601 E/AppOps  ( 1829): attributionTag  not declared in manifest of android
12-05 10:54:13.065 E/ProcessManager( 1829): error write exception log
12-05 10:54:13.333 E/ProcessManager( 1829): error write exception log
12-05 10:54:22.178 E/KernelRpmStatsReader( 7016): Failure in reading rpm stats
12-05 10:54:22.178 E/KernelRpmStatsReader( 7016): java.io.FileNotFoundException: /sys/power/system_sleep/stats: open failed: EACCES (Permission denied)
12-05 10:54:22.178 E/KernelRpmStatsReader( 7016): 	at libcore.io.IoBridge.open(IoBridge.java:574)
12-05 10:54:22.178 E/KernelRpmStatsReader( 7016): 	at java.io.FileInputStream.<init>(FileInputStream.java:179)
12-05 10:54:22.178 E/KernelRpmStatsReader( 7016): 	at java.io.FileInputStream.<init>(FileInputStream.java:133)
12-05 10:54:22.178 E/KernelRpmStatsReader( 7016): 	at com.miui.powerkeeper.utils.KernelRpmStatsReader.readRpmStatsType1(Unknown Source:19)
12-05 10:54:22.178 E/KernelRpmStatsReader( 7016): 	at com.miui.powerkeeper.utils.KernelRpmStatsReader.readRpmStats(Unknown Source:63)
12-05 10:54:22.178 E/KernelRpmStatsReader( 7016): 	at com.miui.powerkeeper.powerchecker.PowerCheckerService.requestKernelRpmStatsUpdate(Unknown Source:4)
12-05 10:54:22.178 E/KernelRpmStatsReader( 7016): 	at com.miui.powerkeeper.powerchecker.PowerCheckerService.addBatteryHistoryRecord(Unknown Source:32)
12-05 10:54:22.178 E/KernelRpmStatsReader( 7016): 	at com.miui.powerkeeper.powerchecker.PowerCheckerService.updateBatteryLevelChanged(Unknown Source:8)
12-05 10:54:22.178 E/KernelRpmStatsReader( 7016): 	at com.miui.powerkeeper.powerchecker.PowerCheckerService.access$2700(Unknown Source:0)
12-05 10:54:22.178 E/KernelRpmStatsReader( 7016): 	at com.miui.powerkeeper.powerchecker.PowerCheckerService$PowerCheckHandler.handleMessage(Unknown Source:124)
12-05 10:54:22.178 E/KernelRpmStatsReader( 7016): 	at android.os.Handler.dispatchMessage(Handler.java:106)
12-05 10:54:22.178 E/KernelRpmStatsReader( 7016): 	at android.os.Looper.loopOnce(Looper.java:211)
12-05 10:54:22.178 E/KernelRpmStatsReader( 7016): 	at android.os.Looper.loop(Looper.java:300)
12-05 10:54:22.178 E/KernelRpmStatsReader( 7016): 	at android.os.HandlerThread.run(HandlerThread.java:67)
12-05 10:54:22.178 E/KernelRpmStatsReader( 7016): Caused by: android.system.ErrnoException: open failed: EACCES (Permission denied)
12-05 10:54:22.178 E/KernelRpmStatsReader( 7016): 	at libcore.io.Linux.open(Native Method)
12-05 10:54:22.178 E/KernelRpmStatsReader( 7016): 	at libcore.io.ForwardingOs.open(ForwardingOs.java:568)
12-05 10:54:22.178 E/KernelRpmStatsReader( 7016): 	at libcore.io.BlockGuardOs.open(BlockGuardOs.java:274)
12-05 10:54:22.178 E/KernelRpmStatsReader( 7016): 	at libcore.io.ForwardingOs.open(ForwardingOs.java:568)
12-05 10:54:22.178 E/KernelRpmStatsReader( 7016): 	at android.app.ActivityThread$AndroidOs.open(ActivityThread.java:8381)
12-05 10:54:22.178 E/KernelRpmStatsReader( 7016): 	at libcore.io.IoBridge.open(IoBridge.java:560)
12-05 10:54:22.178 E/KernelRpmStatsReader( 7016): 	... 13 more
12-05 10:54:55.433 E/KernelCpuSpeedReader( 1829): Failed to read cpu-freq: /sys/devices/system/cpu/cpu4512000/cpufreq/stats/time_in_state: open failed: ENOENT (No such file or directory)
12-05 10:54:55.434 E/KernelCpuSpeedReader( 1829): Failed to read cpu-freq: /sys/devices/system/cpu/cpu2707200/cpufreq/stats/time_in_state: open failed: ENOENT (No such file or directory)
12-05 10:54:55.434 E/KernelCpuSpeedReader( 1829): Failed to read cpu-freq: /sys/devices/system/cpu/cpu1190400/cpufreq/stats/time_in_state: open failed: ENOENT (No such file or directory)
12-05 10:54:55.434 E/KernelCpuSpeedReader( 1829): Failed to read cpu-freq: /sys/devices/system/cpu/cpu0/cpufreq/stats/time_in_state: open failed: ENOENT (No such file or directory)
12-05 10:58:08.284 E/WindowManager( 1829): setOnBackInvokedCallback(): No window state for package:com.instagram.android
12-05 10:59:12.182 E/KernelCpuSpeedReader( 1829): Failed to read cpu-freq: /sys/devices/system/cpu/cpu4512000/cpufreq/stats/time_in_state: open failed: ENOENT (No such file or directory)
12-05 10:59:12.182 E/KernelCpuSpeedReader( 1829): Failed to read cpu-freq: /sys/devices/system/cpu/cpu2707200/cpufreq/stats/time_in_state: open failed: ENOENT (No such file or directory)
12-05 10:59:12.183 E/KernelCpuSpeedReader( 1829): Failed to read cpu-freq: /sys/devices/system/cpu/cpu1190400/cpufreq/stats/time_in_state: open failed: ENOENT (No such file or directory)
12-05 10:59:12.183 E/KernelCpuSpeedReader( 1829): Failed to read cpu-freq: /sys/devices/system/cpu/cpu0/cpufreq/stats/time_in_state: open failed: ENOENT (No such file or directory)
12-05 10:59:32.283 E/KernelCpuSpeedReader( 1829): Failed to read cpu-freq: /sys/devices/system/cpu/cpu4512000/cpufreq/stats/time_in_state: open failed: ENOENT (No such file or directory)
12-05 10:59:32.284 E/KernelCpuSpeedReader( 1829): Failed to read cpu-freq: /sys/devices/system/cpu/cpu2707200/cpufreq/stats/time_in_state: open failed: ENOENT (No such file or directory)
12-05 10:59:32.284 E/KernelCpuSpeedReader( 1829): Failed to read cpu-freq: /sys/devices/system/cpu/cpu1190400/cpufreq/stats/time_in_state: open failed: ENOENT (No such file or directory)
