4700-12-03 16:44:17.093  2965  2965 E ReflectUtils: 	at miuix.animation.listener.ListenerNotifier.notifyUpdate(ListenerNotifier.java:171)
4701-12-03 16:44:17.093  2965  2965 E ReflectUtils: 	at miuix.animation.internal.TargetHandler.setValueAndNotify(TargetHandler.java:190)
4702-12-03 16:44:17.093  2965  2965 E ReflectUtils: 	at miuix.animation.internal.TargetHandler.update(TargetHandler.java:173)
4703-12-03 16:44:17.093  2965  2965 E ReflectUtils: 	at miuix.animation.internal.TargetHandler.onEnd(TargetHandler.java:203)
4704-12-03 16:44:17.093  2965  2965 E ReflectUtils: 	at miuix.animation.internal.TargetHandler.handleMessage(TargetHandler.java:67)
4705-12-03 16:44:17.093  2965  2965 E ReflectUtils: 	at android.os.Handler.dispatchMessage(Handler.java:106)
4706-12-03 16:44:17.093  2965  2965 E ReflectUtils: 	at android.os.Looper.loopOnce(Looper.java:211)
4707-12-03 16:44:17.093  2965  2965 E ReflectUtils: 	at android.os.Looper.loop(Looper.java:300)
4708:12-03 16:44:17.093  2965  2965 E ReflectUtils: 	at android.app.ActivityThread.main(ActivityThread.java:8503)
4709-12-03 16:44:17.093  2965  2965 E ReflectUtils: 	at java.lang.reflect.Method.invoke(Native Method)
4710-12-03 16:44:17.093  2965  2965 E ReflectUtils: 	at com.android.internal.os.RuntimeInit$MethodAndArgsCaller.run(RuntimeInit.java:561)
4711-12-03 16:44:17.093  2965  2965 E ReflectUtils: 	at com.android.internal.os.ZygoteInit.main(ZygoteInit.java:954)
4712-12-03 16:44:17.093  2965  2965 E ReflectUtils: Caused by: android.content.pm.PackageManager$NameNotFoundException: com.mi.health
4713-12-03 16:44:17.093  2965  2965 E ReflectUtils: 	at android.app.ApplicationPackageManager.getPackageInfoAsUser(ApplicationPackageManager.java:254)
4714-12-03 16:44:17.093  2965  2965 E ReflectUtils: 	at android.app.ApplicationPackageManager.getPackageInfoAsUser(ApplicationPackageManager.java:242)
4715-12-03 16:44:17.093  2965  2965 E ReflectUtils: 	... 23 more
4716-12-03 16:44:17.179   895  1188 E FMQ     : grantorIdx must be less than 3
4717-12-03 16:44:17.181   927  2431 E libnav  : ABA activated SVI
4718-12-03 16:44:17.193  1822  6207 E CameraService_proxy: Recent tasks don't include camera client package name: com.miui.face
4719-12-03 16:44:17.215  1443  7622 E VendorTagDescriptor: lookupTag: Tag name 'operation' does not exist.
4720-12-03 16:44:17.215  1443  7622 E CameraImpl: updateSessionParams 178 failed to find sessionparams.operation
4721-12-03 16:44:17.221  1443  7622 E VendorTagDescriptor: lookupTag: Tag name 'MiStreamUsecase' does not exist.
4722-12-03 16:44:17.221  1443  7622 E CameraImpl: executeSceneIdentify 858 failed to find tag
4723-12-03 16:44:17.226   934   934 E ANDR-PERF-TARGET: Error: Invalid logical cluster id 2
4724-12-03 16:44:17.226   934   934 E ANDR-PERF-REQUEST: Translate to physical failed
4725-12-03 16:44:17.227   934   934 E ANDR-PERF-TARGET: Error: Invalid logical cluster id 2
4726-12-03 16:44:17.227   934   934 E ANDR-PERF-REQUEST: Translate to physical failed
4727-12-03 16:44:17.236   895   895 E CamX    : [ERROR][SENSOR ] camximagesensordata.cpp:1527 GetSensorStaticCapability() xiaomimaxAnalogGain=0
4728-12-03 16:44:17.244  1553  1770 E [GF_HAL][gf_hal_milan]: [hal_milan_invoke_command] err=GF_SUCCESS, errno=0. reset g_hal_over_current_count to 0!
4729-12-03 16:44:17.275   895   895 E CHINODEUTIL: camxchinodeutil.cpp:909 GetAlignment(): Stride or scanline alignment calculation may be incorrect!, strideAlignment = 512, scanlineAlignment = 512
4730-12-03 16:44:17.275   895   895 E CHINODEUTIL: camxchinodeutil.cpp:909 GetAlignment(): Stride or scanline alignment calculation may be incorrect!, strideAlignment = 512, scanlineAlignment = 256
4731-12-03 16:44:17.275   895   895 E CHINODEUTIL: camxchinodeutil.cpp:909 GetAlignment(): Stride or scanline alignment calculation may be incorrect!, strideAlignment = 512, scanlineAlignment = 512
4732-12-03 16:44:17.275   895   895 E CHINODEUTIL: camxchinodeutil.cpp:909 GetAlignment(): Stride or scanline alignment calculation may be incorrect!, strideAlignment = 512, scanlineAlignment = 256
4733-12-03 16:44:17.275   895   895 E CHINODEUTIL: camxchinodeutil.cpp:909 GetAlignment(): Stride or scanline alignment calculation may be incorrect!, strideAlignment = 512, scanlineAlignment = 512
4734-12-03 16:44:17.275   895   895 E CHINODEUTIL: camxchinodeutil.cpp:909 GetAlignment(): Stride or scanline alignment calculation may be incorrect!, strideAlignment = 512, scanlineAlignment = 256
4735-12-03 16:44:17.280   895   895 E CamX    : [ERROR][SENSOR ] camxsensornode.cpp:5940 GetSensorModuleIndexes() Cached flash device index: 0 is not valid for given sensor
4736-12-03 16:44:17.301   895   895 E CamX    : [ERROR][SENSOR ] camximagesensordata.cpp:1527 GetSensorStaticCapability() xiaomimaxAnalogGain=0
4737-12-03 16:44:17.301  1553  1770 E [GF_HAL][gf_hal_milan]: [hal_milan_invoke_command] err=GF_SUCCESS, errno=0. reset g_hal_over_current_count to 0!
4738-12-03 16:44:17.303   895   895 E CamX    : [ERROR][SENSOR ] camximagesensordata.cpp:1527 GetSensorStaticCapability() xiaomimaxAnalogGain=0
4739-12-03 16:44:17.313   895   895 E CamX    : [ERROR][SENSOR ] camximagesensordata.cpp:1527 GetSensorStaticCapability() xiaomimaxAnalogGain=0
4740-12-03 16:44:17.348  1553  1770 E [GF_HAL][gf_hal_milan]: [hal_milan_invoke_command] err=GF_SUCCESS, errno=0. reset g_hal_over_current_count to 0!
4741-12-03 16:44:17.376  1443  7622 E VendorTagDescriptor: lookupTag: Tag name 'MiStreamUsecase' does not exist.
4742-12-03 16:44:17.380  1443  7622 E CameraImpl: reportSdkConfigureStreams 207 0x79d14a85f8
4743-12-03 16:44:17.381  1553  1770 E [GF_HAL][gf_hal_milan]: [hal_milan_invoke_command] err=GF_SUCCESS, errno=0. reset g_hal_over_current_count to 0!
4744-12-03 16:44:17.382  1443  7622 E VendorTagDescriptor: lookupTag: Tag name 'captureType' does not exist.
4745-12-03 16:44:17.385  1443 19430 E CameraImpl: reportSdkRequest 234 0xb4000079e6c2e6a0
4746-12-03 16:44:17.386   934   934 E ANDR-PERF-TARGET: Error: Invalid logical cluster id 2
4747-12-03 16:44:17.386   934   934 E ANDR-PERF-REQUEST: Translate to physical failed
4748-12-03 16:44:17.386   934   934 E ANDR-PERF-TARGET: Error: Invalid logical cluster id 2
--
5003-12-03 16:44:28.998  2965  2965 E ClockBaseAnimation: com.android.keyguard.clock.animation.classic.ClassicClockAnimation@27809a doAnimationToAod toAod: false, hasNotification: false
5004-12-03 16:44:29.006   934   934 E ANDR-PERF-TARGET: Error: Invalid logical cluster id 2
5005-12-03 16:44:29.006   934   934 E ANDR-PERF-REQUEST: Translate to physical failed
5006-12-03 16:44:29.006   934   934 E ANDR-PERF-TARGET: Error: Invalid logical cluster id 2
5007-12-03 16:44:29.006   934   934 E ANDR-PERF-REQUEST: Translate to physical failed
5008-12-03 16:44:29.006   934  1110 E ANDR-PERF-RESOURCEQS: Failed to apply optimization [2, 1]
5009-12-03 16:44:29.006   934  1110 E ANDR-PERF-RESOURCEQS: Failed to apply optimization [2, 0]
5010-12-03 16:44:29.006   934  1110 E ANDR-PERF-RESOURCEQS: Failed to apply optimization [2, 1]
5011-12-03 16:44:29.006   934  1110 E ANDR-PERF-RESOURCEQS: Failed to apply optimization [2, 0]
5012-12-03 16:44:29.006   934  1110 E ANDR-PERF-RESOURCEQS: Failed to apply optimization [2, 1]
5013-12-03 16:44:29.007   934  1110 E ANDR-PERF-RESOURCEQS: Failed to apply optimization [2, 0]
5014-12-03 16:44:29.007   934  1110 E ANDR-PERF-RESOURCEQS: Failed to apply optimization [2, 1]
5015-12-03 16:44:29.007   934  1110 E ANDR-PERF-RESOURCEQS: Failed to apply optimization [2, 0]
5016-12-03 16:44:29.007   934  1110 E ANDR-PERF-RESOURCEQS: Failed to apply optimization [2, 1]
5017-12-03 16:44:29.007   934  1110 E ANDR-PERF-RESOURCEQS: Failed to apply optimization [2, 0]
5018-12-03 16:44:29.007   934  1110 E ANDR-PERF-RESOURCEQS: Failed to apply optimization [2, 1]
5019-12-03 16:44:29.007   934  1110 E ANDR-PERF-RESOURCEQS: Failed to apply optimization [2, 0]
5020-12-03 16:44:29.013  1822  3549 E AppOps  : Bad call made by uid 10269. Package "com.miui.weather2" does not belong to uid 1000.
5021-12-03 16:44:29.017  1822  2409 E AppOps  : Bad call made by uid 10269. Package "com.miui.weather2" does not belong to uid 1000.
5022-12-03 16:44:29.017 32142 32177 E BtGatt.ContextMap: Context not found for ID 9
5023-12-03 16:44:29.017 32142 32177 E BtGatt.GattService: Advertise app or callback is null
5024-12-03 16:44:29.020  1822  6219 E AppOps  : Bad call made by uid 10269. Package "com.miui.weather2" does not belong to uid 1000.
5025-12-03 16:44:29.022  1822  1822 E AudioService.FoldAngelHelper: get fold sensor faild
5026-12-03 16:44:29.022  1822  1822 E AudioService.FoldAngelHelper: get fold sensor faild
5027-12-03 16:44:29.022  1822  1822 E SensorManager: sensor or listener is null
5028-12-03 16:44:29.022  1822  6219 E AppOps  : Bad call made by uid 10269. Package "com.miui.weather2" does not belong to uid 1000.
5029-12-03 16:44:29.028  1822  2764 E AppOps  : Bad call made by uid 10269. Package "com.miui.weather2" does not belong to uid 1000.
5030-12-03 16:44:29.035  2965  2965 E ReflectUtils: invokeObject
5031-12-03 16:44:29.035  2965  2965 E ReflectUtils: java.lang.reflect.InvocationTargetException
5032-12-03 16:44:29.035  2965  2965 E ReflectUtils: 	at java.lang.reflect.Method.invoke(Native Method)
5033-12-03 16:44:29.035  2965  2965 E ReflectUtils: 	at com.miui.clock.utils.ReflectUtils.invokeObject(ReflectUtils.java:31)
5034-12-03 16:44:29.035  2965  2965 E ReflectUtils: 	at com.miui.clock.utils.DataUtils.isAppInstalledForUser(DataUtils.java:341)
5035-12-03 16:44:29.035  2965  2965 E ReflectUtils: 	at com.miui.clock.utils.DataUtils.isHealthAppInstalled(DataUtils.java:326)
5036-12-03 16:44:29.035  2965  2965 E ReflectUtils: 	at com.miui.clock.classic.ClassicClockView.filterClassicClockInfo(ClassicClockView.java:178)
5037-12-03 16:44:29.035  2965  2965 E ReflectUtils: 	at com.miui.clock.classic.ClassicClockView.updateTime(ClassicClockView.java:316)
5038-12-03 16:44:29.035  2965  2965 E ReflectUtils: 	at com.miui.clock.MiuiClockController$1.run(MiuiClockController.java:155)
5039-12-03 16:44:29.035  2965  2965 E ReflectUtils: 	at android.os.Handler.handleCallback(Handler.java:942)
5040-12-03 16:44:29.035  2965  2965 E ReflectUtils: 	at android.os.Handler.dispatchMessage(Handler.java:99)
5041-12-03 16:44:29.035  2965  2965 E ReflectUtils: 	at android.os.Looper.loopOnce(Looper.java:211)
5042-12-03 16:44:29.035  2965  2965 E ReflectUtils: 	at android.os.Looper.loop(Looper.java:300)
5043:12-03 16:44:29.035  2965  2965 E ReflectUtils: 	at android.app.ActivityThread.main(ActivityThread.java:8503)
5044-12-03 16:44:29.035  2965  2965 E ReflectUtils: 	at java.lang.reflect.Method.invoke(Native Method)
5045-12-03 16:44:29.035  2965  2965 E ReflectUtils: 	at com.android.internal.os.RuntimeInit$MethodAndArgsCaller.run(RuntimeInit.java:561)
5046-12-03 16:44:29.035  2965  2965 E ReflectUtils: 	at com.android.internal.os.ZygoteInit.main(ZygoteInit.java:954)
5047-12-03 16:44:29.035  2965  2965 E ReflectUtils: Caused by: android.content.pm.PackageManager$NameNotFoundException: com.mi.health
5048-12-03 16:44:29.035  2965  2965 E ReflectUtils: 	at android.app.ApplicationPackageManager.getPackageInfoAsUser(ApplicationPackageManager.java:254)
5049-12-03 16:44:29.035  2965  2965 E ReflectUtils: 	at android.app.ApplicationPackageManager.getPackageInfoAsUser(ApplicationPackageManager.java:242)
5050-12-03 16:44:29.035  2965  2965 E ReflectUtils: 	... 15 more
5051-12-03 16:44:29.039  2965  2965 E AnimationHelper: updateTime mToAod:false mHasNotification: false, mClockType: classic
5052-12-03 16:44:29.052  1553  1770 E [gf_ca_entry]: [gf_ca_invoke_command] ta execution failed, errno=1006
5053-12-03 16:44:29.052  1553  1770 E [GF_HAL][gf_hal_milan]: [hal_milan_invoke_command] err=GF_ERROR_NOT_MATCH, errno=1006. reset g_hal_over_current_count to 0!
5054-12-03 16:44:29.052  1553  1770 E [GF_HAL][gf_hal_milan]: [hal_milan_invoke_command] exit. err=GF_ERROR_NOT_MATCH, errno=1006
5055-12-03 16:44:29.052  1553  1770 E [GF_HAL][gf_hal_common]: [gf_hal_invoke_command] exit. err=GF_ERROR_NOT_MATCH, errno=1006
5056-12-03 16:44:29.053  1553  1770 E [GF_HAL][gf_hal_frr_database]: [writeXiaomiDataToRecordFile] /sdcard/MIUI/debug_log/1.dat can't open file. err=GF_ERROR_FILE_OPEN_FAILED, errno=1078
5057-12-03 16:44:29.053  1553  1770 E [GF_HAL][gf_hal_frr_database]: [writeXiaomiDataToRecordFile] exit. err=GF_ERROR_FILE_OPEN_FAILED, errno=1078
5058-12-03 16:44:29.053  1553  1770 E [GF_HAL][gf_hal]: [gf_hal_irq] exit. err=GF_ERROR_NOT_MATCH, errno=1006
5059-12-03 16:44:29.056  2965  2965 E ReflectUtils: invokeObject
5060-12-03 16:44:29.056  2965  2965 E ReflectUtils: java.lang.reflect.InvocationTargetException
5061-12-03 16:44:29.056  2965  2965 E ReflectUtils: 	at java.lang.reflect.Method.invoke(Native Method)
5062-12-03 16:44:29.056  2965  2965 E ReflectUtils: 	at com.miui.clock.utils.ReflectUtils.invokeObject(ReflectUtils.java:31)
5063-12-03 16:44:29.056  2965  2965 E ReflectUtils: 	at com.miui.clock.utils.DataUtils.isAppInstalledForUser(DataUtils.java:341)
5064-12-03 16:44:29.056  2965  2965 E ReflectUtils: 	at com.miui.clock.utils.DataUtils.isHealthAppInstalled(DataUtils.java:326)
5065-12-03 16:44:29.056  2965  2965 E ReflectUtils: 	at com.miui.clock.classic.ClassicClockView.filterClassicClockInfo(ClassicClockView.java:178)
5066-12-03 16:44:29.056  2965  2965 E ReflectUtils: 	at com.miui.clock.classic.ClassicClockView.updateColor(ClassicClockView.java:156)
5067-12-03 16:44:29.056  2965  2965 E ReflectUtils: 	at com.android.keyguard.clock.animation.classic.ClassicClockAnimation$3.onUpdate(ClassicClockAnimation.java:155)
5068-12-03 16:44:29.056  2965  2965 E ReflectUtils: 	at miuix.animation.listener.ListenerNotifier$UpdateNotifier.doNotify(ListenerNotifier.java:67)
5069-12-03 16:44:29.056  2965  2965 E ReflectUtils: 	at miuix.animation.listener.ListenerNotifier.notifyListenerSet(ListenerNotifier.java:198)
5070-12-03 16:44:29.056  2965  2965 E ReflectUtils: 	at miuix.animation.listener.ListenerNotifier.notify(ListenerNotifier.java:189)
5071-12-03 16:44:29.056  2965  2965 E ReflectUtils: 	at miuix.animation.listener.ListenerNotifier.notifyUpdate(ListenerNotifier.java:171)
5072-12-03 16:44:29.056  2965  2965 E ReflectUtils: 	at miuix.animation.internal.TargetHandler.setValueAndNotify(TargetHandler.java:190)
5073-12-03 16:44:29.056  2965  2965 E ReflectUtils: 	at miuix.animation.internal.TargetHandler.update(TargetHandler.java:173)
5074-12-03 16:44:29.056  2965  2965 E ReflectUtils: 	at miuix.animation.internal.TargetHandler.onEnd(TargetHandler.java:203)
5075-12-03 16:44:29.056  2965  2965 E ReflectUtils: 	at miuix.animation.internal.TargetHandler.handleMessage(TargetHandler.java:67)
5076-12-03 16:44:29.056  2965  2965 E ReflectUtils: 	at android.os.Handler.dispatchMessage(Handler.java:106)
5077-12-03 16:44:29.056  2965  2965 E ReflectUtils: 	at android.os.Looper.loopOnce(Looper.java:211)
5078-12-03 16:44:29.056  2965  2965 E ReflectUtils: 	at android.os.Looper.loop(Looper.java:300)
5079:12-03 16:44:29.056  2965  2965 E ReflectUtils: 	at android.app.ActivityThread.main(ActivityThread.java:8503)
5080-12-03 16:44:29.056  2965  2965 E ReflectUtils: 	at java.lang.reflect.Method.invoke(Native Method)
5081-12-03 16:44:29.056  2965  2965 E ReflectUtils: 	at com.android.internal.os.RuntimeInit$MethodAndArgsCaller.run(RuntimeInit.java:561)
5082-12-03 16:44:29.056  2965  2965 E ReflectUtils: 	at com.android.internal.os.ZygoteInit.main(ZygoteInit.java:954)
5083-12-03 16:44:29.056  2965  2965 E ReflectUtils: Caused by: android.content.pm.PackageManager$NameNotFoundException: com.mi.health
5084-12-03 16:44:29.056  2965  2965 E ReflectUtils: 	at android.app.ApplicationPackageManager.getPackageInfoAsUser(ApplicationPackageManager.java:254)
5085-12-03 16:44:29.056  2965  2965 E ReflectUtils: 	at android.app.ApplicationPackageManager.getPackageInfoAsUser(ApplicationPackageManager.java:242)
5086-12-03 16:44:29.056  2965  2965 E ReflectUtils: 	... 22 more
5087-12-03 16:44:29.059  2965  2965 E ReflectUtils: invokeObject
5088-12-03 16:44:29.059  2965  2965 E ReflectUtils: java.lang.reflect.InvocationTargetException
5089-12-03 16:44:29.059  2965  2965 E ReflectUtils: 	at java.lang.reflect.Method.invoke(Native Method)
5090-12-03 16:44:29.059  2965  2965 E ReflectUtils: 	at com.miui.clock.utils.ReflectUtils.invokeObject(ReflectUtils.java:31)
5091-12-03 16:44:29.059  2965  2965 E ReflectUtils: 	at com.miui.clock.utils.DataUtils.isAppInstalledForUser(DataUtils.java:341)
5092-12-03 16:44:29.059  2965  2965 E ReflectUtils: 	at com.miui.clock.utils.DataUtils.isHealthAppInstalled(DataUtils.java:326)
5093-12-03 16:44:29.059  2965  2965 E ReflectUtils: 	at com.miui.clock.classic.ClassicClockView.filterClassicClockInfo(ClassicClockView.java:178)
5094-12-03 16:44:29.059  2965  2965 E ReflectUtils: 	at com.miui.clock.classic.ClassicClockView.updateTime(ClassicClockView.java:316)
5095-12-03 16:44:29.059  2965  2965 E ReflectUtils: 	at com.miui.clock.classic.ClassicClockView.updateColor(ClassicClockView.java:169)
5096-12-03 16:44:29.059  2965  2965 E ReflectUtils: 	at com.android.keyguard.clock.animation.classic.ClassicClockAnimation$3.onUpdate(ClassicClockAnimation.java:155)
5097-12-03 16:44:29.059  2965  2965 E ReflectUtils: 	at miuix.animation.listener.ListenerNotifier$UpdateNotifier.doNotify(ListenerNotifier.java:67)
5098-12-03 16:44:29.059  2965  2965 E ReflectUtils: 	at miuix.animation.listener.ListenerNotifier.notifyListenerSet(ListenerNotifier.java:198)
5099-12-03 16:44:29.059  2965  2965 E ReflectUtils: 	at miuix.animation.listener.ListenerNotifier.notify(ListenerNotifier.java:189)
5100-12-03 16:44:29.059  2965  2965 E ReflectUtils: 	at miuix.animation.listener.ListenerNotifier.notifyUpdate(ListenerNotifier.java:171)
5101-12-03 16:44:29.059  2965  2965 E ReflectUtils: 	at miuix.animation.internal.TargetHandler.setValueAndNotify(TargetHandler.java:190)
5102-12-03 16:44:29.059  2965  2965 E ReflectUtils: 	at miuix.animation.internal.TargetHandler.update(TargetHandler.java:173)
5103-12-03 16:44:29.059  2965  2965 E ReflectUtils: 	at miuix.animation.internal.TargetHandler.onEnd(TargetHandler.java:203)
5104-12-03 16:44:29.059  2965  2965 E ReflectUtils: 	at miuix.animation.internal.TargetHandler.handleMessage(TargetHandler.java:67)
5105-12-03 16:44:29.059  2965  2965 E ReflectUtils: 	at android.os.Handler.dispatchMessage(Handler.java:106)
5106-12-03 16:44:29.059  2965  2965 E ReflectUtils: 	at android.os.Looper.loopOnce(Looper.java:211)
5107-12-03 16:44:29.059  2965  2965 E ReflectUtils: 	at android.os.Looper.loop(Looper.java:300)
5108:12-03 16:44:29.059  2965  2965 E ReflectUtils: 	at android.app.ActivityThread.main(ActivityThread.java:8503)
5109-12-03 16:44:29.059  2965  2965 E ReflectUtils: 	at java.lang.reflect.Method.invoke(Native Method)
5110-12-03 16:44:29.059  2965  2965 E ReflectUtils: 	at com.android.internal.os.RuntimeInit$MethodAndArgsCaller.run(RuntimeInit.java:561)
5111-12-03 16:44:29.059  2965  2965 E ReflectUtils: 	at com.android.internal.os.ZygoteInit.main(ZygoteInit.java:954)
5112-12-03 16:44:29.059  2965  2965 E ReflectUtils: Caused by: android.content.pm.PackageManager$NameNotFoundException: com.mi.health
5113-12-03 16:44:29.059  2965  2965 E ReflectUtils: 	at android.app.ApplicationPackageManager.getPackageInfoAsUser(ApplicationPackageManager.java:254)
5114-12-03 16:44:29.059  2965  2965 E ReflectUtils: 	at android.app.ApplicationPackageManager.getPackageInfoAsUser(ApplicationPackageManager.java:242)
5115-12-03 16:44:29.059  2965  2965 E ReflectUtils: 	... 23 more
5116-12-03 16:44:29.145  1553  1770 E [GF_HAL][gf_hal_milan]: [hal_milan_invoke_command] err=GF_SUCCESS, errno=0. reset g_hal_over_current_count to 0!
5117-12-03 16:44:29.180  1553  1770 E [GF_HAL][gf_hal_milan]: [hal_milan_invoke_command] err=GF_SUCCESS, errno=0. reset g_hal_over_current_count to 0!
5118-12-03 16:44:29.191  1553  1553 E [GF_HAL][gf_hal_milan]: [hal_milan_invoke_command] err=GF_SUCCESS, errno=0. reset g_hal_over_current_count to 0!
5119-12-03 16:44:29.210   895   895 E FMQ     : grantorIdx must be less than 3
5120-12-03 16:44:29.210   895   895 E FMQ     : grantorIdx must be less than 3
5121-12-03 16:44:29.212   927  2431 E libnav  : ABA activated SVI
5122-12-03 16:44:29.213  1822  3549 E CameraService_proxy: Recent tasks don't include camera client package name: com.miui.face
5123-12-03 16:44:29.224  1443  7622 E VendorTagDescriptor: lookupTag: Tag name 'operation' does not exist.
5124-12-03 16:44:29.224  1443  7622 E CameraImpl: updateSessionParams 178 failed to find sessionparams.operation
5125-12-03 16:44:29.251  1443  7622 E VendorTagDescriptor: lookupTag: Tag name 'MiStreamUsecase' does not exist.
5126-12-03 16:44:29.251  1443  7622 E CameraImpl: executeSceneIdentify 858 failed to find tag
5127-12-03 16:44:29.256   934   934 E ANDR-PERF-TARGET: Error: Invalid logical cluster id 2
5128-12-03 16:44:29.256   934   934 E ANDR-PERF-REQUEST: Translate to physical failed
5129-12-03 16:44:29.256   934   934 E ANDR-PERF-TARGET: Error: Invalid logical cluster id 2
5130-12-03 16:44:29.256   934   934 E ANDR-PERF-REQUEST: Translate to physical failed
5131-12-03 16:44:29.260   895   895 E CamX    : [ERROR][SENSOR ] camximagesensordata.cpp:1527 GetSensorStaticCapability() xiaomimaxAnalogGain=0
5132-12-03 16:44:29.264   895   895 E CHINODEUTIL: camxchinodeutil.cpp:909 GetAlignment(): Stride or scanline alignment calculation may be incorrect!, strideAlignment = 512, scanlineAlignment = 512
5133-12-03 16:44:29.264   895   895 E CHINODEUTIL: camxchinodeutil.cpp:909 GetAlignment(): Stride or scanline alignment calculation may be incorrect!, strideAlignment = 512, scanlineAlignment = 256
5134-12-03 16:44:29.264   895   895 E CHINODEUTIL: camxchinodeutil.cpp:909 GetAlignment(): Stride or scanline alignment calculation may be incorrect!, strideAlignment = 512, scanlineAlignment = 512
5135-12-03 16:44:29.264   895   895 E CHINODEUTIL: camxchinodeutil.cpp:909 GetAlignment(): Stride or scanline alignment calculation may be incorrect!, strideAlignment = 512, scanlineAlignment = 256
5136-12-03 16:44:29.264   895   895 E CHINODEUTIL: camxchinodeutil.cpp:909 GetAlignment(): Stride or scanline alignment calculation may be incorrect!, strideAlignment = 512, scanlineAlignment = 512
5137-12-03 16:44:29.264   895   895 E CHINODEUTIL: camxchinodeutil.cpp:909 GetAlignment(): Stride or scanline alignment calculation may be incorrect!, strideAlignment = 512, scanlineAlignment = 256
5138-12-03 16:44:29.268   895   895 E CamX    : [ERROR][SENSOR ] camxsensornode.cpp:5940 GetSensorModuleIndexes() Cached flash device index: 0 is not valid for given sensor
5139-12-03 16:44:29.279   895   895 E CamX    : [ERROR][SENSOR ] camximagesensordata.cpp:1527 GetSensorStaticCapability() xiaomimaxAnalogGain=0
5140-12-03 16:44:29.281   895   895 E CamX    : [ERROR][SENSOR ] camximagesensordata.cpp:1527 GetSensorStaticCapability() xiaomimaxAnalogGain=0
5141-12-03 16:44:29.285   895   895 E CamX    : [ERROR][SENSOR ] camximagesensordata.cpp:1527 GetSensorStaticCapability() xiaomimaxAnalogGain=0
5142-12-03 16:44:29.299 32142 32243 E HeadsetStateMachine: returning mCurrentState as Disconnected
5143-12-03 16:44:29.299 32142 32243 E HeadsetStateMachine: returning mCurrentState as Disconnected
5144-12-03 16:44:29.299 32142 32243 E HeadsetStateMachine: returning mCurrentState as Disconnected
5145-12-03 16:44:29.299 32142 32243 E HeadsetStateMachine: returning mCurrentState as Disconnected
5146-12-03 16:44:29.299 32142 32243 E HeadsetStateMachine: returning mCurrentState as Disconnected
5147-12-03 16:44:29.299 32142 32243 E HeadsetStateMachine: returning mCurrentState as Disconnected
5148-12-03 16:44:29.299 32142 32243 E HeadsetStateMachine: returning mCurrentState as Disconnected
--
5244-12-03 16:44:29.874  4723 10817 E BufferQueueProducer: [ImageReader-640x480f23m1-4723-339](id:127300000154,api:4,p:1443,c:4723) cancelBuffer: BufferQueue has been abandoned
5245-12-03 16:44:29.875  4723 10817 E BufferQueueProducer: [ImageReader-640x480f23m1-4723-339](id:127300000154,api:4,p:1443,c:4723) cancelBuffer: BufferQueue has been abandoned
5246-12-03 16:44:29.876  4723 10817 E BufferQueueProducer: [ImageReader-640x480f23m1-4723-339](id:127300000154,api:4,p:1443,c:4723) cancelBuffer: BufferQueue has been abandoned
5247-12-03 16:44:29.877  4723 10817 E BufferQueueProducer: [ImageReader-640x480f23m1-4723-339](id:127300000154,api:4,p:1443,c:4723) cancelBuffer: BufferQueue has been abandoned
5248-12-03 16:44:29.878  4723 10817 E BufferQueueProducer: [ImageReader-640x480f23m1-4723-339](id:127300000154,api:4,p:1443,c:4723) cancelBuffer: BufferQueue has been abandoned
5249-12-03 16:44:29.878  4723  4843 E BufferQueueProducer: [ImageReader-640x480f23m1-4723-339](id:127300000154,api:4,p:1443,c:4723) cancelBuffer: BufferQueue has been abandoned
5250-12-03 16:44:29.880   934   934 E ANDR-PERF-TARGET: Error: Invalid logical cluster id 2
5251-12-03 16:44:29.880   934   934 E ANDR-PERF-REQUEST: Translate to physical failed
5252-12-03 16:44:29.880   934   934 E ANDR-PERF-TARGET: Error: Invalid logical cluster id 2
5253-12-03 16:44:29.880   934   934 E ANDR-PERF-REQUEST: Translate to physical failed
5254-12-03 16:44:29.930 30871 18884 E CDC     : [API-CSC-0360-CDC-0361-com.google.android.gms] sendTextMessage - message discarded without payload or destination ID.
5255-12-03 16:44:30.104  2965  2965 E LockScreenMagazinePreView: getFullScreenLayout()  mRemoteFullScreenView:null
5256-12-03 16:44:30.104  2965  2965 E LockScreenMagazinePreView: getFullScreenLayout()  mRemoteFullScreenView:null
5257-12-03 16:44:30.108  2965  2965 E KeyguardViewMediator: mHideAnimationFinishedRunnable#run: mHideAnimationRun - true
5258-12-03 16:44:30.119  1553  1553 E [GF_HAL][gf_hal_milan]: [hal_milan_cancel] set g_is_down_detected=0
5259-12-03 16:44:30.123   934  1110 E ANDR-PERF-OPTSHANDLER: Min bounds check failed
5260-12-03 16:44:30.123   934  1110 E ANDR-PERF-OPTSHANDLER: Error! Perflock failed, invalid request value 255
5261-12-03 16:44:30.123   934  1110 E ANDR-PERF-RESOURCEQS: Failed to apply optimization [6, 6]
5262-12-03 16:44:30.132   934  1110 E ANDR-PERF-UTIL: Failed to read /sys/class/devfreq/18321000.qcom,devfreq-l3:qcom,cpu0-cpu-l3-lat/max_freq
5263-12-03 16:44:30.132   934  1110 E ANDR-PERF-UTIL: Failed to read /sys/class/devfreq/18321000.qcom,devfreq-l3:qcom,cpu4-cpu-l3-lat/max_freq
5264-12-03 16:44:30.161  1553  1553 E [GF_HAL][gf_hal_milan]: [hal_milan_invoke_command] err=GF_SUCCESS, errno=0. reset g_hal_over_current_count to 0!
5265-12-03 16:44:30.161  1553  1553 E [GF_HAL][gf_hal_common]: [gf_hal_notify_error_info] err code : 5.
5266-12-03 16:44:30.163  2965  3247 E perf_hint: Session creation failed, mPreferredRateNanos: -1
5267-12-03 16:44:30.198 19669 19669 E Zygote  : process_name_ptr:19669 com.fumbgames.bitcoinminor
5268-12-03 16:44:30.215  1822  2438 E MiuiActivityController: MiuiLog-ActivityObserver: There was something wrong : null
5269-12-03 16:44:30.222 19669 19669 E es.bitcoinminor: Not starting debugger since process cannot load the jdwp agent.
5270-12-03 16:44:30.285   575   575 E KeymasterUtils: rsp_header->status: -26
5271-12-03 16:44:30.319  5359 17948 E PackageUtils: package not install, pkg=com.xiaomi.smarthome
5272-12-03 16:44:30.497  1822  6219 E AppOps  : Bad call made by uid 1002. Package "com.google.android.gms" does not belong to uid 1002.
5273-12-03 16:44:30.498 32142 32207 E BtGatt.ScanManager: Scan already started
5274-12-03 16:44:30.547   607   631 E keystore2: keystore2::error: In create_operation.
5275-12-03 16:44:30.547   607   631 E keystore2: 
5276-12-03 16:44:30.547   607   631 E keystore2: Caused by:
5277-12-03 16:44:30.547   607   631 E keystore2:     0: In authorize_create: matching auth token is expired.
5278-12-03 16:44:30.547   607   631 E keystore2:     1: Error::Km(ErrorCode(-26))
5279-12-03 16:44:30.824 19669 19737 E es.bitcoinminor: No package ID 6a found for ID 0x6a0b0013.
5280-12-03 16:44:31.152   934  4037 E ANDR-PERF-LM: VmRssMeter:: start() 453: Could not find pid, can not collect vmrss data
5281-12-03 16:44:31.153   934  4038 E ANDR-PERF-LM: VmRssMeter:: start() 453: Could not find pid, can not collect vmrss data
5282-12-03 16:44:31.153   934  4038 E ANDR-PERF-LM: AdaptiveLaunch: writeToDataBase() 64: Meter aborted or could not get meter data for this run
5283---------- beginning of crash
5284:12-03 16:44:35.283 14390 14390 E AndroidRuntime: FATAL EXCEPTION: main
5285:12-03 16:44:35.283 14390 14390 E AndroidRuntime: Process: com.albacontrol, PID: 14390
5286:12-03 16:44:35.283 14390 14390 E AndroidRuntime: java.lang.IllegalStateException: Room cannot verify the data integrity. Looks like you've changed schema but forgot to update the version number. You can simply fix this by increasing the version number. Expected identity hash: 04be1dd53432fbd18ea5cb036d3e3c2a, found: fdb6201ebda6f3cc74907067e17d1c53
5287:12-03 16:44:35.283 14390 14390 E AndroidRuntime: 	at androidx.room.RoomOpenHelper.checkIdentity(RoomOpenHelper.kt:146)
5288:12-03 16:44:35.283 14390 14390 E AndroidRuntime: 	at androidx.room.RoomOpenHelper.onOpen(RoomOpenHelper.kt:127)
5289:12-03 16:44:35.283 14390 14390 E AndroidRuntime: 	at androidx.sqlite.db.framework.FrameworkSQLiteOpenHelper$OpenHelper.onOpen(FrameworkSQLiteOpenHelper.kt:287)
5290:12-03 16:44:35.283 14390 14390 E AndroidRuntime: 	at android.database.sqlite.SQLiteOpenHelper.getDatabaseLocked(SQLiteOpenHelper.java:427)
5291:12-03 16:44:35.283 14390 14390 E AndroidRuntime: 	at android.database.sqlite.SQLiteOpenHelper.getWritableDatabase(SQLiteOpenHelper.java:316)
5292:12-03 16:44:35.283 14390 14390 E AndroidRuntime: 	at androidx.sqlite.db.framework.FrameworkSQLiteOpenHelper$OpenHelper.getWritableOrReadableDatabase(FrameworkSQLiteOpenHelper.kt:232)
5293:12-03 16:44:35.283 14390 14390 E AndroidRuntime: 	at androidx.sqlite.db.framework.FrameworkSQLiteOpenHelper$OpenHelper.innerGetDatabase(FrameworkSQLiteOpenHelper.kt:190)
5294:12-03 16:44:35.283 14390 14390 E AndroidRuntime: 	at androidx.sqlite.db.framework.FrameworkSQLiteOpenHelper$OpenHelper.getSupportDatabase(FrameworkSQLiteOpenHelper.kt:151)
5295:12-03 16:44:35.283 14390 14390 E AndroidRuntime: 	at androidx.sqlite.db.framework.FrameworkSQLiteOpenHelper.getWritableDatabase(FrameworkSQLiteOpenHelper.kt:104)
5296:12-03 16:44:35.283 14390 14390 E AndroidRuntime: 	at androidx.room.RoomDatabase.inTransaction(RoomDatabase.kt:632)
5297:12-03 16:44:35.283 14390 14390 E AndroidRuntime: 	at androidx.room.RoomDatabase.assertNotSuspendingTransaction(RoomDatabase.kt:451)
5298:12-03 16:44:35.283 14390 14390 E AndroidRuntime: 	at androidx.room.RoomDatabase.query(RoomDatabase.kt:480)
5299:12-03 16:44:35.283 14390 14390 E AndroidRuntime: 	at androidx.room.util.DBUtil.query(DBUtil.kt:75)
5300:12-03 16:44:35.283 14390 14390 E AndroidRuntime: 	at com.albacontrol.data.DraftDao_Impl$5.call(DraftDao_Impl.java:128)
5301:12-03 16:44:35.283 14390 14390 E AndroidRuntime: 	at com.albacontrol.data.DraftDao_Impl$5.call(DraftDao_Impl.java:124)
5302:12-03 16:44:35.283 14390 14390 E AndroidRuntime: 	at androidx.room.CoroutinesRoom$Companion$execute$4$job$1.invokeSuspend(CoroutinesRoom.kt:87)
5303:12-03 16:44:35.283 14390 14390 E AndroidRuntime: 	at kotlin.coroutines.jvm.internal.BaseContinuationImpl.resumeWith(ContinuationImpl.kt:33)
5304:12-03 16:44:35.283 14390 14390 E AndroidRuntime: 	at kotlinx.coroutines.DispatchedTask.run(DispatchedTask.kt:108)
5305:12-03 16:44:35.283 14390 14390 E AndroidRuntime: 	at java.util.concurrent.ThreadPoolExecutor.runWorker(ThreadPoolExecutor.java:1156)
5306:12-03 16:44:35.283 14390 14390 E AndroidRuntime: 	at java.util.concurrent.ThreadPoolExecutor$Worker.run(ThreadPoolExecutor.java:651)
5307:12-03 16:44:35.283 14390 14390 E AndroidRuntime: 	at java.lang.Thread.run(Thread.java:1119)
5308:12-03 16:44:35.283 14390 14390 E AndroidRuntime: 	Suppressed: kotlinx.coroutines.internal.DiagnosticCoroutineContextException: [StandaloneCoroutine{Cancelling}@ddee77e, Dispatchers.Main.immediate]
5309-12-03 16:44:35.313  1822  6219 E SurfaceControl: result = 0, buffer == nullptr = 0
5310-12-03 16:44:35.317  1822  6219 E SurfaceControl: screenshotHardwareBuffer is null : 0
5311-12-03 16:44:35.379  1822  2642 E ProcessManager: error write exception log
5312-12-03 16:44:35.393   934  1110 E ANDR-PERF-OPTSHANDLER: Min bounds check failed
5313-12-03 16:44:35.393   934  1110 E ANDR-PERF-OPTSHANDLER: Error! Perflock failed, invalid request value 255
5314-12-03 16:44:35.393   934  1110 E ANDR-PERF-RESOURCEQS: Failed to apply optimization [6, 6]
5315-12-03 16:44:35.401   934  1110 E ANDR-PERF-UTIL: Failed to read /sys/class/devfreq/18321000.qcom,devfreq-l3:qcom,cpu0-cpu-l3-lat/max_freq
5316-12-03 16:44:35.401   934  1110 E ANDR-PERF-UTIL: Failed to read /sys/class/devfreq/18321000.qcom,devfreq-l3:qcom,cpu4-cpu-l3-lat/max_freq
5317-12-03 16:44:35.448  1822  2088 E KernelCpuSpeedReader: Failed to read cpu-freq: /sys/devices/system/cpu/cpu4512000/cpufreq/stats/time_in_state: open failed: ENOENT (No such file or directory)
5318-12-03 16:44:35.449  1822  2088 E KernelCpuSpeedReader: Failed to read cpu-freq: /sys/devices/system/cpu/cpu2707200/cpufreq/stats/time_in_state: open failed: ENOENT (No such file or directory)
5319-12-03 16:44:35.449  1822  2088 E KernelCpuSpeedReader: Failed to read cpu-freq: /sys/devices/system/cpu/cpu1190400/cpufreq/stats/time_in_state: open failed: ENOENT (No such file or directory)
5320-12-03 16:44:35.449  1822  2088 E KernelCpuSpeedReader: Failed to read cpu-freq: /sys/devices/system/cpu/cpu0/cpufreq/stats/time_in_state: open failed: ENOENT (No such file or directory)
5321-12-03 16:44:35.455   606   621 E android.system.suspend@1.0-service: Error opening kernel wakelock stats for: wakeup58 (../../devices/virtual/misc/msm_g711mlaw/wakeup58): Permission denied
5322-12-03 16:44:35.456   606   621 E android.system.suspend@1.0-service: Error opening kernel wakelock stats for: wakeup4 (../../devices/platform/soc/soc:qcom,smp2p-modem/wakeup/wakeup4): Permission denied
5323-12-03 16:44:35.457   606   621 E android.system.suspend@1.0-service: Error opening kernel wakelock stats for: wakeup38 (../../devices/platform/soc/4a84000.i2c/i2c-0/0-0066/wakeup/wakeup38): Permission denied
5324-12-03 16:44:35.460   606   621 E android.system.suspend@1.0-service: Error opening kernel wakelock stats for: wakeup56 (../../devices/virtual/misc/msm_evrc/wakeup56): Permission denied
5325-12-03 16:44:35.462   606   621 E android.system.suspend@1.0-service: Error opening kernel wakelock stats for: wakeup2 (../../devices/platform/soc/5800000.qcom,ipa/wakeup/wakeup2): Permission denied
5326-12-03 16:44:35.463   606   621 E android.system.suspend@1.0-service: Error opening kernel wakelock stats for: wakeup74 (../../devices/platform/soc/soc:qcom,msm-audio-apr/soc:qcom,msm-audio-apr:qcom,q6core-audio/soc:qcom,msm-audio-apr:qcom,q6core-audio:bolero-cdc/rx-macro/rx_swr_ctrl/wakeup/wakeup74): Permission denied
5327-12-03 16:44:35.463   606   621 E android.system.suspend@1.0-service: Error opening kernel wakelock stats for: wakeup36 (../../devices/platform/soc/4a84000.i2c/i2c-0/0-006a/power_supply/bbc/wakeup36): Permission denied
5328-12-03 16:44:35.466   606   621 E android.system.suspend@1.0-service: Error opening kernel wakelock stats for: wakeup54 (../../devices/virtual/misc/msm_amrwbplus/wakeup54): Permission denied
5329-12-03 16:44:35.468   606   621 E android.system.suspend@1.0-service: Error opening kernel wakelock stats for: wakeup44 (../../devices/platform/soc/soc:qcom,nopmi-chg/wakeup/wakeup44): Permission denied
5330-12-03 16:44:35.469   606   621 E android.system.suspend@1.0-service: Error opening kernel wakelock stats for: wakeup34 (../../devices/platform/soc/4a84000.i2c/i2c-0/0-004e/wakeup/wakeup34): Permission denied
5331-12-03 16:44:35.469   606   621 E android.system.suspend@1.0-service: Error opening kernel wakelock stats for: wakeup62 (../../devices/virtual/misc/msm_wma/wakeup62): Permission denied
5332-12-03 16:44:35.470   606   621 E android.system.suspend@1.0-service: Error opening kernel wakelock stats for: wakeup24 (../../devices/platform/soc/soc:ant_check/wakeup/wakeup24): Permission denied
5333-12-03 16:44:35.470   606   621 E android.system.suspend@1.0-service: Error opening kernel wakelock stats for: wakeup52 (../../devices/virtual/misc/msm_amrnb/wakeup52): Permission denied
5334-12-03 16:44:35.470   606   621 E android.system.suspend@1.0-service: Error opening kernel wakelock stats for: wakeup9 (../../devices/platform/soc/b300000.qcom,turing/wakeup/wakeup9): Permission denied
5335-12-03 16:44:35.471   606   621 E android.system.suspend@1.0-service: Error opening kernel wakelock stats for: wakeup42 (../../devices/platform/soc/soc:qcom,nopmi-chg/power_supply/battery/wakeup42): Permission denied
5336-12-03 16:44:35.472   606   621 E android.system.suspend@1.0-service: Error opening kernel wakelock stats for: wakeup32 (../../devices/platform/soc/4a84000.i2c/i2c-0/0-004e/tcpc/type_c_port0/wakeup32): Permission denied
5337-12-03 16:44:35.472   606   621 E android.system.suspend@1.0-service: Error opening kernel wakelock stats for: wakeup60 (../../devices/virtual/misc/msm_multi_aac/wakeup60): Permission denied
5338-12-03 16:44:35.473   606   621 E android.system.suspend@1.0-service: Error opening kernel wakelock stats for: wakeup22 (../../devices/platform/soc/4a8c000.qcom,qup_uart/wakeup/wakeup22): Permission denied
5339-12-03 16:44:35.473   606   621 E android.system.suspend@1.0-service: Error opening kernel wakelock stats for: wakeup50 (../../devices/virtual/misc/msm_aac/wakeup50): Permission denied
5340-12-03 16:44:35.473   606   621 E android.system.suspend@1.0-service: Error opening kernel wakelock stats for: wakeup7 (../../devices/platform/soc/ab00000.qcom,lpass/wakeup/wakeup7): Permission denied
5341-12-03 16:44:35.475   606   621 E android.system.suspend@1.0-service: Error opening kernel wakelock stats for: wakeup30 (../../devices/platform/soc/4a84000.i2c/i2c-0/0-004e/tcpc/type_c_port0/wakeup30): Permission denied
5342-12-03 16:44:35.475   606   621 E android.system.suspend@1.0-service: Error opening kernel wakelock stats for: wakeup59 (../../devices/virtual/misc/msm_mp3/wakeup59): Permission denied
5343-12-03 16:44:35.475   606   621 E android.system.suspend@1.0-service: Error opening kernel wakelock stats for: wakeup87 (../../devices/platform/soc/soc:qcom,msm-audio-apr/soc:qcom,msm-audio-apr:qcom,q6core-audio/soc:qcom,msm-audio-apr:qcom,q6core-audio:sound/Listen 2 Audio Service/wakeup/wakeup87): Permission denied
5344-12-03 16:44:35.475   606   621 E android.system.suspend@1.0-service: Error opening kernel wakelock stats for: wakeup20 (../../devices/platform/soc/soc:qcom,smp2p_sleepstate/wakeup/wakeup20): Permission denied
5345-12-03 16:44:35.476   606   621 E android.system.suspend@1.0-service: Error opening kernel wakelock stats for: wakeup5 (../../devices/platform/soc/soc:qcom,smp2p-adsp/wakeup/wakeup5): Permission denied
5346-12-03 16:44:35.477   606   621 E android.system.suspend@1.0-service: Error opening kernel wakelock stats for: wakeup39 (../../devices/platform/soc/4a84000.i2c/i2c-0/0-0071/power_supply/bms/wakeup39): Permission denied
5347-12-03 16:44:35.477   606   621 E android.system.suspend@1.0-service: Error opening kernel wakelock stats for: wakeup29 (../../devices/platform/soc/4a84000.i2c/i2c-0/0-004e/tcpc/type_c_port0/wakeup29): Permission denied
5348-12-03 16:44:35.478   606   621 E android.system.suspend@1.0-service: Error opening kernel wakelock stats for: wakeup57 (../../devices/virtual/misc/msm_g711alaw/wakeup57): Permission denied
--
5456-12-03 16:44:37.988  3022  3512 E ActivityManagerWrapper: getRecentTasks: size=9
5457-12-03 16:44:37.988  3022  3512 E ActivityManagerWrapper: getRecentTasks: mainTaskId=404   userId=0   baseIntent=Intent { act=android.intent.action.MAIN flag=270532608 cmp=ComponentInfo{com.albacontrol/com.albacontrol.MainActivity} }
5458-12-03 16:44:37.988  3022  3512 E ActivityManagerWrapper: getRecentTasks: mainTaskId=345   userId=0   baseIntent=Intent { act=android.intent.action.MAIN flag=270532608 cmp=ComponentInfo{com.whatsapp.w4b/com.whatsapp.Main} }
5459-12-03 16:44:37.988  3022  3512 E ActivityManagerWrapper: getRecentTasks: mainTaskId=383   userId=0   baseIntent=Intent { act=android.intent.action.MAIN flag=270532608 cmp=ComponentInfo{com.defi.wallet/com.defi.wallet.feature.SplashActivity} }
5460-12-03 16:44:37.988  3022  3512 E ActivityManagerWrapper: getRecentTasks: mainTaskId=391   userId=0   baseIntent=Intent { act=null flag=335577088 cmp=ComponentInfo{co.mona.android/co.mona.android.feature.home_legacy.impl.home.HomeActivity} }
5461-12-03 16:44:37.988  3022  3512 E ActivityManagerWrapper: getRecentTasks: mainTaskId=386   userId=0   baseIntent=Intent { act=android.intent.action.MAIN flag=270532608 cmp=ComponentInfo{com.brave.browser/com.google.android.apps.chrome.Main} }
5462-12-03 16:44:37.988  3022  3512 E ActivityManagerWrapper: getRecentTasks: mainTaskId=365   userId=0   baseIntent=Intent { act=android.intent.action.MAIN flag=270532608 cmp=ComponentInfo{com.netflix.mediaclient/com.netflix.mediaclient.ui.launch.UIWebViewActivity} }
5463-12-03 16:44:37.988  3022  3512 E ActivityManagerWrapper: getRecentTasks: mainTaskId=369   userId=0   baseIntent=Intent { act=android.intent.action.MAIN flag=335593473 cmp=ComponentInfo{com.google.android.apps.messaging/com.google.android.apps.messaging.ui.ConversationListActivity} }
5464-12-03 16:44:37.988  3022  3512 E ActivityManagerWrapper: getRecentTasks: mainTaskId=364   userId=0   baseIntent=Intent { act=android.intent.action.MAIN flag=270532608 cmp=ComponentInfo{com.instagram.android/com.instagram.android.activity.MainTabActivity} }
5465-12-03 16:44:37.988  3022  3512 E ActivityManagerWrapper: getRecentTasks: mainTaskId=363   userId=0   baseIntent=Intent { act=android.intent.action.MAIN flag=270532608 cmp=ComponentInfo{org.telegram.messenger/org.telegram.messenger.DefaultIcon} }
5466-12-03 16:44:38.012   934  1111 E ANDR-PERF-LM: MetaMeter: handleAsync() 166: AdaptLaunch Invalid Async
5467-12-03 16:44:38.130  3022  3022 E LauncherAnimationRunner: finish: mFinishRunnable.run
5468-12-03 16:44:38.441   934  1110 E ANDR-PERF-OPTSHANDLER: Cannot open/create system background cgroup file
5469-12-03 16:44:38.687 19899 19922 E libEGL  : pre_cache appList: com.miui.weather2,com.android.settings,com.android.thememanager,com.mi.android.globalFileexplorer,com.miui.gallery,com.miui.notes,com.miui.player,com.miui.calculator,com.miui.videoplayer,com.miui.securitycenter
5470-12-03 16:44:38.726 19899 19922 E libboost: fail to open file: No such file or directory
5471-12-03 16:44:38.726 19899 19922 E libboost: fail to open node: No such file or directory
5472-12-03 16:44:38.741 19899 19922 E perf_hint: Session creation failed, mPreferredRateNanos: -1
5473-12-03 16:44:38.822  1822  2438 E MiuiActivityController: MiuiLog-ActivityObserver: There was something wrong : null
5474-12-03 16:44:38.894   934  4037 E ANDR-PERF-LM: VmRssMeter:: start() 453: Could not find pid, can not collect vmrss data
5475-12-03 16:44:38.896  1822  2438 E MiuiActivityController: MiuiLog-ActivityObserver: There was something wrong : null
5476-12-03 16:44:38.897   934  4038 E ANDR-PERF-LM: VmRssMeter:: start() 453: Could not find pid, can not collect vmrss data
5477-12-03 16:44:38.897   934  4038 E ANDR-PERF-LM: AdaptiveLaunch: writeToDataBase() 64: Meter aborted or could not get meter data for this run
5478-12-03 16:44:39.136 19931 19931 E Zygote  : process_name_ptr:19931 android.process.acore
5479-12-03 16:44:39.145 19931 19931 E d.process.acore: Not starting debugger since process cannot load the jdwp agent.
5480-12-03 16:44:46.946   934  4042 E ANDR-PERF-LM: DependentServices: getServices() 97: Service Tracker HAL could not find Client Connections
5481-12-03 16:44:55.599  1822  2642 E ProcessManager: error write exception log
5482-12-03 16:44:56.625  1822  2642 E ProcessManager: error write exception log
5483-12-03 16:45:00.005  2965  2965 E ReflectUtils: invokeObject
5484-12-03 16:45:00.005  2965  2965 E ReflectUtils: java.lang.reflect.InvocationTargetException
5485-12-03 16:45:00.005  2965  2965 E ReflectUtils: 	at java.lang.reflect.Method.invoke(Native Method)
5486-12-03 16:45:00.005  2965  2965 E ReflectUtils: 	at com.miui.clock.utils.ReflectUtils.invokeObject(ReflectUtils.java:31)
5487-12-03 16:45:00.005  2965  2965 E ReflectUtils: 	at com.miui.clock.utils.DataUtils.isAppInstalledForUser(DataUtils.java:341)
5488-12-03 16:45:00.005  2965  2965 E ReflectUtils: 	at com.miui.clock.utils.DataUtils.isHealthAppInstalled(DataUtils.java:326)
5489-12-03 16:45:00.005  2965  2965 E ReflectUtils: 	at com.miui.clock.classic.ClassicClockView.filterClassicClockInfo(ClassicClockView.java:178)
5490-12-03 16:45:00.005  2965  2965 E ReflectUtils: 	at com.miui.clock.classic.ClassicClockView.updateTime(ClassicClockView.java:316)
5491-12-03 16:45:00.005  2965  2965 E ReflectUtils: 	at com.miui.clock.MiuiClockController$1.run(MiuiClockController.java:155)
5492-12-03 16:45:00.005  2965  2965 E ReflectUtils: 	at android.os.Handler.handleCallback(Handler.java:942)
5493-12-03 16:45:00.005  2965  2965 E ReflectUtils: 	at android.os.Handler.dispatchMessage(Handler.java:99)
5494-12-03 16:45:00.005  2965  2965 E ReflectUtils: 	at android.os.Looper.loopOnce(Looper.java:211)
5495-12-03 16:45:00.005  2965  2965 E ReflectUtils: 	at android.os.Looper.loop(Looper.java:300)
5496:12-03 16:45:00.005  2965  2965 E ReflectUtils: 	at android.app.ActivityThread.main(ActivityThread.java:8503)
5497-12-03 16:45:00.005  2965  2965 E ReflectUtils: 	at java.lang.reflect.Method.invoke(Native Method)
5498-12-03 16:45:00.005  2965  2965 E ReflectUtils: 	at com.android.internal.os.RuntimeInit$MethodAndArgsCaller.run(RuntimeInit.java:561)
5499-12-03 16:45:00.005  2965  2965 E ReflectUtils: 	at com.android.internal.os.ZygoteInit.main(ZygoteInit.java:954)
5500-12-03 16:45:00.005  2965  2965 E ReflectUtils: Caused by: android.content.pm.PackageManager$NameNotFoundException: com.mi.health
5501-12-03 16:45:00.005  2965  2965 E ReflectUtils: 	at android.app.ApplicationPackageManager.getPackageInfoAsUser(ApplicationPackageManager.java:254)
5502-12-03 16:45:00.005  2965  2965 E ReflectUtils: 	at android.app.ApplicationPackageManager.getPackageInfoAsUser(ApplicationPackageManager.java:242)
5503-12-03 16:45:00.005  2965  2965 E ReflectUtils: 	... 15 more
5504-12-03 16:45:00.014  2965  2965 E AnimationHelper: updateTime mToAod:false mHasNotification: false, mClockType: classic
5505-12-03 16:45:07.859 18888 18888 E SlowAppComponent: 0ms: KeepWarmReceiver instantiating
5506-12-03 16:45:07.860 18888 18888 E SlowAppComponent: Main thread was blocked for 28ms in the background starting with KeepWarmReceiver
5507-12-03 16:45:19.120  1822  2642 E ProcessManager: error write exception log
5508-12-03 16:45:28.286 18888 18888 E SlowAppComponent: 0ms: KeepWarmReceiver instantiating
5509-12-03 16:45:28.287 18888 18888 E SlowAppComponent: Main thread was blocked for 30ms in the background starting with KeepWarmReceiver
5510-12-03 16:45:37.773  1822  5607 E SurfaceControl: result = 0, buffer == nullptr = 0
5511-12-03 16:45:37.781  2965  2965 E miui_face: start face unlock fail, mKeyguardShowing =false;isDeviceInteractive =false;isSwitchingUser =false;isKeyguardGoingAway =false
5512-12-03 16:45:37.783  1822  5607 E SurfaceControl: screenshotHardwareBuffer is null : 0
5513-12-03 16:45:37.830  1553  1553 E [GF_HAL][gf_hal_milan]: [hal_milan_invoke_command] err=GF_SUCCESS, errno=0. reset g_hal_over_current_count to 0!
5514-12-03 16:45:37.976  1822  5599 E SurfaceControl: result = 0, buffer == nullptr = 0
5515-12-03 16:45:37.978  1822  5599 E SurfaceControl: screenshotHardwareBuffer is null : 0
5516-12-03 16:45:38.017  1822  2438 E MiuiActivityController: MiuiLog-ActivityObserver: There was something wrong : null
5517-12-03 16:45:38.021  1822  2088 E KernelCpuSpeedReader: Failed to read cpu-freq: /sys/devices/system/cpu/cpu4512000/cpufreq/stats/time_in_state: open failed: ENOENT (No such file or directory)
5518-12-03 16:45:38.021  1822  2088 E KernelCpuSpeedReader: Failed to read cpu-freq: /sys/devices/system/cpu/cpu2707200/cpufreq/stats/time_in_state: open failed: ENOENT (No such file or directory)
5519-12-03 16:45:38.021  1822  2088 E KernelCpuSpeedReader: Failed to read cpu-freq: /sys/devices/system/cpu/cpu1190400/cpufreq/stats/time_in_state: open failed: ENOENT (No such file or directory)
5520-12-03 16:45:38.021  1822  2088 E KernelCpuSpeedReader: Failed to read cpu-freq: /sys/devices/system/cpu/cpu0/cpufreq/stats/time_in_state: open failed: ENOENT (No such file or directory)
5521-12-03 16:45:38.071 32142 32207 E BtGatt.ScanManager: unknown package tracked
5522-12-03 16:45:38.116  3022  3512 E ActivityManagerWrapper: get all recent tasks force including 404
5523-12-03 16:45:38.121  1822  2438 E MiuiActivityController: MiuiLog-ActivityObserver: There was something wrong : null
5524-12-03 16:45:38.129  3022  3512 E ActivityManagerWrapper: getRecentTasks: size=9
5525-12-03 16:45:38.129  3022  3512 E ActivityManagerWrapper: getRecentTasks: mainTaskId=404   userId=0   baseIntent=Intent { act=android.intent.action.MAIN flag=270532608 cmp=ComponentInfo{com.albacontrol/com.albacontrol.MainActivity} }
5526-12-03 16:45:38.130  3022  3512 E ActivityManagerWrapper: getRecentTasks: mainTaskId=345   userId=0   baseIntent=Intent { act=android.intent.action.MAIN flag=270532608 cmp=ComponentInfo{com.whatsapp.w4b/com.whatsapp.Main} }
5527-12-03 16:45:38.130  3022  3512 E ActivityManagerWrapper: getRecentTasks: mainTaskId=383   userId=0   baseIntent=Intent { act=android.intent.action.MAIN flag=270532608 cmp=ComponentInfo{com.defi.wallet/com.defi.wallet.feature.SplashActivity} }
