3395-12-03 13:58:19.316  1822  2059 D Boost   : hostingType=service, hostingName={com.google.android.permissioncontroller/com.android.permissioncontroller.permission.service.PermissionControllerServiceImpl}, callerPackage=android, isSystem=true, isBoostNeeded=false.
3396-12-03 13:58:19.316  1822  2059 I ActivityManager: Start proc 5729:com.google.android.permissioncontroller/u0a265 for service {com.google.android.permissioncontroller/com.android.permissioncontroller.permission.service.PermissionControllerServiceImpl} caller=android
3397-12-03 13:58:19.370  1822  6277 I SmartPower.com.google.android.permissioncontroller/10265(5729): died->background(25872ms) R(process start ) adj=-10000.
3398-12-03 13:58:19.373  1822  6277 D CompatibilityChangeReporter: Compat change id reported: 168419799; UID 10265; state: DISABLED
3399-12-03 13:58:19.479  1822  6277 D PackageManager: set app component=ComponentInfo{com.google.android.permissioncontroller/com.android.permissioncontroller.role.ui.SpecialAppAccessListActivity} enabled state: 2 from null,uid=10265,pid=5729
3400-12-03 13:58:19.566  5215  5215 I ForceDarkHelperStubImpl: setViewRootImplForceDark: false for com.albacontrol.MainActivity@13aa5e6, reason: AppDarkModeEnable
3401-12-03 13:58:19.572  1822  3083 D WindowManager: wms.Input focus has changed to Window{ad6d452 u0 com.albacontrol/com.albacontrol.MainActivity} display=0 updateInputWindows = false
3402-12-03 13:58:19.572  1822  3083 I MultiSenceManagerInternalStub: getInstance
3403-12-03 13:58:19.573  1822  2024 D WindowManager: wms.Focus not requested for window=Window{ad6d452 u0 com.albacontrol/com.albacontrol.MainActivity} because it has no surface or is not focusable.
3404-12-03 13:58:19.575  1822  3083 D CoreBackPreview: Window{ad6d452 u0 com.albacontrol/com.albacontrol.MainActivity}: Setting back callback OnBackInvokedCallbackInfo{mCallback=android.window.IOnBackInvokedCallback$Stub$Proxy@8c8439b, mPriority=0}
3405-12-03 13:58:19.600  1822  2024 D WindowManager: wms.Update InputWindowHandle: ad6d452 com.albacontrol/com.albacontrol.MainActivity, frame=[0,0,0,0], touchableRegion=SkRegion((-28,-913,1052,1487)), scaleFactor=1.0, transform=null, windowToken=android.os.BinderProxy@362b0dd, isClone=false, visibal=true, focusable=true, changed=true
3406-12-03 13:58:19.602  5215  5215 I ForceDarkHelperStubImpl: setViewRootImplForceDark: false for com.albacontrol.MainActivity@13aa5e6, reason: AppDarkModeEnable
3407-12-03 13:58:19.606  1822  6277 D CompatibilityChangeReporter: Compat change id reported: 161145287; UID 10265; state: DISABLED
3408-12-03 13:58:19.614  1822  3083 D WindowManager: wms.finishDrawingLocked: mDrawState=COMMIT_DRAW_PENDING Window{ad6d452 u0 com.albacontrol/com.albacontrol.MainActivity} in Surface(name=com.albacontrol/com.albacontrol.MainActivity)/@0xea77edc
3409-12-03 13:58:19.624  1822  2024 I WindowManager: wms.showSurfaceRobustly mWin:Window{ad6d452 u0 com.albacontrol/com.albacontrol.MainActivity}
3410-12-03 13:58:19.627  1822  2024 D WindowManager: wms.Update InputWindowHandle: ad6d452 com.albacontrol/com.albacontrol.MainActivity, frame=[0,0,0,0], touchableRegion=SkRegion((-28,-913,1052,1487)), scaleFactor=1.0, transform=null, windowToken=android.os.BinderProxy@362b0dd, isClone=false, visibal=true, focusable=true, changed=true
3411-12-03 13:58:19.873  1822  2024 D WindowManager: wms.Update InputWindowHandle: ad6d452 com.albacontrol/com.albacontrol.MainActivity, frame=[0,0,0,0], touchableRegion=SkRegion((-28,-913,1052,1487)), scaleFactor=1.0, transform=null, windowToken=android.os.BinderProxy@362b0dd, isClone=false, visibal=true, focusable=true, changed=true
3412-12-03 13:58:20.257  1822  1853 D CoreBackPreview: Window{ad6d452 u0 com.albacontrol/com.albacontrol.MainActivity}: Setting back callback null
3413-12-03 13:58:20.268  1822  1853 D WindowManager: wms.Input focus has changed to Window{b100120 u0 com.albacontrol/com.albacontrol.MainActivity} display=0 updateInputWindows = false
3414-12-03 13:58:20.268  1822  1853 I MultiSenceManagerInternalStub: getInstance
--
3798-12-03 13:59:16.050  1822  6277 I ActivityTaskManager: START u0 {act=miui.intent.action.MIUI_CHOOSER cmp=android/com.android.internal.app.MiuiChooserActivity (has extras)} from uid 10217 from pid 5215 callingPackage com.albacontrol
3799-12-03 13:59:16.051  1822  6277 D CompatibilityChangeReporter: Compat change id reported: 194480991; UID 1000; state: ENABLED
3800-12-03 13:59:16.056  1822  6277 D CompatibilityChangeReporter: Compat change id reported: 174042980; UID 1000; state: DISABLED
3801-12-03 13:59:16.058  1822  6277 D WindowManager: setLockTaskAuth: task=Task{1c60806 #377 type=standard A=10217:com.albacontrol U=0 visible=true visibleRequested=true mode=fullscreen translucent=false sz=2} mLockTaskAuth=LOCK_TASK_AUTH_PINNABLE
3802-12-03 13:59:16.060  1822  6277 D CompatibilityChangeReporter: Compat change id reported: 205907456; UID 1000; state: ENABLED
3803-12-03 13:59:16.065  1822  6277 I PowerManagerServiceImpl: Acquire wakelock: SCREEN_BRIGHT_WAKE_LOCK        'WindowManager' ON_AFTER_RELEASE (uid=1000 pid=1822 pkg=android ws=WorkSource{1000 com.android.systemui})
3804-12-03 13:59:16.066  1822  2024 D WindowManager: wms.Update InputWindowHandle: b100120 com.albacontrol/com.albacontrol.MainActivity, frame=[0,0,0,0], touchableRegion=SkRegion((0,0,1080,2400)), scaleFactor=1.0, transform=null, windowToken=android.os.BinderProxy@af07823, isClone=false, visibal=true, focusable=true, changed=true
3805-12-03 13:59:16.068  1822  2023 D CompatibilityChangeReporter: Compat change id reported: 135634846; UID 1000; state: DISABLED
3806-12-03 13:59:16.068  1822  2023 D CompatibilityChangeReporter: Compat change id reported: 177438394; UID 1000; state: DISABLED
3807-12-03 13:59:16.068  1822  2023 D CompatibilityChangeReporter: Compat change id reported: 135772972; UID 1000; state: DISABLED
3808-12-03 13:59:16.068  1822  2023 D CompatibilityChangeReporter: Compat change id reported: 135754954; UID 1000; state: ENABLED
3809-12-03 13:59:16.077  1822  2059 D Boost   : hostingType=next-top-activity, hostingName={android/com.android.internal.app.MiuiChooserActivity}, callerPackage=com.albacontrol, isSystem=false, isBoostNeeded=false.
3810-12-03 13:59:16.079  1822  2059 D MiuiProcessPolicyManager: promote android:ui maxAdj to svcb  , maxProcState to + PER 
3811-12-03 13:59:16.079  1822  2059 I ActivityManager: Start proc 6060:android:ui/1000 for next-top-activity {android/com.android.internal.app.MiuiChooserActivity} caller=com.albacontrol
3812-12-03 13:59:16.079  1822  6061 W ContextImpl: Calling a method in the system process without a qualified user: android.app.ContextImpl.sendBroadcast:1199 com.qualcomm.qti.Performance$SendGameLaunchBroadcast.run:247 java.lang.Thread.run:1119 <bottom of call stack> <bottom of call stack> 
3813-12-03 13:59:16.098  1822  6277 D CompatibilityChangeReporter: Compat change id reported: 181136395; UID 10217; state: DISABLED
3814-12-03 13:59:16.099  1822  6277 D CompatibilityChangeReporter: Compat change id reported: 174042936; UID 10217; state: DISABLED
3815-12-03 13:59:16.105  1822  2438 E MiuiActivityController: MiuiLog-ActivityObserver: There was something wrong : null
3816-12-03 13:59:16.105  1822  2024 D WindowManager: wms.Update InputWindowHandle: b100120 com.albacontrol/com.albacontrol.MainActivity, frame=[0,0,0,0], touchableRegion=SkRegion((0,0,1080,2400)), scaleFactor=1.0, transform=null, windowToken=android.os.BinderProxy@af07823, isClone=false, visibal=true, focusable=true, changed=true
3817-12-03 13:59:16.116  1822  6277 I SmartPower.android:ui/1000(6060): died->invisible(158418ms) R(process start ) adj=-10000.
3818-12-03 13:59:16.120  1822  6277 W MiuiBoosterUtils: enable_miuibooster : false ,isInit: true
3819-12-03 13:59:16.124  1822  6277 D WindowManager: wms.Input focus has changed to null display=0 updateInputWindows = true
3820-12-03 13:59:16.124  1822  6277 I MultiSenceManagerInternalStub: getInstance
3821-12-03 13:59:16.125  1822  6277 D CompatibilityChangeReporter: Compat change id reported: 181136395; UID 1000; state: DISABLED
3822-12-03 13:59:16.125  1822  6277 D CompatibilityChangeReporter: Compat change id reported: 174042936; UID 1000; state: DISABLED
3823-12-03 13:59:16.128  1822  2021 D Aurogon :  uid = 1000 switch to FG
3824-12-03 13:59:16.166  1822  5607 D ForceDarkAppConfigProvider: cloudConfigVersion: -1   localConfigVersion:20240126
3825-12-03 13:59:16.166  1822  5607 I UiModeManager: systemserver package:android configLength:144
3826-12-03 13:59:16.224  6060  6060 D MiuiResolverActivity: Application.getProcessName() android:ui
3827-12-03 13:59:16.224  6060  6060 D MiuiResolverActivity: intent() Intent { act=android.intent.action.SEND typ=application/pdf flg=0x8080001 clip={application/pdf {T(258) U(content)}} (has extras) }
3828-12-03 13:59:16.328  6060  6060 D ResolverActivityStubImpl: rebuildCompleted: false
3829-12-03 13:59:16.330  6060  6060 D ResolverActivityStubImpl: ResolverActivityInjector: count 36
3830-12-03 13:59:16.330  6060  6060 D ResolverActivityStubImpl: java.lang.Throwable
3831-12-03 13:59:16.330  6060  6060 D ResolverActivityStubImpl: 	at com.android.internal.app.ResolverActivityStubImpl.initGridViews(ResolverActivityStubImpl.java:475)
3832-12-03 13:59:16.330  6060  6060 D ResolverActivityStubImpl: 	at com.android.internal.app.ResolverActivityStubImpl.configureContentView(ResolverActivityStubImpl.java:278)
3833-12-03 13:59:16.330  6060  6060 D ResolverActivityStubImpl: 	at com.android.internal.app.MiuiResolverActivity.onCreate(MiuiResolverActivity.java:454)
3834-12-03 13:59:16.330  6060  6060 D ResolverActivityStubImpl: 	at com.android.internal.app.MiuiChooserActivity.onCreate(MiuiChooserActivity.java:848)
3835-12-03 13:59:16.330  6060  6060 D ResolverActivityStubImpl: 	at android.app.Activity.performCreate(Activity.java:8589)
3836-12-03 13:59:16.330  6060  6060 D ResolverActivityStubImpl: 	at android.app.Activity.performCreate(Activity.java:8553)
3837-12-03 13:59:16.330  6060  6060 D ResolverActivityStubImpl: 	at android.app.Instrumentation.callActivityOnCreate(Instrumentation.java:1445)
3838:12-03 13:59:16.330  6060  6060 D ResolverActivityStubImpl: 	at android.app.ActivityThread.performLaunchActivity(ActivityThread.java:3901)
3839:12-03 13:59:16.330  6060  6060 D ResolverActivityStubImpl: 	at android.app.ActivityThread.handleLaunchActivity(ActivityThread.java:4073)
3840-12-03 13:59:16.330  6060  6060 D ResolverActivityStubImpl: 	at android.app.servertransaction.LaunchActivityItem.execute(LaunchActivityItem.java:101)
3841-12-03 13:59:16.330  6060  6060 D ResolverActivityStubImpl: 	at android.app.servertransaction.TransactionExecutor.executeCallbacks(TransactionExecutor.java:135)
3842-12-03 13:59:16.330  6060  6060 D ResolverActivityStubImpl: 	at android.app.servertransaction.TransactionExecutor.execute(TransactionExecutor.java:95)
3843:12-03 13:59:16.330  6060  6060 D ResolverActivityStubImpl: 	at android.app.ActivityThread$H.handleMessage(ActivityThread.java:2426)
3844-12-03 13:59:16.330  6060  6060 D ResolverActivityStubImpl: 	at android.os.Handler.dispatchMessage(Handler.java:106)
3845-12-03 13:59:16.330  6060  6060 D ResolverActivityStubImpl: 	at android.os.Looper.loopOnce(Looper.java:211)
3846-12-03 13:59:16.330  6060  6060 D ResolverActivityStubImpl: 	at android.os.Looper.loop(Looper.java:300)
3847:12-03 13:59:16.330  6060  6060 D ResolverActivityStubImpl: 	at android.app.ActivityThread.main(ActivityThread.java:8503)
3848-12-03 13:59:16.330  6060  6060 D ResolverActivityStubImpl: 	at java.lang.reflect.Method.invoke(Native Method)
3849-12-03 13:59:16.330  6060  6060 D ResolverActivityStubImpl: 	at com.android.internal.os.RuntimeInit$MethodAndArgsCaller.run(RuntimeInit.java:561)
3850-12-03 13:59:16.330  6060  6060 D ResolverActivityStubImpl: 	at com.android.internal.os.ZygoteInit.main(ZygoteInit.java:954)
3851-12-03 13:59:16.330  6060  6060 D ResolverActivityStubImpl: page: 5
3852-12-03 13:59:16.332  1822  5607 I SmartPower.com.google.android.ext.services/10264(13860): idle->background(156574ms) R(service create com.google.android.ext.services/android.ext.services.resolver.LRResolverRankerService) adj=0.
3853-12-03 13:59:16.429  6060  6060 I ForceDarkHelperStubImpl: setViewRootImplForceDark: true for com.android.internal.app.MiuiChooserActivity@315fb67, reason: WhiteAppDarkMode
3854-12-03 13:59:16.431  1822  6277 W WindowManager: Failed looking up window session=Session{583e624 6060:1000} callers=com.android.server.wm.WindowManagerService.windowForClientLocked:6466 com.android.server.wm.Session.updateRequestedVisibilities:716 android.view.IWindowSession$Stub.onTransact:1115 
3855-12-03 13:59:16.435  1822  5607 D WindowManager: wms.Input focus has changed to Window{2b4090 u0 android/com.android.internal.app.MiuiChooserActivity} display=0 updateInputWindows = false
3856-12-03 13:59:16.435  1822  5607 I MultiSenceManagerInternalStub: getInstance
3857-12-03 13:59:16.439  1822  2024 D WindowManager: wms.Focus not requested for window=Window{2b4090 u0 android/com.android.internal.app.MiuiChooserActivity} because it has no surface or is not focusable.
3858-12-03 13:59:16.445  1822  2024 D WindowManager: wms.Focus not requested for window=Window{2b4090 u0 android/com.android.internal.app.MiuiChooserActivity} because it has no surface or is not focusable.
3859-12-03 13:59:16.446  1822  5607 D CoreBackPreview: Window{2b4090 u0 android/com.android.internal.app.MiuiChooserActivity}: Setting back callback OnBackInvokedCallbackInfo{mCallback=android.window.IOnBackInvokedCallback$Stub$Proxy@ae1d89a, mPriority=0}
3860-12-03 13:59:16.461  6060  6060 I ForceDarkHelperStubImpl: setViewRootImplForceDark: true for com.android.internal.app.MiuiChooserActivity@315fb67, reason: WhiteAppDarkMode
3861-12-03 13:59:16.464  1822  2024 D WindowManager: wms.Focus not requested for window=Window{2b4090 u0 android/com.android.internal.app.MiuiChooserActivity} because it has no surface or is not focusable.
3862-12-03 13:59:16.465  1822  5607 D CoreBackPreview: Window{c3e91a8 u0 android/com.android.internal.app.MiuiChooserActivity}: Setting back callback OnBackInvokedCallbackInfo{mCallback=android.window.IOnBackInvokedCallback$Stub$Proxy@974e466, mPriority=0}
3863-12-03 13:59:16.465  6060  6060 W Looper  : PerfMonitor looperActivity : package=android/com.android.internal.app.MiuiChooserActivity time=0ms latency=340ms  procState=-1  historyMsgCount=3
3864-12-03 13:59:16.467  6060  6060 D FramePredict: FramePredict init: false
3865-12-03 13:59:16.479  1822  2024 D WindowManager: wms.Update InputWindowHandle: 2b4090 android/com.android.internal.app.MiuiChooserActivity, frame=[0,0,0,0], touchableRegion=SkRegion((0,0,1080,2400)), scaleFactor=1.0, transform=null, windowToken=android.os.BinderProxy@9dc4f53, isClone=false, visibal=true, focusable=true, changed=true
3866-12-03 13:59:16.485  6060  6060 I ForceDarkHelperStubImpl: setViewRootImplForceDark: true for com.android.internal.app.MiuiChooserActivity@315fb67, reason: WhiteAppDarkMode
3867-12-03 13:59:16.559  1822  6277 D WindowManager: wms.finishDrawingLocked: mDrawState=COMMIT_DRAW_PENDING Window{c3e91a8 u0 android/com.android.internal.app.MiuiChooserActivity} in Surface(name=android/com.android.internal.app.MiuiChooserActivity)/@0xabf2054
3868-12-03 13:59:16.559  1822  6277 D MiuiFreeFormGesturePointerEventListener: finishDrawingWindow: topFullScreenWindow= Window{c3e91a8 u0 android/com.android.internal.app.MiuiChooserActivity}
3869-12-03 13:59:16.561  1822  6277 D WindowManager: wms.finishDrawingLocked: mDrawState=COMMIT_DRAW_PENDING Window{2b4090 u0 android/com.android.internal.app.MiuiChooserActivity} in Surface(name=android/com.android.internal.app.MiuiChooserActivity)/@0x4328bfd
3870-12-03 13:59:16.564  1822  2024 I SmartPower.android:ui/1000(6060): invisible->visible(449ms) R(become visible) adj=0.
3871-12-03 13:59:16.576  1822  2024 I WindowManager: wms.showSurfaceRobustly mWin:Window{c3e91a8 u0 android/com.android.internal.app.MiuiChooserActivity}
3872-12-03 13:59:16.576  1822  2024 I WindowManager: wms.showSurfaceRobustly mWin:Window{2b4090 u0 android/com.android.internal.app.MiuiChooserActivity}
3873-12-03 13:59:16.607  1822  2024 D WindowManager: wms.Update InputWindowHandle: 2b4090 android/com.android.internal.app.MiuiChooserActivity, frame=[0,0,0,0], touchableRegion=SkRegion((0,0,1080,2400)), scaleFactor=1.0, transform=null, windowToken=android.os.BinderProxy@9dc4f53, isClone=false, visibal=true, focusable=true, changed=true
3874-12-03 13:59:16.621  1822  5607 D MiuiFreeFormGesturePointerEventListener: finishDrawingWindow: topFullScreenWindow= Window{c3e91a8 u0 android/com.android.internal.app.MiuiChooserActivity}
3875-12-03 13:59:16.628  1822  2438 E MiuiActivityController: MiuiLog-ActivityObserver: There was something wrong : null
3876-12-03 13:59:16.684  6060  6060 D MiuiResolverActivity: updateInitGridView
3877-12-03 13:59:16.685  6060  6060 D ResolverActivityStubImpl: ResolverActivityInjector: count 36
3878-12-03 13:59:16.690  6060  6060 D ResolverActivityStubImpl: java.lang.Throwable
3879-12-03 13:59:16.690  6060  6060 D ResolverActivityStubImpl: 	at com.android.internal.app.ResolverActivityStubImpl.initGridViews(ResolverActivityStubImpl.java:475)
3880-12-03 13:59:16.690  6060  6060 D ResolverActivityStubImpl: 	at com.android.internal.app.MiuiResolverActivity.updateInitGridView(MiuiResolverActivity.java:2316)
3881-12-03 13:59:16.690  6060  6060 D ResolverActivityStubImpl: 	at com.android.internal.app.ResolverListAdapter$1.onPostExecute(ResolverListAdapter.java:424)
3882-12-03 13:59:16.690  6060  6060 D ResolverActivityStubImpl: 	at com.android.internal.app.ResolverListAdapter$1.onPostExecute(ResolverListAdapter.java:408)
3883-12-03 13:59:16.690  6060  6060 D ResolverActivityStubImpl: 	at android.os.AsyncTask.finish(AsyncTask.java:771)
3884-12-03 13:59:16.690  6060  6060 D ResolverActivityStubImpl: 	at android.os.AsyncTask.-$$Nest$mfinish(Unknown Source:0)
3885-12-03 13:59:16.690  6060  6060 D ResolverActivityStubImpl: 	at android.os.AsyncTask$InternalHandler.handleMessage(AsyncTask.java:788)
3886-12-03 13:59:16.690  6060  6060 D ResolverActivityStubImpl: 	at android.os.Handler.dispatchMessage(Handler.java:106)
3887-12-03 13:59:16.690  6060  6060 D ResolverActivityStubImpl: 	at android.os.Looper.loopOnce(Looper.java:211)
3888-12-03 13:59:16.690  6060  6060 D ResolverActivityStubImpl: 	at android.os.Looper.loop(Looper.java:300)
3889:12-03 13:59:16.690  6060  6060 D ResolverActivityStubImpl: 	at android.app.ActivityThread.main(ActivityThread.java:8503)
3890-12-03 13:59:16.690  6060  6060 D ResolverActivityStubImpl: 	at java.lang.reflect.Method.invoke(Native Method)
3891-12-03 13:59:16.690  6060  6060 D ResolverActivityStubImpl: 	at com.android.internal.os.RuntimeInit$MethodAndArgsCaller.run(RuntimeInit.java:561)
3892-12-03 13:59:16.690  6060  6060 D ResolverActivityStubImpl: 	at com.android.internal.os.ZygoteInit.main(ZygoteInit.java:954)
3893-12-03 13:59:16.690  6060  6060 D ResolverActivityStubImpl: page: 5
3894-12-03 13:59:18.525  1822  5607 D CoreBackPreview: Window{14222d9 u0 Toast}: Setting back callback null
3895-12-03 13:59:18.551  1822  5607 I PowerManagerServiceImpl: Release wakelock: SCREEN_BRIGHT_WAKE_LOCK        'WindowManager' ON_AFTER_RELEASE DISABLED ACQ=-2s486ms (uid=1000 pid=1822 pkg=android ws=WorkSource{1000 com.android.systemui})
3896-12-03 13:59:18.557  1822  5607 W NotificationService: Toast already killed. pkg=com.albacontrol token=android.os.BinderProxy@b09ccdd
3897-12-03 13:59:18.587  1822  5607 D CoreBackPreview: Window{df80f23 u0 Toast}: Setting back callback OnBackInvokedCallbackInfo{mCallback=android.window.IOnBackInvokedCallback$Stub$Proxy@69b8f9e, mPriority=0}
3898-12-03 13:59:18.637  1822  2024 I WindowManager: wms.showSurfaceRobustly mWin:Window{df80f23 u0 Toast}
3899-12-03 13:59:19.821  1822  2676 I SmartPower.com.google.android.gms/10205(30781): background->idle(8003ms) R(remove from whitelist) adj=600.
3900-12-03 13:59:19.970  1822  2023 I PowerManagerServiceImpl: Acquire wakelock: SCREEN_BRIGHT_WAKE_LOCK        'WindowManager' ON_AFTER_RELEASE (uid=1000 pid=1822 pkg=android ws=WorkSource{1000 com.android.systemui})
3901-12-03 13:59:21.134  1822  6277 D CoreBackPreview: Window{df80f23 u0 Toast}: Setting back callback null
3902-12-03 13:59:21.148  1822  6277 I PowerManagerServiceImpl: Release wakelock: SCREEN_BRIGHT_WAKE_LOCK        'WindowManager' ON_AFTER_RELEASE DISABLED ACQ=-1s175ms (uid=1000 pid=1822 pkg=android ws=WorkSource{1000 com.android.systemui})
3903-12-03 13:59:21.154  1822  6277 W NotificationService: Toast already killed. pkg=com.albacontrol token=android.os.BinderProxy@4fd6b11
3904-12-03 13:59:22.277  1822  3549 W ProcessStats: Tracking association SourceState{38e7606 com.miui.home/10103 BTopFgs #671423} whose proc state 2 is better than process ProcessState{645577b com.miui.securitycenter.remote/1000 pkg=com.miui.securitycenter} proc state 3 (19 skipped)
3905-12-03 13:59:23.193  2965  3444 D vol.VolumeDialogControl: onRemoteUpdate: stream: 113 volume: 8
3906-12-03 13:59:23.203  1822  3549 W ActivityManager: Unable to start service Intent { pkg=com.milink.service cmp=com.milink.service/com.miui.miplay.audio.service.CoreService (has extras) } U=0: not found
3907-12-03 13:59:28.388  2965  3288 W ContextImpl: Calling a method in the system process without a qualified user: android.app.ContextImpl.bindService:1960 android.content.ContextWrapper.bindService:863 android.service.quickaccesswallet.QuickAccessWalletClientImpl.lambda$connectInternal$2$android-service-quickaccesswallet-QuickAccessWalletClientImpl:369 android.service.quickaccesswallet.QuickAccessWalletClientImpl$$ExternalSyntheticLambda7.run:6 android.os.Handler.handleCallback:942 
3908-12-03 13:59:28.831  1822  1822 D UiModeManager: updateConfigurationLocked: mDockState=0; mCarMode=false; mCar=false; mPowerSave=false; mComputedNightMode=true; mNightMode=2; uiMode=33
3909-12-03 13:59:28.845  1822  2058 I SmartPower.com.google.android.googlequicksearchbox:interactor/10207(4538): idle->background(57019ms) R(broadcast start Intent { act=android.intent.action.BATTERY_CHANGED flg=0x60000010 (has extras) }) adj=100.
3910-12-03 13:59:28.847  1822  2058 I SmartPower.com.whatsapp.w4b/10311(10316): idle->background(57021ms) R(broadcast start Intent { act=android.intent.action.BATTERY_CHANGED flg=0x60000010 (has extras) }) adj=902.
3911-12-03 13:59:29.277  1822  1822 W WindowManager: removeWindowToken: Attempted to remove non-existing token: android.os.Binder@d280552
3912-12-03 13:59:31.846  1822  2676 I SmartPower.com.google.android.googlequicksearchbox:interactor/10207(4538): background->idle(3001ms) R(broadcast start Intent { act=android.intent.action.BATTERY_CHANGED flg=0x60000010 (has extras) }) adj=100.
3913-12-03 13:59:31.848  1822  2676 I SmartPower.com.whatsapp.w4b/10311(10316): background->idle(3001ms) R(broadcast start Intent { act=android.intent.action.BATTERY_CHANGED flg=0x60000010 (has extras) }) adj=902.
3914-12-03 13:59:31.875  1822  1822 W WindowManager: removeWindowToken: Attempted to remove non-existing token: android.os.Binder@1b2ecaa
3915-12-03 13:59:33.849  1822  2902 D ProcessMemoryCleaner: Compact memory: com.whatsapp.w4b/10311(10316) state=hibernation adj=902 pri=511 usage=5 isKilled=false pss:118633 swap:46929
3916-12-03 13:59:36.594  1822  2189 W PackageManager: Not removing package com.google.android.trichromelibrary hosting lib com.google.android.trichromelibrary version 744410633 used by [VersionedPackage[com.google.android.webview/744410633]] for user 0
3917-12-03 13:59:36.596  1822  2189 W PackageManager: Not removing package com.google.android.trichromelibrary hosting lib com.google.android.trichromelibrary version 744417133 used by [VersionedPackage[com.android.chrome/744417133]] for user 0
3918-12-03 13:59:43.530  1822  5607 W ProcessStats: Tracking association SourceState{38e7606 com.miui.home/10103 BTopFgs #671434} whose proc state 2 is better than process ProcessState{645577b com.miui.securitycenter.remote/1000 pkg=com.miui.securitycenter} proc state 3 (34 skipped)
3919-12-03 13:59:44.986  1822  2030 D HeapUsage Monitor: HeapAllocSize : 123MB; monitorSize : 500MB
3920-12-03 13:59:47.065  1822  5607 W ContextImpl: Calling a method in the system process without a qualified user: android.app.ContextImpl.sendBroadcastMultiplePermissions:1232 com.android.server.TelephonyRegistry.broadcastServiceStateChanged:3158 com.android.server.TelephonyRegistry.notifyServiceStateForPhoneId:1666 com.android.internal.telephony.ITelephonyRegistry$Stub.onTransact:492 android.os.Binder.execTransactInternal:1285 
3921-12-03 13:59:47.069  1822  5607 W ContextImpl: Calling a method in the system process without a qualified user: android.app.ContextImpl.sendBroadcastMultiplePermissions:1282 android.content.Context.sendBroadcastMultiplePermissions:2294 com.android.server.TelephonyRegistry.broadcastServiceStateChanged:3162 com.android.server.TelephonyRegistry.notifyServiceStateForPhoneId:1666 com.android.internal.telephony.ITelephonyRegistry$Stub.onTransact:492 
3922-12-03 13:59:47.080  1822  2058 W BroadcastQueue: Permission Denial: receiving Intent { act=android.intent.action.SERVICE_STATE flg=0x1000010 (has extras) } to com.google.android.cellbroadcastreceiver/com.android.cellbroadcastreceiver.CellBroadcastReceiver requires android.permission.READ_PHONE_STATE due to sender android (uid 1001)
3923-12-03 13:59:47.082  1822  5607 W ContextImpl: Calling a method in the system process without a qualified user: android.app.ContextImpl.sendBroadcastMultiplePermissions:1282 android.content.Context.sendBroadcastMultiplePermissions:2294 com.android.server.TelephonyRegistry.broadcastServiceStateChanged:3169 com.android.server.TelephonyRegistry.notifyServiceStateForPhoneId:1666 com.android.internal.telephony.ITelephonyRegistry$Stub.onTransact:492 
3924-12-03 13:59:47.084  1822  5607 W ContextImpl: Calling a method in the system process without a qualified user: android.app.ContextImpl.sendBroadcastMultiplePermissions:1282 android.content.Context.sendBroadcastMultiplePermissions:2294 com.android.server.TelephonyRegistry.broadcastServiceStateChanged:3173 com.android.server.TelephonyRegistry.notifyServiceStateForPhoneId:1666 com.android.internal.telephony.ITelephonyRegistry$Stub.onTransact:492 
3925-12-03 13:59:47.085  1822  2058 W BroadcastQueue: Appop Denial: receiving Intent { act=android.intent.action.SERVICE_STATE flg=0x1000010 (has extras) } to ProcessRecord{c2b9ff8 2937:com.xiaomi.finddevice/6110} (pid=2937, uid=6110) excludes appop android:read_phone_state due to sender android (uid 1001)
3926-12-03 13:59:47.086  1822  2058 W BroadcastQueue: Appop Denial: receiving Intent { act=android.intent.action.SERVICE_STATE flg=0x1000010 (has extras) } to ProcessRecord{76e6237 2955:com.android.phone/1001} (pid=2955, uid=1001) excludes appop android:read_phone_state due to sender android (uid 1001)
3927-12-03 13:59:47.087  1822  2058 W BroadcastQueue: Appop Denial: receiving Intent { act=android.intent.action.SERVICE_STATE flg=0x1000010 (has extras) } to ProcessRecord{976c3a4 2965:com.android.systemui/1000} (pid=2965, uid=1000) excludes appop android:read_phone_state due to sender android (uid 1001)
3928-12-03 13:59:47.088  1822  2058 W BroadcastQueue: Appop Denial: receiving Intent { act=android.intent.action.SERVICE_STATE flg=0x1000010 (has extras) } to ProcessRecord{76e6237 2955:com.android.phone/1001} (pid=2955, uid=1001) excludes appop android:read_phone_state due to sender android (uid 1001)
3929-12-03 13:59:47.089  1822  2058 W BroadcastQueue: Appop Denial: receiving Intent { act=android.intent.action.SERVICE_STATE flg=0x1000010 (has extras) } to ProcessRecord{76e6237 2955:com.android.phone/1001} (pid=2955, uid=1001) excludes appop android:read_phone_state due to sender android (uid 1001)
--
4148-12-03 14:01:03.781  1822  2902 D ProcessMemoryCleaner: Compact memory: com.whatsapp.w4b/10311(10316) state=hibernation adj=902 pri=511 usage=5 isKilled=false pss:118633 swap:46929
4149-12-03 14:01:03.783  1822  2672 I MiuiMemoryService: Skipping compaction for process 10316, full RSS is too small 11868 KB
4150-12-03 14:01:14.988  1822  2030 D HeapUsage Monitor: HeapAllocSize : 128MB; monitorSize : 500MB
4151-12-03 14:01:21.076  1822  3200 W ProcessStats: Tracking association SourceState{38e7606 com.miui.home/10103 BTopFgs #671613} whose proc state 2 is better than process ProcessState{645577b com.miui.securitycenter.remote/1000 pkg=com.miui.securitycenter} proc state 3 (6 skipped)
4152-12-03 14:01:21.086  1822  2058 D CompatibilityChangeReporter: Compat change id reported: 135634846; UID 10819; state: DISABLED
4153-12-03 14:01:21.086  1822  2058 D CompatibilityChangeReporter: Compat change id reported: 177438394; UID 10819; state: DISABLED
4154-12-03 14:01:21.086  1822  2058 D CompatibilityChangeReporter: Compat change id reported: 135772972; UID 10819; state: DISABLED
4155-12-03 14:01:21.087  1822  2058 D CompatibilityChangeReporter: Compat change id reported: 135754954; UID 10819; state: ENABLED
4156-12-03 14:01:21.088  1822  2059 D CompatibilityChangeReporter: Compat change id reported: 143937733; UID 10819; state: ENABLED
4157-12-03 14:01:21.105  1822  2059 D Boost   : hostingType=broadcast, hostingName={com.linkedin.android/com.google.firebase.iid.FirebaseInstanceIdReceiver}, callerPackage=com.google.android.gms, isSystem=true, isBoostNeeded=false.
4158-12-03 14:01:21.106  1822  2059 I ActivityManager: Start proc 6224:com.linkedin.android/u0a819 for broadcast {com.linkedin.android/com.google.firebase.iid.FirebaseInstanceIdReceiver} caller=com.google.android.gms
4159-12-03 14:01:21.163  1822  3200 I SmartPower.com.linkedin.android/10819(6224): died->background(282132ms) R(process start ) adj=-10000.
4160-12-03 14:01:21.165  1822  3200 D CompatibilityChangeReporter: Compat change id reported: 168419799; UID 10819; state: DISABLED
4161-12-03 14:01:21.541  1822  6207 D ForceDarkAppConfigProvider: cloudConfigVersion: -1   localConfigVersion:20240126
4162-12-03 14:01:21.541  1822  6207 I UiModeManager: systemserver package:com.linkedin.android null
4163-12-03 14:01:21.757  1822  6207 D CompatibilityChangeReporter: Compat change id reported: 161145287; UID 10819; state: DISABLED
4164-12-03 14:01:21.791  1822  2672 I MiuiMemoryService: Skipping compaction for process 5185, anon RSS is too small 1904 KB
4165-12-03 14:01:21.792  1822  2672 I MiuiMemoryService: Skipping compaction for process 9315, anon RSS is too small 0 KB
4166-12-03 14:01:21.793  1822  2672 I MiuiMemoryService: Skipping compaction for process 13852, anon RSS is too small 0 KB
4167-12-03 14:01:21.793  1822  2672 I MiuiMemoryService: Skipping compaction for process 13859, anon RSS is too small 0 KB
4168-12-03 14:01:21.794  1822  2672 I MiuiMemoryService: Skipping compaction for process 4470, anon RSS is too small 0 KB
4169-12-03 14:01:21.794  1822  2672 I MiuiMemoryService: Skipping compaction for process 13870, anon RSS is too small 0 KB
4170-12-03 14:01:21.794  1822  2672 I MiuiMemoryService: Skipping compaction for process 6824, anon RSS is too small 0 KB
4171-12-03 14:01:21.795  1822  2672 I MiuiMemoryService: Skipping compaction for process 5697, anon RSS is too small 0 KB
4172-12-03 14:01:21.795  1822  2672 I MiuiMemoryService: Skipping compaction for process 3646, anon RSS is too small 0 KB
4173-12-03 14:01:21.796  1822  2672 I MiuiMemoryService: Skipping compaction for process 13885, anon RSS is too small 2980 KB
4174-12-03 14:01:21.796  1822  2672 I MiuiMemoryService: Skipping compaction for process 31246, anon RSS is too small 0 KB
4175-12-03 14:01:21.796  1822  2672 I MiuiMemoryService: Skipping compaction for process 13834, anon RSS is too small 2036 KB
4176-12-03 14:01:21.797  1822  2672 I MiuiMemoryService: Skipping compaction for process 2222, anon RSS is too small 0 KB
4177-12-03 14:01:21.798  1822  2672 I MiuiMemoryService: Skipping compaction for process 12701, anon RSS is too small 2256 KB
4178-12-03 14:01:21.799  1822  2672 I MiuiMemoryService: Skipping compaction for process 27173, anon RSS is too small 0 KB
4179-12-03 14:01:21.800  1822  2672 I MiuiMemoryService: Skipping compaction for process 30781, anon RSS is too small 1932 KB
4180-12-03 14:01:21.801  1822  2672 I MiuiMemoryService: Skipping compaction for process 13860, anon RSS is too small 0 KB
4181-12-03 14:01:21.801  1822  2672 I MiuiMemoryService: Skipping compaction for process 4538, anon RSS is too small 0 KB
4182-12-03 14:01:21.803  1822  2672 I MiuiMemoryService: Skipping compaction for process 23275, full RSS is too small 0 KB
4183-12-03 14:01:22.250  1822  3200 D CompatibilityChangeReporter: Compat change id reported: 319212206; UID 10819; state: ENABLED
4184-12-03 14:01:22.297  1822  3200 D BiometricService: canAuthenticate: User=0, Caller=0, Authenticators=33023
4185-12-03 14:01:22.298  1822  3200 D BiometricService/PreAuthInfo: Package: com.linkedin.android Sensor ID: 0 Modality: 2 Status: 1
4186-12-03 14:01:22.298  1822  3200 D BiometricService/PreAuthInfo: getCanAuthenticateInternal Modality: 3 AuthenticatorStatus: 1
4187-12-03 14:01:22.298  1822  3200 D AuthService: canAuthenticate, userId: 0, callingUserId: 0, authenticators: 33023, result: 0
4188:12-03 14:01:22.567  6224  6224 W Looper  : PerfMonitor longMsg : seq=2 plan=14:01:21.174 late=1ms wall=1391ms h=android.app.ActivityThread$H w=110 procState=-1
4189-12-03 14:01:22.579  6224  6224 D FramePredict: FramePredict init: false
4190:12-03 14:01:22.582  6224  6224 W Looper  : PerfMonitor doFrame : time=11ms vsyncFrame=0 latency=606ms procState=-1 historyMsgCount=3 (msgIndex=1 wall=1391ms seq=2 late=1ms h=android.app.ActivityThread$H w=110)
4191-12-03 14:01:22.603  1822  3200 D PackageManager: set app component=ComponentInfo{com.linkedin.android/com.linkedin.android.messaging.MessagingNotificationReceiver} enabled state: 1 from null,uid=10819,pid=6224
4192-12-03 14:01:22.829  1822  6207 I ActivityManager: Killing 4489:com.google.process.gservices/u0a205 (adj 975): empty #9
4193-12-03 14:01:22.859  1822  2642 E ProcessManager: error write exception log
4194-12-03 14:01:22.862  1822  3200 I ActivityManager: Killing 5267:android.process.acore/u0a118 (adj 985): empty #9
4195-12-03 14:01:22.899  1822  2642 E ProcessManager: error write exception log
4196-12-03 14:01:22.947  1822  1854 D CompatibilityChangeReporter: Compat change id reported: 194532703; UID 10819; state: ENABLED
4197-12-03 14:01:23.915  1822  2672 W MiuiMemoryService: org.telegram.messenger protect, compaction skipped.
4198-12-03 14:01:23.915  1822  2672 W MiuiMemoryService: android.process.acore changed, compaction skipped.
4199-12-03 14:01:24.022  1822  2672 W MiuiMemoryService: com.netflix.mediaclient protect, compaction skipped.
4200-12-03 14:01:24.163  1822  2672 W MiuiMemoryService: com.android.vending protect, compaction skipped.
4201-12-03 14:01:24.243  1822  2672 W MiuiMemoryService: com.google.process.gservices changed, compaction skipped.
4202-12-03 14:01:24.290  1822  2672 W MiuiMemoryService: com.google.android.tts protect, compaction skipped.
4203-12-03 14:01:24.290  1822  2672 W MiuiMemoryService: com.google.android.adservices.api protect, compaction skipped.
4204-12-03 14:01:24.290  1822  2672 W MiuiMemoryService: com.whatsapp.w4b protect, compaction skipped.
4205-12-03 14:01:24.291  1822  2672 W MiuiMemoryService: com.google.android.googlequicksearchbox:googleapp protect, compaction skipped.
4206-12-03 14:01:24.291  1822  2672 I MiuiMemoryService: Compact processes success! Compact mode: 2
4207-12-03 14:01:24.291  1822  2672 W Looper  : PerfMonitor longMsg : seq=6885 plan=14:01:21.790 late=0ms wall=2501ms h=com.android.server.am.MiuiMemReclaimer$CompactorHandler w=102 procState=-1
4208-12-03 14:01:25.610  1822  2676 I SmartPower.com.linkedin.android/10819(6224): background->idle(4447ms) R(service end com.linkedin.android/.notifications.push.NotificationListenerService) adj=905.
4209-12-03 14:01:25.771  1822  3200 I InstallationTiming: beginInstall_sessionId: 1927412660
4210-12-03 14:01:26.094  1822  2189 E PackageManager: ERROR: could not load root hash from incremental install
4211-12-03 14:01:26.149  1822  2189 I PackageManager: Integrity check passed for file:///data/app/vmdl1927412660.tmp
4212-12-03 14:01:26.589  1822  3083 D CompatibilityChangeReporter: Compat change id reported: 135634846; UID 99318; state: DISABLED
4213-12-03 14:01:26.589  1822  3083 D CompatibilityChangeReporter: Compat change id reported: 177438394; UID 99318; state: DISABLED
4214-12-03 14:01:26.589  1822  3083 D CompatibilityChangeReporter: Compat change id reported: 135772972; UID 99318; state: DISABLED
4215-12-03 14:01:26.589  1822  3083 D CompatibilityChangeReporter: Compat change id reported: 135754954; UID 99318; state: ENABLED
4216-12-03 14:01:26.591  1822  2059 D CompatibilityChangeReporter: Compat change id reported: 143937733; UID 10206; state: ENABLED
4217-12-03 14:01:26.605  1822  2059 D Boost   : hostingType=service, hostingName={com.android.vending/com.google.android.finsky.verifier.apkanalysis.service.ApkContentsScanService}, callerPackage=com.android.vending, isSystem=true, isBoostNeeded=false.
4218-12-03 14:01:26.606  1822  2059 I ActivityManager: Start proc 6368:com.android.vending:com.google.android.finsky.verifier.apkanalysis.service.ApkContentsScanService/u0i318 for service {com.android.vending/com.google.android.finsky.verifier.apkanalysis.service.ApkContentsScanService} caller=com.android.vending
4219-12-03 14:01:26.850  6368  6368 E ForceDarkHelperStubImpl: getForceDarkOriginState transact failed , mService: null
4220-12-03 14:01:28.298  2965  3444 D vol.VolumeDialogControl: onRemoteUpdate: stream: 113 volume: 8
4221-12-03 14:01:28.308  1822  6539 W ActivityManager: Unable to start service Intent { pkg=com.milink.service cmp=com.milink.service/com.miui.miplay.audio.service.CoreService (has extras) } U=0: not found
4222-12-03 14:01:28.676  1822  6539 I ActivityManager: Killing 6368:com.android.vending:com.google.android.finsky.verifier.apkanalysis.service.ApkContentsScanService/u0a206i318 (adj 0): isolated not needed
4223-12-03 14:01:28.789  1822  2088 E KernelCpuSpeedReader: Failed to read cpu-freq: /sys/devices/system/cpu/cpu4512000/cpufreq/stats/time_in_state: open failed: ENOENT (No such file or directory)
4224-12-03 14:01:28.790  1822  2088 E KernelCpuSpeedReader: Failed to read cpu-freq: /sys/devices/system/cpu/cpu2707200/cpufreq/stats/time_in_state: open failed: ENOENT (No such file or directory)
4225-12-03 14:01:28.790  1822  2088 E KernelCpuSpeedReader: Failed to read cpu-freq: /sys/devices/system/cpu/cpu1190400/cpufreq/stats/time_in_state: open failed: ENOENT (No such file or directory)
4226-12-03 14:01:28.790  1822  2088 E KernelCpuSpeedReader: Failed to read cpu-freq: /sys/devices/system/cpu/cpu0/cpufreq/stats/time_in_state: open failed: ENOENT (No such file or directory)
4227-12-03 14:01:28.825  1822  2058 I SmartPower.com.google.android.googlequicksearchbox:interactor/10207(4538): idle->background(27046ms) R(broadcast start Intent { act=android.intent.action.BATTERY_CHANGED flg=0x60000010 (has extras) }) adj=100.
4228-12-03 14:01:28.825  1822  2058 I SmartPower.com.whatsapp.w4b/10311(10316): idle->background(27045ms) R(broadcast start Intent { act=android.intent.action.BATTERY_CHANGED flg=0x60000010 (has extras) }) adj=902.
4229-12-03 14:01:28.833  1822  1822 D UiModeManager: updateConfigurationLocked: mDockState=0; mCarMode=false; mCar=false; mPowerSave=false; mComputedNightMode=true; mNightMode=2; uiMode=33
4230-12-03 14:01:29.777  1822  2360 I ActivityTaskManager: START u0 {act=android.intent.action.VIEW flg=0x18000000 cmp=com.miui.securitycenter/com.miui.permcenter.install.AdbInstallActivity (has extras)} from uid 1000 from pid 1822 callingPackage pm
--
4295-12-03 14:01:30.556  1822  2409 E WindowManager: setOnBackInvokedCallback(): No window state for package:com.miui.securitycenter
4296-12-03 14:01:30.557  1822  2058 I ActivityManager: Force stopping com.albacontrol appid=10217 user=-1: installPackageLI
4297-12-03 14:01:30.557  1822  2642 E ProcessManager: error write exception log
4298-12-03 14:01:30.557  1822  2058 D AutoStartManagerService: prepare force stop p:5215 s: 19
4299-12-03 14:01:30.558  1822  2189 I PackageManager: Update package com.albacontrol code path from /data/app/~~GzN3WccNuhZFMoE4vZ-4Vw==/com.albacontrol-MfX6XlOygxZIJf2Yvq6X1A== to /data/app/~~Ws72Hqisrzvp4UW2BXZD2Q==/com.albacontrol-Rrpiejl0HkWjAhJEUX-S5A==; Retain data and using new
4300-12-03 14:01:30.559  1822  2058 I ActivityManager: Killing 5215:com.albacontrol/u0a217 (adj 700): stop com.albacontrol due to installPackageLI
4301-12-03 14:01:30.559  1822  2189 I AppsFilter: interaction: PackageSetting{29a822d com.example.albacontrol.test/10890} -> PackageSetting{482176f com.albacontrol/10217} BLOCKED
4302-12-03 14:01:30.559  1822  2189 I AppsFilter: interaction: PackageSetting{2048cf3 com.fido.asm/10152} -> PackageSetting{482176f com.albacontrol/10217} BLOCKED
4303-12-03 14:01:30.560  1822  2189 I AppsFilter: interaction: PackageSetting{29a822d com.example.albacontrol.test/10890} -> PackageSetting{5d43db0 com.albacontrol/10217} BLOCKED
4304-12-03 14:01:30.560  1822  2189 I AppsFilter: interaction: PackageSetting{2048cf3 com.fido.asm/10152} -> PackageSetting{5d43db0 com.albacontrol/10217} BLOCKED
4305-12-03 14:01:30.561  1822  2409 W WindowManager: Failed looking up window session=Session{5f738a2 6403:1000} callers=com.android.server.wm.WindowManagerService.windowForClientLocked:6466 com.android.server.wm.WindowManagerService.removeWindow:2352 com.android.server.wm.Session.remove:236 
4306-12-03 14:01:30.562  1822  2058 W ActivityTaskManager: Force removing ActivityRecord{94c52e1 u0 com.albacontrol/.MainActivity} t377 f}}: app died, no saved state
4307-12-03 14:01:30.611  1822  2189 I PackageManager: Permission ownership changed. Updating all permissions.
4308-12-03 14:01:30.823  6060  6060 W BpBinder: PerfMonitor binderTransact :  time=260ms interface=android.content.pm.IPackageManager code=190
4309-12-03 14:01:30.823  1822  2045 W UsageStatsService: Unexpected activity event reported! (com.albacontrol/com.albacontrol.MainActivity event : 23 instanceId : 40332999)
4310-12-03 14:01:30.825 30781  6499 W BpBinder: PerfMonitor binderTransact :  time=255ms interface=android.content.pm.IPackageManager code=9
4311-12-03 14:01:30.825  3022  3512 W BpBinder: PerfMonitor binderTransact :  time=257ms interface=android.content.pm.IPackageManager code=11
4312-12-03 14:01:30.827  1822  2019 W Looper  : Slow dispatch took 214ms android.fg h=android.os.Handler c=<recycled PooledLambda@7978fc2> m=0
4313-12-03 14:01:30.828  1822  2019 W Looper  : Slow delivery took 214ms android.fg h=android.os.Handler c=<recycled PooledLambda@4e5aaf0> m=0
4314-12-03 14:01:30.834  1822  2058 D WindowManager: setLockTaskAuth: task=Task{1c60806 #377 type=standard A=10217:com.albacontrol U=0 visible=true visibleRequested=false mode=fullscreen translucent=true sz=1} mLockTaskAuth=LOCK_TASK_AUTH_PINNABLE
4315-12-03 14:01:30.835  1822  2058 D CompatibilityChangeReporter: Compat change id reported: 197654537; UID 1000; state: ENABLED
4316-12-03 14:01:30.839  1822  2019 W Looper  : Drained
4317-12-03 14:01:30.842  6060  6060 D MiuiResolverActivity: updateInitGridView
4318-12-03 14:01:30.842  1049 25005 W BpBinder: PerfMonitor binderTransact :  time=282ms interface=android.app.IActivityManager code=4
4319-12-03 14:01:30.843  1822  2189 W PackageFreezer: Freeze package com.albacontrol about 0.286 seconds for reason: installPackageLI
4320-12-03 14:01:30.843  1822  2189 I InstallationTiming: com.albacontrol|null|5071|65|78|140|0|3666|0
4321-12-03 14:01:30.844  1822  2189 I AppsFilter: interaction: PackageSetting{29a822d com.example.albacontrol.test/10890} -> PackageSetting{5d43db0 com.albacontrol/10217} BLOCKED
4322-12-03 14:01:30.844  1822  2189 I AppsFilter: interaction: PackageSetting{2048cf3 com.fido.asm/10152} -> PackageSetting{5d43db0 com.albacontrol/10217} BLOCKED
4323-12-03 14:01:30.853  6060  6060 D ResolverActivityStubImpl: ResolverActivityInjector: count 36
4324-12-03 14:01:30.854  6060  6060 D ResolverActivityStubImpl: java.lang.Throwable
4325-12-03 14:01:30.854  6060  6060 D ResolverActivityStubImpl: 	at com.android.internal.app.ResolverActivityStubImpl.initGridViews(ResolverActivityStubImpl.java:475)
4326-12-03 14:01:30.854  6060  6060 D ResolverActivityStubImpl: 	at com.android.internal.app.MiuiResolverActivity.updateInitGridView(MiuiResolverActivity.java:2316)
4327-12-03 14:01:30.854  6060  6060 D ResolverActivityStubImpl: 	at com.android.internal.app.ResolverListAdapter$1.onPostExecute(ResolverListAdapter.java:424)
4328-12-03 14:01:30.854  6060  6060 D ResolverActivityStubImpl: 	at com.android.internal.app.ResolverListAdapter$1.onPostExecute(ResolverListAdapter.java:408)
4329-12-03 14:01:30.854  6060  6060 D ResolverActivityStubImpl: 	at android.os.AsyncTask.finish(AsyncTask.java:771)
4330-12-03 14:01:30.854  6060  6060 D ResolverActivityStubImpl: 	at android.os.AsyncTask.-$$Nest$mfinish(Unknown Source:0)
4331-12-03 14:01:30.854  6060  6060 D ResolverActivityStubImpl: 	at android.os.AsyncTask$InternalHandler.handleMessage(AsyncTask.java:788)
4332-12-03 14:01:30.854  6060  6060 D ResolverActivityStubImpl: 	at android.os.Handler.dispatchMessage(Handler.java:106)
4333-12-03 14:01:30.854  6060  6060 D ResolverActivityStubImpl: 	at android.os.Looper.loopOnce(Looper.java:211)
4334-12-03 14:01:30.854  6060  6060 D ResolverActivityStubImpl: 	at android.os.Looper.loop(Looper.java:300)
4335:12-03 14:01:30.854  6060  6060 D ResolverActivityStubImpl: 	at android.app.ActivityThread.main(ActivityThread.java:8503)
4336-12-03 14:01:30.854  6060  6060 D ResolverActivityStubImpl: 	at java.lang.reflect.Method.invoke(Native Method)
4337-12-03 14:01:30.854  6060  6060 D ResolverActivityStubImpl: 	at com.android.internal.os.RuntimeInit$MethodAndArgsCaller.run(RuntimeInit.java:561)
4338-12-03 14:01:30.854  6060  6060 D ResolverActivityStubImpl: 	at com.android.internal.os.ZygoteInit.main(ZygoteInit.java:954)
4339-12-03 14:01:30.854  6060  6060 D ResolverActivityStubImpl: page: 5
4340-12-03 14:01:30.871  7107  7417 W BpBinder: PerfMonitor binderTransact :  time=309ms interface=miui.IProcessManager code=17
4341-12-03 14:01:30.873  1822  2642 E ProcessManager: error write exception log
4342-12-03 14:01:30.883  1822  2023 W ActivityManager: setHasOverlayUi called on unknown pid: 5215
4343-12-03 14:01:30.895  1822  2189 I ActivityManager: Force stopping com.albacontrol appid=10217 user=0: pkg removed
4344-12-03 14:01:30.909  1822  2380 D CompatibilityChangeReporter: Compat change id reported: 218533173; UID 10217; state: ENABLED
4345-12-03 14:01:30.962  1822  2058 I SmartPower.com.miui.home/10103(3022): idle->background(66248ms) R(broadcast start Intent { act=android.intent.action.PACKAGE_REMOVED dat=package: flg=0x4000010 (has extras) }) adj=100.
4346-12-03 14:01:30.968  1822  2058 I SmartPower.com.miui.analytics/10134(12701): idle->background(65756ms) R(broadcast start Intent { act=android.intent.action.PACKAGE_REMOVED dat=package: flg=0x4000010 (has extras) }) adj=100.
4347-12-03 14:01:30.968  1822  2058 I SmartPower.com.google.android.as/10054(13870): idle->background(291305ms) R(broadcast start Intent { act=android.intent.action.PACKAGE_REMOVED dat=package: flg=0x4000010 (has extras) }) adj=100.
4348-12-03 14:01:30.973  1822  2052 I MiuiCompatModePackages: package com.albacontrol updated, removing config
4349-12-03 14:01:30.982  5359  6380 W ContextImpl: Calling a method in the system process without a qualified user: android.app.ContextImpl.bindService:1960 android.content.ContextWrapper.bindService:863 u2.e.m:57 u2.d.f:25 u2.d.a:0 
4350-12-03 14:01:30.984  1822  2058 W BroadcastQueue: Background execution not allowed: receiving Intent { act=android.intent.action.PACKAGE_REMOVED dat=package: flg=0x4000010 (has extras) } to com.lbe.security.miui/com.lbe.security.service.BootReceiver
4351-12-03 14:01:30.984  1822  2058 W BroadcastQueue: Background execution not allowed: receiving Intent { act=android.intent.action.PACKAGE_REMOVED dat=package: flg=0x4000010 (has extras) } to com.android.settings/.search.provider.UpdateReceiver
4352-12-03 14:01:30.984  1822  2058 W BroadcastQueue: Background execution not allowed: receiving Intent { act=android.intent.action.PACKAGE_REMOVED dat=package: flg=0x4000010 (has extras) } to com.android.vending/com.google.android.finsky.packagemonitor.impl.PackageMonitorReceiverImpl$RegisteredReceiver
4353-12-03 14:01:31.006  1822  2189 D PackageInstallerSession: Marking session 1927412660 as applied
4354-12-03 14:01:31.009  6356  6356 W BpBinder: PerfMonitor binderTransact :  time=5255ms interface=android.content.pm.IPackageManager code=1598246212
4355-12-03 14:01:31.037  1822  2058 W BroadcastQueue: Background execution not allowed: receiving Intent { act=android.intent.action.PACKAGE_REMOVED dat=package: flg=0x4000010 (has extras) } to com.android.vending/com.google.android.finsky.packagemonitor.backgroundimpl.BackgroundPackageMonitorReceiverImpl$RegisteredReceiver
4356-12-03 14:01:31.038  6060  6060 W Activity: PerfMonitor: Slow Operation: Activity android/com.android.internal.app.MiuiChooserActivity onStop took 108ms
4357-12-03 14:01:31.038  6060  6060 W Looper  : PerfMonitor looperActivity : package=android/com.android.internal.app.MiuiChooserActivity time=115ms latency=406ms  procState=-1  historyMsgCount=5
4358-12-03 14:01:31.039  6060  6060 W Looper  : PerfMonitor doFrame : time=0ms vsyncFrame=0 latency=491ms procState=-1 historyMsgCount=3
4359-12-03 14:01:31.046  1822  1822 D CompatibilityChangeReporter: Compat change id reported: 135634846; UID 1000; state: DISABLED
