--------- beginning of system
12-05 09:50:59.269 E/ProcessManager( 1829): error write exception log
12-05 09:50:59.375 E/ProcessManager( 1829): error write exception log
12-05 09:51:23.523 E/MiuiActivityController( 1829): MiuiLog-ActivityObserver: There was something wrong : null
12-05 09:51:24.295 E/MiuiActivityController( 1829): MiuiLog-ActivityObserver: There was something wrong : null
12-05 09:51:33.762 E/ActivityThread(28888):  fail in deliverResultsIfNeeded java.lang.NullPointerException: Attempt to invoke virtual method 'java.lang.String android.os.Bundle.getString(java.lang.String)' on a null object reference
12-05 09:51:33.772 E/MiuiActivityController( 1829): MiuiLog-ActivityObserver: There was something wrong : null
12-05 09:51:34.007 E/MiuiActivityController( 1829): MiuiLog-ActivityObserver: There was something wrong : null
12-05 09:51:34.189 E/MiuiActivityController( 1829): MiuiLog-ActivityObserver: There was something wrong : null
12-05 09:51:53.422 E/ProcessManager( 1829): error write exception log
12-05 09:51:53.469 E/ProcessManager( 1829): error write exception log
12-05 09:52:46.846 E/ProcessManager( 1829): error write exception log
12-05 09:52:46.863 E/ProcessManager( 1829): error write exception log
12-05 09:53:45.001 E/MiuiActivityController( 1829): MiuiLog-ActivityObserver: There was something wrong : null
12-05 09:53:45.688 E/MiuiActivityController( 1829): MiuiLog-ActivityObserver: There was something wrong : null
12-05 09:53:50.112 E/MiuiActivityController( 1829): MiuiLog-ActivityObserver: There was something wrong : null
12-05 09:53:50.130 E/MiuiActivityController( 1829): MiuiLog-ActivityObserver: There was something wrong : null
12-05 09:53:50.148 E/MiuiActivityController( 1829): MiuiLog-ActivityObserver: There was something wrong : null
12-05 09:53:50.177 E/ProcessManager( 1829): error write exception log
12-05 09:53:53.387 E/MiuiActivityController( 1829): MiuiLog-ActivityObserver: There was something wrong : null
12-05 09:53:53.606 E/MiuiActivityController( 1829): MiuiLog-ActivityObserver: There was something wrong : null
12-05 09:53:59.228 E/ActivityThread(28888):  fail in deliverResultsIfNeeded java.lang.NullPointerException: Attempt to invoke virtual method 'java.lang.String android.os.Bundle.getString(java.lang.String)' on a null object reference
12-05 09:53:59.236 E/MiuiActivityController( 1829): MiuiLog-ActivityObserver: There was something wrong : null
12-05 09:53:59.385 E/MiuiActivityController( 1829): MiuiLog-ActivityObserver: There was something wrong : null
12-05 09:53:59.492 E/MiuiActivityController( 1829): MiuiLog-ActivityObserver: There was something wrong : null
12-05 09:55:04.565 E/miui_face( 2974): start face unlock fail, mKeyguardShowing =false;isDeviceInteractive =false;isSwitchingUser =false;isKeyguardGoingAway =false
12-05 09:55:04.804 E/KernelCpuSpeedReader( 1829): Failed to read cpu-freq: /sys/devices/system/cpu/cpu4512000/cpufreq/stats/time_in_state: open failed: ENOENT (No such file or directory)
12-05 09:55:04.804 E/KernelCpuSpeedReader( 1829): Failed to read cpu-freq: /sys/devices/system/cpu/cpu2707200/cpufreq/stats/time_in_state: open failed: ENOENT (No such file or directory)
12-05 09:55:04.804 E/KernelCpuSpeedReader( 1829): Failed to read cpu-freq: /sys/devices/system/cpu/cpu1190400/cpufreq/stats/time_in_state: open failed: ENOENT (No such file or directory)
12-05 09:55:04.805 E/KernelCpuSpeedReader( 1829): Failed to read cpu-freq: /sys/devices/system/cpu/cpu0/cpufreq/stats/time_in_state: open failed: ENOENT (No such file or directory)
12-05 09:55:04.812 E/MiuiActivityController( 1829): MiuiLog-ActivityObserver: There was something wrong : null
12-05 09:55:04.933 E/MiuiActivityController( 1829): MiuiLog-ActivityObserver: There was something wrong : null
12-05 09:55:05.215 E/miui_face( 2974): start face unlock fail, mKeyguardShowing =true;isDeviceInteractive =false;isSwitchingUser =false;isKeyguardGoingAway =false
12-05 09:55:05.216 E/miui_face( 2974): start face unlock fail, mKeyguardShowing =true;isDeviceInteractive =false;isSwitchingUser =false;isKeyguardGoingAway =false
12-05 09:55:05.218 E/miui_face( 2974): start face unlock fail, mKeyguardShowing =true;isDeviceInteractive =false;isSwitchingUser =false;isKeyguardGoingAway =false
12-05 09:55:05.446 E/miui_face( 2974): start face unlock fail, mKeyguardShowing =true;isDeviceInteractive =false;isSwitchingUser =false;isKeyguardGoingAway =false
12-05 09:55:05.535 E/AppOps  ( 1829): Bad call made by uid 10269. Package "com.miui.weather2" does not belong to uid 1000.
12-05 09:55:05.545 E/AppOps  ( 1829): Bad call made by uid 10269. Package "com.miui.weather2" does not belong to uid 1000.
12-05 09:55:05.547 E/AppOps  ( 1829): Bad call made by uid 10269. Package "com.miui.weather2" does not belong to uid 1000.
12-05 09:55:05.550 E/AppOps  ( 1829): Bad call made by uid 10269. Package "com.miui.weather2" does not belong to uid 1000.
12-05 09:55:05.553 E/AppOps  ( 1829): Bad call made by uid 10269. Package "com.miui.weather2" does not belong to uid 1000.
12-05 09:58:41.158 E/ProcessManager( 1829): error write exception log
12-05 09:58:41.483 E/ProcessManager( 1829): error write exception log
12-05 09:58:41.822 E/ProcessManager( 1829): error write exception log
12-05 09:58:42.182 E/ProcessManager( 1829): error write exception log
12-05 09:58:42.466 E/ActivityThread(30155): Failed to find provider info for com.facebook.appmanager.nekodirect
12-05 09:58:43.072 E/ProcessManager( 1829): error write exception log
12-05 09:58:43.155 E/ProcessManager( 1829): error write exception log
12-05 09:58:43.207 E/ProcessManager( 1829): error write exception log
12-05 09:58:43.561 E/ProcessManager( 1829): error write exception log
12-05 09:58:43.598 E/ProcessManager( 1829): error write exception log
12-05 09:58:48.465 E/ProcessManager( 1829): error write exception log
12-05 09:58:50.043 E/ProcessManager( 1829): error write exception log
12-05 09:58:53.273 E/ProcessManager( 1829): error write exception log
12-05 09:59:00.532 E/ProcessManager( 1829): error write exception log
12-05 09:59:10.285 E/KernelRpmStatsReader( 7016): Failure in reading rpm stats
12-05 09:59:10.285 E/KernelRpmStatsReader( 7016): java.io.FileNotFoundException: /sys/power/system_sleep/stats: open failed: EACCES (Permission denied)
12-05 09:59:10.285 E/KernelRpmStatsReader( 7016): 	at libcore.io.IoBridge.open(IoBridge.java:574)
12-05 09:59:10.285 E/KernelRpmStatsReader( 7016): 	at java.io.FileInputStream.<init>(FileInputStream.java:179)
12-05 09:59:10.285 E/KernelRpmStatsReader( 7016): 	at java.io.FileInputStream.<init>(FileInputStream.java:133)
12-05 09:59:10.285 E/KernelRpmStatsReader( 7016): 	at com.miui.powerkeeper.utils.KernelRpmStatsReader.readRpmStatsType1(Unknown Source:19)
12-05 09:59:10.285 E/KernelRpmStatsReader( 7016): 	at com.miui.powerkeeper.utils.KernelRpmStatsReader.readRpmStats(Unknown Source:63)
12-05 09:59:10.285 E/KernelRpmStatsReader( 7016): 	at com.miui.powerkeeper.powerchecker.PowerCheckerService.requestKernelRpmStatsUpdate(Unknown Source:4)
12-05 09:59:10.285 E/KernelRpmStatsReader( 7016): 	at com.miui.powerkeeper.powerchecker.PowerCheckerService.addBatteryHistoryRecord(Unknown Source:32)
12-05 09:59:10.285 E/KernelRpmStatsReader( 7016): 	at com.miui.powerkeeper.powerchecker.PowerCheckerService.updateBatteryLevelChanged(Unknown Source:8)
12-05 09:59:10.285 E/KernelRpmStatsReader( 7016): 	at com.miui.powerkeeper.powerchecker.PowerCheckerService.access$2700(Unknown Source:0)
12-05 09:59:10.285 E/KernelRpmStatsReader( 7016): 	at com.miui.powerkeeper.powerchecker.PowerCheckerService$PowerCheckHandler.handleMessage(Unknown Source:124)
12-05 09:59:10.285 E/KernelRpmStatsReader( 7016): 	at android.os.Handler.dispatchMessage(Handler.java:106)
12-05 09:59:10.285 E/KernelRpmStatsReader( 7016): 	at android.os.Looper.loopOnce(Looper.java:211)
12-05 09:59:10.285 E/KernelRpmStatsReader( 7016): 	at android.os.Looper.loop(Looper.java:300)
12-05 09:59:10.285 E/KernelRpmStatsReader( 7016): 	at android.os.HandlerThread.run(HandlerThread.java:67)
12-05 09:59:10.285 E/KernelRpmStatsReader( 7016): Caused by: android.system.ErrnoException: open failed: EACCES (Permission denied)
12-05 09:59:10.285 E/KernelRpmStatsReader( 7016): 	at libcore.io.Linux.open(Native Method)
12-05 09:59:10.285 E/KernelRpmStatsReader( 7016): 	at libcore.io.ForwardingOs.open(ForwardingOs.java:568)
12-05 09:59:10.285 E/KernelRpmStatsReader( 7016): 	at libcore.io.BlockGuardOs.open(BlockGuardOs.java:274)
12-05 09:59:10.285 E/KernelRpmStatsReader( 7016): 	at libcore.io.ForwardingOs.open(ForwardingOs.java:568)
12-05 09:59:10.285 E/KernelRpmStatsReader( 7016): 	at android.app.ActivityThread$AndroidOs.open(ActivityThread.java:8381)
12-05 09:59:10.285 E/KernelRpmStatsReader( 7016): 	at libcore.io.IoBridge.open(IoBridge.java:560)
12-05 09:59:10.285 E/KernelRpmStatsReader( 7016): 	... 13 more
12-05 09:59:41.505 E/KernelCpuSpeedReader( 1829): Failed to read cpu-freq: /sys/devices/system/cpu/cpu4512000/cpufreq/stats/time_in_state: open failed: ENOENT (No such file or directory)
12-05 09:59:41.505 E/KernelCpuSpeedReader( 1829): Failed to read cpu-freq: /sys/devices/system/cpu/cpu2707200/cpufreq/stats/time_in_state: open failed: ENOENT (No such file or directory)
12-05 09:59:41.505 E/KernelCpuSpeedReader( 1829): Failed to read cpu-freq: /sys/devices/system/cpu/cpu1190400/cpufreq/stats/time_in_state: open failed: ENOENT (No such file or directory)
12-05 09:59:41.505 E/KernelCpuSpeedReader( 1829): Failed to read cpu-freq: /sys/devices/system/cpu/cpu0/cpufreq/stats/time_in_state: open failed: ENOENT (No such file or directory)
12-05 09:59:50.124 E/ContentProviderHelper( 1829): Existing provider com.google.android.gsf/.gservices.GservicesProvider is crashing; detaching ProcessRecord{8cfb1ac 30832:com.android.vending:background/u0a206}
12-05 09:59:50.148 E/ProcessManager( 1829): error write exception log
12-05 09:59:55.155 E/ProcessManager( 1829): error write exception log
12-05 10:02:57.995 E/ShortcutService( 1829): Invalid icon type in shortcut 120363404406844701@g.us. Bitmaps are not allowed in long-lived shortcuts. Use Resource icons, or Uri-based icons instead.
12-05 10:03:09.599 E/KernelCpuSpeedReader( 1829): Failed to read cpu-freq: /sys/devices/system/cpu/cpu4512000/cpufreq/stats/time_in_state: open failed: ENOENT (No such file or directory)
12-05 10:03:09.599 E/KernelCpuSpeedReader( 1829): Failed to read cpu-freq: /sys/devices/system/cpu/cpu2707200/cpufreq/stats/time_in_state: open failed: ENOENT (No such file or directory)
12-05 10:03:09.599 E/KernelCpuSpeedReader( 1829): Failed to read cpu-freq: /sys/devices/system/cpu/cpu1190400/cpufreq/stats/time_in_state: open failed: ENOENT (No such file or directory)
12-05 10:03:09.600 E/KernelCpuSpeedReader( 1829): Failed to read cpu-freq: /sys/devices/system/cpu/cpu0/cpufreq/stats/time_in_state: open failed: ENOENT (No such file or directory)
12-05 10:03:09.629 E/VibratorManagerService( 1829): Vibrate ignored, not vibrating for ringtones or notify for MIUI
12-05 10:03:18.298 E/KernelCpuSpeedReader( 1829): Failed to read cpu-freq: /sys/devices/system/cpu/cpu4512000/cpufreq/stats/time_in_state: open failed: ENOENT (No such file or directory)
12-05 10:03:18.298 E/KernelCpuSpeedReader( 1829): Failed to read cpu-freq: /sys/devices/system/cpu/cpu2707200/cpufreq/stats/time_in_state: open failed: ENOENT (No such file or directory)
12-05 10:03:18.299 E/KernelCpuSpeedReader( 1829): Failed to read cpu-freq: /sys/devices/system/cpu/cpu1190400/cpufreq/stats/time_in_state: open failed: ENOENT (No such file or directory)
12-05 10:03:18.299 E/KernelCpuSpeedReader( 1829): Failed to read cpu-freq: /sys/devices/system/cpu/cpu0/cpufreq/stats/time_in_state: open failed: ENOENT (No such file or directory)
12-05 10:03:18.508 E/ProcessManager( 1829): error write exception log
12-05 10:03:53.017 E/ActivityManager( 1829): Cancel pending or running compactions as system is awake
12-05 10:03:53.071 E/KernelCpuSpeedReader( 1829): Failed to read cpu-freq: /sys/devices/system/cpu/cpu4512000/cpufreq/stats/time_in_state: open failed: ENOENT (No such file or directory)
12-05 10:03:53.072 E/KernelCpuSpeedReader( 1829): Failed to read cpu-freq: /sys/devices/system/cpu/cpu2707200/cpufreq/stats/time_in_state: open failed: ENOENT (No such file or directory)
12-05 10:03:53.072 E/KernelCpuSpeedReader( 1829): Failed to read cpu-freq: /sys/devices/system/cpu/cpu1190400/cpufreq/stats/time_in_state: open failed: ENOENT (No such file or directory)
12-05 10:03:53.072 E/KernelCpuSpeedReader( 1829): Failed to read cpu-freq: /sys/devices/system/cpu/cpu0/cpufreq/stats/time_in_state: open failed: ENOENT (No such file or directory)
12-05 10:03:53.152 E/KernelCpuSpeedReader( 1829): Failed to read cpu-freq: /sys/devices/system/cpu/cpu4512000/cpufreq/stats/time_in_state: open failed: ENOENT (No such file or directory)
12-05 10:03:53.152 E/KernelCpuSpeedReader( 1829): Failed to read cpu-freq: /sys/devices/system/cpu/cpu2707200/cpufreq/stats/time_in_state: open failed: ENOENT (No such file or directory)
12-05 10:03:53.153 E/KernelCpuSpeedReader( 1829): Failed to read cpu-freq: /sys/devices/system/cpu/cpu1190400/cpufreq/stats/time_in_state: open failed: ENOENT (No such file or directory)
12-05 10:03:53.153 E/KernelCpuSpeedReader( 1829): Failed to read cpu-freq: /sys/devices/system/cpu/cpu0/cpufreq/stats/time_in_state: open failed: ENOENT (No such file or directory)
12-05 10:03:53.154 E/AppOps  ( 1829): Bad call made by uid 1002. Package "com.google.android.gms" does not belong to uid 1002.
12-05 10:03:53.286 E/ProcessManager( 1829): error write exception log
12-05 10:03:53.405 E/AppOps  ( 1829): Bad call made by uid 10269. Package "com.miui.weather2" does not belong to uid 1000.
12-05 10:03:53.419 E/AppOps  ( 1829): Bad call made by uid 10269. Package "com.miui.weather2" does not belong to uid 1000.
12-05 10:03:53.425 E/AppOps  ( 1829): Bad call made by uid 10269. Package "com.miui.weather2" does not belong to uid 1000.
12-05 10:03:53.431 E/AppOps  ( 1829): Bad call made by uid 10269. Package "com.miui.weather2" does not belong to uid 1000.
12-05 10:03:53.436 E/AppOps  ( 1829): Bad call made by uid 10269. Package "com.miui.weather2" does not belong to uid 1000.
12-05 10:03:53.636 E/ProcessManager( 1829): error write exception log
12-05 10:03:53.789 E/ProcessManager( 1829): error write exception log
12-05 10:03:54.124 E/ProcessManager( 1829): error write exception log
12-05 10:04:02.481 E/MiuiActivityController( 1829): MiuiLog-ActivityObserver: There was something wrong : null
12-05 10:04:02.706 E/AppOps  ( 1829): Bad call made by uid 1002. Package "com.google.android.gms" does not belong to uid 1002.
12-05 10:04:02.760 E/keystore2(  606): keystore2::error: In create_operation.
12-05 10:04:02.760 E/keystore2(  606): 
12-05 10:04:02.760 E/keystore2(  606): Caused by:
12-05 10:04:02.760 E/keystore2(  606):     0: In authorize_create: matching auth token is expired.
12-05 10:04:02.760 E/keystore2(  606):     1: Error::Km(ErrorCode(-26))
12-05 10:04:03.487 E/miui_face( 2974): start face unlock fail, mKeyguardShowing =false;isDeviceInteractive =false;isSwitchingUser =false;isKeyguardGoingAway =false
12-05 10:04:03.673 E/MiuiActivityController( 1829): MiuiLog-ActivityObserver: There was something wrong : null
12-05 10:04:03.718 E/KernelCpuSpeedReader( 1829): Failed to read cpu-freq: /sys/devices/system/cpu/cpu0/cpufreq/stats/time_in_state: open failed: ENOENT (No such file or directory)
12-05 10:04:03.719 E/KernelCpuSpeedReader( 1829): Failed to read cpu-freq: /sys/devices/system/cpu/cpu1190400/cpufreq/stats/time_in_state: open failed: ENOENT (No such file or directory)
12-05 10:04:03.719 E/KernelCpuSpeedReader( 1829): Failed to read cpu-freq: /sys/devices/system/cpu/cpu2707200/cpufreq/stats/time_in_state: open failed: ENOENT (No such file or directory)
12-05 10:04:03.719 E/KernelCpuSpeedReader( 1829): Failed to read cpu-freq: /sys/devices/system/cpu/cpu4512000/cpufreq/stats/time_in_state: open failed: ENOENT (No such file or directory)
12-05 10:04:03.756 E/MiuiActivityController( 1829): MiuiLog-ActivityObserver: There was something wrong : null
12-05 10:04:03.992 E/miui_face( 2974): start face unlock fail, mKeyguardShowing =true;isDeviceInteractive =false;isSwitchingUser =false;isKeyguardGoingAway =false
12-05 10:04:03.995 E/miui_face( 2974): start face unlock fail, mKeyguardShowing =true;isDeviceInteractive =false;isSwitchingUser =false;isKeyguardGoingAway =false
12-05 10:04:03.998 E/miui_face( 2974): start face unlock fail, mKeyguardShowing =true;isDeviceInteractive =false;isSwitchingUser =false;isKeyguardGoingAway =false
12-05 10:04:04.130 E/miui_face( 2974): start face unlock fail, mKeyguardShowing =true;isDeviceInteractive =false;isSwitchingUser =false;isKeyguardGoingAway =false
12-05 10:04:04.218 E/AppOps  ( 1829): Bad call made by uid 10269. Package "com.miui.weather2" does not belong to uid 1000.
12-05 10:04:04.219 E/AppOps  ( 1829): Bad call made by uid 10269. Package "com.miui.weather2" does not belong to uid 1000.
12-05 10:04:04.220 E/AppOps  ( 1829): Bad call made by uid 10269. Package "com.miui.weather2" does not belong to uid 1000.
12-05 10:04:04.221 E/AppOps  ( 1829): Bad call made by uid 10269. Package "com.miui.weather2" does not belong to uid 1000.
12-05 10:04:04.222 E/AppOps  ( 1829): Bad call made by uid 10269. Package "com.miui.weather2" does not belong to uid 1000.
12-05 10:04:06.441 E/ActivityManager( 1829): Cancel pending or running compactions as system is awake
12-05 10:04:06.469 E/KernelCpuSpeedReader( 1829): Failed to read cpu-freq: /sys/devices/system/cpu/cpu0/cpufreq/stats/time_in_state: open failed: ENOENT (No such file or directory)
12-05 10:04:06.469 E/KernelCpuSpeedReader( 1829): Failed to read cpu-freq: /sys/devices/system/cpu/cpu1190400/cpufreq/stats/time_in_state: open failed: ENOENT (No such file or directory)
12-05 10:04:06.469 E/KernelCpuSpeedReader( 1829): Failed to read cpu-freq: /sys/devices/system/cpu/cpu2707200/cpufreq/stats/time_in_state: open failed: ENOENT (No such file or directory)
12-05 10:04:06.469 E/KernelCpuSpeedReader( 1829): Failed to read cpu-freq: /sys/devices/system/cpu/cpu4512000/cpufreq/stats/time_in_state: open failed: ENOENT (No such file or directory)
12-05 10:04:06.498 E/AppOps  ( 1829): Bad call made by uid 1002. Package "com.google.android.gms" does not belong to uid 1002.
12-05 10:04:06.500 E/miui_face( 2974): start face unlock fail charge animation showing
12-05 10:04:06.524 E/miui_face( 2974): start face unlock fail charge animation showing
12-05 10:04:06.526 E/miui_face( 2974): start face unlock fail charge animation showing
12-05 10:04:06.548 E/AppOps  ( 1829): Bad call made by uid 10269. Package "com.miui.weather2" does not belong to uid 1000.
12-05 10:04:06.556 E/KernelCpuSpeedReader( 1829): Failed to read cpu-freq: /sys/devices/system/cpu/cpu0/cpufreq/stats/time_in_state: open failed: ENOENT (No such file or directory)
12-05 10:04:06.556 E/KernelCpuSpeedReader( 1829): Failed to read cpu-freq: /sys/devices/system/cpu/cpu1190400/cpufreq/stats/time_in_state: open failed: ENOENT (No such file or directory)
12-05 10:04:06.556 E/KernelCpuSpeedReader( 1829): Failed to read cpu-freq: /sys/devices/system/cpu/cpu2707200/cpufreq/stats/time_in_state: open failed: ENOENT (No such file or directory)
12-05 10:04:06.557 E/KernelCpuSpeedReader( 1829): Failed to read cpu-freq: /sys/devices/system/cpu/cpu4512000/cpufreq/stats/time_in_state: open failed: ENOENT (No such file or directory)
12-05 10:04:06.560 E/AppOps  ( 1829): Bad call made by uid 10269. Package "com.miui.weather2" does not belong to uid 1000.
12-05 10:04:06.566 E/AppOps  ( 1829): Bad call made by uid 10269. Package "com.miui.weather2" does not belong to uid 1000.
12-05 10:04:06.569 E/AppOps  ( 1829): Bad call made by uid 10269. Package "com.miui.weather2" does not belong to uid 1000.
12-05 10:04:06.573 E/AppOps  ( 1829): Bad call made by uid 10269. Package "com.miui.weather2" does not belong to uid 1000.
12-05 10:04:07.002 E/AppOps  ( 1829): attributionTag  not declared in manifest of android
12-05 10:04:07.005 E/AppOps  ( 1829): attributionTag  not declared in manifest of android
12-05 10:04:07.009 E/AppOps  ( 1829): attributionTag  not declared in manifest of android
12-05 10:04:26.258 E/miui_face( 2974): start face unlock fail, mKeyguardShowing =true;isDeviceInteractive =false;isSwitchingUser =false;isKeyguardGoingAway =false
12-05 10:04:26.259 E/miui_face( 2974): start face unlock fail, mKeyguardShowing =true;isDeviceInteractive =false;isSwitchingUser =false;isKeyguardGoingAway =false
12-05 10:04:26.454 E/KernelCpuSpeedReader( 1829): Failed to read cpu-freq: /sys/devices/system/cpu/cpu4512000/cpufreq/stats/time_in_state: open failed: ENOENT (No such file or directory)
12-05 10:04:26.454 E/KernelCpuSpeedReader( 1829): Failed to read cpu-freq: /sys/devices/system/cpu/cpu2707200/cpufreq/stats/time_in_state: open failed: ENOENT (No such file or directory)
12-05 10:04:26.454 E/KernelCpuSpeedReader( 1829): Failed to read cpu-freq: /sys/devices/system/cpu/cpu1190400/cpufreq/stats/time_in_state: open failed: ENOENT (No such file or directory)
12-05 10:04:26.454 E/KernelCpuSpeedReader( 1829): Failed to read cpu-freq: /sys/devices/system/cpu/cpu0/cpufreq/stats/time_in_state: open failed: ENOENT (No such file or directory)
12-05 10:04:26.706 E/miui_face( 2974): start face unlock fail, mKeyguardShowing =true;isDeviceInteractive =false;isSwitchingUser =false;isKeyguardGoingAway =false
12-05 10:04:26.788 E/AppOps  ( 1829): Bad call made by uid 10269. Package "com.miui.weather2" does not belong to uid 1000.
12-05 10:04:26.789 E/AppOps  ( 1829): Bad call made by uid 10269. Package "com.miui.weather2" does not belong to uid 1000.
12-05 10:04:26.790 E/AppOps  ( 1829): Bad call made by uid 10269. Package "com.miui.weather2" does not belong to uid 1000.
12-05 10:04:26.794 E/AppOps  ( 1829): Bad call made by uid 10269. Package "com.miui.weather2" does not belong to uid 1000.
12-05 10:04:26.795 E/AppOps  ( 1829): Bad call made by uid 10269. Package "com.miui.weather2" does not belong to uid 1000.
12-05 10:04:26.830 E/miui_face( 2974): start face unlock fail, mKeyguardShowing =true;isDeviceInteractive =false;isSwitchingUser =false;isKeyguardGoingAway =false
12-05 10:04:28.056 E/ActivityManager( 1829): Cancel pending or running compactions as system is awake
12-05 10:04:28.089 E/KernelCpuSpeedReader( 1829): Failed to read cpu-freq: /sys/devices/system/cpu/cpu4512000/cpufreq/stats/time_in_state: open failed: ENOENT (No such file or directory)
12-05 10:04:28.089 E/KernelCpuSpeedReader( 1829): Failed to read cpu-freq: /sys/devices/system/cpu/cpu2707200/cpufreq/stats/time_in_state: open failed: ENOENT (No such file or directory)
12-05 10:04:28.090 E/KernelCpuSpeedReader( 1829): Failed to read cpu-freq: /sys/devices/system/cpu/cpu1190400/cpufreq/stats/time_in_state: open failed: ENOENT (No such file or directory)
12-05 10:04:28.090 E/KernelCpuSpeedReader( 1829): Failed to read cpu-freq: /sys/devices/system/cpu/cpu0/cpufreq/stats/time_in_state: open failed: ENOENT (No such file or directory)
12-05 10:04:28.119 E/AppOps  ( 1829): Bad call made by uid 1002. Package "com.google.android.gms" does not belong to uid 1002.
12-05 10:04:28.149 E/AppOps  ( 1829): Bad call made by uid 10269. Package "com.miui.weather2" does not belong to uid 1000.
12-05 10:04:28.158 E/AppOps  ( 1829): Bad call made by uid 10269. Package "com.miui.weather2" does not belong to uid 1000.
12-05 10:04:28.161 E/AppOps  ( 1829): Bad call made by uid 10269. Package "com.miui.weather2" does not belong to uid 1000.
12-05 10:04:28.163 E/AppOps  ( 1829): Bad call made by uid 10269. Package "com.miui.weather2" does not belong to uid 1000.
12-05 10:04:28.164 E/AppOps  ( 1829): Bad call made by uid 10269. Package "com.miui.weather2" does not belong to uid 1000.
12-05 10:04:38.086 E/miui_face( 2974): start face unlock fail, mKeyguardShowing =true;isDeviceInteractive =false;isSwitchingUser =false;isKeyguardGoingAway =false
12-05 10:04:38.087 E/miui_face( 2974): start face unlock fail, mKeyguardShowing =true;isDeviceInteractive =false;isSwitchingUser =false;isKeyguardGoingAway =false
12-05 10:04:38.175 E/ProcessManager( 1829): error write exception log
12-05 10:04:38.271 E/KernelCpuSpeedReader( 1829): Failed to read cpu-freq: /sys/devices/system/cpu/cpu4512000/cpufreq/stats/time_in_state: open failed: ENOENT (No such file or directory)
12-05 10:04:38.271 E/KernelCpuSpeedReader( 1829): Failed to read cpu-freq: /sys/devices/system/cpu/cpu2707200/cpufreq/stats/time_in_state: open failed: ENOENT (No such file or directory)
12-05 10:04:38.272 E/KernelCpuSpeedReader( 1829): Failed to read cpu-freq: /sys/devices/system/cpu/cpu1190400/cpufreq/stats/time_in_state: open failed: ENOENT (No such file or directory)
12-05 10:04:38.272 E/KernelCpuSpeedReader( 1829): Failed to read cpu-freq: /sys/devices/system/cpu/cpu0/cpufreq/stats/time_in_state: open failed: ENOENT (No such file or directory)
12-05 10:04:38.542 E/miui_face( 2974): start face unlock fail, mKeyguardShowing =true;isDeviceInteractive =false;isSwitchingUser =false;isKeyguardGoingAway =false
12-05 10:04:38.613 E/AppOps  ( 1829): Bad call made by uid 10269. Package "com.miui.weather2" does not belong to uid 1000.
12-05 10:04:38.614 E/AppOps  ( 1829): Bad call made by uid 10269. Package "com.miui.weather2" does not belong to uid 1000.
12-05 10:04:38.617 E/AppOps  ( 1829): Bad call made by uid 10269. Package "com.miui.weather2" does not belong to uid 1000.
12-05 10:04:38.624 E/AppOps  ( 1829): Bad call made by uid 10269. Package "com.miui.weather2" does not belong to uid 1000.
12-05 10:04:38.625 E/AppOps  ( 1829): Bad call made by uid 10269. Package "com.miui.weather2" does not belong to uid 1000.
12-05 10:04:38.649 E/miui_face( 2974): start face unlock fail, mKeyguardShowing =true;isDeviceInteractive =false;isSwitchingUser =false;isKeyguardGoingAway =false
12-05 10:04:54.897 E/ProcessManager( 1829): error write exception log
12-05 10:05:44.517 E/ProcessManager( 1829): error write exception log
12-05 10:05:51.332 E/VibratorManagerService( 1829): Vibrate ignored, not vibrating for ringtones or notify for MIUI
12-05 10:05:51.332 E/KernelCpuSpeedReader( 1829): Failed to read cpu-freq: /sys/devices/system/cpu/cpu4512000/cpufreq/stats/time_in_state: open failed: ENOENT (No such file or directory)
12-05 10:05:51.332 E/KernelCpuSpeedReader( 1829): Failed to read cpu-freq: /sys/devices/system/cpu/cpu2707200/cpufreq/stats/time_in_state: open failed: ENOENT (No such file or directory)
12-05 10:05:51.333 E/KernelCpuSpeedReader( 1829): Failed to read cpu-freq: /sys/devices/system/cpu/cpu1190400/cpufreq/stats/time_in_state: open failed: ENOENT (No such file or directory)
12-05 10:05:51.333 E/KernelCpuSpeedReader( 1829): Failed to read cpu-freq: /sys/devices/system/cpu/cpu0/cpufreq/stats/time_in_state: open failed: ENOENT (No such file or directory)
12-05 10:06:00.024 E/KernelCpuSpeedReader( 1829): Failed to read cpu-freq: /sys/devices/system/cpu/cpu4512000/cpufreq/stats/time_in_state: open failed: ENOENT (No such file or directory)
12-05 10:06:00.025 E/KernelCpuSpeedReader( 1829): Failed to read cpu-freq: /sys/devices/system/cpu/cpu2707200/cpufreq/stats/time_in_state: open failed: ENOENT (No such file or directory)
12-05 10:06:00.025 E/KernelCpuSpeedReader( 1829): Failed to read cpu-freq: /sys/devices/system/cpu/cpu1190400/cpufreq/stats/time_in_state: open failed: ENOENT (No such file or directory)
12-05 10:06:00.025 E/KernelCpuSpeedReader( 1829): Failed to read cpu-freq: /sys/devices/system/cpu/cpu0/cpufreq/stats/time_in_state: open failed: ENOENT (No such file or directory)
12-05 10:06:34.972 E/KernelRpmStatsReader( 7016): Failure in reading rpm stats
12-05 10:06:34.972 E/KernelRpmStatsReader( 7016): java.io.FileNotFoundException: /sys/power/system_sleep/stats: open failed: EACCES (Permission denied)
12-05 10:06:34.972 E/KernelRpmStatsReader( 7016): 	at libcore.io.IoBridge.open(IoBridge.java:574)
12-05 10:06:34.972 E/KernelRpmStatsReader( 7016): 	at java.io.FileInputStream.<init>(FileInputStream.java:179)
12-05 10:06:34.972 E/KernelRpmStatsReader( 7016): 	at java.io.FileInputStream.<init>(FileInputStream.java:133)
12-05 10:06:34.972 E/KernelRpmStatsReader( 7016): 	at com.miui.powerkeeper.utils.KernelRpmStatsReader.readRpmStatsType1(Unknown Source:19)
12-05 10:06:34.972 E/KernelRpmStatsReader( 7016): 	at com.miui.powerkeeper.utils.KernelRpmStatsReader.readRpmStats(Unknown Source:63)
12-05 10:06:34.972 E/KernelRpmStatsReader( 7016): 	at com.miui.powerkeeper.powerchecker.PowerCheckerService.requestKernelRpmStatsUpdate(Unknown Source:4)
12-05 10:06:34.972 E/KernelRpmStatsReader( 7016): 	at com.miui.powerkeeper.powerchecker.PowerCheckerService.addBatteryHistoryRecord(Unknown Source:32)
12-05 10:06:34.972 E/KernelRpmStatsReader( 7016): 	at com.miui.powerkeeper.powerchecker.PowerCheckerService.updateBatteryLevelChanged(Unknown Source:8)
12-05 10:06:34.972 E/KernelRpmStatsReader( 7016): 	at com.miui.powerkeeper.powerchecker.PowerCheckerService.access$2700(Unknown Source:0)
12-05 10:06:34.972 E/KernelRpmStatsReader( 7016): 	at com.miui.powerkeeper.powerchecker.PowerCheckerService$PowerCheckHandler.handleMessage(Unknown Source:124)
12-05 10:06:34.972 E/KernelRpmStatsReader( 7016): 	at android.os.Handler.dispatchMessage(Handler.java:106)
12-05 10:06:34.972 E/KernelRpmStatsReader( 7016): 	at android.os.Looper.loopOnce(Looper.java:211)
12-05 10:06:34.972 E/KernelRpmStatsReader( 7016): 	at android.os.Looper.loop(Looper.java:300)
12-05 10:06:34.972 E/KernelRpmStatsReader( 7016): 	at android.os.HandlerThread.run(HandlerThread.java:67)
12-05 10:06:34.972 E/KernelRpmStatsReader( 7016): Caused by: android.system.ErrnoException: open failed: EACCES (Permission denied)
12-05 10:06:34.972 E/KernelRpmStatsReader( 7016): 	at libcore.io.Linux.open(Native Method)
12-05 10:06:34.972 E/KernelRpmStatsReader( 7016): 	at libcore.io.ForwardingOs.open(ForwardingOs.java:568)
12-05 10:06:34.972 E/KernelRpmStatsReader( 7016): 	at libcore.io.BlockGuardOs.open(BlockGuardOs.java:274)
12-05 10:06:34.972 E/KernelRpmStatsReader( 7016): 	at libcore.io.ForwardingOs.open(ForwardingOs.java:568)
12-05 10:06:34.972 E/KernelRpmStatsReader( 7016): 	at android.app.ActivityThread$AndroidOs.open(ActivityThread.java:8381)
12-05 10:06:34.972 E/KernelRpmStatsReader( 7016): 	at libcore.io.IoBridge.open(IoBridge.java:560)
12-05 10:06:34.972 E/KernelRpmStatsReader( 7016): 	... 13 more
12-05 10:06:42.536 E/ActivityManager( 1829): Cancel pending or running compactions as system is awake
12-05 10:06:42.582 E/KernelCpuSpeedReader( 1829): Failed to read cpu-freq: /sys/devices/system/cpu/cpu4512000/cpufreq/stats/time_in_state: open failed: ENOENT (No such file or directory)
12-05 10:06:42.582 E/KernelCpuSpeedReader( 1829): Failed to read cpu-freq: /sys/devices/system/cpu/cpu2707200/cpufreq/stats/time_in_state: open failed: ENOENT (No such file or directory)
12-05 10:06:42.582 E/KernelCpuSpeedReader( 1829): Failed to read cpu-freq: /sys/devices/system/cpu/cpu1190400/cpufreq/stats/time_in_state: open failed: ENOENT (No such file or directory)
12-05 10:06:42.583 E/KernelCpuSpeedReader( 1829): Failed to read cpu-freq: /sys/devices/system/cpu/cpu0/cpufreq/stats/time_in_state: open failed: ENOENT (No such file or directory)
12-05 10:06:42.585 E/AppOps  ( 1829): Bad call made by uid 1002. Package "com.google.android.gms" does not belong to uid 1002.
12-05 10:06:42.587 E/KernelCpuSpeedReader( 1829): Failed to read cpu-freq: /sys/devices/system/cpu/cpu4512000/cpufreq/stats/time_in_state: open failed: ENOENT (No such file or directory)
12-05 10:06:42.587 E/KernelCpuSpeedReader( 1829): Failed to read cpu-freq: /sys/devices/system/cpu/cpu2707200/cpufreq/stats/time_in_state: open failed: ENOENT (No such file or directory)
12-05 10:06:42.587 E/KernelCpuSpeedReader( 1829): Failed to read cpu-freq: /sys/devices/system/cpu/cpu1190400/cpufreq/stats/time_in_state: open failed: ENOENT (No such file or directory)
12-05 10:06:42.587 E/KernelCpuSpeedReader( 1829): Failed to read cpu-freq: /sys/devices/system/cpu/cpu0/cpufreq/stats/time_in_state: open failed: ENOENT (No such file or directory)
12-05 10:06:42.700 E/AppOps  ( 1829): Bad call made by uid 10269. Package "com.miui.weather2" does not belong to uid 1000.
12-05 10:06:42.705 E/AppOps  ( 1829): Bad call made by uid 10269. Package "com.miui.weather2" does not belong to uid 1000.
12-05 10:06:42.719 E/AppOps  ( 1829): Bad call made by uid 10269. Package "com.miui.weather2" does not belong to uid 1000.
12-05 10:06:42.722 E/AppOps  ( 1829): Bad call made by uid 10269. Package "com.miui.weather2" does not belong to uid 1000.
12-05 10:06:42.724 E/AppOps  ( 1829): Bad call made by uid 10269. Package "com.miui.weather2" does not belong to uid 1000.
12-05 10:07:01.868 E/MiuiActivityController( 1829): MiuiLog-ActivityObserver: There was something wrong : null
12-05 10:07:02.023 E/AppOps  ( 1829): Bad call made by uid 1002. Package "com.google.android.gms" does not belong to uid 1002.
12-05 10:07:02.064 E/keystore2(  606): keystore2::error: In create_operation.
12-05 10:07:02.064 E/keystore2(  606): 
12-05 10:07:02.064 E/keystore2(  606): Caused by:
12-05 10:07:02.064 E/keystore2(  606):     0: In authorize_create: matching auth token is expired.
12-05 10:07:02.064 E/keystore2(  606):     1: Error::Km(ErrorCode(-26))
12-05 10:07:03.385 E/MiuiInputKeyEventLog( 1829): before go to home
12-05 10:07:03.502 E/KernelCpuSpeedReader( 1829): Failed to read cpu-freq: /sys/devices/system/cpu/cpu4512000/cpufreq/stats/time_in_state: open failed: ENOENT (No such file or directory)
12-05 10:07:03.502 E/KernelCpuSpeedReader( 1829): Failed to read cpu-freq: /sys/devices/system/cpu/cpu2707200/cpufreq/stats/time_in_state: open failed: ENOENT (No such file or directory)
12-05 10:07:03.502 E/KernelCpuSpeedReader( 1829): Failed to read cpu-freq: /sys/devices/system/cpu/cpu1190400/cpufreq/stats/time_in_state: open failed: ENOENT (No such file or directory)
12-05 10:07:03.502 E/KernelCpuSpeedReader( 1829): Failed to read cpu-freq: /sys/devices/system/cpu/cpu0/cpufreq/stats/time_in_state: open failed: ENOENT (No such file or directory)
12-05 10:07:03.566 E/MiuiActivityController( 1829): MiuiLog-ActivityObserver: There was something wrong : null
12-05 10:07:04.156 E/MiuiActivityController( 1829): MiuiLog-ActivityObserver: There was something wrong : null
12-05 10:07:15.852 E/MiuiActivityController( 1829): MiuiLog-ActivityObserver: There was something wrong : null
12-05 10:07:15.925 E/ProcessManager( 1829): error write exception log
12-05 10:07:16.879 E/ProcessManager( 1829): error write exception log
12-05 10:07:16.923 E/ProcessManager( 1829): error write exception log
12-05 10:07:17.482 E/MiuiActivityController( 1829): MiuiLog-ActivityObserver: There was something wrong : null
12-05 10:07:17.517 E/MiuiActivityController( 1829): MiuiLog-ActivityObserver: There was something wrong : null
12-05 10:07:18.606 E/ProcessManager( 1829): error write exception log
12-05 10:07:21.715 E/MiuiActivityController( 1829): MiuiLog-ActivityObserver: There was something wrong : null
12-05 10:07:21.856 E/MiuiActivityController( 1829): MiuiLog-ActivityObserver: There was something wrong : null
12-05 10:07:22.029 E/MiuiActivityController( 1829): MiuiLog-ActivityObserver: There was something wrong : null
12-05 10:07:22.268 E/AppOps  ( 1829): attributionTag  not declared in manifest of android
12-05 10:07:22.270 E/AppOps  ( 1829): attributionTag  not declared in manifest of android
12-05 10:07:22.272 E/AppOps  ( 1829): attributionTag  not declared in manifest of android
12-05 10:07:22.274 E/AppOps  ( 1829): attributionTag  not declared in manifest of android
12-05 10:07:22.814 E/MiuiActivityController( 1829): MiuiLog-ActivityObserver: There was something wrong : null
12-05 10:07:25.313 E/MiuiActivityController( 1829): MiuiLog-ActivityObserver: There was something wrong : null
12-05 10:07:25.355 E/MiuiActivityController( 1829): MiuiLog-ActivityObserver: There was something wrong : null
12-05 10:07:25.376 E/MiuiActivityController( 1829): MiuiLog-ActivityObserver: There was something wrong : null
12-05 10:07:25.400 E/MiuiActivityController( 1829): MiuiLog-ActivityObserver: There was something wrong : null
12-05 10:07:25.417 E/MiuiActivityController( 1829): MiuiLog-ActivityObserver: There was something wrong : null
12-05 10:08:23.034 E/ProcessManager( 1829): error write exception log
12-05 10:08:23.101 E/ProcessManager( 1829): error write exception log
12-05 10:08:23.153 E/ProcessManager( 1829): error write exception log
12-05 10:08:23.977 E/miui_face( 2974): start face unlock fail, mKeyguardShowing =false;isDeviceInteractive =false;isSwitchingUser =false;isKeyguardGoingAway =false
12-05 10:08:24.203 E/KernelCpuSpeedReader( 1829): Failed to read cpu-freq: /sys/devices/system/cpu/cpu4512000/cpufreq/stats/time_in_state: open failed: ENOENT (No such file or directory)
12-05 10:08:24.203 E/KernelCpuSpeedReader( 1829): Failed to read cpu-freq: /sys/devices/system/cpu/cpu2707200/cpufreq/stats/time_in_state: open failed: ENOENT (No such file or directory)
12-05 10:08:24.204 E/KernelCpuSpeedReader( 1829): Failed to read cpu-freq: /sys/devices/system/cpu/cpu1190400/cpufreq/stats/time_in_state: open failed: ENOENT (No such file or directory)
12-05 10:08:24.204 E/KernelCpuSpeedReader( 1829): Failed to read cpu-freq: /sys/devices/system/cpu/cpu0/cpufreq/stats/time_in_state: open failed: ENOENT (No such file or directory)
12-05 10:08:24.230 E/MiuiActivityController( 1829): MiuiLog-ActivityObserver: There was something wrong : null
12-05 10:08:24.310 E/MiuiActivityController( 1829): MiuiLog-ActivityObserver: There was something wrong : null
12-05 10:08:24.520 E/miui_face( 2974): start face unlock fail, mKeyguardShowing =true;isDeviceInteractive =false;isSwitchingUser =false;isKeyguardGoingAway =false
12-05 10:08:24.521 E/miui_face( 2974): start face unlock fail, mKeyguardShowing =true;isDeviceInteractive =false;isSwitchingUser =false;isKeyguardGoingAway =false
12-05 10:08:24.522 E/miui_face( 2974): start face unlock fail, mKeyguardShowing =true;isDeviceInteractive =false;isSwitchingUser =false;isKeyguardGoingAway =false
12-05 10:08:24.688 E/miui_face( 2974): start face unlock fail, mKeyguardShowing =true;isDeviceInteractive =false;isSwitchingUser =false;isKeyguardGoingAway =false
12-05 10:08:24.816 E/AppOps  ( 1829): Bad call made by uid 10269. Package "com.miui.weather2" does not belong to uid 1000.
12-05 10:08:24.829 E/AppOps  ( 1829): Bad call made by uid 10269. Package "com.miui.weather2" does not belong to uid 1000.
12-05 10:08:24.830 E/AppOps  ( 1829): Bad call made by uid 10269. Package "com.miui.weather2" does not belong to uid 1000.
12-05 10:08:24.832 E/AppOps  ( 1829): Bad call made by uid 10269. Package "com.miui.weather2" does not belong to uid 1000.
12-05 10:08:24.833 E/AppOps  ( 1829): Bad call made by uid 10269. Package "com.miui.weather2" does not belong to uid 1000.
12-05 10:09:08.068 E/ProcessManager( 1829): error write exception log
12-05 10:10:38.775 E/Fingerprint21( 1829): onAuthenticated run delay, authenticate result: false
12-05 10:10:38.964 E/ActivityManager( 1829): Cancel pending or running compactions as system is awake
12-05 10:10:39.004 E/KernelCpuSpeedReader( 1829): Failed to read cpu-freq: /sys/devices/system/cpu/cpu4512000/cpufreq/stats/time_in_state: open failed: ENOENT (No such file or directory)
12-05 10:10:39.004 E/KernelCpuSpeedReader( 1829): Failed to read cpu-freq: /sys/devices/system/cpu/cpu2707200/cpufreq/stats/time_in_state: open failed: ENOENT (No such file or directory)
12-05 10:10:39.004 E/KernelCpuSpeedReader( 1829): Failed to read cpu-freq: /sys/devices/system/cpu/cpu1190400/cpufreq/stats/time_in_state: open failed: ENOENT (No such file or directory)
12-05 10:10:39.004 E/KernelCpuSpeedReader( 1829): Failed to read cpu-freq: /sys/devices/system/cpu/cpu0/cpufreq/stats/time_in_state: open failed: ENOENT (No such file or directory)
12-05 10:10:39.032 E/ProcessManager( 1829): error write exception log
12-05 10:10:39.041 E/AppOps  ( 1829): Bad call made by uid 10269. Package "com.miui.weather2" does not belong to uid 1000.
12-05 10:10:39.047 E/AppOps  ( 1829): Bad call made by uid 10269. Package "com.miui.weather2" does not belong to uid 1000.
12-05 10:10:39.050 E/AppOps  ( 1829): Bad call made by uid 10269. Package "com.miui.weather2" does not belong to uid 1000.
12-05 10:10:39.055 E/AppOps  ( 1829): Bad call made by uid 10269. Package "com.miui.weather2" does not belong to uid 1000.
12-05 10:10:39.061 E/AppOps  ( 1829): Bad call made by uid 10269. Package "com.miui.weather2" does not belong to uid 1000.
12-05 10:10:39.129 E/WindowManager( 1829): setOnBackInvokedCallback(): No window state for package:com.android.systemui
12-05 10:10:39.160 E/AppOps  ( 1829): Bad call made by uid 1002. Package "com.google.android.gms" does not belong to uid 1002.
12-05 10:10:40.699 E/MiuiActivityController( 1829): MiuiLog-ActivityObserver: There was something wrong : null
12-05 10:10:40.905 E/AppOps  ( 1829): Bad call made by uid 1002. Package "com.google.android.gms" does not belong to uid 1002.
12-05 10:10:40.934 E/keystore2(  606): keystore2::error: In create_operation.
12-05 10:10:40.934 E/keystore2(  606): 
12-05 10:10:40.934 E/keystore2(  606): Caused by:
12-05 10:10:40.934 E/keystore2(  606):     0: In authorize_create: matching auth token is expired.
12-05 10:10:40.934 E/keystore2(  606):     1: Error::Km(ErrorCode(-26))
12-05 10:10:42.333 E/MiuiActivityController( 1829): MiuiLog-ActivityObserver: There was something wrong : null
12-05 10:10:42.742 E/MiuiActivityController( 1829): MiuiLog-ActivityObserver: There was something wrong : null
12-05 10:10:43.867 E/ProcessManager( 1829): error write exception log
12-05 10:10:44.580 E/MiuiInputKeyEventLog( 1829): before go to home
12-05 10:10:44.743 E/MiuiActivityController( 1829): MiuiLog-ActivityObserver: There was something wrong : null
12-05 10:10:53.693 E/miui_face( 2974): start face unlock fail, mKeyguardShowing =false;isDeviceInteractive =false;isSwitchingUser =false;isKeyguardGoingAway =false
12-05 10:10:53.855 E/KernelCpuSpeedReader( 1829): Failed to read cpu-freq: /sys/devices/system/cpu/cpu4512000/cpufreq/stats/time_in_state: open failed: ENOENT (No such file or directory)
12-05 10:10:53.856 E/KernelCpuSpeedReader( 1829): Failed to read cpu-freq: /sys/devices/system/cpu/cpu2707200/cpufreq/stats/time_in_state: open failed: ENOENT (No such file or directory)
12-05 10:10:53.856 E/KernelCpuSpeedReader( 1829): Failed to read cpu-freq: /sys/devices/system/cpu/cpu1190400/cpufreq/stats/time_in_state: open failed: ENOENT (No such file or directory)
12-05 10:10:53.856 E/KernelCpuSpeedReader( 1829): Failed to read cpu-freq: /sys/devices/system/cpu/cpu0/cpufreq/stats/time_in_state: open failed: ENOENT (No such file or directory)
12-05 10:10:53.885 E/MiuiActivityController( 1829): MiuiLog-ActivityObserver: There was something wrong : null
12-05 10:10:53.958 E/MiuiActivityController( 1829): MiuiLog-ActivityObserver: There was something wrong : null
12-05 10:10:54.212 E/miui_face( 2974): start face unlock fail, mKeyguardShowing =true;isDeviceInteractive =false;isSwitchingUser =false;isKeyguardGoingAway =false
12-05 10:10:54.213 E/miui_face( 2974): start face unlock fail, mKeyguardShowing =true;isDeviceInteractive =false;isSwitchingUser =false;isKeyguardGoingAway =false
12-05 10:10:54.276 E/miui_face( 2974): start face unlock fail, mKeyguardShowing =true;isDeviceInteractive =false;isSwitchingUser =false;isKeyguardGoingAway =false
12-05 10:10:54.361 E/AppOps  ( 1829): Bad call made by uid 10269. Package "com.miui.weather2" does not belong to uid 1000.
12-05 10:10:54.362 E/AppOps  ( 1829): Bad call made by uid 10269. Package "com.miui.weather2" does not belong to uid 1000.
12-05 10:10:54.363 E/AppOps  ( 1829): Bad call made by uid 10269. Package "com.miui.weather2" does not belong to uid 1000.
12-05 10:10:54.364 E/AppOps  ( 1829): Bad call made by uid 10269. Package "com.miui.weather2" does not belong to uid 1000.
12-05 10:10:54.365 E/AppOps  ( 1829): Bad call made by uid 10269. Package "com.miui.weather2" does not belong to uid 1000.
12-05 10:10:54.392 E/miui_face( 2974): start face unlock fail, mKeyguardShowing =true;isDeviceInteractive =false;isSwitchingUser =false;isKeyguardGoingAway =false
12-05 10:12:59.428 E/ProcessManager( 1829): error write exception log
12-05 10:12:59.523 E/ProcessManager( 1829): error write exception log
12-05 10:13:06.858 E/KernelCpuSpeedReader( 1829): Failed to read cpu-freq: /sys/devices/system/cpu/cpu4512000/cpufreq/stats/time_in_state: open failed: ENOENT (No such file or directory)
12-05 10:13:06.858 E/KernelCpuSpeedReader( 1829): Failed to read cpu-freq: /sys/devices/system/cpu/cpu2707200/cpufreq/stats/time_in_state: open failed: ENOENT (No such file or directory)
12-05 10:13:06.859 E/KernelCpuSpeedReader( 1829): Failed to read cpu-freq: /sys/devices/system/cpu/cpu1190400/cpufreq/stats/time_in_state: open failed: ENOENT (No such file or directory)
12-05 10:13:06.859 E/KernelCpuSpeedReader( 1829): Failed to read cpu-freq: /sys/devices/system/cpu/cpu0/cpufreq/stats/time_in_state: open failed: ENOENT (No such file or directory)
12-05 10:13:06.952 E/KernelCpuSpeedReader( 1829): Failed to read cpu-freq: /sys/devices/system/cpu/cpu4512000/cpufreq/stats/time_in_state: open failed: ENOENT (No such file or directory)
12-05 10:13:06.952 E/KernelCpuSpeedReader( 1829): Failed to read cpu-freq: /sys/devices/system/cpu/cpu2707200/cpufreq/stats/time_in_state: open failed: ENOENT (No such file or directory)
12-05 10:13:06.952 E/KernelCpuSpeedReader( 1829): Failed to read cpu-freq: /sys/devices/system/cpu/cpu1190400/cpufreq/stats/time_in_state: open failed: ENOENT (No such file or directory)
12-05 10:13:06.953 E/KernelCpuSpeedReader( 1829): Failed to read cpu-freq: /sys/devices/system/cpu/cpu0/cpufreq/stats/time_in_state: open failed: ENOENT (No such file or directory)
12-05 10:13:09.203 E/KernelRpmStatsReader( 7016): Failure in reading rpm stats
12-05 10:13:09.203 E/KernelRpmStatsReader( 7016): java.io.FileNotFoundException: /sys/power/system_sleep/stats: open failed: EACCES (Permission denied)
12-05 10:13:09.203 E/KernelRpmStatsReader( 7016): 	at libcore.io.IoBridge.open(IoBridge.java:574)
12-05 10:13:09.203 E/KernelRpmStatsReader( 7016): 	at java.io.FileInputStream.<init>(FileInputStream.java:179)
12-05 10:13:09.203 E/KernelRpmStatsReader( 7016): 	at java.io.FileInputStream.<init>(FileInputStream.java:133)
12-05 10:13:09.203 E/KernelRpmStatsReader( 7016): 	at com.miui.powerkeeper.utils.KernelRpmStatsReader.readRpmStatsType1(Unknown Source:19)
12-05 10:13:09.203 E/KernelRpmStatsReader( 7016): 	at com.miui.powerkeeper.utils.KernelRpmStatsReader.readRpmStats(Unknown Source:63)
12-05 10:13:09.203 E/KernelRpmStatsReader( 7016): 	at com.miui.powerkeeper.powerchecker.PowerCheckerService.requestKernelRpmStatsUpdate(Unknown Source:4)
12-05 10:13:09.203 E/KernelRpmStatsReader( 7016): 	at com.miui.powerkeeper.powerchecker.PowerCheckerService.addBatteryHistoryRecord(Unknown Source:32)
12-05 10:13:09.203 E/KernelRpmStatsReader( 7016): 	at com.miui.powerkeeper.powerchecker.PowerCheckerService.updateBatteryLevelChanged(Unknown Source:8)
12-05 10:13:09.203 E/KernelRpmStatsReader( 7016): 	at com.miui.powerkeeper.powerchecker.PowerCheckerService.access$2700(Unknown Source:0)
12-05 10:13:09.203 E/KernelRpmStatsReader( 7016): 	at com.miui.powerkeeper.powerchecker.PowerCheckerService$PowerCheckHandler.handleMessage(Unknown Source:124)
12-05 10:13:09.203 E/KernelRpmStatsReader( 7016): 	at android.os.Handler.dispatchMessage(Handler.java:106)
12-05 10:13:09.203 E/KernelRpmStatsReader( 7016): 	at android.os.Looper.loopOnce(Looper.java:211)
12-05 10:13:09.203 E/KernelRpmStatsReader( 7016): 	at android.os.Looper.loop(Looper.java:300)
12-05 10:13:09.203 E/KernelRpmStatsReader( 7016): 	at android.os.HandlerThread.run(HandlerThread.java:67)
12-05 10:13:09.203 E/KernelRpmStatsReader( 7016): Caused by: android.system.ErrnoException: open failed: EACCES (Permission denied)
12-05 10:13:09.203 E/KernelRpmStatsReader( 7016): 	at libcore.io.Linux.open(Native Method)
12-05 10:13:09.203 E/KernelRpmStatsReader( 7016): 	at libcore.io.ForwardingOs.open(ForwardingOs.java:568)
12-05 10:13:09.203 E/KernelRpmStatsReader( 7016): 	at libcore.io.BlockGuardOs.open(BlockGuardOs.java:274)
12-05 10:13:09.203 E/KernelRpmStatsReader( 7016): 	at libcore.io.ForwardingOs.open(ForwardingOs.java:568)
12-05 10:13:09.203 E/KernelRpmStatsReader( 7016): 	at android.app.ActivityThread$AndroidOs.open(ActivityThread.java:8381)
12-05 10:13:09.203 E/KernelRpmStatsReader( 7016): 	at libcore.io.IoBridge.open(IoBridge.java:560)
12-05 10:13:09.203 E/KernelRpmStatsReader( 7016): 	... 13 more
12-05 10:13:10.540 E/ProcessManager( 1829): error write exception log
12-05 10:13:44.981 E/ProcessManager( 1829): error write exception log
12-05 10:13:45.617 E/ActivityThread( 1211): Failed to find provider info for com.facebook.appmanager.nekodirect
12-05 10:13:46.080 E/ProcessManager( 1829): error write exception log
12-05 10:13:46.990 E/ProcessManager( 1829): error write exception log
12-05 10:13:57.047 E/ProcessManager( 1829): error write exception log
12-05 10:14:38.502 E/VibratorManagerService( 1829): Vibrate ignored, not vibrating for ringtones or notify for MIUI
12-05 10:14:38.589 E/KernelCpuSpeedReader( 1829): Failed to read cpu-freq: /sys/devices/system/cpu/cpu4512000/cpufreq/stats/time_in_state: open failed: ENOENT (No such file or directory)
12-05 10:14:38.589 E/KernelCpuSpeedReader( 1829): Failed to read cpu-freq: /sys/devices/system/cpu/cpu2707200/cpufreq/stats/time_in_state: open failed: ENOENT (No such file or directory)
12-05 10:14:38.589 E/KernelCpuSpeedReader( 1829): Failed to read cpu-freq: /sys/devices/system/cpu/cpu1190400/cpufreq/stats/time_in_state: open failed: ENOENT (No such file or directory)
