12-03 15:49:56.878  1822  2088 E KernelCpuSpeedReader: Failed to read cpu-freq: /sys/devices/system/cpu/cpu1190400/cpufreq/stats/time_in_state: open failed: ENOENT (No such file or directory)
12-03 15:49:56.879  1822  2088 E KernelCpuSpeedReader: Failed to read cpu-freq: /sys/devices/system/cpu/cpu2707200/cpufreq/stats/time_in_state: open failed: ENOENT (No such file or directory)
12-03 15:49:56.879  1822  2088 E KernelCpuSpeedReader: Failed to read cpu-freq: /sys/devices/system/cpu/cpu4512000/cpufreq/stats/time_in_state: open failed: ENOENT (No such file or directory)
12-03 15:49:57.339  1822  2642 E ProcessManager: error write exception log
12-03 15:49:57.783  1822  2642 E ProcessManager: error write exception log
12-03 15:49:59.446  1822 30795 E VibratorManagerService: Vibrate ignored, not vibrating for ringtones or notify for MIUI
12-03 15:50:06.885  7107  7397 E KernelRpmStatsReader: Failure in reading rpm stats
12-03 15:50:06.885  7107  7397 E KernelRpmStatsReader: java.io.FileNotFoundException: /sys/power/system_sleep/stats: open failed: EACCES (Permission denied)
12-03 15:50:06.885  7107  7397 E KernelRpmStatsReader: 	at libcore.io.IoBridge.open(IoBridge.java:574)
12-03 15:50:06.885  7107  7397 E KernelRpmStatsReader: 	at java.io.FileInputStream.<init>(FileInputStream.java:179)
12-03 15:50:06.885  7107  7397 E KernelRpmStatsReader: 	at java.io.FileInputStream.<init>(FileInputStream.java:133)
12-03 15:50:06.885  7107  7397 E KernelRpmStatsReader: 	at com.miui.powerkeeper.utils.KernelRpmStatsReader.readRpmStatsType1(Unknown Source:19)
12-03 15:50:06.885  7107  7397 E KernelRpmStatsReader: 	at com.miui.powerkeeper.utils.KernelRpmStatsReader.readRpmStats(Unknown Source:63)
12-03 15:50:06.885  7107  7397 E KernelRpmStatsReader: 	at com.miui.powerkeeper.powerchecker.PowerCheckerService.requestKernelRpmStatsUpdate(Unknown Source:4)
12-03 15:50:06.885  7107  7397 E KernelRpmStatsReader: 	at com.miui.powerkeeper.powerchecker.PowerCheckerService.addBatteryHistoryRecord(Unknown Source:32)
12-03 15:50:06.885  7107  7397 E KernelRpmStatsReader: 	at com.miui.powerkeeper.powerchecker.PowerCheckerService.updateBatteryLevelChanged(Unknown Source:8)
12-03 15:50:06.885  7107  7397 E KernelRpmStatsReader: 	at com.miui.powerkeeper.powerchecker.PowerCheckerService.access$2700(Unknown Source:0)
12-03 15:50:06.885  7107  7397 E KernelRpmStatsReader: 	at com.miui.powerkeeper.powerchecker.PowerCheckerService$PowerCheckHandler.handleMessage(Unknown Source:124)
12-03 15:50:06.885  7107  7397 E KernelRpmStatsReader: 	at android.os.Handler.dispatchMessage(Handler.java:106)
12-03 15:50:06.885  7107  7397 E KernelRpmStatsReader: 	at android.os.Looper.loopOnce(Looper.java:211)
12-03 15:50:06.885  7107  7397 E KernelRpmStatsReader: 	at android.os.Looper.loop(Looper.java:300)
12-03 15:50:06.885  7107  7397 E KernelRpmStatsReader: 	at android.os.HandlerThread.run(HandlerThread.java:67)
12-03 15:50:06.885  7107  7397 E KernelRpmStatsReader: Caused by: android.system.ErrnoException: open failed: EACCES (Permission denied)
12-03 15:50:06.885  7107  7397 E KernelRpmStatsReader: 	at libcore.io.Linux.open(Native Method)
12-03 15:50:06.885  7107  7397 E KernelRpmStatsReader: 	at libcore.io.ForwardingOs.open(ForwardingOs.java:568)
12-03 15:50:06.885  7107  7397 E KernelRpmStatsReader: 	at libcore.io.BlockGuardOs.open(BlockGuardOs.java:274)
12-03 15:50:06.885  7107  7397 E KernelRpmStatsReader: 	at libcore.io.ForwardingOs.open(ForwardingOs.java:568)
12-03 15:50:06.885  7107  7397 E KernelRpmStatsReader: 	at android.app.ActivityThread$AndroidOs.open(ActivityThread.java:8381)
12-03 15:50:06.885  7107  7397 E KernelRpmStatsReader: 	at libcore.io.IoBridge.open(IoBridge.java:560)
12-03 15:50:06.885  7107  7397 E KernelRpmStatsReader: 	... 13 more
12-03 15:50:21.023  1822  2642 E ProcessManager: error write exception log
12-03 15:50:21.169  1822  4602 E AppOps  : Bad call made by uid 10205. Package "com.google.android.gms" does not belong to uid 10224.
12-03 15:50:21.263  1822  2642 E ProcessManager: error write exception log
12-03 15:50:31.222  1822  3083 E AppOps  : Bad call made by uid 10205. Package "com.google.android.gms" does not belong to uid 10224.
12-03 15:50:33.616  1822  2438 E MiuiActivityController: MiuiLog-ActivityObserver: There was something wrong : null
12-03 15:50:34.163  1822  2438 E MiuiActivityController: MiuiLog-ActivityObserver: There was something wrong : null
12-03 15:50:35.510  1822  2438 E MiuiActivityController: MiuiLog-ActivityObserver: There was something wrong : null
12-03 15:50:35.681  1822  2438 E MiuiActivityController: MiuiLog-ActivityObserver: There was something wrong : null
12-03 15:50:36.173  1822  2438 E MiuiActivityController: MiuiLog-ActivityObserver: There was something wrong : null
12-03 15:50:45.678  1822  2438 E MiuiActivityController: MiuiLog-ActivityObserver: There was something wrong : null
12-03 15:50:46.165  1822  2438 E MiuiActivityController: MiuiLog-ActivityObserver: There was something wrong : null
12-03 15:50:46.304  1822  2438 E MiuiActivityController: MiuiLog-ActivityObserver: There was something wrong : null
12-03 15:50:47.242  1822  2438 E MiuiActivityController: MiuiLog-ActivityObserver: There was something wrong : null
12-03 15:50:47.749  1822  2438 E MiuiActivityController: MiuiLog-ActivityObserver: There was something wrong : null
12-03 15:50:51.176  1822  2088 E KernelCpuSpeedReader: Failed to read cpu-freq: /sys/devices/system/cpu/cpu0/cpufreq/stats/time_in_state: open failed: ENOENT (No such file or directory)
12-03 15:50:51.177  1822  2088 E KernelCpuSpeedReader: Failed to read cpu-freq: /sys/devices/system/cpu/cpu1190400/cpufreq/stats/time_in_state: open failed: ENOENT (No such file or directory)
12-03 15:50:51.177  1822  2088 E KernelCpuSpeedReader: Failed to read cpu-freq: /sys/devices/system/cpu/cpu2707200/cpufreq/stats/time_in_state: open failed: ENOENT (No such file or directory)
12-03 15:50:51.178  1822  2088 E KernelCpuSpeedReader: Failed to read cpu-freq: /sys/devices/system/cpu/cpu4512000/cpufreq/stats/time_in_state: open failed: ENOENT (No such file or directory)
12-03 15:51:12.576  1822  2642 E ProcessManager: error write exception log
12-03 15:51:15.403 28163 28163 E GlobalScreenshot: jumpProcess: enter  mIsInOutAnimating:false jumpType:send
12-03 15:51:15.554  1822  2438 E MiuiActivityController: MiuiLog-ActivityObserver: There was something wrong : null
12-03 15:51:15.560  1822  4605 E WindowManager: setOnBackInvokedCallback(): No window state for package:com.miui.screenshot
12-03 15:51:15.563  1822  2438 E MiuiActivityController: MiuiLog-ActivityObserver: There was something wrong : null
12-03 15:51:15.934  1822  3083 E PackageDexUsage: Unsupported context?
12-03 15:51:16.255  1822  2438 E MiuiActivityController: MiuiLog-ActivityObserver: There was something wrong : null
12-03 15:51:18.412  1822  2438 E MiuiActivityController: MiuiLog-ActivityObserver: There was something wrong : null
12-03 15:51:18.427  1822  2438 E MiuiActivityController: MiuiLog-ActivityObserver: There was something wrong : null
12-03 15:51:18.772  1822  2438 E MiuiActivityController: MiuiLog-ActivityObserver: There was something wrong : null
12-03 15:51:19.189  1822  2438 E MiuiActivityController: MiuiLog-ActivityObserver: There was something wrong : null
12-03 15:51:19.360  1822  2438 E MiuiActivityController: MiuiLog-ActivityObserver: There was something wrong : null
12-03 15:51:21.367  1822  2438 E MiuiActivityController: MiuiLog-ActivityObserver: There was something wrong : null
12-03 15:51:21.389  1822  2438 E MiuiActivityController: MiuiLog-ActivityObserver: There was something wrong : null
12-03 15:51:21.687  1822  2438 E MiuiActivityController: MiuiLog-ActivityObserver: There was something wrong : null
12-03 15:51:22.473  1822  2438 E MiuiActivityController: MiuiLog-ActivityObserver: There was something wrong : null
12-03 15:51:22.515  1822  2438 E MiuiActivityController: MiuiLog-ActivityObserver: There was something wrong : null
12-03 15:51:23.894  1822  2438 E MiuiActivityController: MiuiLog-ActivityObserver: There was something wrong : null
12-03 15:51:23.896  1822  2438 E MiuiActivityController: MiuiLog-ActivityObserver: There was something wrong : null
12-03 15:51:28.212  1822  2438 E MiuiActivityController: MiuiLog-ActivityObserver: There was something wrong : null
12-03 15:51:28.865  1822  2438 E MiuiActivityController: MiuiLog-ActivityObserver: There was something wrong : null
12-03 15:51:29.392  1822  2438 E MiuiActivityController: MiuiLog-ActivityObserver: There was something wrong : null
12-03 15:51:29.795  1822  2438 E MiuiActivityController: MiuiLog-ActivityObserver: There was something wrong : null
12-03 15:51:29.802  1822  4605 E ShortcutService: Invalid icon type in shortcut 120363423903274953@g.us. Bitmaps are not allowed in long-lived shortcuts. Use Resource icons, or Uri-based icons instead.
12-03 15:51:30.230  1822  2438 E MiuiActivityController: MiuiLog-ActivityObserver: There was something wrong : null
12-03 15:51:31.029  1822  2438 E MiuiActivityController: MiuiLog-ActivityObserver: There was something wrong : null
12-03 15:51:31.349  1822  2438 E MiuiActivityController: MiuiLog-ActivityObserver: There was something wrong : null
12-03 15:51:31.535  1822  2642 E ProcessManager: error write exception log
12-03 15:51:31.570  1822  2642 E ProcessManager: error write exception log
12-03 15:51:31.860  1822  2438 E MiuiActivityController: MiuiLog-ActivityObserver: There was something wrong : null
12-03 15:51:38.778  1822  2377 E AppOps  : attributionTag  not declared in manifest of android
12-03 15:51:38.781  1822  2377 E AppOps  : attributionTag  not declared in manifest of android
12-03 15:51:38.785  1822  2377 E AppOps  : attributionTag  not declared in manifest of android
12-03 15:51:38.788  1822  2377 E AppOps  : attributionTag  not declared in manifest of android
12-03 15:51:38.792  1822  2377 E AppOps  : attributionTag  not declared in manifest of android
12-03 15:51:38.797  1822  2377 E AppOps  : attributionTag  not declared in manifest of android
12-03 15:51:45.533  1822  2642 E ProcessManager: error write exception log
12-03 15:51:45.587  1822  2642 E ProcessManager: error write exception log
12-03 15:51:45.731  1822  2642 E ProcessManager: error write exception log
12-03 15:51:45.826  1822  2642 E ProcessManager: error write exception log
12-03 15:51:52.212  1822 32284 E VibratorManagerService: Vibrate ignored, not vibrating for ringtones or notify for MIUI
12-03 15:51:55.507  1822  2642 E ProcessManager: error write exception log
12-03 15:52:15.088  1822  2438 E MiuiActivityController: MiuiLog-ActivityObserver: There was something wrong : null
12-03 15:52:15.725  1822  2438 E MiuiActivityController: MiuiLog-ActivityObserver: There was something wrong : null
12-03 15:52:15.856  1822  2438 E MiuiActivityController: MiuiLog-ActivityObserver: There was something wrong : null
12-03 15:52:16.326 32539 32597 E ActivityThread: Failed to find provider info for com.facebook.appmanager.nekodirect
12-03 15:52:16.356  1822  2438 E MiuiActivityController: MiuiLog-ActivityObserver: There was something wrong : null
12-03 15:52:16.507  1822  2438 E MiuiActivityController: MiuiLog-ActivityObserver: There was something wrong : null
12-03 15:52:17.668  1822  2642 E ProcessManager: error write exception log
12-03 15:52:17.886  1822  2642 E ProcessManager: error write exception log
12-03 15:52:40.036  1822  2642 E ProcessManager: error write exception log
12-03 15:53:15.921  1822  2438 E MiuiActivityController: MiuiLog-ActivityObserver: There was something wrong : null
12-03 15:53:16.334  1822  2438 E MiuiActivityController: MiuiLog-ActivityObserver: There was something wrong : null
12-03 15:53:16.497  1822  2438 E MiuiActivityController: MiuiLog-ActivityObserver: There was something wrong : null
12-03 15:53:17.606  1822  2438 E MiuiActivityController: MiuiLog-ActivityObserver: There was something wrong : null
12-03 15:53:17.891  1822  2438 E MiuiActivityController: MiuiLog-ActivityObserver: There was something wrong : null
12-03 15:53:17.908  1822  2438 E MiuiActivityController: MiuiLog-ActivityObserver: There was something wrong : null
12-03 15:53:17.908  1822  2438 E MiuiActivityController: MiuiLog-ActivityObserver: There was something wrong : null
12-03 15:53:18.407  1822  2438 E MiuiActivityController: MiuiLog-ActivityObserver: There was something wrong : null
12-03 15:53:19.238  1822  1822 E Fingerprint21: onAcquired for non-acquisition client: null
12-03 15:53:19.609  1822  2438 E MiuiActivityController: MiuiLog-ActivityObserver: There was something wrong : null
12-03 15:53:19.698  1822  2438 E MiuiActivityController: MiuiLog-ActivityObserver: There was something wrong : null
12-03 15:53:20.218  1822  2438 E MiuiActivityController: MiuiLog-ActivityObserver: There was something wrong : null
12-03 15:53:25.746  1822   838 E VibratorManagerService: Vibrate ignored, not vibrating for ringtones or notify for MIUI
12-03 15:53:43.542  1822  2438 E MiuiActivityController: MiuiLog-ActivityObserver: There was something wrong : null
12-03 15:53:44.122  1822  2438 E MiuiActivityController: MiuiLog-ActivityObserver: There was something wrong : null
12-03 15:53:44.269  1822  2438 E MiuiActivityController: MiuiLog-ActivityObserver: There was something wrong : null
12-03 15:53:44.763  1822  2438 E MiuiActivityController: MiuiLog-ActivityObserver: There was something wrong : null
12-03 15:53:47.393  1822  2642 E ProcessManager: error write exception log
12-03 15:53:47.754  1822  2438 E MiuiActivityController: MiuiLog-ActivityObserver: There was something wrong : null
12-03 15:54:01.088  1822  2088 E KernelCpuSpeedReader: Failed to read cpu-freq: /sys/devices/system/cpu/cpu0/cpufreq/stats/time_in_state: open failed: ENOENT (No such file or directory)
12-03 15:54:01.088  1822  2088 E KernelCpuSpeedReader: Failed to read cpu-freq: /sys/devices/system/cpu/cpu1190400/cpufreq/stats/time_in_state: open failed: ENOENT (No such file or directory)
12-03 15:54:01.088  1822  2088 E KernelCpuSpeedReader: Failed to read cpu-freq: /sys/devices/system/cpu/cpu2707200/cpufreq/stats/time_in_state: open failed: ENOENT (No such file or directory)
12-03 15:54:01.089  1822  2088 E KernelCpuSpeedReader: Failed to read cpu-freq: /sys/devices/system/cpu/cpu4512000/cpufreq/stats/time_in_state: open failed: ENOENT (No such file or directory)
12-03 15:54:23.094  1822  2088 E KernelCpuSpeedReader: Failed to read cpu-freq: /sys/devices/system/cpu/cpu0/cpufreq/stats/time_in_state: open failed: ENOENT (No such file or directory)
12-03 15:54:23.094  1822  2088 E KernelCpuSpeedReader: Failed to read cpu-freq: /sys/devices/system/cpu/cpu1190400/cpufreq/stats/time_in_state: open failed: ENOENT (No such file or directory)
12-03 15:54:23.095  1822  2088 E KernelCpuSpeedReader: Failed to read cpu-freq: /sys/devices/system/cpu/cpu2707200/cpufreq/stats/time_in_state: open failed: ENOENT (No such file or directory)
12-03 15:54:23.095  1822  2088 E KernelCpuSpeedReader: Failed to read cpu-freq: /sys/devices/system/cpu/cpu4512000/cpufreq/stats/time_in_state: open failed: ENOENT (No such file or directory)
12-03 15:54:23.602  1822  2642 E ProcessManager: error write exception log
12-03 15:54:33.134  7107  7397 E KernelRpmStatsReader: Failure in reading rpm stats
12-03 15:54:33.134  7107  7397 E KernelRpmStatsReader: java.io.FileNotFoundException: /sys/power/system_sleep/stats: open failed: EACCES (Permission denied)
12-03 15:54:33.134  7107  7397 E KernelRpmStatsReader: 	at libcore.io.IoBridge.open(IoBridge.java:574)
12-03 15:54:33.134  7107  7397 E KernelRpmStatsReader: 	at java.io.FileInputStream.<init>(FileInputStream.java:179)
12-03 15:54:33.134  7107  7397 E KernelRpmStatsReader: 	at java.io.FileInputStream.<init>(FileInputStream.java:133)
12-03 15:54:33.134  7107  7397 E KernelRpmStatsReader: 	at com.miui.powerkeeper.utils.KernelRpmStatsReader.readRpmStatsType1(Unknown Source:19)
12-03 15:54:33.134  7107  7397 E KernelRpmStatsReader: 	at com.miui.powerkeeper.utils.KernelRpmStatsReader.readRpmStats(Unknown Source:63)
12-03 15:54:33.134  7107  7397 E KernelRpmStatsReader: 	at com.miui.powerkeeper.powerchecker.PowerCheckerService.requestKernelRpmStatsUpdate(Unknown Source:4)
12-03 15:54:33.134  7107  7397 E KernelRpmStatsReader: 	at com.miui.powerkeeper.powerchecker.PowerCheckerService.addBatteryHistoryRecord(Unknown Source:32)
12-03 15:54:33.134  7107  7397 E KernelRpmStatsReader: 	at com.miui.powerkeeper.powerchecker.PowerCheckerService.updateBatteryLevelChanged(Unknown Source:8)
12-03 15:54:33.134  7107  7397 E KernelRpmStatsReader: 	at com.miui.powerkeeper.powerchecker.PowerCheckerService.access$2700(Unknown Source:0)
12-03 15:54:33.134  7107  7397 E KernelRpmStatsReader: 	at com.miui.powerkeeper.powerchecker.PowerCheckerService$PowerCheckHandler.handleMessage(Unknown Source:124)
12-03 15:54:33.134  7107  7397 E KernelRpmStatsReader: 	at android.os.Handler.dispatchMessage(Handler.java:106)
12-03 15:54:33.134  7107  7397 E KernelRpmStatsReader: 	at android.os.Looper.loopOnce(Looper.java:211)
12-03 15:54:33.134  7107  7397 E KernelRpmStatsReader: 	at android.os.Looper.loop(Looper.java:300)
12-03 15:54:33.134  7107  7397 E KernelRpmStatsReader: 	at android.os.HandlerThread.run(HandlerThread.java:67)
12-03 15:54:33.134  7107  7397 E KernelRpmStatsReader: Caused by: android.system.ErrnoException: open failed: EACCES (Permission denied)
12-03 15:54:33.134  7107  7397 E KernelRpmStatsReader: 	at libcore.io.Linux.open(Native Method)
12-03 15:54:33.134  7107  7397 E KernelRpmStatsReader: 	at libcore.io.ForwardingOs.open(ForwardingOs.java:568)
12-03 15:54:33.134  7107  7397 E KernelRpmStatsReader: 	at libcore.io.BlockGuardOs.open(BlockGuardOs.java:274)
12-03 15:54:33.134  7107  7397 E KernelRpmStatsReader: 	at libcore.io.ForwardingOs.open(ForwardingOs.java:568)
12-03 15:54:33.134  7107  7397 E KernelRpmStatsReader: 	at android.app.ActivityThread$AndroidOs.open(ActivityThread.java:8381)
12-03 15:54:33.134  7107  7397 E KernelRpmStatsReader: 	at libcore.io.IoBridge.open(IoBridge.java:560)
12-03 15:54:33.134  7107  7397 E KernelRpmStatsReader: 	... 13 more
12-03 15:55:01.960  2965  2965 E miui_face: start face unlock fail, mKeyguardShowing =false;isDeviceInteractive =false;isSwitchingUser =false;isKeyguardGoingAway =false
12-03 15:55:02.205  1822  2438 E MiuiActivityController: MiuiLog-ActivityObserver: There was something wrong : null
12-03 15:55:02.252  1822  2088 E KernelCpuSpeedReader: Failed to read cpu-freq: /sys/devices/system/cpu/cpu0/cpufreq/stats/time_in_state: open failed: ENOENT (No such file or directory)
12-03 15:55:02.252  1822  2088 E KernelCpuSpeedReader: Failed to read cpu-freq: /sys/devices/system/cpu/cpu1190400/cpufreq/stats/time_in_state: open failed: ENOENT (No such file or directory)
12-03 15:55:02.252  1822  2088 E KernelCpuSpeedReader: Failed to read cpu-freq: /sys/devices/system/cpu/cpu2707200/cpufreq/stats/time_in_state: open failed: ENOENT (No such file or directory)
12-03 15:55:02.252  1822  2088 E KernelCpuSpeedReader: Failed to read cpu-freq: /sys/devices/system/cpu/cpu4512000/cpufreq/stats/time_in_state: open failed: ENOENT (No such file or directory)
12-03 15:55:02.318  1822  2438 E MiuiActivityController: MiuiLog-ActivityObserver: There was something wrong : null
12-03 15:55:02.571  2965  2965 E miui_face: start face unlock fail, mKeyguardShowing =true;isDeviceInteractive =false;isSwitchingUser =false;isKeyguardGoingAway =false
12-03 15:55:02.573  2965  2965 E miui_face: start face unlock fail, mKeyguardShowing =true;isDeviceInteractive =false;isSwitchingUser =false;isKeyguardGoingAway =false
12-03 15:55:02.575  2965  2965 E miui_face: start face unlock fail, mKeyguardShowing =true;isDeviceInteractive =false;isSwitchingUser =false;isKeyguardGoingAway =false
12-03 15:55:02.690  2965  2965 E miui_face: start face unlock fail, mKeyguardShowing =true;isDeviceInteractive =false;isSwitchingUser =false;isKeyguardGoingAway =false
12-03 15:55:03.000  1822  5604 E AppOps  : Bad call made by uid 10269. Package "com.miui.weather2" does not belong to uid 1000.
12-03 15:55:03.020  1822  5604 E AppOps  : Bad call made by uid 10269. Package "com.miui.weather2" does not belong to uid 1000.
12-03 15:55:03.021  1822  5604 E AppOps  : Bad call made by uid 10269. Package "com.miui.weather2" does not belong to uid 1000.
12-03 15:55:03.022  1822  5604 E AppOps  : Bad call made by uid 10269. Package "com.miui.weather2" does not belong to uid 1000.
12-03 15:55:03.023  1822  5604 E AppOps  : Bad call made by uid 10269. Package "com.miui.weather2" does not belong to uid 1000.
12-03 15:55:03.997  2610  2610 E ForceDarkHelperStubImpl: getForceDarkOriginState transact failed , mService: null
12-03 15:55:04.340  1822  2377 E AppOps  : attributionTag  not declared in manifest of android
12-03 15:55:04.343  1822  2377 E AppOps  : attributionTag  not declared in manifest of android
12-03 15:55:04.344  1822  2377 E AppOps  : attributionTag  not declared in manifest of android
12-03 15:55:05.107  1822  2377 E AppOps  : attributionTag  not declared in manifest of android
12-03 15:55:05.110  1822  2377 E AppOps  : attributionTag  not declared in manifest of android
12-03 15:55:05.114  1822  2377 E AppOps  : attributionTag  not declared in manifest of android
12-03 15:55:32.797  1822  2642 E ProcessManager: error write exception log
12-03 15:55:32.871  1822  2088 E KernelCpuSpeedReader: Failed to read cpu-freq: /sys/devices/system/cpu/cpu0/cpufreq/stats/time_in_state: open failed: ENOENT (No such file or directory)
12-03 15:55:32.872  1822  2088 E KernelCpuSpeedReader: Failed to read cpu-freq: /sys/devices/system/cpu/cpu1190400/cpufreq/stats/time_in_state: open failed: ENOENT (No such file or directory)
12-03 15:55:32.872  1822  2088 E KernelCpuSpeedReader: Failed to read cpu-freq: /sys/devices/system/cpu/cpu2707200/cpufreq/stats/time_in_state: open failed: ENOENT (No such file or directory)
12-03 15:55:32.872  1822  2088 E KernelCpuSpeedReader: Failed to read cpu-freq: /sys/devices/system/cpu/cpu4512000/cpufreq/stats/time_in_state: open failed: ENOENT (No such file or directory)
12-03 15:55:59.746  1822  1822 E ActivityManager: Cancel pending or running compactions as system is awake
12-03 15:55:59.814  1822  2642 E ProcessManager: error write exception log
12-03 15:55:59.861  1822  5594 E AppOps  : Bad call made by uid 10269. Package "com.miui.weather2" does not belong to uid 1000.
12-03 15:55:59.866  1822  3549 E AppOps  : Bad call made by uid 10269. Package "com.miui.weather2" does not belong to uid 1000.
12-03 15:55:59.873  1822  3549 E AppOps  : Bad call made by uid 10269. Package "com.miui.weather2" does not belong to uid 1000.
12-03 15:55:59.874  1822  2088 E KernelCpuSpeedReader: Failed to read cpu-freq: /sys/devices/system/cpu/cpu0/cpufreq/stats/time_in_state: open failed: ENOENT (No such file or directory)
12-03 15:55:59.874  1822  2088 E KernelCpuSpeedReader: Failed to read cpu-freq: /sys/devices/system/cpu/cpu1190400/cpufreq/stats/time_in_state: open failed: ENOENT (No such file or directory)
12-03 15:55:59.874  1822  2088 E KernelCpuSpeedReader: Failed to read cpu-freq: /sys/devices/system/cpu/cpu2707200/cpufreq/stats/time_in_state: open failed: ENOENT (No such file or directory)
12-03 15:55:59.874  1822  2088 E KernelCpuSpeedReader: Failed to read cpu-freq: /sys/devices/system/cpu/cpu4512000/cpufreq/stats/time_in_state: open failed: ENOENT (No such file or directory)
12-03 15:55:59.881  1822  3549 E AppOps  : Bad call made by uid 10269. Package "com.miui.weather2" does not belong to uid 1000.
12-03 15:55:59.886  1822  5607 E AppOps  : Bad call made by uid 1002. Package "com.google.android.gms" does not belong to uid 1002.
12-03 15:55:59.890  1822  3549 E AppOps  : Bad call made by uid 10269. Package "com.miui.weather2" does not belong to uid 1000.
12-03 15:56:01.077  1822  2088 E KernelCpuSpeedReader: Failed to read cpu-freq: /sys/devices/system/cpu/cpu0/cpufreq/stats/time_in_state: open failed: ENOENT (No such file or directory)
12-03 15:56:01.079  1822  2088 E KernelCpuSpeedReader: Failed to read cpu-freq: /sys/devices/system/cpu/cpu1190400/cpufreq/stats/time_in_state: open failed: ENOENT (No such file or directory)
12-03 15:56:01.079  1822  2088 E KernelCpuSpeedReader: Failed to read cpu-freq: /sys/devices/system/cpu/cpu2707200/cpufreq/stats/time_in_state: open failed: ENOENT (No such file or directory)
12-03 15:56:01.079  1822  2088 E KernelCpuSpeedReader: Failed to read cpu-freq: /sys/devices/system/cpu/cpu4512000/cpufreq/stats/time_in_state: open failed: ENOENT (No such file or directory)
12-03 15:56:01.427  1822  3549 E AppOps  : Bad call made by uid 1002. Package "com.google.android.gms" does not belong to uid 1002.
12-03 15:56:01.477  1822  2438 E MiuiActivityController: MiuiLog-ActivityObserver: There was something wrong : null
12-03 15:56:01.497   607 12262 E keystore2: keystore2::error: In create_operation.
12-03 15:56:01.497   607 12262 E keystore2: 
12-03 15:56:01.497   607 12262 E keystore2: Caused by:
12-03 15:56:01.497   607 12262 E keystore2:     0: In authorize_create: matching auth token is expired.
12-03 15:56:01.497   607 12262 E keystore2:     1: Error::Km(ErrorCode(-26))
12-03 15:56:08.341  1822  2642 E ProcessManager: error write exception log
12-03 15:56:48.249  1822  2642 E ProcessManager: error write exception log
12-03 15:56:48.324  1822  2642 E ProcessManager: error write exception log
12-03 15:57:28.233  1822  2438 E MiuiActivityController: MiuiLog-ActivityObserver: There was something wrong : null
12-03 15:57:28.665  1822  2438 E MiuiActivityController: MiuiLog-ActivityObserver: There was something wrong : null
12-03 15:57:29.269  1822  2438 E MiuiActivityController: MiuiLog-ActivityObserver: There was something wrong : null
12-03 15:57:30.288  1822  2438 E MiuiActivityController: MiuiLog-ActivityObserver: There was something wrong : null
12-03 15:57:30.299  3280  3280 E ForceDarkHelperStubImpl: getForceDarkOriginState transact failed , mService: null
12-03 15:57:30.312  1822  2438 E MiuiActivityController: MiuiLog-ActivityObserver: There was something wrong : null
12-03 15:57:30.721  1822  2438 E MiuiActivityController: MiuiLog-ActivityObserver: There was something wrong : null
12-03 15:57:30.778  1822  2438 E MiuiActivityController: MiuiLog-ActivityObserver: There was something wrong : null
12-03 15:57:30.782  1822  2438 E MiuiActivityController: MiuiLog-ActivityObserver: There was something wrong : null
12-03 15:57:33.090  1822  2438 E MiuiActivityController: MiuiLog-ActivityObserver: There was something wrong : null
12-03 15:57:34.228  1822  2438 E MiuiActivityController: MiuiLog-ActivityObserver: There was something wrong : null
12-03 15:57:34.712  1822  2438 E MiuiActivityController: MiuiLog-ActivityObserver: There was something wrong : null
12-03 15:57:34.887  1822  2438 E MiuiActivityController: MiuiLog-ActivityObserver: There was something wrong : null
12-03 15:57:35.347  1822  2438 E MiuiActivityController: MiuiLog-ActivityObserver: There was something wrong : null
12-03 15:57:35.645  1822  2088 E KernelCpuSpeedReader: Failed to read cpu-freq: /sys/devices/system/cpu/cpu0/cpufreq/stats/time_in_state: open failed: ENOENT (No such file or directory)
12-03 15:57:35.645  1822  2088 E KernelCpuSpeedReader: Failed to read cpu-freq: /sys/devices/system/cpu/cpu1190400/cpufreq/stats/time_in_state: open failed: ENOENT (No such file or directory)
12-03 15:57:35.645  1822  2088 E KernelCpuSpeedReader: Failed to read cpu-freq: /sys/devices/system/cpu/cpu2707200/cpufreq/stats/time_in_state: open failed: ENOENT (No such file or directory)
12-03 15:57:35.646  1822  2088 E KernelCpuSpeedReader: Failed to read cpu-freq: /sys/devices/system/cpu/cpu4512000/cpufreq/stats/time_in_state: open failed: ENOENT (No such file or directory)
12-03 15:57:35.761  1822  1822 E Fingerprint21: onAcquired for non-acquisition client: null
12-03 15:57:36.238  1822  2438 E MiuiActivityController: MiuiLog-ActivityObserver: There was something wrong : null
12-03 15:57:37.295  4057  4057 E ForceDarkHelperStubImpl: getForceDarkOriginState transact failed , mService: null
12-03 15:57:37.885  1822  2438 E MiuiActivityController: MiuiLog-ActivityObserver: There was something wrong : null
12-03 15:57:43.841  1822  2438 E MiuiActivityController: MiuiLog-ActivityObserver: There was something wrong : null
12-03 15:57:59.620  1822  2438 E MiuiActivityController: MiuiLog-ActivityObserver: There was something wrong : null
12-03 15:58:00.473  1822  2438 E MiuiActivityController: MiuiLog-ActivityObserver: There was something wrong : null
12-03 15:58:00.782  1822  2438 E MiuiActivityController: MiuiLog-ActivityObserver: There was something wrong : null
12-03 15:58:00.891  1822  2438 E MiuiActivityController: MiuiLog-ActivityObserver: There was something wrong : null
12-03 15:58:01.370  1822  2438 E MiuiActivityController: MiuiLog-ActivityObserver: There was something wrong : null
12-03 15:58:27.952  1822  2642 E ProcessManager: error write exception log
12-03 15:59:14.662  1822  2088 E KernelCpuSpeedReader: Failed to read cpu-freq: /sys/devices/system/cpu/cpu0/cpufreq/stats/time_in_state: open failed: ENOENT (No such file or directory)
12-03 15:59:14.662  1822  2088 E KernelCpuSpeedReader: Failed to read cpu-freq: /sys/devices/system/cpu/cpu1190400/cpufreq/stats/time_in_state: open failed: ENOENT (No such file or directory)
12-03 15:59:14.662  1822  2088 E KernelCpuSpeedReader: Failed to read cpu-freq: /sys/devices/system/cpu/cpu2707200/cpufreq/stats/time_in_state: open failed: ENOENT (No such file or directory)
12-03 15:59:14.663  1822  2088 E KernelCpuSpeedReader: Failed to read cpu-freq: /sys/devices/system/cpu/cpu4512000/cpufreq/stats/time_in_state: open failed: ENOENT (No such file or directory)
12-03 15:59:43.057  1822  2642 E ProcessManager: error write exception log
12-03 15:59:52.527  1822  2377 E AppOps  : attributionTag  not declared in manifest of android
12-03 15:59:52.531  1822  2377 E AppOps  : attributionTag  not declared in manifest of android
12-03 15:59:52.536  1822  2377 E AppOps  : attributionTag  not declared in manifest of android
12-03 15:59:52.540  1822  2377 E AppOps  : attributionTag  not declared in manifest of android
12-03 15:59:52.544  1822  2377 E AppOps  : attributionTag  not declared in manifest of android
12-03 15:59:52.548  1822  2377 E AppOps  : attributionTag  not declared in manifest of android
12-03 15:59:52.552  1822  2377 E AppOps  : attributionTag  not declared in manifest of android
12-03 15:59:52.556  1822  2377 E AppOps  : attributionTag  not declared in manifest of android
12-03 15:59:52.561  1822  2377 E AppOps  : attributionTag  not declared in manifest of android
12-03 15:59:52.565  1822  2377 E AppOps  : attributionTag  not declared in manifest of android
12-03 16:00:57.836  1822  2642 E ProcessManager: error write exception log
12-03 16:01:37.525  2965  2965 E miui_face: start face unlock fail, mKeyguardShowing =false;isDeviceInteractive =false;isSwitchingUser =false;isKeyguardGoingAway =false
12-03 16:01:37.719  1822  2377 E AppOps  : attributionTag  not declared in manifest of android
12-03 16:01:37.723  1822  2377 E AppOps  : attributionTag  not declared in manifest of android
12-03 16:01:37.726  1822  2377 E AppOps  : attributionTag  not declared in manifest of android
12-03 16:01:37.731  1822  2377 E AppOps  : attributionTag  not declared in manifest of android
12-03 16:01:37.762  1822  2438 E MiuiActivityController: MiuiLog-ActivityObserver: There was something wrong : null
12-03 16:01:37.774  1822  2088 E KernelCpuSpeedReader: Failed to read cpu-freq: /sys/devices/system/cpu/cpu0/cpufreq/stats/time_in_state: open failed: ENOENT (No such file or directory)
12-03 16:01:37.774  1822  2088 E KernelCpuSpeedReader: Failed to read cpu-freq: /sys/devices/system/cpu/cpu1190400/cpufreq/stats/time_in_state: open failed: ENOENT (No such file or directory)
12-03 16:01:37.775  1822  2088 E KernelCpuSpeedReader: Failed to read cpu-freq: /sys/devices/system/cpu/cpu2707200/cpufreq/stats/time_in_state: open failed: ENOENT (No such file or directory)
12-03 16:01:37.775  1822  2088 E KernelCpuSpeedReader: Failed to read cpu-freq: /sys/devices/system/cpu/cpu4512000/cpufreq/stats/time_in_state: open failed: ENOENT (No such file or directory)
12-03 16:01:37.882  1822  2438 E MiuiActivityController: MiuiLog-ActivityObserver: There was something wrong : null
12-03 16:01:38.081  2965  2965 E miui_face: start face unlock fail, mKeyguardShowing =true;isDeviceInteractive =false;isSwitchingUser =false;isKeyguardGoingAway =false
12-03 16:01:38.085  2965  2965 E miui_face: start face unlock fail, mKeyguardShowing =true;isDeviceInteractive =false;isSwitchingUser =false;isKeyguardGoingAway =false
12-03 16:01:38.086  2965  2965 E miui_face: start face unlock fail, mKeyguardShowing =true;isDeviceInteractive =false;isSwitchingUser =false;isKeyguardGoingAway =false
12-03 16:01:38.475  2965  2965 E miui_face: start face unlock fail, mKeyguardShowing =true;isDeviceInteractive =false;isSwitchingUser =false;isKeyguardGoingAway =false
12-03 16:01:38.625  1822  5605 E AppOps  : Bad call made by uid 10269. Package "com.miui.weather2" does not belong to uid 1000.
12-03 16:01:38.637  1822  3200 E AppOps  : Bad call made by uid 10269. Package "com.miui.weather2" does not belong to uid 1000.
12-03 16:01:38.640  1822  5607 E AppOps  : Bad call made by uid 10269. Package "com.miui.weather2" does not belong to uid 1000.
12-03 16:01:38.643  1822  5607 E AppOps  : Bad call made by uid 10269. Package "com.miui.weather2" does not belong to uid 1000.
12-03 16:01:38.645  1822  5607 E AppOps  : Bad call made by uid 10269. Package "com.miui.weather2" does not belong to uid 1000.
12-03 16:01:44.212  1822  2642 E ProcessManager: error write exception log
12-03 16:01:44.822  1822  2088 E KernelCpuSpeedReader: Failed to read cpu-freq: /sys/devices/system/cpu/cpu0/cpufreq/stats/time_in_state: open failed: ENOENT (No such file or directory)
12-03 16:01:44.823  1822  2088 E KernelCpuSpeedReader: Failed to read cpu-freq: /sys/devices/system/cpu/cpu1190400/cpufreq/stats/time_in_state: open failed: ENOENT (No such file or directory)
12-03 16:01:44.823  1822  2088 E KernelCpuSpeedReader: Failed to read cpu-freq: /sys/devices/system/cpu/cpu2707200/cpufreq/stats/time_in_state: open failed: ENOENT (No such file or directory)
12-03 16:01:44.824  1822  2088 E KernelCpuSpeedReader: Failed to read cpu-freq: /sys/devices/system/cpu/cpu4512000/cpufreq/stats/time_in_state: open failed: ENOENT (No such file or directory)
12-03 16:02:00.166  1822  2186 E VerityUtils: Failed to measure fs-verity, errno 1: /data/app/~~BJ4xOrFbYm4bgQXjqe7oHA==/com.wallapop-A7Us2DXgd-ud7S8iYvxAiQ==/base.apk
12-03 16:02:01.105  1822  1822 E ActivityManager: Cancel pending or running compactions as system is awake
12-03 16:02:01.219  1822  2088 E KernelCpuSpeedReader: Failed to read cpu-freq: /sys/devices/system/cpu/cpu0/cpufreq/stats/time_in_state: open failed: ENOENT (No such file or directory)
12-03 16:02:01.219  1822  2088 E KernelCpuSpeedReader: Failed to read cpu-freq: /sys/devices/system/cpu/cpu1190400/cpufreq/stats/time_in_state: open failed: ENOENT (No such file or directory)
12-03 16:02:01.219  1822  2088 E KernelCpuSpeedReader: Failed to read cpu-freq: /sys/devices/system/cpu/cpu2707200/cpufreq/stats/time_in_state: open failed: ENOENT (No such file or directory)
12-03 16:02:01.219  1822  2088 E KernelCpuSpeedReader: Failed to read cpu-freq: /sys/devices/system/cpu/cpu4512000/cpufreq/stats/time_in_state: open failed: ENOENT (No such file or directory)
12-03 16:02:01.324  1822  4605 E AppOps  : Bad call made by uid 10269. Package "com.miui.weather2" does not belong to uid 1000.
12-03 16:02:01.326  1822  4595 E AppOps  : Bad call made by uid 10269. Package "com.miui.weather2" does not belong to uid 1000.
12-03 16:02:01.328  1822  4605 E AppOps  : Bad call made by uid 10269. Package "com.miui.weather2" does not belong to uid 1000.
12-03 16:02:01.330  1822  4605 E AppOps  : Bad call made by uid 10269. Package "com.miui.weather2" does not belong to uid 1000.
12-03 16:02:01.333  1822  4601 E AppOps  : Bad call made by uid 10269. Package "com.miui.weather2" does not belong to uid 1000.
12-03 16:02:01.404  1822  6219 E AppOps  : Bad call made by uid 1002. Package "com.google.android.gms" does not belong to uid 1002.
12-03 16:02:01.427  1822  2642 E ProcessManager: error write exception log
12-03 16:02:01.483  5871  5871 E ForceDarkHelperStubImpl: getForceDarkOriginState transact failed , mService: null
12-03 16:02:02.427  1822  2642 E ProcessManager: error write exception log
12-03 16:02:02.468  1822  2642 E ProcessManager: error write exception log
12-03 16:02:02.488  1822  2642 E ProcessManager: error write exception log
12-03 16:02:02.629  1822  2642 E ProcessManager: error write exception log
12-03 16:02:03.219  1822  2438 E MiuiActivityController: MiuiLog-ActivityObserver: There was something wrong : null
12-03 16:02:03.504  1822  3549 E AppOps  : Bad call made by uid 1002. Package "com.google.android.gms" does not belong to uid 1002.
12-03 16:02:03.605   607 12262 E keystore2: keystore2::error: In create_operation.
12-03 16:02:03.605   607 12262 E keystore2: 
12-03 16:02:03.605   607 12262 E keystore2: Caused by:
12-03 16:02:03.605   607 12262 E keystore2:     0: In authorize_create: matching auth token is expired.
12-03 16:02:03.605   607 12262 E keystore2:     1: Error::Km(ErrorCode(-26))
12-03 16:02:04.658  1822  2642 E ProcessManager: error write exception log
12-03 16:02:15.475  1822  2642 E ProcessManager: error write exception log
12-03 16:02:15.548  1822  2642 E ProcessManager: error write exception log
12-03 16:02:15.561  1822  2642 E ProcessManager: error write exception log
12-03 16:02:32.850  1822  2642 E ProcessManager: error write exception log
12-03 16:02:32.922  1822  2088 E KernelCpuSpeedReader: Failed to read cpu-freq: /sys/devices/system/cpu/cpu0/cpufreq/stats/time_in_state: open failed: ENOENT (No such file or directory)
12-03 16:02:32.923  1822  2088 E KernelCpuSpeedReader: Failed to read cpu-freq: /sys/devices/system/cpu/cpu1190400/cpufreq/stats/time_in_state: open failed: ENOENT (No such file or directory)
12-03 16:02:32.923  1822  2088 E KernelCpuSpeedReader: Failed to read cpu-freq: /sys/devices/system/cpu/cpu2707200/cpufreq/stats/time_in_state: open failed: ENOENT (No such file or directory)
12-03 16:02:32.923  1822  2088 E KernelCpuSpeedReader: Failed to read cpu-freq: /sys/devices/system/cpu/cpu4512000/cpufreq/stats/time_in_state: open failed: ENOENT (No such file or directory)
12-03 16:02:32.948  1822  2642 E ProcessManager: error write exception log
12-03 16:02:32.968  1822  2377 E AppOps  : attributionTag  not declared in manifest of android
12-03 16:02:51.522  1822  2088 E KernelCpuSpeedReader: Failed to read cpu-freq: /sys/devices/system/cpu/cpu0/cpufreq/stats/time_in_state: open failed: ENOENT (No such file or directory)
12-03 16:02:51.523  1822  2088 E KernelCpuSpeedReader: Failed to read cpu-freq: /sys/devices/system/cpu/cpu1190400/cpufreq/stats/time_in_state: open failed: ENOENT (No such file or directory)
12-03 16:02:51.524  1822  2088 E KernelCpuSpeedReader: Failed to read cpu-freq: /sys/devices/system/cpu/cpu2707200/cpufreq/stats/time_in_state: open failed: ENOENT (No such file or directory)
12-03 16:02:51.525  1822  2088 E KernelCpuSpeedReader: Failed to read cpu-freq: /sys/devices/system/cpu/cpu4512000/cpufreq/stats/time_in_state: open failed: ENOENT (No such file or directory)
12-03 16:02:51.932  1822  2642 E ProcessManager: error write exception log
12-03 16:02:51.984  1822  2642 E ProcessManager: error write exception log
12-03 16:02:51.991  1822  2642 E ProcessManager: error write exception log
12-03 16:03:01.550  7107  7397 E KernelRpmStatsReader: Failure in reading rpm stats
12-03 16:03:01.550  7107  7397 E KernelRpmStatsReader: java.io.FileNotFoundException: /sys/power/system_sleep/stats: open failed: EACCES (Permission denied)
12-03 16:03:01.550  7107  7397 E KernelRpmStatsReader: 	at libcore.io.IoBridge.open(IoBridge.java:574)
12-03 16:03:01.550  7107  7397 E KernelRpmStatsReader: 	at java.io.FileInputStream.<init>(FileInputStream.java:179)
12-03 16:03:01.550  7107  7397 E KernelRpmStatsReader: 	at java.io.FileInputStream.<init>(FileInputStream.java:133)
12-03 16:03:01.550  7107  7397 E KernelRpmStatsReader: 	at com.miui.powerkeeper.utils.KernelRpmStatsReader.readRpmStatsType1(Unknown Source:19)
12-03 16:03:01.550  7107  7397 E KernelRpmStatsReader: 	at com.miui.powerkeeper.utils.KernelRpmStatsReader.readRpmStats(Unknown Source:63)
12-03 16:03:01.550  7107  7397 E KernelRpmStatsReader: 	at com.miui.powerkeeper.powerchecker.PowerCheckerService.requestKernelRpmStatsUpdate(Unknown Source:4)
12-03 16:03:01.550  7107  7397 E KernelRpmStatsReader: 	at com.miui.powerkeeper.powerchecker.PowerCheckerService.addBatteryHistoryRecord(Unknown Source:32)
12-03 16:03:01.550  7107  7397 E KernelRpmStatsReader: 	at com.miui.powerkeeper.powerchecker.PowerCheckerService.updateBatteryLevelChanged(Unknown Source:8)
12-03 16:03:01.550  7107  7397 E KernelRpmStatsReader: 	at com.miui.powerkeeper.powerchecker.PowerCheckerService.access$2700(Unknown Source:0)
12-03 16:03:01.550  7107  7397 E KernelRpmStatsReader: 	at com.miui.powerkeeper.powerchecker.PowerCheckerService$PowerCheckHandler.handleMessage(Unknown Source:124)
12-03 16:03:01.550  7107  7397 E KernelRpmStatsReader: 	at android.os.Handler.dispatchMessage(Handler.java:106)
12-03 16:03:01.550  7107  7397 E KernelRpmStatsReader: 	at android.os.Looper.loopOnce(Looper.java:211)
12-03 16:03:01.550  7107  7397 E KernelRpmStatsReader: 	at android.os.Looper.loop(Looper.java:300)
12-03 16:03:01.550  7107  7397 E KernelRpmStatsReader: 	at android.os.HandlerThread.run(HandlerThread.java:67)
12-03 16:03:01.550  7107  7397 E KernelRpmStatsReader: Caused by: android.system.ErrnoException: open failed: EACCES (Permission denied)
12-03 16:03:01.550  7107  7397 E KernelRpmStatsReader: 	at libcore.io.Linux.open(Native Method)
12-03 16:03:01.550  7107  7397 E KernelRpmStatsReader: 	at libcore.io.ForwardingOs.open(ForwardingOs.java:568)
12-03 16:03:01.550  7107  7397 E KernelRpmStatsReader: 	at libcore.io.BlockGuardOs.open(BlockGuardOs.java:274)
12-03 16:03:01.550  7107  7397 E KernelRpmStatsReader: 	at libcore.io.ForwardingOs.open(ForwardingOs.java:568)
12-03 16:03:01.550  7107  7397 E KernelRpmStatsReader: 	at android.app.ActivityThread$AndroidOs.open(ActivityThread.java:8381)
12-03 16:03:01.550  7107  7397 E KernelRpmStatsReader: 	at libcore.io.IoBridge.open(IoBridge.java:560)
12-03 16:03:01.550  7107  7397 E KernelRpmStatsReader: 	... 13 more
12-03 16:03:27.664  1822  2088 E KernelCpuSpeedReader: Failed to read cpu-freq: /sys/devices/system/cpu/cpu0/cpufreq/stats/time_in_state: open failed: ENOENT (No such file or directory)
12-03 16:03:27.665  1822  2088 E KernelCpuSpeedReader: Failed to read cpu-freq: /sys/devices/system/cpu/cpu1190400/cpufreq/stats/time_in_state: open failed: ENOENT (No such file or directory)
12-03 16:03:27.665  1822  2088 E KernelCpuSpeedReader: Failed to read cpu-freq: /sys/devices/system/cpu/cpu2707200/cpufreq/stats/time_in_state: open failed: ENOENT (No such file or directory)
12-03 16:03:27.666  1822  2088 E KernelCpuSpeedReader: Failed to read cpu-freq: /sys/devices/system/cpu/cpu4512000/cpufreq/stats/time_in_state: open failed: ENOENT (No such file or directory)
12-03 16:03:41.318  1822  2438 E MiuiActivityController: MiuiLog-ActivityObserver: There was something wrong : null
12-03 16:03:41.521  1822  2438 E MiuiActivityController: MiuiLog-ActivityObserver: There was something wrong : null
12-03 16:03:46.806  1822  2438 E MiuiActivityController: MiuiLog-ActivityObserver: There was something wrong : null
12-03 16:03:46.913  1822  2438 E MiuiActivityController: MiuiLog-ActivityObserver: There was something wrong : null
12-03 16:03:46.930  1822  2438 E MiuiActivityController: MiuiLog-ActivityObserver: There was something wrong : null
12-03 16:03:59.682  1822  2438 E MiuiActivityController: MiuiLog-ActivityObserver: There was something wrong : null
12-03 16:03:59.816  1822  2438 E MiuiActivityController: MiuiLog-ActivityObserver: There was something wrong : null
12-03 16:04:06.518  1822  2438 E MiuiActivityController: MiuiLog-ActivityObserver: There was something wrong : null
12-03 16:04:06.598  1822  2438 E MiuiActivityController: MiuiLog-ActivityObserver: There was something wrong : null
12-03 16:04:06.612  1822  2438 E MiuiActivityController: MiuiLog-ActivityObserver: There was something wrong : null
12-03 16:04:07.825  1822  2438 E MiuiActivityController: MiuiLog-ActivityObserver: There was something wrong : null
12-03 16:04:08.096  1822  2438 E MiuiActivityController: MiuiLog-ActivityObserver: There was something wrong : null
12-03 16:04:08.536  1822  2438 E MiuiActivityController: MiuiLog-ActivityObserver: There was something wrong : null
12-03 16:04:09.687  1822  2438 E MiuiActivityController: MiuiLog-ActivityObserver: There was something wrong : null
12-03 16:04:10.201  1822  2438 E MiuiActivityController: MiuiLog-ActivityObserver: There was something wrong : null
12-03 16:04:10.434  1822  2438 E MiuiActivityController: MiuiLog-ActivityObserver: There was something wrong : null
12-03 16:04:24.833  1822  2377 E AppOps  : attributionTag  not declared in manifest of android
12-03 16:04:24.836  1822  2377 E AppOps  : attributionTag  not declared in manifest of android
12-03 16:04:24.840  1822  2377 E AppOps  : attributionTag  not declared in manifest of android
12-03 16:04:24.845  1822  2377 E AppOps  : attributionTag  not declared in manifest of android
12-03 16:04:24.849  1822  2377 E AppOps  : attributionTag  not declared in manifest of android
12-03 16:04:24.853  1822  2377 E AppOps  : attributionTag  not declared in manifest of android
12-03 16:04:24.855  1822  2377 E AppOps  : attributionTag  not declared in manifest of android
12-03 16:04:24.858  1822  2377 E AppOps  : attributionTag  not declared in manifest of android
12-03 16:04:24.861  1822  2377 E AppOps  : attributionTag  not declared in manifest of android
12-03 16:04:24.864  1822  2377 E AppOps  : attributionTag  not declared in manifest of android
12-03 16:04:24.867  1822  2377 E AppOps  : attributionTag  not declared in manifest of android
12-03 16:04:24.870  1822  2377 E AppOps  : attributionTag  not declared in manifest of android
12-03 16:04:33.389  1822  2377 E AppOps  : attributionTag  not declared in manifest of android
12-03 16:04:33.392  1822  2377 E AppOps  : attributionTag  not declared in manifest of android
12-03 16:04:33.395  1822  2377 E AppOps  : attributionTag  not declared in manifest of android
12-03 16:04:41.887  1822  2377 E AppOps  : attributionTag  not declared in manifest of android
12-03 16:04:41.891  1822  2377 E AppOps  : attributionTag  not declared in manifest of android
12-03 16:04:41.896  1822  2377 E AppOps  : attributionTag  not declared in manifest of android
12-03 16:04:41.900  1822  2377 E AppOps  : attributionTag  not declared in manifest of android
12-03 16:05:09.603  2965  2965 E miui_face: start face unlock fail, mKeyguardShowing =false;isDeviceInteractive =false;isSwitchingUser =false;isKeyguardGoingAway =false
12-03 16:05:09.845  1822  2438 E MiuiActivityController: MiuiLog-ActivityObserver: There was something wrong : null
12-03 16:05:09.906  1822  2088 E KernelCpuSpeedReader: Failed to read cpu-freq: /sys/devices/system/cpu/cpu0/cpufreq/stats/time_in_state: open failed: ENOENT (No such file or directory)
12-03 16:05:09.907  1822  2088 E KernelCpuSpeedReader: Failed to read cpu-freq: /sys/devices/system/cpu/cpu1190400/cpufreq/stats/time_in_state: open failed: ENOENT (No such file or directory)
12-03 16:05:09.907  1822  2088 E KernelCpuSpeedReader: Failed to read cpu-freq: /sys/devices/system/cpu/cpu2707200/cpufreq/stats/time_in_state: open failed: ENOENT (No such file or directory)
12-03 16:05:09.907  1822  2088 E KernelCpuSpeedReader: Failed to read cpu-freq: /sys/devices/system/cpu/cpu4512000/cpufreq/stats/time_in_state: open failed: ENOENT (No such file or directory)
12-03 16:05:09.957  1822  2438 E MiuiActivityController: MiuiLog-ActivityObserver: There was something wrong : null
12-03 16:05:10.179  2965  2965 E miui_face: start face unlock fail, mKeyguardShowing =true;isDeviceInteractive =false;isSwitchingUser =false;isKeyguardGoingAway =false
12-03 16:05:10.181  2965  2965 E miui_face: start face unlock fail, mKeyguardShowing =true;isDeviceInteractive =false;isSwitchingUser =false;isKeyguardGoingAway =false
12-03 16:05:10.183  2965  2965 E miui_face: start face unlock fail, mKeyguardShowing =true;isDeviceInteractive =false;isSwitchingUser =false;isKeyguardGoingAway =false
12-03 16:05:10.483  2965  2965 E miui_face: start face unlock fail, mKeyguardShowing =true;isDeviceInteractive =false;isSwitchingUser =false;isKeyguardGoingAway =false
12-03 16:05:10.600  1822  3953 E AppOps  : Bad call made by uid 10269. Package "com.miui.weather2" does not belong to uid 1000.
12-03 16:05:10.611  1822  6300 E AppOps  : Bad call made by uid 10269. Package "com.miui.weather2" does not belong to uid 1000.
12-03 16:05:10.614  1822  5604 E AppOps  : Bad call made by uid 10269. Package "com.miui.weather2" does not belong to uid 1000.
12-03 16:05:10.617  1822  6300 E AppOps  : Bad call made by uid 10269. Package "com.miui.weather2" does not belong to uid 1000.
12-03 16:05:10.622  1822  5604 E AppOps  : Bad call made by uid 10269. Package "com.miui.weather2" does not belong to uid 1000.
12-03 16:05:49.104  1822  1822 E ActivityManager: Cancel pending or running compactions as system is awake
12-03 16:05:49.170  1822  6300 E AppOps  : Bad call made by uid 1002. Package "com.google.android.gms" does not belong to uid 1002.
