12-05 10:59:32.285 E/KernelCpuSpeedReader( 1829): Failed to read cpu-freq: /sys/devices/system/cpu/cpu0/cpufreq/stats/time_in_state: open failed: ENOENT (No such file or directory)
12-05 11:00:42.561 E/ActivityThread(12984): Failed to find provider info for com.facebook.appmanager.nekodirect
12-05 11:00:43.640 E/ProcessManager( 1829): error write exception log
12-05 11:00:43.744 E/ProcessManager( 1829): error write exception log
12-05 11:00:43.801 E/ProcessManager( 1829): error write exception log
12-05 11:01:07.806 E/ProcessManager( 1829): error write exception log
12-05 11:01:40.285 E/ClipboardService( 1829): Denying clipboard access to com.google.android.gms, application is not in focus nor is it a system service for user 0
12-05 11:01:40.286 E/ClipboardService( 1829): Denying clipboard access to com.google.android.apps.paidtasks, application is not in focus nor is it a system service for user 0
12-05 11:01:40.310 E/ClipboardService( 1829): Denying clipboard access to com.google.android.gms, application is not in focus nor is it a system service for user 0
12-05 11:01:40.311 E/ClipboardService( 1829): Denying clipboard access to com.google.android.apps.paidtasks, application is not in focus nor is it a system service for user 0
12-05 11:01:47.835 E/KernelCpuSpeedReader( 1829): Failed to read cpu-freq: /sys/devices/system/cpu/cpu4512000/cpufreq/stats/time_in_state: open failed: ENOENT (No such file or directory)
12-05 11:01:47.835 E/KernelCpuSpeedReader( 1829): Failed to read cpu-freq: /sys/devices/system/cpu/cpu2707200/cpufreq/stats/time_in_state: open failed: ENOENT (No such file or directory)
12-05 11:01:47.835 E/KernelCpuSpeedReader( 1829): Failed to read cpu-freq: /sys/devices/system/cpu/cpu1190400/cpufreq/stats/time_in_state: open failed: ENOENT (No such file or directory)
12-05 11:01:47.836 E/KernelCpuSpeedReader( 1829): Failed to read cpu-freq: /sys/devices/system/cpu/cpu0/cpufreq/stats/time_in_state: open failed: ENOENT (No such file or directory)
12-05 11:01:48.212 E/ProcessManager( 1829): error write exception log
12-05 11:01:57.835 E/KernelRpmStatsReader( 7016): Failure in reading rpm stats
12-05 11:01:57.835 E/KernelRpmStatsReader( 7016): java.io.FileNotFoundException: /sys/power/system_sleep/stats: open failed: EACCES (Permission denied)
12-05 11:01:57.835 E/KernelRpmStatsReader( 7016): 	at libcore.io.IoBridge.open(IoBridge.java:574)
12-05 11:01:57.835 E/KernelRpmStatsReader( 7016): 	at java.io.FileInputStream.<init>(FileInputStream.java:179)
12-05 11:01:57.835 E/KernelRpmStatsReader( 7016): 	at java.io.FileInputStream.<init>(FileInputStream.java:133)
12-05 11:01:57.835 E/KernelRpmStatsReader( 7016): 	at com.miui.powerkeeper.utils.KernelRpmStatsReader.readRpmStatsType1(Unknown Source:19)
12-05 11:01:57.835 E/KernelRpmStatsReader( 7016): 	at com.miui.powerkeeper.utils.KernelRpmStatsReader.readRpmStats(Unknown Source:63)
12-05 11:01:57.835 E/KernelRpmStatsReader( 7016): 	at com.miui.powerkeeper.powerchecker.PowerCheckerService.requestKernelRpmStatsUpdate(Unknown Source:4)
12-05 11:01:57.835 E/KernelRpmStatsReader( 7016): 	at com.miui.powerkeeper.powerchecker.PowerCheckerService.addBatteryHistoryRecord(Unknown Source:32)
12-05 11:01:57.835 E/KernelRpmStatsReader( 7016): 	at com.miui.powerkeeper.powerchecker.PowerCheckerService.updateBatteryLevelChanged(Unknown Source:8)
12-05 11:01:57.835 E/KernelRpmStatsReader( 7016): 	at com.miui.powerkeeper.powerchecker.PowerCheckerService.access$2700(Unknown Source:0)
12-05 11:01:57.835 E/KernelRpmStatsReader( 7016): 	at com.miui.powerkeeper.powerchecker.PowerCheckerService$PowerCheckHandler.handleMessage(Unknown Source:124)
12-05 11:01:57.835 E/KernelRpmStatsReader( 7016): 	at android.os.Handler.dispatchMessage(Handler.java:106)
12-05 11:01:57.835 E/KernelRpmStatsReader( 7016): 	at android.os.Looper.loopOnce(Looper.java:211)
12-05 11:01:57.835 E/KernelRpmStatsReader( 7016): 	at android.os.Looper.loop(Looper.java:300)
12-05 11:01:57.835 E/KernelRpmStatsReader( 7016): 	at android.os.HandlerThread.run(HandlerThread.java:67)
12-05 11:01:57.835 E/KernelRpmStatsReader( 7016): Caused by: android.system.ErrnoException: open failed: EACCES (Permission denied)
12-05 11:01:57.835 E/KernelRpmStatsReader( 7016): 	at libcore.io.Linux.open(Native Method)
12-05 11:01:57.835 E/KernelRpmStatsReader( 7016): 	at libcore.io.ForwardingOs.open(ForwardingOs.java:568)
12-05 11:01:57.835 E/KernelRpmStatsReader( 7016): 	at libcore.io.BlockGuardOs.open(BlockGuardOs.java:274)
12-05 11:01:57.835 E/KernelRpmStatsReader( 7016): 	at libcore.io.ForwardingOs.open(ForwardingOs.java:568)
12-05 11:01:57.835 E/KernelRpmStatsReader( 7016): 	at android.app.ActivityThread$AndroidOs.open(ActivityThread.java:8381)
12-05 11:01:57.835 E/KernelRpmStatsReader( 7016): 	at libcore.io.IoBridge.open(IoBridge.java:560)
12-05 11:01:57.835 E/KernelRpmStatsReader( 7016): 	... 13 more
12-05 11:02:16.368 E/AppOps  ( 1829): attributionTag  not declared in manifest of android
12-05 11:02:16.371 E/AppOps  ( 1829): attributionTag  not declared in manifest of android
12-05 11:02:31.685 E/VibratorManagerService( 1829): Vibrate ignored, not vibrating for ringtones or notify for MIUI
12-05 11:02:34.709 E/ProcessManager( 1829): error write exception log
12-05 11:02:34.772 E/ProcessManager( 1829): error write exception log
12-05 11:04:00.901 E/ActivityThread( 4408): Failed to find provider info for com.facebook.katana.provider.LastUsedTimestampProvider
12-05 11:04:00.902 E/ActivityThread( 4408): Failed to find provider info for com.facebook.wakizashi.provider.LastUsedTimestampProvider
12-05 11:04:01.915 E/ActivityThread( 4408): Failed to find provider info for com.facebook.lite.provider.LastUsedTimestampProvider
12-05 11:04:41.715 E/KernelRpmStatsReader( 7016): Failure in reading rpm stats
12-05 11:04:41.715 E/KernelRpmStatsReader( 7016): java.io.FileNotFoundException: /sys/power/system_sleep/stats: open failed: EACCES (Permission denied)
12-05 11:04:41.715 E/KernelRpmStatsReader( 7016): 	at libcore.io.IoBridge.open(IoBridge.java:574)
12-05 11:04:41.715 E/KernelRpmStatsReader( 7016): 	at java.io.FileInputStream.<init>(FileInputStream.java:179)
12-05 11:04:41.715 E/KernelRpmStatsReader( 7016): 	at java.io.FileInputStream.<init>(FileInputStream.java:133)
12-05 11:04:41.715 E/KernelRpmStatsReader( 7016): 	at com.miui.powerkeeper.utils.KernelRpmStatsReader.readRpmStatsType1(Unknown Source:19)
12-05 11:04:41.715 E/KernelRpmStatsReader( 7016): 	at com.miui.powerkeeper.utils.KernelRpmStatsReader.readRpmStats(Unknown Source:63)
12-05 11:04:41.715 E/KernelRpmStatsReader( 7016): 	at com.miui.powerkeeper.powerchecker.PowerCheckerService.requestKernelRpmStatsUpdate(Unknown Source:4)
12-05 11:04:41.715 E/KernelRpmStatsReader( 7016): 	at com.miui.powerkeeper.powerchecker.PowerCheckerService.addBatteryHistoryRecord(Unknown Source:32)
12-05 11:04:41.715 E/KernelRpmStatsReader( 7016): 	at com.miui.powerkeeper.powerchecker.PowerCheckerService.updateBatteryLevelChanged(Unknown Source:8)
12-05 11:04:41.715 E/KernelRpmStatsReader( 7016): 	at com.miui.powerkeeper.powerchecker.PowerCheckerService.access$2700(Unknown Source:0)
12-05 11:04:41.715 E/KernelRpmStatsReader( 7016): 	at com.miui.powerkeeper.powerchecker.PowerCheckerService$PowerCheckHandler.handleMessage(Unknown Source:124)
12-05 11:04:41.715 E/KernelRpmStatsReader( 7016): 	at android.os.Handler.dispatchMessage(Handler.java:106)
12-05 11:04:41.715 E/KernelRpmStatsReader( 7016): 	at android.os.Looper.loopOnce(Looper.java:211)
12-05 11:04:41.715 E/KernelRpmStatsReader( 7016): 	at android.os.Looper.loop(Looper.java:300)
12-05 11:04:41.715 E/KernelRpmStatsReader( 7016): 	at android.os.HandlerThread.run(HandlerThread.java:67)
12-05 11:04:41.715 E/KernelRpmStatsReader( 7016): Caused by: android.system.ErrnoException: open failed: EACCES (Permission denied)
12-05 11:04:41.715 E/KernelRpmStatsReader( 7016): 	at libcore.io.Linux.open(Native Method)
12-05 11:04:41.715 E/KernelRpmStatsReader( 7016): 	at libcore.io.ForwardingOs.open(ForwardingOs.java:568)
12-05 11:04:41.715 E/KernelRpmStatsReader( 7016): 	at libcore.io.BlockGuardOs.open(BlockGuardOs.java:274)
12-05 11:04:41.715 E/KernelRpmStatsReader( 7016): 	at libcore.io.ForwardingOs.open(ForwardingOs.java:568)
12-05 11:04:41.715 E/KernelRpmStatsReader( 7016): 	at android.app.ActivityThread$AndroidOs.open(ActivityThread.java:8381)
12-05 11:04:41.715 E/KernelRpmStatsReader( 7016): 	at libcore.io.IoBridge.open(IoBridge.java:560)
12-05 11:04:41.715 E/KernelRpmStatsReader( 7016): 	... 13 more
12-05 11:04:42.688 E/KernelCpuSpeedReader( 1829): Failed to read cpu-freq: /sys/devices/system/cpu/cpu4512000/cpufreq/stats/time_in_state: open failed: ENOENT (No such file or directory)
12-05 11:04:42.689 E/KernelCpuSpeedReader( 1829): Failed to read cpu-freq: /sys/devices/system/cpu/cpu2707200/cpufreq/stats/time_in_state: open failed: ENOENT (No such file or directory)
12-05 11:04:42.689 E/KernelCpuSpeedReader( 1829): Failed to read cpu-freq: /sys/devices/system/cpu/cpu1190400/cpufreq/stats/time_in_state: open failed: ENOENT (No such file or directory)
12-05 11:04:42.690 E/KernelCpuSpeedReader( 1829): Failed to read cpu-freq: /sys/devices/system/cpu/cpu0/cpufreq/stats/time_in_state: open failed: ENOENT (No such file or directory)
12-05 11:05:59.792 E/ProcessManager( 1829): error write exception log
12-05 11:05:59.835 E/ProcessManager( 1829): error write exception log
12-05 11:06:47.876 E/KernelCpuSpeedReader( 1829): Failed to read cpu-freq: /sys/devices/system/cpu/cpu4512000/cpufreq/stats/time_in_state: open failed: ENOENT (No such file or directory)
12-05 11:06:47.877 E/KernelCpuSpeedReader( 1829): Failed to read cpu-freq: /sys/devices/system/cpu/cpu2707200/cpufreq/stats/time_in_state: open failed: ENOENT (No such file or directory)
12-05 11:06:47.877 E/KernelCpuSpeedReader( 1829): Failed to read cpu-freq: /sys/devices/system/cpu/cpu1190400/cpufreq/stats/time_in_state: open failed: ENOENT (No such file or directory)
12-05 11:06:47.878 E/KernelCpuSpeedReader( 1829): Failed to read cpu-freq: /sys/devices/system/cpu/cpu0/cpufreq/stats/time_in_state: open failed: ENOENT (No such file or directory)
12-05 11:07:49.218 E/ProcessManager( 1829): error write exception log
12-05 11:13:06.864 E/KernelCpuSpeedReader( 1829): Failed to read cpu-freq: /sys/devices/system/cpu/cpu4512000/cpufreq/stats/time_in_state: open failed: ENOENT (No such file or directory)
12-05 11:13:06.865 E/KernelCpuSpeedReader( 1829): Failed to read cpu-freq: /sys/devices/system/cpu/cpu2707200/cpufreq/stats/time_in_state: open failed: ENOENT (No such file or directory)
12-05 11:13:06.865 E/KernelCpuSpeedReader( 1829): Failed to read cpu-freq: /sys/devices/system/cpu/cpu1190400/cpufreq/stats/time_in_state: open failed: ENOENT (No such file or directory)
12-05 11:13:06.866 E/KernelCpuSpeedReader( 1829): Failed to read cpu-freq: /sys/devices/system/cpu/cpu0/cpufreq/stats/time_in_state: open failed: ENOENT (No such file or directory)
12-05 11:13:37.517 E/ProcessManager( 1829): error write exception log
12-05 11:13:37.626 E/ProcessManager( 1829): error write exception log
12-05 11:14:58.619 E/ProcessManager( 1829): error write exception log
12-05 11:16:16.065 E/ActivityThread(14289): Failed to find provider info for com.facebook.appmanager.nekodirect
12-05 11:16:17.012 E/ProcessManager( 1829): error write exception log
12-05 11:16:17.489 E/ProcessManager( 1829): error write exception log
12-05 11:16:17.587 E/ProcessManager( 1829): error write exception log
12-05 11:16:35.241 E/ProcessManager( 1829): error write exception log
12-05 11:16:47.058 E/ProcessManager( 1829): error write exception log
12-05 11:16:47.107 E/ProcessManager( 1829): error write exception log
12-05 11:18:21.736 E/ProcessManager( 1829): error write exception log
12-05 11:19:26.620 E/ProcessManager( 1829): error write exception log
12-05 11:19:33.462 E/VerityUtils( 1829): Failed to measure fs-verity, errno 1: /data/app/~~Oi6mtRxMjgXkYA_Y5s3szQ==/com.google.android.youtube-g-gVFp8DkkmUMVVyY9z08w==/base.apk
12-05 11:19:35.684 E/ProcessManager( 1829): error write exception log
12-05 11:19:38.822 E/AppOps  ( 1829): Bad call made by uid 10205. Package "com.google.android.gms" does not belong to uid 10760.
12-05 11:19:39.029 E/ProcessManager( 1829): error write exception log
12-05 11:19:41.880 E/ProcessManager( 1829): error write exception log
12-05 11:19:42.085 E/ProcessManager( 1829): error write exception log
12-05 11:19:42.915 E/ProcessManager( 1829): error write exception log
12-05 11:19:44.133 E/ProcessManager( 1829): error write exception log
12-05 11:19:45.082 E/ProcessManager( 1829): error write exception log
12-05 11:19:45.152 E/ProcessManager( 1829): error write exception log
12-05 11:19:45.800 E/ProcessManager( 1829): error write exception log
12-05 11:19:47.250 E/ProcessManager( 1829): error write exception log
12-05 11:19:49.463 E/ForceDarkHelperStubImpl(16147): getForceDarkOriginState transact failed , mService: null
12-05 11:19:49.897 E/ProcessManager( 1829): error write exception log
12-05 11:19:50.584 E/ProcessManager( 1829): error write exception log
12-05 11:19:50.630 E/ProcessManager( 1829): error write exception log
12-05 11:19:50.775 E/KernelCpuSpeedReader( 1829): Failed to read cpu-freq: /sys/devices/system/cpu/cpu4512000/cpufreq/stats/time_in_state: open failed: ENOENT (No such file or directory)
12-05 11:19:50.776 E/KernelCpuSpeedReader( 1829): Failed to read cpu-freq: /sys/devices/system/cpu/cpu2707200/cpufreq/stats/time_in_state: open failed: ENOENT (No such file or directory)
12-05 11:19:50.776 E/KernelCpuSpeedReader( 1829): Failed to read cpu-freq: /sys/devices/system/cpu/cpu1190400/cpufreq/stats/time_in_state: open failed: ENOENT (No such file or directory)
12-05 11:19:50.777 E/KernelCpuSpeedReader( 1829): Failed to read cpu-freq: /sys/devices/system/cpu/cpu0/cpufreq/stats/time_in_state: open failed: ENOENT (No such file or directory)
12-05 11:19:50.944 E/ProcessManager( 1829): error write exception log
12-05 11:19:51.111 E/ProcessManager( 1829): error write exception log
12-05 11:19:52.004 E/ForceDarkHelperStubImpl(16246): getForceDarkOriginState transact failed , mService: null
12-05 11:19:52.651 E/ForceDarkHelperStubImpl(16280): getForceDarkOriginState transact failed , mService: null
12-05 11:19:52.664 E/ProcessManager( 1829): error write exception log
12-05 11:19:52.901 E/ProcessManager( 1829): error write exception log
12-05 11:19:52.938 E/ProcessManager( 1829): error write exception log
12-05 11:19:52.949 E/ProcessManager( 1829): error write exception log
12-05 11:19:53.016 E/KernelCpuSpeedReader( 1829): Failed to read cpu-freq: /sys/devices/system/cpu/cpu4512000/cpufreq/stats/time_in_state: open failed: ENOENT (No such file or directory)
12-05 11:19:53.016 E/KernelCpuSpeedReader( 1829): Failed to read cpu-freq: /sys/devices/system/cpu/cpu2707200/cpufreq/stats/time_in_state: open failed: ENOENT (No such file or directory)
12-05 11:19:53.016 E/KernelCpuSpeedReader( 1829): Failed to read cpu-freq: /sys/devices/system/cpu/cpu1190400/cpufreq/stats/time_in_state: open failed: ENOENT (No such file or directory)
12-05 11:19:53.017 E/KernelCpuSpeedReader( 1829): Failed to read cpu-freq: /sys/devices/system/cpu/cpu0/cpufreq/stats/time_in_state: open failed: ENOENT (No such file or directory)
12-05 11:19:53.022 E/KernelCpuSpeedReader( 1829): Failed to read cpu-freq: /sys/devices/system/cpu/cpu4512000/cpufreq/stats/time_in_state: open failed: ENOENT (No such file or directory)
12-05 11:19:53.022 E/KernelCpuSpeedReader( 1829): Failed to read cpu-freq: /sys/devices/system/cpu/cpu2707200/cpufreq/stats/time_in_state: open failed: ENOENT (No such file or directory)
12-05 11:19:53.023 E/KernelCpuSpeedReader( 1829): Failed to read cpu-freq: /sys/devices/system/cpu/cpu1190400/cpufreq/stats/time_in_state: open failed: ENOENT (No such file or directory)
12-05 11:19:53.023 E/KernelCpuSpeedReader( 1829): Failed to read cpu-freq: /sys/devices/system/cpu/cpu0/cpufreq/stats/time_in_state: open failed: ENOENT (No such file or directory)
12-05 11:19:55.385 E/VibratorManagerService( 1829): Vibrate ignored, not vibrating for ringtones or notify for MIUI
12-05 11:19:59.405 E/ProcessManager( 1829): error write exception log
12-05 11:20:00.713 E/AppOps  ( 1829): Bad call made by uid 10205. Package "com.google.android.gms" does not belong to uid 10224.
12-05 11:20:10.702 E/AppOps  ( 1829): Bad call made by uid 10205. Package "com.google.android.gms" does not belong to uid 10224.
12-05 11:20:17.679 E/ProcessManager( 1829): error write exception log
12-05 11:21:20.276 E/ProcessManager( 1829): error write exception log
12-05 11:21:40.647 E/ProcessManager( 1829): error write exception log
12-05 11:22:59.135 E/MiuiInputKeyEventLog( 1829): before go to home
12-05 11:22:59.363 E/MiuiActivityController( 1829): MiuiLog-ActivityObserver: There was something wrong : null
12-05 11:22:59.461 E/KernelCpuSpeedReader( 1829): Failed to read cpu-freq: /sys/devices/system/cpu/cpu4512000/cpufreq/stats/time_in_state: open failed: ENOENT (No such file or directory)
12-05 11:22:59.461 E/KernelCpuSpeedReader( 1829): Failed to read cpu-freq: /sys/devices/system/cpu/cpu2707200/cpufreq/stats/time_in_state: open failed: ENOENT (No such file or directory)
12-05 11:22:59.463 E/KernelCpuSpeedReader( 1829): Failed to read cpu-freq: /sys/devices/system/cpu/cpu1190400/cpufreq/stats/time_in_state: open failed: ENOENT (No such file or directory)
12-05 11:22:59.463 E/KernelCpuSpeedReader( 1829): Failed to read cpu-freq: /sys/devices/system/cpu/cpu0/cpufreq/stats/time_in_state: open failed: ENOENT (No such file or directory)
12-05 11:22:59.659 E/MiuiActivityController( 1829): MiuiLog-ActivityObserver: There was something wrong : null
12-05 11:23:00.262 E/MiuiActivityController( 1829): MiuiLog-ActivityObserver: There was something wrong : null
12-05 11:23:00.497 E/miui_face( 2974): start face unlock fail, mKeyguardShowing =false;isDeviceInteractive =false;isSwitchingUser =false;isKeyguardGoingAway =false
12-05 11:23:00.680 E/KernelCpuSpeedReader( 1829): Failed to read cpu-freq: /sys/devices/system/cpu/cpu4512000/cpufreq/stats/time_in_state: open failed: ENOENT (No such file or directory)
12-05 11:23:00.681 E/KernelCpuSpeedReader( 1829): Failed to read cpu-freq: /sys/devices/system/cpu/cpu2707200/cpufreq/stats/time_in_state: open failed: ENOENT (No such file or directory)
12-05 11:23:00.681 E/KernelCpuSpeedReader( 1829): Failed to read cpu-freq: /sys/devices/system/cpu/cpu1190400/cpufreq/stats/time_in_state: open failed: ENOENT (No such file or directory)
12-05 11:23:00.681 E/KernelCpuSpeedReader( 1829): Failed to read cpu-freq: /sys/devices/system/cpu/cpu0/cpufreq/stats/time_in_state: open failed: ENOENT (No such file or directory)
12-05 11:23:00.694 E/MiuiActivityController( 1829): MiuiLog-ActivityObserver: There was something wrong : null
12-05 11:23:00.694 E/AppOps  ( 1829): attributionTag  not declared in manifest of android
12-05 11:23:00.695 E/AppOps  ( 1829): attributionTag  not declared in manifest of android
12-05 11:23:00.761 E/MiuiActivityController( 1829): MiuiLog-ActivityObserver: There was something wrong : null
12-05 11:23:01.099 E/miui_face( 2974): start face unlock fail, mKeyguardShowing =true;isDeviceInteractive =false;isSwitchingUser =false;isKeyguardGoingAway =false
12-05 11:23:01.101 E/miui_face( 2974): start face unlock fail, mKeyguardShowing =true;isDeviceInteractive =false;isSwitchingUser =false;isKeyguardGoingAway =false
12-05 11:23:01.103 E/miui_face( 2974): start face unlock fail, mKeyguardShowing =true;isDeviceInteractive =false;isSwitchingUser =false;isKeyguardGoingAway =false
12-05 11:23:01.346 E/miui_face( 2974): start face unlock fail, mKeyguardShowing =true;isDeviceInteractive =false;isSwitchingUser =false;isKeyguardGoingAway =false
12-05 11:23:01.486 E/AppOps  ( 1829): Bad call made by uid 10269. Package "com.miui.weather2" does not belong to uid 1000.
12-05 11:23:01.492 E/AppOps  ( 1829): Bad call made by uid 10269. Package "com.miui.weather2" does not belong to uid 1000.
12-05 11:23:01.494 E/AppOps  ( 1829): Bad call made by uid 10269. Package "com.miui.weather2" does not belong to uid 1000.
12-05 11:23:01.495 E/AppOps  ( 1829): Bad call made by uid 10269. Package "com.miui.weather2" does not belong to uid 1000.
12-05 11:23:01.496 E/AppOps  ( 1829): Bad call made by uid 10269. Package "com.miui.weather2" does not belong to uid 1000.
12-05 11:24:27.952 E/ActivityManager( 1829): Cancel pending or running compactions as system is awake
12-05 11:24:27.996 E/KernelCpuSpeedReader( 1829): Failed to read cpu-freq: /sys/devices/system/cpu/cpu4512000/cpufreq/stats/time_in_state: open failed: ENOENT (No such file or directory)
12-05 11:24:27.996 E/KernelCpuSpeedReader( 1829): Failed to read cpu-freq: /sys/devices/system/cpu/cpu2707200/cpufreq/stats/time_in_state: open failed: ENOENT (No such file or directory)
12-05 11:24:27.996 E/KernelCpuSpeedReader( 1829): Failed to read cpu-freq: /sys/devices/system/cpu/cpu1190400/cpufreq/stats/time_in_state: open failed: ENOENT (No such file or directory)
12-05 11:24:27.996 E/KernelCpuSpeedReader( 1829): Failed to read cpu-freq: /sys/devices/system/cpu/cpu0/cpufreq/stats/time_in_state: open failed: ENOENT (No such file or directory)
12-05 11:24:28.010 E/ProcessManager( 1829): error write exception log
12-05 11:24:28.118 E/AppOps  ( 1829): Bad call made by uid 10269. Package "com.miui.weather2" does not belong to uid 1000.
12-05 11:24:28.122 E/AppOps  ( 1829): Bad call made by uid 10269. Package "com.miui.weather2" does not belong to uid 1000.
12-05 11:24:28.127 E/AppOps  ( 1829): Bad call made by uid 10269. Package "com.miui.weather2" does not belong to uid 1000.
12-05 11:24:28.129 E/AppOps  ( 1829): Bad call made by uid 10269. Package "com.miui.weather2" does not belong to uid 1000.
12-05 11:24:28.131 E/AppOps  ( 1829): Bad call made by uid 10269. Package "com.miui.weather2" does not belong to uid 1000.
12-05 11:24:28.179 E/AppOps  ( 1829): Bad call made by uid 1002. Package "com.google.android.gms" does not belong to uid 1002.
12-05 11:24:28.748 E/WindowManager( 1829): setOnBackInvokedCallback(): No window state for package:com.android.systemui
12-05 11:24:29.091 E/MiuiActivityController( 1829): MiuiLog-ActivityObserver: There was something wrong : null
12-05 11:24:29.419 E/AppOps  ( 1829): Bad call made by uid 1002. Package "com.google.android.gms" does not belong to uid 1002.
12-05 11:24:29.469 E/keystore2(  606): keystore2::error: In create_operation.
12-05 11:24:29.469 E/keystore2(  606): 
12-05 11:24:29.469 E/keystore2(  606): Caused by:
12-05 11:24:29.469 E/keystore2(  606):     0: In authorize_create: matching auth token is expired.
12-05 11:24:29.469 E/keystore2(  606):     1: Error::Km(ErrorCode(-26))
12-05 11:24:30.497 E/ProcessManager( 1829): error write exception log
12-05 11:24:31.234 E/ProcessManager( 1829): error write exception log
12-05 11:24:31.506 E/ProcessManager( 1829): error write exception log
12-05 11:24:31.646 E/ProcessManager( 1829): error write exception log
12-05 11:24:31.726 E/ProcessManager( 1829): error write exception log
12-05 11:24:33.334 E/MiuiActivityController( 1829): MiuiLog-ActivityObserver: There was something wrong : null
12-05 11:24:33.515 E/ProcessManager( 1829): error write exception log
12-05 11:24:34.229 E/MiuiActivityController( 1829): MiuiLog-ActivityObserver: There was something wrong : null
12-05 11:24:34.259 E/MiuiActivityController( 1829): MiuiLog-ActivityObserver: There was something wrong : null
12-05 11:24:36.178 E/ProcessManager( 1829): error write exception log
12-05 11:24:36.756 E/ShortcutService( 1829): Invalid icon type in shortcut 136150547210488@lid. Bitmaps are not allowed in long-lived shortcuts. Use Resource icons, or Uri-based icons instead.
12-05 11:24:51.215 E/ProcessManager( 1829): error write exception log
12-05 11:24:55.021 E/ProcessManager( 1829): error write exception log
12-05 11:24:55.079 E/ProcessManager( 1829): error write exception log
12-05 11:25:03.326 E/ProcessManager( 1829): error write exception log
12-05 11:25:47.523 E/MiuiActivityController( 1829): MiuiLog-ActivityObserver: There was something wrong : null
12-05 11:25:48.409 E/MiuiActivityController( 1829): MiuiLog-ActivityObserver: There was something wrong : null
12-05 11:25:48.451 E/MiuiActivityController( 1829): MiuiLog-ActivityObserver: There was something wrong : null
12-05 11:25:48.742 E/MiuiActivityController( 1829): MiuiLog-ActivityObserver: There was something wrong : null
12-05 11:25:49.602 E/MiuiActivityController( 1829): MiuiLog-ActivityObserver: There was something wrong : null
12-05 11:25:51.299 E/MiuiActivityController( 1829): MiuiLog-ActivityObserver: There was something wrong : null
12-05 11:25:52.761 E/MiuiActivityController( 1829): MiuiLog-ActivityObserver: There was something wrong : null
12-05 11:25:52.767 E/MiuiActivityController( 1829): MiuiLog-ActivityObserver: There was something wrong : null
12-05 11:26:15.847 E/AppOps  ( 1829): attributionTag  not declared in manifest of android
12-05 11:26:15.853 E/AppOps  ( 1829): attributionTag  not declared in manifest of android
12-05 11:26:15.857 E/AppOps  ( 1829): attributionTag  not declared in manifest of android
12-05 11:26:15.862 E/AppOps  ( 1829): attributionTag  not declared in manifest of android
12-05 11:26:15.866 E/AppOps  ( 1829): attributionTag  not declared in manifest of android
12-05 11:26:15.869 E/AppOps  ( 1829): attributionTag  not declared in manifest of android
12-05 11:26:15.873 E/AppOps  ( 1829): attributionTag  not declared in manifest of android
12-05 11:26:15.877 E/AppOps  ( 1829): attributionTag  not declared in manifest of android
12-05 11:26:15.881 E/AppOps  ( 1829): attributionTag  not declared in manifest of android
12-05 11:26:15.884 E/AppOps  ( 1829): attributionTag  not declared in manifest of android
12-05 11:26:15.887 E/AppOps  ( 1829): attributionTag  not declared in manifest of android
12-05 11:26:15.890 E/AppOps  ( 1829): attributionTag  not declared in manifest of android
12-05 11:26:15.893 E/AppOps  ( 1829): attributionTag  not declared in manifest of android
12-05 11:26:15.897 E/AppOps  ( 1829): attributionTag  not declared in manifest of android
12-05 11:26:15.900 E/AppOps  ( 1829): attributionTag  not declared in manifest of android
12-05 11:26:15.902 E/AppOps  ( 1829): attributionTag  not declared in manifest of android
12-05 11:26:15.903 E/AppOps  ( 1829): attributionTag  not declared in manifest of android
12-05 11:26:15.904 E/AppOps  ( 1829): attributionTag  not declared in manifest of android
12-05 11:26:15.906 E/AppOps  ( 1829): attributionTag  not declared in manifest of android
12-05 11:26:15.907 E/AppOps  ( 1829): attributionTag  not declared in manifest of android
12-05 11:26:15.909 E/AppOps  ( 1829): attributionTag  not declared in manifest of android
12-05 11:26:15.910 E/AppOps  ( 1829): attributionTag  not declared in manifest of android
12-05 11:26:15.912 E/AppOps  ( 1829): attributionTag  not declared in manifest of android
12-05 11:26:23.558 E/ProcessManager( 1829): error write exception log
12-05 11:26:26.456 E/ProcessManager( 1829): error write exception log
12-05 11:28:36.671 E/miui_face( 2974): start face unlock fail, mKeyguardShowing =false;isDeviceInteractive =false;isSwitchingUser =false;isKeyguardGoingAway =false
12-05 11:28:36.891 E/KernelCpuSpeedReader( 1829): Failed to read cpu-freq: /sys/devices/system/cpu/cpu4512000/cpufreq/stats/time_in_state: open failed: ENOENT (No such file or directory)
12-05 11:28:36.891 E/KernelCpuSpeedReader( 1829): Failed to read cpu-freq: /sys/devices/system/cpu/cpu2707200/cpufreq/stats/time_in_state: open failed: ENOENT (No such file or directory)
12-05 11:28:36.891 E/KernelCpuSpeedReader( 1829): Failed to read cpu-freq: /sys/devices/system/cpu/cpu1190400/cpufreq/stats/time_in_state: open failed: ENOENT (No such file or directory)
12-05 11:28:36.892 E/KernelCpuSpeedReader( 1829): Failed to read cpu-freq: /sys/devices/system/cpu/cpu0/cpufreq/stats/time_in_state: open failed: ENOENT (No such file or directory)
12-05 11:28:36.913 E/MiuiActivityController( 1829): MiuiLog-ActivityObserver: There was something wrong : null
12-05 11:28:37.014 E/MiuiActivityController( 1829): MiuiLog-ActivityObserver: There was something wrong : null
12-05 11:28:37.020 E/MiuiActivityController( 1829): MiuiLog-ActivityObserver: There was something wrong : null
12-05 11:28:37.200 E/miui_face( 2974): start face unlock fail, mKeyguardShowing =true;isDeviceInteractive =false;isSwitchingUser =false;isKeyguardGoingAway =false
12-05 11:28:37.202 E/miui_face( 2974): start face unlock fail, mKeyguardShowing =true;isDeviceInteractive =false;isSwitchingUser =false;isKeyguardGoingAway =false
12-05 11:28:37.204 E/miui_face( 2974): start face unlock fail, mKeyguardShowing =true;isDeviceInteractive =false;isSwitchingUser =false;isKeyguardGoingAway =false
12-05 11:28:37.379 E/miui_face( 2974): start face unlock fail, mKeyguardShowing =true;isDeviceInteractive =false;isSwitchingUser =false;isKeyguardGoingAway =false
12-05 11:28:37.496 E/AppOps  ( 1829): Bad call made by uid 10269. Package "com.miui.weather2" does not belong to uid 1000.
12-05 11:28:37.502 E/AppOps  ( 1829): Bad call made by uid 10269. Package "com.miui.weather2" does not belong to uid 1000.
12-05 11:28:37.504 E/AppOps  ( 1829): Bad call made by uid 10269. Package "com.miui.weather2" does not belong to uid 1000.
12-05 11:28:37.505 E/AppOps  ( 1829): Bad call made by uid 10269. Package "com.miui.weather2" does not belong to uid 1000.
12-05 11:28:37.505 E/AppOps  ( 1829): Bad call made by uid 10269. Package "com.miui.weather2" does not belong to uid 1000.
12-05 11:28:41.969 E/KernelCpuSpeedReader( 1829): Failed to read cpu-freq: /sys/devices/system/cpu/cpu4512000/cpufreq/stats/time_in_state: open failed: ENOENT (No such file or directory)
12-05 11:28:41.970 E/KernelCpuSpeedReader( 1829): Failed to read cpu-freq: /sys/devices/system/cpu/cpu2707200/cpufreq/stats/time_in_state: open failed: ENOENT (No such file or directory)
12-05 11:28:41.970 E/KernelCpuSpeedReader( 1829): Failed to read cpu-freq: /sys/devices/system/cpu/cpu1190400/cpufreq/stats/time_in_state: open failed: ENOENT (No such file or directory)
12-05 11:28:41.970 E/KernelCpuSpeedReader( 1829): Failed to read cpu-freq: /sys/devices/system/cpu/cpu0/cpufreq/stats/time_in_state: open failed: ENOENT (No such file or directory)
12-05 11:28:43.428 E/ActivityManager( 1829): Cancel pending or running compactions as system is awake
12-05 11:28:43.454 E/KernelCpuSpeedReader( 1829): Failed to read cpu-freq: /sys/devices/system/cpu/cpu4512000/cpufreq/stats/time_in_state: open failed: ENOENT (No such file or directory)
12-05 11:28:43.454 E/KernelCpuSpeedReader( 1829): Failed to read cpu-freq: /sys/devices/system/cpu/cpu2707200/cpufreq/stats/time_in_state: open failed: ENOENT (No such file or directory)
12-05 11:28:43.454 E/KernelCpuSpeedReader( 1829): Failed to read cpu-freq: /sys/devices/system/cpu/cpu1190400/cpufreq/stats/time_in_state: open failed: ENOENT (No such file or directory)
12-05 11:28:43.455 E/KernelCpuSpeedReader( 1829): Failed to read cpu-freq: /sys/devices/system/cpu/cpu0/cpufreq/stats/time_in_state: open failed: ENOENT (No such file or directory)
12-05 11:28:43.491 E/AppOps  ( 1829): Bad call made by uid 1002. Package "com.google.android.gms" does not belong to uid 1002.
12-05 11:28:43.498 E/AppOps  ( 1829): Bad call made by uid 10269. Package "com.miui.weather2" does not belong to uid 1000.
12-05 11:28:43.499 E/AppOps  ( 1829): Bad call made by uid 10269. Package "com.miui.weather2" does not belong to uid 1000.
12-05 11:28:43.501 E/AppOps  ( 1829): Bad call made by uid 10269. Package "com.miui.weather2" does not belong to uid 1000.
12-05 11:28:43.503 E/AppOps  ( 1829): Bad call made by uid 10269. Package "com.miui.weather2" does not belong to uid 1000.
12-05 11:28:43.508 E/AppOps  ( 1829): Bad call made by uid 10269. Package "com.miui.weather2" does not belong to uid 1000.
12-05 11:28:44.017 E/AppOps  ( 1829): attributionTag  not declared in manifest of android
12-05 11:28:45.012 E/AppOps  ( 1829): Bad call made by uid 1002. Package "com.google.android.gms" does not belong to uid 1002.
12-05 11:28:45.111 E/keystore2(  606): keystore2::error: In create_operation.
12-05 11:28:45.111 E/keystore2(  606): 
12-05 11:28:45.111 E/keystore2(  606): Caused by:
12-05 11:28:45.111 E/keystore2(  606):     0: In authorize_create: matching auth token is expired.
12-05 11:28:45.111 E/keystore2(  606):     1: Error::Km(ErrorCode(-26))
12-05 11:28:46.515 E/MiuiActivityController( 1829): MiuiLog-ActivityObserver: There was something wrong : null
12-05 11:28:46.981 E/MiuiActivityController( 1829): MiuiLog-ActivityObserver: There was something wrong : null
12-05 11:28:46.997 E/MiuiActivityController( 1829): MiuiLog-ActivityObserver: There was something wrong : null
12-05 11:28:47.008 E/MiuiActivityController( 1829): MiuiLog-ActivityObserver: There was something wrong : null
12-05 11:28:47.061 E/MiuiActivityController( 1829): MiuiLog-ActivityObserver: There was something wrong : null
12-05 11:28:47.702 E/MiuiActivityController( 1829): MiuiLog-ActivityObserver: There was something wrong : null
12-05 11:28:47.846 E/MiuiActivityController( 1829): MiuiLog-ActivityObserver: There was something wrong : null
12-05 11:28:47.858 E/MiuiActivityController( 1829): MiuiLog-ActivityObserver: There was something wrong : null
12-05 11:28:48.719 E/MiuiActivityController( 1829): MiuiLog-ActivityObserver: There was something wrong : null
12-05 11:28:57.970 E/ProcessManager( 1829): error write exception log
12-05 11:29:11.645 E/ProcessManager( 1829): error write exception log
12-05 11:29:21.340 E/KernelRpmStatsReader( 7016): Failure in reading rpm stats
12-05 11:29:21.340 E/KernelRpmStatsReader( 7016): java.io.FileNotFoundException: /sys/power/system_sleep/stats: open failed: EACCES (Permission denied)
12-05 11:29:21.340 E/KernelRpmStatsReader( 7016): 	at libcore.io.IoBridge.open(IoBridge.java:574)
12-05 11:29:21.340 E/KernelRpmStatsReader( 7016): 	at java.io.FileInputStream.<init>(FileInputStream.java:179)
12-05 11:29:21.340 E/KernelRpmStatsReader( 7016): 	at java.io.FileInputStream.<init>(FileInputStream.java:133)
12-05 11:29:21.340 E/KernelRpmStatsReader( 7016): 	at com.miui.powerkeeper.utils.KernelRpmStatsReader.readRpmStatsType1(Unknown Source:19)
12-05 11:29:21.340 E/KernelRpmStatsReader( 7016): 	at com.miui.powerkeeper.utils.KernelRpmStatsReader.readRpmStats(Unknown Source:63)
12-05 11:29:21.340 E/KernelRpmStatsReader( 7016): 	at com.miui.powerkeeper.powerchecker.PowerCheckerService.requestKernelRpmStatsUpdate(Unknown Source:4)
12-05 11:29:21.340 E/KernelRpmStatsReader( 7016): 	at com.miui.powerkeeper.powerchecker.PowerCheckerService.addBatteryHistoryRecord(Unknown Source:32)
12-05 11:29:21.340 E/KernelRpmStatsReader( 7016): 	at com.miui.powerkeeper.powerchecker.PowerCheckerService.updateBatteryLevelChanged(Unknown Source:8)
12-05 11:29:21.340 E/KernelRpmStatsReader( 7016): 	at com.miui.powerkeeper.powerchecker.PowerCheckerService.access$2700(Unknown Source:0)
12-05 11:29:21.340 E/KernelRpmStatsReader( 7016): 	at com.miui.powerkeeper.powerchecker.PowerCheckerService$PowerCheckHandler.handleMessage(Unknown Source:124)
12-05 11:29:21.340 E/KernelRpmStatsReader( 7016): 	at android.os.Handler.dispatchMessage(Handler.java:106)
12-05 11:29:21.340 E/KernelRpmStatsReader( 7016): 	at android.os.Looper.loopOnce(Looper.java:211)
12-05 11:29:21.340 E/KernelRpmStatsReader( 7016): 	at android.os.Looper.loop(Looper.java:300)
12-05 11:29:21.340 E/KernelRpmStatsReader( 7016): 	at android.os.HandlerThread.run(HandlerThread.java:67)
12-05 11:29:21.340 E/KernelRpmStatsReader( 7016): Caused by: android.system.ErrnoException: open failed: EACCES (Permission denied)
12-05 11:29:21.340 E/KernelRpmStatsReader( 7016): 	at libcore.io.Linux.open(Native Method)
12-05 11:29:21.340 E/KernelRpmStatsReader( 7016): 	at libcore.io.ForwardingOs.open(ForwardingOs.java:568)
12-05 11:29:21.340 E/KernelRpmStatsReader( 7016): 	at libcore.io.BlockGuardOs.open(BlockGuardOs.java:274)
12-05 11:29:21.340 E/KernelRpmStatsReader( 7016): 	at libcore.io.ForwardingOs.open(ForwardingOs.java:568)
12-05 11:29:21.340 E/KernelRpmStatsReader( 7016): 	at android.app.ActivityThread$AndroidOs.open(ActivityThread.java:8381)
12-05 11:29:21.340 E/KernelRpmStatsReader( 7016): 	at libcore.io.IoBridge.open(IoBridge.java:560)
12-05 11:29:21.340 E/KernelRpmStatsReader( 7016): 	... 13 more
12-05 11:29:21.929 E/KernelCpuSpeedReader( 1829): Failed to read cpu-freq: /sys/devices/system/cpu/cpu4512000/cpufreq/stats/time_in_state: open failed: ENOENT (No such file or directory)
12-05 11:29:21.929 E/KernelCpuSpeedReader( 1829): Failed to read cpu-freq: /sys/devices/system/cpu/cpu2707200/cpufreq/stats/time_in_state: open failed: ENOENT (No such file or directory)
12-05 11:29:21.929 E/KernelCpuSpeedReader( 1829): Failed to read cpu-freq: /sys/devices/system/cpu/cpu1190400/cpufreq/stats/time_in_state: open failed: ENOENT (No such file or directory)
12-05 11:29:21.930 E/KernelCpuSpeedReader( 1829): Failed to read cpu-freq: /sys/devices/system/cpu/cpu0/cpufreq/stats/time_in_state: open failed: ENOENT (No such file or directory)
12-05 11:31:30.715 E/miui_face( 2974): start face unlock fail, mKeyguardShowing =false;isDeviceInteractive =false;isSwitchingUser =false;isKeyguardGoingAway =false
12-05 11:31:30.914 E/AppOps  ( 1829): attributionTag  not declared in manifest of android
12-05 11:31:30.918 E/AppOps  ( 1829): attributionTag  not declared in manifest of android
12-05 11:31:30.922 E/AppOps  ( 1829): attributionTag  not declared in manifest of android
12-05 11:31:30.926 E/AppOps  ( 1829): attributionTag  not declared in manifest of android
12-05 11:31:30.930 E/AppOps  ( 1829): attributionTag  not declared in manifest of android
12-05 11:31:30.931 E/KernelCpuSpeedReader( 1829): Failed to read cpu-freq: /sys/devices/system/cpu/cpu4512000/cpufreq/stats/time_in_state: open failed: ENOENT (No such file or directory)
12-05 11:31:30.931 E/KernelCpuSpeedReader( 1829): Failed to read cpu-freq: /sys/devices/system/cpu/cpu2707200/cpufreq/stats/time_in_state: open failed: ENOENT (No such file or directory)
12-05 11:31:30.931 E/KernelCpuSpeedReader( 1829): Failed to read cpu-freq: /sys/devices/system/cpu/cpu1190400/cpufreq/stats/time_in_state: open failed: ENOENT (No such file or directory)
12-05 11:31:30.932 E/KernelCpuSpeedReader( 1829): Failed to read cpu-freq: /sys/devices/system/cpu/cpu0/cpufreq/stats/time_in_state: open failed: ENOENT (No such file or directory)
12-05 11:31:30.935 E/AppOps  ( 1829): attributionTag  not declared in manifest of android
12-05 11:31:30.939 E/AppOps  ( 1829): attributionTag  not declared in manifest of android
12-05 11:31:30.943 E/AppOps  ( 1829): attributionTag  not declared in manifest of android
12-05 11:31:30.956 E/MiuiActivityController( 1829): MiuiLog-ActivityObserver: There was something wrong : null
12-05 11:31:31.042 E/MiuiActivityController( 1829): MiuiLog-ActivityObserver: There was something wrong : null
12-05 11:31:31.274 E/miui_face( 2974): start face unlock fail, mKeyguardShowing =true;isDeviceInteractive =false;isSwitchingUser =false;isKeyguardGoingAway =false
12-05 11:31:31.276 E/miui_face( 2974): start face unlock fail, mKeyguardShowing =true;isDeviceInteractive =false;isSwitchingUser =false;isKeyguardGoingAway =false
12-05 11:31:31.278 E/miui_face( 2974): start face unlock fail, mKeyguardShowing =true;isDeviceInteractive =false;isSwitchingUser =false;isKeyguardGoingAway =false
12-05 11:31:31.869 E/miui_face( 2974): start face unlock fail, mKeyguardShowing =true;isDeviceInteractive =false;isSwitchingUser =false;isKeyguardGoingAway =false
12-05 11:31:31.951 E/AppOps  ( 1829): Bad call made by uid 10269. Package "com.miui.weather2" does not belong to uid 1000.
12-05 11:31:31.956 E/AppOps  ( 1829): Bad call made by uid 10269. Package "com.miui.weather2" does not belong to uid 1000.
12-05 11:31:31.958 E/AppOps  ( 1829): Bad call made by uid 10269. Package "com.miui.weather2" does not belong to uid 1000.
12-05 11:31:31.959 E/AppOps  ( 1829): Bad call made by uid 10269. Package "com.miui.weather2" does not belong to uid 1000.
12-05 11:31:31.960 E/AppOps  ( 1829): Bad call made by uid 10269. Package "com.miui.weather2" does not belong to uid 1000.
12-05 11:32:16.598 E/ActivityThread(18350): Failed to find provider info for com.facebook.appmanager.nekodirect
12-05 11:32:17.235 E/ProcessManager( 1829): error write exception log
12-05 11:32:17.314 E/ProcessManager( 1829): error write exception log
12-05 11:32:18.375 E/ProcessManager( 1829): error write exception log
12-05 11:32:18.414 E/ProcessManager( 1829): error write exception log
12-05 11:32:18.568 E/ProcessManager( 1829): error write exception log
12-05 11:32:24.884 E/AppOps  ( 1829): Bad call made by uid 10205. Package "com.google.android.gms" does not belong to uid 10224.
12-05 11:32:26.984 E/ProcessManager( 1829): error write exception log
12-05 11:32:28.530 E/ProcessManager( 1829): error write exception log
12-05 11:32:34.889 E/AppOps  ( 1829): Bad call made by uid 10205. Package "com.google.android.gms" does not belong to uid 10224.
12-05 11:32:39.580 E/KernelCpuSpeedReader( 1829): Failed to read cpu-freq: /sys/devices/system/cpu/cpu4512000/cpufreq/stats/time_in_state: open failed: ENOENT (No such file or directory)
12-05 11:32:39.580 E/KernelCpuSpeedReader( 1829): Failed to read cpu-freq: /sys/devices/system/cpu/cpu2707200/cpufreq/stats/time_in_state: open failed: ENOENT (No such file or directory)
12-05 11:32:39.580 E/KernelCpuSpeedReader( 1829): Failed to read cpu-freq: /sys/devices/system/cpu/cpu1190400/cpufreq/stats/time_in_state: open failed: ENOENT (No such file or directory)
12-05 11:32:39.580 E/KernelCpuSpeedReader( 1829): Failed to read cpu-freq: /sys/devices/system/cpu/cpu0/cpufreq/stats/time_in_state: open failed: ENOENT (No such file or directory)
12-05 11:32:48.336 E/KernelCpuSpeedReader( 1829): Failed to read cpu-freq: /sys/devices/system/cpu/cpu4512000/cpufreq/stats/time_in_state: open failed: ENOENT (No such file or directory)
12-05 11:32:48.337 E/KernelCpuSpeedReader( 1829): Failed to read cpu-freq: /sys/devices/system/cpu/cpu2707200/cpufreq/stats/time_in_state: open failed: ENOENT (No such file or directory)
12-05 11:32:48.337 E/KernelCpuSpeedReader( 1829): Failed to read cpu-freq: /sys/devices/system/cpu/cpu1190400/cpufreq/stats/time_in_state: open failed: ENOENT (No such file or directory)
12-05 11:32:48.337 E/KernelCpuSpeedReader( 1829): Failed to read cpu-freq: /sys/devices/system/cpu/cpu0/cpufreq/stats/time_in_state: open failed: ENOENT (No such file or directory)
12-05 11:32:57.612 E/ProcessManager( 1829): error write exception log
12-05 11:33:21.344 E/ProcessManager( 1829): error write exception log
12-05 11:33:21.767 E/ProcessManager( 1829): error write exception log
12-05 11:33:53.213 E/KernelCpuSpeedReader( 1829): Failed to read cpu-freq: /sys/devices/system/cpu/cpu4512000/cpufreq/stats/time_in_state: open failed: ENOENT (No such file or directory)
12-05 11:33:53.213 E/KernelCpuSpeedReader( 1829): Failed to read cpu-freq: /sys/devices/system/cpu/cpu2707200/cpufreq/stats/time_in_state: open failed: ENOENT (No such file or directory)
12-05 11:33:53.213 E/KernelCpuSpeedReader( 1829): Failed to read cpu-freq: /sys/devices/system/cpu/cpu1190400/cpufreq/stats/time_in_state: open failed: ENOENT (No such file or directory)
12-05 11:33:53.214 E/KernelCpuSpeedReader( 1829): Failed to read cpu-freq: /sys/devices/system/cpu/cpu0/cpufreq/stats/time_in_state: open failed: ENOENT (No such file or directory)
12-05 11:34:25.022 E/AppOps  ( 1829): Bad call made by uid 1002. Package "com.xiaomi.hm.health" does not belong to uid 1002.
12-05 11:34:26.074 E/ProcessManager( 1829): error write exception log
12-05 11:34:32.804 E/AppStandbyController( 1829): Tried to force an app to be idle when its min bucket is WORKING_SET
12-05 11:34:33.151 E/ProcessManager( 1829): error write exception log
12-05 11:34:35.069 E/AppOps  ( 1829): Bad call made by uid 1002. Package "com.xiaomi.hm.health" does not belong to uid 1002.
12-05 11:34:45.126 E/AppOps  ( 1829): Bad call made by uid 1002. Package "com.xiaomi.hm.health" does not belong to uid 1002.
12-05 11:35:57.295 E/AppOps  ( 1829): Bad call made by uid 1002. Package "com.xiaomi.hm.health" does not belong to uid 1002.
12-05 11:36:07.357 E/AppOps  ( 1829): Bad call made by uid 1002. Package "com.xiaomi.hm.health" does not belong to uid 1002.
12-05 11:36:11.450 E/ProcessManager( 1829): error write exception log
12-05 11:36:17.425 E/AppOps  ( 1829): Bad call made by uid 1002. Package "com.xiaomi.hm.health" does not belong to uid 1002.
12-05 11:36:21.238 E/KernelRpmStatsReader( 7016): Failure in reading rpm stats
12-05 11:36:21.238 E/KernelRpmStatsReader( 7016): java.io.FileNotFoundException: /sys/power/system_sleep/stats: open failed: EACCES (Permission denied)
12-05 11:36:21.238 E/KernelRpmStatsReader( 7016): 	at libcore.io.IoBridge.open(IoBridge.java:574)
12-05 11:36:21.238 E/KernelRpmStatsReader( 7016): 	at java.io.FileInputStream.<init>(FileInputStream.java:179)
12-05 11:36:21.238 E/KernelRpmStatsReader( 7016): 	at java.io.FileInputStream.<init>(FileInputStream.java:133)
12-05 11:36:21.238 E/KernelRpmStatsReader( 7016): 	at com.miui.powerkeeper.utils.KernelRpmStatsReader.readRpmStatsType1(Unknown Source:19)
12-05 11:36:21.238 E/KernelRpmStatsReader( 7016): 	at com.miui.powerkeeper.utils.KernelRpmStatsReader.readRpmStats(Unknown Source:63)
12-05 11:36:21.238 E/KernelRpmStatsReader( 7016): 	at com.miui.powerkeeper.powerchecker.PowerCheckerService.requestKernelRpmStatsUpdate(Unknown Source:4)
12-05 11:36:21.238 E/KernelRpmStatsReader( 7016): 	at com.miui.powerkeeper.powerchecker.PowerCheckerService.addBatteryHistoryRecord(Unknown Source:32)
12-05 11:36:21.238 E/KernelRpmStatsReader( 7016): 	at com.miui.powerkeeper.powerchecker.PowerCheckerService.updateBatteryLevelChanged(Unknown Source:8)
12-05 11:36:21.238 E/KernelRpmStatsReader( 7016): 	at com.miui.powerkeeper.powerchecker.PowerCheckerService.access$2700(Unknown Source:0)
12-05 11:36:21.238 E/KernelRpmStatsReader( 7016): 	at com.miui.powerkeeper.powerchecker.PowerCheckerService$PowerCheckHandler.handleMessage(Unknown Source:124)
12-05 11:36:21.238 E/KernelRpmStatsReader( 7016): 	at android.os.Handler.dispatchMessage(Handler.java:106)
12-05 11:36:21.238 E/KernelRpmStatsReader( 7016): 	at android.os.Looper.loopOnce(Looper.java:211)
12-05 11:36:21.238 E/KernelRpmStatsReader( 7016): 	at android.os.Looper.loop(Looper.java:300)
12-05 11:36:21.238 E/KernelRpmStatsReader( 7016): 	at android.os.HandlerThread.run(HandlerThread.java:67)
12-05 11:36:21.238 E/KernelRpmStatsReader( 7016): Caused by: android.system.ErrnoException: open failed: EACCES (Permission denied)
12-05 11:36:21.238 E/KernelRpmStatsReader( 7016): 	at libcore.io.Linux.open(Native Method)
12-05 11:36:21.238 E/KernelRpmStatsReader( 7016): 	at libcore.io.ForwardingOs.open(ForwardingOs.java:568)
12-05 11:36:21.238 E/KernelRpmStatsReader( 7016): 	at libcore.io.BlockGuardOs.open(BlockGuardOs.java:274)
12-05 11:36:21.238 E/KernelRpmStatsReader( 7016): 	at libcore.io.ForwardingOs.open(ForwardingOs.java:568)
12-05 11:36:21.238 E/KernelRpmStatsReader( 7016): 	at android.app.ActivityThread$AndroidOs.open(ActivityThread.java:8381)
12-05 11:36:21.238 E/KernelRpmStatsReader( 7016): 	at libcore.io.IoBridge.open(IoBridge.java:560)
12-05 11:36:21.238 E/KernelRpmStatsReader( 7016): 	... 13 more
12-05 11:36:25.816 E/KernelCpuSpeedReader( 1829): Failed to read cpu-freq: /sys/devices/system/cpu/cpu4512000/cpufreq/stats/time_in_state: open failed: ENOENT (No such file or directory)
12-05 11:36:25.816 E/KernelCpuSpeedReader( 1829): Failed to read cpu-freq: /sys/devices/system/cpu/cpu2707200/cpufreq/stats/time_in_state: open failed: ENOENT (No such file or directory)
12-05 11:36:25.816 E/KernelCpuSpeedReader( 1829): Failed to read cpu-freq: /sys/devices/system/cpu/cpu1190400/cpufreq/stats/time_in_state: open failed: ENOENT (No such file or directory)
12-05 11:36:25.817 E/KernelCpuSpeedReader( 1829): Failed to read cpu-freq: /sys/devices/system/cpu/cpu0/cpufreq/stats/time_in_state: open failed: ENOENT (No such file or directory)
12-05 11:36:27.545 E/ProcessManager( 1829): error write exception log
12-05 11:38:59.838 E/KernelCpuSpeedReader( 1829): Failed to read cpu-freq: /sys/devices/system/cpu/cpu4512000/cpufreq/stats/time_in_state: open failed: ENOENT (No such file or directory)
12-05 11:38:59.839 E/KernelCpuSpeedReader( 1829): Failed to read cpu-freq: /sys/devices/system/cpu/cpu2707200/cpufreq/stats/time_in_state: open failed: ENOENT (No such file or directory)
12-05 11:38:59.839 E/KernelCpuSpeedReader( 1829): Failed to read cpu-freq: /sys/devices/system/cpu/cpu1190400/cpufreq/stats/time_in_state: open failed: ENOENT (No such file or directory)
12-05 11:38:59.839 E/KernelCpuSpeedReader( 1829): Failed to read cpu-freq: /sys/devices/system/cpu/cpu0/cpufreq/stats/time_in_state: open failed: ENOENT (No such file or directory)
12-05 11:38:59.881 E/ActivityManager( 1829): Cancel pending or running compactions as system is awake
12-05 11:38:59.955 E/KernelCpuSpeedReader( 1829): Failed to read cpu-freq: /sys/devices/system/cpu/cpu4512000/cpufreq/stats/time_in_state: open failed: ENOENT (No such file or directory)
12-05 11:38:59.955 E/KernelCpuSpeedReader( 1829): Failed to read cpu-freq: /sys/devices/system/cpu/cpu2707200/cpufreq/stats/time_in_state: open failed: ENOENT (No such file or directory)
12-05 11:38:59.955 E/KernelCpuSpeedReader( 1829): Failed to read cpu-freq: /sys/devices/system/cpu/cpu1190400/cpufreq/stats/time_in_state: open failed: ENOENT (No such file or directory)
12-05 11:38:59.955 E/KernelCpuSpeedReader( 1829): Failed to read cpu-freq: /sys/devices/system/cpu/cpu0/cpufreq/stats/time_in_state: open failed: ENOENT (No such file or directory)
