12-03 15:27:09.735  1822  2088 E KernelCpuSpeedReader: Failed to read cpu-freq: /sys/devices/system/cpu/cpu2707200/cpufreq/stats/time_in_state: open failed: ENOENT (No such file or directory)
12-03 15:27:09.735  1822  2088 E KernelCpuSpeedReader: Failed to read cpu-freq: /sys/devices/system/cpu/cpu4512000/cpufreq/stats/time_in_state: open failed: ENOENT (No such file or directory)
12-03 15:27:09.814 22520 22520 E ForceDarkHelperStubImpl: getForceDarkOriginState transact failed , mService: null
12-03 15:27:09.983  1822  2088 E KernelCpuSpeedReader: Failed to read cpu-freq: /sys/devices/system/cpu/cpu0/cpufreq/stats/time_in_state: open failed: ENOENT (No such file or directory)
12-03 15:27:09.983  1822  2088 E KernelCpuSpeedReader: Failed to read cpu-freq: /sys/devices/system/cpu/cpu1190400/cpufreq/stats/time_in_state: open failed: ENOENT (No such file or directory)
12-03 15:27:09.984  1822  2088 E KernelCpuSpeedReader: Failed to read cpu-freq: /sys/devices/system/cpu/cpu2707200/cpufreq/stats/time_in_state: open failed: ENOENT (No such file or directory)
12-03 15:27:09.984  1822  2088 E KernelCpuSpeedReader: Failed to read cpu-freq: /sys/devices/system/cpu/cpu4512000/cpufreq/stats/time_in_state: open failed: ENOENT (No such file or directory)
12-03 15:27:21.897  1822  6300 E ClipboardService: Denying clipboard access to com.defi.wallet, application is not in focus nor is it a system service for user 0
12-03 15:27:21.898  1822  6300 E ClipboardService: Denying clipboard access to com.google.android.gms, application is not in focus nor is it a system service for user 0
12-03 15:27:21.904  1822  2906 E ClipboardService: Denying clipboard access to com.defi.wallet, application is not in focus nor is it a system service for user 0
12-03 15:27:21.905  1822  2906 E ClipboardService: Denying clipboard access to com.google.android.gms, application is not in focus nor is it a system service for user 0
12-03 15:27:22.001  1822  2697 E ClipboardService: Denying clipboard access to com.defi.wallet, application is not in focus nor is it a system service for user 0
12-03 15:27:22.003  1822  2697 E ClipboardService: Denying clipboard access to com.google.android.gms, application is not in focus nor is it a system service for user 0
12-03 15:27:23.474  1822  2438 E MiuiActivityController: MiuiLog-ActivityObserver: There was something wrong : null
12-03 15:27:23.591  1822  2438 E MiuiActivityController: MiuiLog-ActivityObserver: There was something wrong : null
12-03 15:27:24.120  1822  2438 E MiuiActivityController: MiuiLog-ActivityObserver: There was something wrong : null
12-03 15:27:25.089  1822  2438 E MiuiActivityController: MiuiLog-ActivityObserver: There was something wrong : null
12-03 15:27:25.501  1822  2438 E MiuiActivityController: MiuiLog-ActivityObserver: There was something wrong : null
12-03 15:27:25.892  1822  2438 E MiuiActivityController: MiuiLog-ActivityObserver: There was something wrong : null
12-03 15:27:25.918  1822  2438 E MiuiActivityController: MiuiLog-ActivityObserver: There was something wrong : null
12-03 15:27:25.923  1822  2438 E MiuiActivityController: MiuiLog-ActivityObserver: There was something wrong : null
12-03 15:27:26.402  1822  2438 E MiuiActivityController: MiuiLog-ActivityObserver: There was something wrong : null
12-03 15:27:26.931  1822  1822 E Fingerprint21: onAcquired for non-acquisition client: null
12-03 15:27:27.251  1822  2438 E MiuiActivityController: MiuiLog-ActivityObserver: There was something wrong : null
12-03 15:27:27.352  1822  2438 E MiuiActivityController: MiuiLog-ActivityObserver: There was something wrong : null
12-03 15:27:27.894  1822  2438 E MiuiActivityController: MiuiLog-ActivityObserver: There was something wrong : null
12-03 15:27:37.739  1822  2438 E MiuiActivityController: MiuiLog-ActivityObserver: There was something wrong : null
12-03 15:27:38.279  1822  2438 E MiuiActivityController: MiuiLog-ActivityObserver: There was something wrong : null
12-03 15:27:38.445  1822  2642 E ProcessManager: error write exception log
12-03 15:27:39.312  1822  2438 E MiuiActivityController: MiuiLog-ActivityObserver: There was something wrong : null
12-03 15:27:39.595  1822  2438 E MiuiActivityController: MiuiLog-ActivityObserver: There was something wrong : null
12-03 15:27:40.035  1822  2438 E MiuiActivityController: MiuiLog-ActivityObserver: There was something wrong : null
12-03 15:28:02.037  1822  2088 E KernelCpuSpeedReader: Failed to read cpu-freq: /sys/devices/system/cpu/cpu0/cpufreq/stats/time_in_state: open failed: ENOENT (No such file or directory)
12-03 15:28:02.038  1822  2088 E KernelCpuSpeedReader: Failed to read cpu-freq: /sys/devices/system/cpu/cpu1190400/cpufreq/stats/time_in_state: open failed: ENOENT (No such file or directory)
12-03 15:28:02.039  1822  2088 E KernelCpuSpeedReader: Failed to read cpu-freq: /sys/devices/system/cpu/cpu2707200/cpufreq/stats/time_in_state: open failed: ENOENT (No such file or directory)
12-03 15:28:02.039  1822  2088 E KernelCpuSpeedReader: Failed to read cpu-freq: /sys/devices/system/cpu/cpu4512000/cpufreq/stats/time_in_state: open failed: ENOENT (No such file or directory)
12-03 15:28:02.484  1822  2642 E ProcessManager: error write exception log
12-03 15:28:12.062  7107  7397 E KernelRpmStatsReader: Failure in reading rpm stats
12-03 15:28:12.062  7107  7397 E KernelRpmStatsReader: java.io.FileNotFoundException: /sys/power/system_sleep/stats: open failed: EACCES (Permission denied)
12-03 15:28:12.062  7107  7397 E KernelRpmStatsReader: 	at libcore.io.IoBridge.open(IoBridge.java:574)
12-03 15:28:12.062  7107  7397 E KernelRpmStatsReader: 	at java.io.FileInputStream.<init>(FileInputStream.java:179)
12-03 15:28:12.062  7107  7397 E KernelRpmStatsReader: 	at java.io.FileInputStream.<init>(FileInputStream.java:133)
12-03 15:28:12.062  7107  7397 E KernelRpmStatsReader: 	at com.miui.powerkeeper.utils.KernelRpmStatsReader.readRpmStatsType1(Unknown Source:19)
12-03 15:28:12.062  7107  7397 E KernelRpmStatsReader: 	at com.miui.powerkeeper.utils.KernelRpmStatsReader.readRpmStats(Unknown Source:63)
12-03 15:28:12.062  7107  7397 E KernelRpmStatsReader: 	at com.miui.powerkeeper.powerchecker.PowerCheckerService.requestKernelRpmStatsUpdate(Unknown Source:4)
12-03 15:28:12.062  7107  7397 E KernelRpmStatsReader: 	at com.miui.powerkeeper.powerchecker.PowerCheckerService.addBatteryHistoryRecord(Unknown Source:32)
12-03 15:28:12.062  7107  7397 E KernelRpmStatsReader: 	at com.miui.powerkeeper.powerchecker.PowerCheckerService.updateBatteryLevelChanged(Unknown Source:8)
12-03 15:28:12.062  7107  7397 E KernelRpmStatsReader: 	at com.miui.powerkeeper.powerchecker.PowerCheckerService.access$2700(Unknown Source:0)
12-03 15:28:12.062  7107  7397 E KernelRpmStatsReader: 	at com.miui.powerkeeper.powerchecker.PowerCheckerService$PowerCheckHandler.handleMessage(Unknown Source:124)
12-03 15:28:12.062  7107  7397 E KernelRpmStatsReader: 	at android.os.Handler.dispatchMessage(Handler.java:106)
12-03 15:28:12.062  7107  7397 E KernelRpmStatsReader: 	at android.os.Looper.loopOnce(Looper.java:211)
12-03 15:28:12.062  7107  7397 E KernelRpmStatsReader: 	at android.os.Looper.loop(Looper.java:300)
12-03 15:28:12.062  7107  7397 E KernelRpmStatsReader: 	at android.os.HandlerThread.run(HandlerThread.java:67)
12-03 15:28:12.062  7107  7397 E KernelRpmStatsReader: Caused by: android.system.ErrnoException: open failed: EACCES (Permission denied)
12-03 15:28:12.062  7107  7397 E KernelRpmStatsReader: 	at libcore.io.Linux.open(Native Method)
12-03 15:28:12.062  7107  7397 E KernelRpmStatsReader: 	at libcore.io.ForwardingOs.open(ForwardingOs.java:568)
12-03 15:28:12.062  7107  7397 E KernelRpmStatsReader: 	at libcore.io.BlockGuardOs.open(BlockGuardOs.java:274)
12-03 15:28:12.062  7107  7397 E KernelRpmStatsReader: 	at libcore.io.ForwardingOs.open(ForwardingOs.java:568)
12-03 15:28:12.062  7107  7397 E KernelRpmStatsReader: 	at android.app.ActivityThread$AndroidOs.open(ActivityThread.java:8381)
12-03 15:28:12.062  7107  7397 E KernelRpmStatsReader: 	at libcore.io.IoBridge.open(IoBridge.java:560)
12-03 15:28:12.062  7107  7397 E KernelRpmStatsReader: 	... 13 more
12-03 15:28:13.266  1822  2438 E MiuiActivityController: MiuiLog-ActivityObserver: There was something wrong : null
12-03 15:28:13.766  1822  2438 E MiuiActivityController: MiuiLog-ActivityObserver: There was something wrong : null
12-03 15:28:14.265  1822  2642 E ProcessManager: error write exception log
12-03 15:28:14.405  1822  2438 E MiuiActivityController: MiuiLog-ActivityObserver: There was something wrong : null
12-03 15:28:14.575  1822  2438 E MiuiActivityController: MiuiLog-ActivityObserver: There was something wrong : null
12-03 15:28:15.073  1822  2438 E MiuiActivityController: MiuiLog-ActivityObserver: There was something wrong : null
12-03 15:28:27.198  1822  2438 E MiuiActivityController: MiuiLog-ActivityObserver: There was something wrong : null
12-03 15:28:27.684  1822  2438 E MiuiActivityController: MiuiLog-ActivityObserver: There was something wrong : null
12-03 15:28:28.178  1822  2438 E MiuiActivityController: MiuiLog-ActivityObserver: There was something wrong : null
12-03 15:28:28.261  1822  2438 E MiuiActivityController: MiuiLog-ActivityObserver: There was something wrong : null
12-03 15:28:28.777  1822  2438 E MiuiActivityController: MiuiLog-ActivityObserver: There was something wrong : null
12-03 15:28:41.009  1822 22911 E VibratorManagerService: Vibrate ignored, not vibrating for ringtones or notify for MIUI
12-03 15:28:51.457  1822  2642 E ProcessManager: error write exception log
12-03 15:29:04.219  1822  2642 E ProcessManager: error write exception log
12-03 15:29:29.163  2965  2965 E miui_face: start face unlock fail, mKeyguardShowing =false;isDeviceInteractive =false;isSwitchingUser =false;isKeyguardGoingAway =false
12-03 15:29:29.399  1822  2377 E AppOps  : attributionTag  not declared in manifest of android
12-03 15:29:29.403  1822  2377 E AppOps  : attributionTag  not declared in manifest of android
12-03 15:29:29.407  1822  2377 E AppOps  : attributionTag  not declared in manifest of android
12-03 15:29:29.432  1822  2438 E MiuiActivityController: MiuiLog-ActivityObserver: There was something wrong : null
12-03 15:29:29.459  1822  2088 E KernelCpuSpeedReader: Failed to read cpu-freq: /sys/devices/system/cpu/cpu0/cpufreq/stats/time_in_state: open failed: ENOENT (No such file or directory)
12-03 15:29:29.459  1822  2088 E KernelCpuSpeedReader: Failed to read cpu-freq: /sys/devices/system/cpu/cpu1190400/cpufreq/stats/time_in_state: open failed: ENOENT (No such file or directory)
12-03 15:29:29.459  1822  2088 E KernelCpuSpeedReader: Failed to read cpu-freq: /sys/devices/system/cpu/cpu2707200/cpufreq/stats/time_in_state: open failed: ENOENT (No such file or directory)
12-03 15:29:29.459  1822  2088 E KernelCpuSpeedReader: Failed to read cpu-freq: /sys/devices/system/cpu/cpu4512000/cpufreq/stats/time_in_state: open failed: ENOENT (No such file or directory)
12-03 15:29:29.554  1822  2438 E MiuiActivityController: MiuiLog-ActivityObserver: There was something wrong : null
12-03 15:29:29.789  2965  2965 E miui_face: start face unlock fail, mKeyguardShowing =true;isDeviceInteractive =false;isSwitchingUser =false;isKeyguardGoingAway =false
12-03 15:29:29.792  2965  2965 E miui_face: start face unlock fail, mKeyguardShowing =true;isDeviceInteractive =false;isSwitchingUser =false;isKeyguardGoingAway =false
12-03 15:29:29.794  2965  2965 E miui_face: start face unlock fail, mKeyguardShowing =true;isDeviceInteractive =false;isSwitchingUser =false;isKeyguardGoingAway =false
12-03 15:29:30.300  2965  2965 E miui_face: start face unlock fail, mKeyguardShowing =true;isDeviceInteractive =false;isSwitchingUser =false;isKeyguardGoingAway =false
12-03 15:29:30.523  1822  4595 E AppOps  : Bad call made by uid 10269. Package "com.miui.weather2" does not belong to uid 1000.
12-03 15:29:30.538  1822  6219 E AppOps  : Bad call made by uid 10269. Package "com.miui.weather2" does not belong to uid 1000.
12-03 15:29:30.540  1822  6219 E AppOps  : Bad call made by uid 10269. Package "com.miui.weather2" does not belong to uid 1000.
12-03 15:29:30.541  1822  4595 E AppOps  : Bad call made by uid 10269. Package "com.miui.weather2" does not belong to uid 1000.
12-03 15:29:30.544  1822  4595 E AppOps  : Bad call made by uid 10269. Package "com.miui.weather2" does not belong to uid 1000.
12-03 15:29:58.415  1822  1822 E ActivityManager: Cancel pending or running compactions as system is awake
12-03 15:29:58.467  1822  3200 E AppOps  : Bad call made by uid 1002. Package "com.google.android.gms" does not belong to uid 1002.
12-03 15:29:58.528  1822  2088 E KernelCpuSpeedReader: Failed to read cpu-freq: /sys/devices/system/cpu/cpu0/cpufreq/stats/time_in_state: open failed: ENOENT (No such file or directory)
12-03 15:29:58.528  1822  2088 E KernelCpuSpeedReader: Failed to read cpu-freq: /sys/devices/system/cpu/cpu1190400/cpufreq/stats/time_in_state: open failed: ENOENT (No such file or directory)
12-03 15:29:58.529  1822  2088 E KernelCpuSpeedReader: Failed to read cpu-freq: /sys/devices/system/cpu/cpu2707200/cpufreq/stats/time_in_state: open failed: ENOENT (No such file or directory)
12-03 15:29:58.529  1822  2088 E KernelCpuSpeedReader: Failed to read cpu-freq: /sys/devices/system/cpu/cpu4512000/cpufreq/stats/time_in_state: open failed: ENOENT (No such file or directory)
12-03 15:29:58.532  1822  4595 E AppOps  : Bad call made by uid 10269. Package "com.miui.weather2" does not belong to uid 1000.
12-03 15:29:58.540  1822  4595 E AppOps  : Bad call made by uid 10269. Package "com.miui.weather2" does not belong to uid 1000.
12-03 15:29:58.552  1822  6277 E AppOps  : Bad call made by uid 10269. Package "com.miui.weather2" does not belong to uid 1000.
12-03 15:29:58.554  1822  6277 E AppOps  : Bad call made by uid 10269. Package "com.miui.weather2" does not belong to uid 1000.
12-03 15:29:58.559  1822  2409 E AppOps  : Bad call made by uid 10269. Package "com.miui.weather2" does not belong to uid 1000.
12-03 15:30:08.220  1822  2088 E KernelCpuSpeedReader: Failed to read cpu-freq: /sys/devices/system/cpu/cpu0/cpufreq/stats/time_in_state: open failed: ENOENT (No such file or directory)
12-03 15:30:08.221  1822  2088 E KernelCpuSpeedReader: Failed to read cpu-freq: /sys/devices/system/cpu/cpu1190400/cpufreq/stats/time_in_state: open failed: ENOENT (No such file or directory)
12-03 15:30:08.221  1822  2088 E KernelCpuSpeedReader: Failed to read cpu-freq: /sys/devices/system/cpu/cpu2707200/cpufreq/stats/time_in_state: open failed: ENOENT (No such file or directory)
12-03 15:30:08.221  1822  2088 E KernelCpuSpeedReader: Failed to read cpu-freq: /sys/devices/system/cpu/cpu4512000/cpufreq/stats/time_in_state: open failed: ENOENT (No such file or directory)
12-03 15:30:08.312  1822  2438 E MiuiActivityController: MiuiLog-ActivityObserver: There was something wrong : null
12-03 15:30:08.491  1822  6277 E AppOps  : Bad call made by uid 1002. Package "com.google.android.gms" does not belong to uid 1002.
12-03 15:30:08.540   607 27575 E keystore2: keystore2::error: In create_operation.
12-03 15:30:08.540   607 27575 E keystore2: 
12-03 15:30:08.540   607 27575 E keystore2: Caused by:
12-03 15:30:08.540   607 27575 E keystore2:     0: In authorize_create: matching auth token is expired.
12-03 15:30:08.540   607 27575 E keystore2:     1: Error::Km(ErrorCode(-26))
12-03 15:30:27.422  1822  2642 E ProcessManager: error write exception log
12-03 15:30:27.519  1822  2438 E MiuiActivityController: MiuiLog-ActivityObserver: There was something wrong : null
12-03 15:30:27.935  1822  2438 E MiuiActivityController: MiuiLog-ActivityObserver: There was something wrong : null
12-03 15:30:28.256  1822  2438 E MiuiActivityController: MiuiLog-ActivityObserver: There was something wrong : null
12-03 15:30:28.522  1822  2438 E MiuiActivityController: MiuiLog-ActivityObserver: There was something wrong : null
12-03 15:30:28.804  1822  2438 E MiuiActivityController: MiuiLog-ActivityObserver: There was something wrong : null
12-03 15:30:28.818  1822  2438 E MiuiActivityController: MiuiLog-ActivityObserver: There was something wrong : null
12-03 15:30:28.821  1822  2438 E MiuiActivityController: MiuiLog-ActivityObserver: There was something wrong : null
12-03 15:30:29.309  1822  2438 E MiuiActivityController: MiuiLog-ActivityObserver: There was something wrong : null
12-03 15:30:30.014  1822  1822 E Fingerprint21: onAcquired for non-acquisition client: null
12-03 15:30:30.475  1822  4595 E WindowManager: setOnBackInvokedCallback(): No window state for package:com.android.systemui
12-03 15:30:30.501  1822  2438 E MiuiActivityController: MiuiLog-ActivityObserver: There was something wrong : null
12-03 15:30:30.591  1822  2438 E MiuiActivityController: MiuiLog-ActivityObserver: There was something wrong : null
12-03 15:30:31.119  1822  2438 E MiuiActivityController: MiuiLog-ActivityObserver: There was something wrong : null
12-03 15:30:52.449 23222 23222 E GlobalScreenshot: jumpProcess: enter  mIsInOutAnimating:false jumpType:send
12-03 15:30:52.546  1822  2438 E MiuiActivityController: MiuiLog-ActivityObserver: There was something wrong : null
12-03 15:30:52.592  1822  2642 E ProcessManager: error write exception log
12-03 15:30:52.908  1822  3033 E PackageDexUsage: Unsupported context?
12-03 15:30:53.246  1822  2438 E MiuiActivityController: MiuiLog-ActivityObserver: There was something wrong : null
12-03 15:30:55.523  1822  2438 E MiuiActivityController: MiuiLog-ActivityObserver: There was something wrong : null
12-03 15:30:55.539  1822  2438 E MiuiActivityController: MiuiLog-ActivityObserver: There was something wrong : null
12-03 15:30:55.886  1822  2438 E MiuiActivityController: MiuiLog-ActivityObserver: There was something wrong : null
12-03 15:30:56.354  1822  2438 E MiuiActivityController: MiuiLog-ActivityObserver: There was something wrong : null
12-03 15:30:56.480  1822  2438 E MiuiActivityController: MiuiLog-ActivityObserver: There was something wrong : null
12-03 15:30:56.705  1822  2642 E ProcessManager: error write exception log
12-03 15:30:56.757  1822  2642 E ProcessManager: error write exception log
12-03 15:30:56.914  1822  2642 E ProcessManager: error write exception log
12-03 15:30:58.971  1822  2438 E MiuiActivityController: MiuiLog-ActivityObserver: There was something wrong : null
12-03 15:30:59.003  1822  2438 E MiuiActivityController: MiuiLog-ActivityObserver: There was something wrong : null
12-03 15:30:59.309  1822  2438 E MiuiActivityController: MiuiLog-ActivityObserver: There was something wrong : null
12-03 15:31:00.041  1822  2438 E MiuiActivityController: MiuiLog-ActivityObserver: There was something wrong : null
12-03 15:31:00.068  1822  2438 E MiuiActivityController: MiuiLog-ActivityObserver: There was something wrong : null
12-03 15:31:00.917  1822  2438 E MiuiActivityController: MiuiLog-ActivityObserver: There was something wrong : null
12-03 15:31:01.513  1822  2438 E MiuiActivityController: MiuiLog-ActivityObserver: There was something wrong : null
12-03 15:31:02.124  1822  2642 E ProcessManager: error write exception log
12-03 15:31:02.162  1822  2438 E MiuiActivityController: MiuiLog-ActivityObserver: There was something wrong : null
12-03 15:31:02.166  1822  2438 E MiuiActivityController: MiuiLog-ActivityObserver: There was something wrong : null
12-03 15:31:02.166  1822  3429 E ShortcutService: Invalid icon type in shortcut 120363423903274953@g.us. Bitmaps are not allowed in long-lived shortcuts. Use Resource icons, or Uri-based icons instead.
12-03 15:31:02.319  1822  5582 E AppOps  : Bad call made by uid 10227. Package "com.google.android.gms" does not belong to uid 10227.
12-03 15:31:02.329  1822  5582 E AppOps  : Bad call made by uid 10227. Package "com.google.android.gms" does not belong to uid 10227.
12-03 15:31:02.558  1822  2642 E ProcessManager: error write exception log
12-03 15:31:02.716  1822  6539 E AppOps  : Bad call made by uid 10200. Package "com.google.android.gms" does not belong to uid 10200.
12-03 15:31:02.728  1822  6207 E AppOps  : Bad call made by uid 10200. Package "com.google.android.gms" does not belong to uid 10200.
12-03 15:31:07.414  1822  2438 E MiuiActivityController: MiuiLog-ActivityObserver: There was something wrong : null
12-03 15:31:08.476  1822  2438 E MiuiActivityController: MiuiLog-ActivityObserver: There was something wrong : null
12-03 15:31:14.823  1822  2642 E ProcessManager: error write exception log
12-03 15:31:14.856  1822  2642 E ProcessManager: error write exception log
12-03 15:31:14.896  1822  2642 E ProcessManager: error write exception log
12-03 15:31:16.553  1822  2438 E MiuiActivityController: MiuiLog-ActivityObserver: There was something wrong : null
12-03 15:31:16.572  1822  2438 E MiuiActivityController: MiuiLog-ActivityObserver: There was something wrong : null
12-03 15:31:16.609  1822  2438 E MiuiActivityController: MiuiLog-ActivityObserver: There was something wrong : null
12-03 15:31:22.289  1822  2642 E ProcessManager: error write exception log
12-03 15:31:22.345  1822  2642 E ProcessManager: error write exception log
12-03 15:32:02.201  1822  2642 E ProcessManager: error write exception log
12-03 15:32:08.706  1822  2438 E MiuiActivityController: MiuiLog-ActivityObserver: There was something wrong : null
12-03 15:32:09.126  1822  2438 E MiuiActivityController: MiuiLog-ActivityObserver: There was something wrong : null
12-03 15:32:09.751  1822  2377 E AppOps  : attributionTag  not declared in manifest of android
12-03 15:32:09.753  1822  2377 E AppOps  : attributionTag  not declared in manifest of android
12-03 15:32:09.755  1822  2377 E AppOps  : attributionTag  not declared in manifest of android
12-03 15:32:09.757  1822  2377 E AppOps  : attributionTag  not declared in manifest of android
12-03 15:32:10.515  1822  2438 E MiuiActivityController: MiuiLog-ActivityObserver: There was something wrong : null
12-03 15:32:10.960  1822  2438 E MiuiActivityController: MiuiLog-ActivityObserver: There was something wrong : null
12-03 15:32:11.235  1822  2438 E MiuiActivityController: MiuiLog-ActivityObserver: There was something wrong : null
12-03 15:32:11.251  1822  2438 E MiuiActivityController: MiuiLog-ActivityObserver: There was something wrong : null
12-03 15:32:11.254  1822  2438 E MiuiActivityController: MiuiLog-ActivityObserver: There was something wrong : null
12-03 15:32:11.755  1822  2438 E MiuiActivityController: MiuiLog-ActivityObserver: There was something wrong : null
12-03 15:32:12.802  1822  1822 E Fingerprint21: onAcquired for non-acquisition client: null
12-03 15:32:13.128  1822  2438 E MiuiActivityController: MiuiLog-ActivityObserver: There was something wrong : null
12-03 15:32:13.197  1822  2438 E MiuiActivityController: MiuiLog-ActivityObserver: There was something wrong : null
12-03 15:32:13.735  1822  2438 E MiuiActivityController: MiuiLog-ActivityObserver: There was something wrong : null
12-03 15:32:19.942  1822  2377 E AppOps  : attributionTag  not declared in manifest of android
12-03 15:32:19.946  1822  2377 E AppOps  : attributionTag  not declared in manifest of android
12-03 15:32:19.950  1822  2377 E AppOps  : attributionTag  not declared in manifest of android
12-03 15:32:26.872  1822 23918 E VibratorManagerService: Vibrate ignored, not vibrating for ringtones or notify for MIUI
12-03 15:32:39.552  1822  2088 E KernelCpuSpeedReader: Failed to read cpu-freq: /sys/devices/system/cpu/cpu0/cpufreq/stats/time_in_state: open failed: ENOENT (No such file or directory)
12-03 15:32:39.553  1822  2088 E KernelCpuSpeedReader: Failed to read cpu-freq: /sys/devices/system/cpu/cpu1190400/cpufreq/stats/time_in_state: open failed: ENOENT (No such file or directory)
12-03 15:32:39.553  1822  2088 E KernelCpuSpeedReader: Failed to read cpu-freq: /sys/devices/system/cpu/cpu2707200/cpufreq/stats/time_in_state: open failed: ENOENT (No such file or directory)
12-03 15:32:39.554  1822  2088 E KernelCpuSpeedReader: Failed to read cpu-freq: /sys/devices/system/cpu/cpu4512000/cpufreq/stats/time_in_state: open failed: ENOENT (No such file or directory)
12-03 15:33:01.470  1822  2438 E MiuiActivityController: MiuiLog-ActivityObserver: There was something wrong : null
12-03 15:33:02.018  1822  2438 E MiuiActivityController: MiuiLog-ActivityObserver: There was something wrong : null
12-03 15:33:02.403  1822  2438 E MiuiActivityController: MiuiLog-ActivityObserver: There was something wrong : null
12-03 15:33:02.554  1822  2438 E MiuiActivityController: MiuiLog-ActivityObserver: There was something wrong : null
12-03 15:33:03.024  1822  2438 E MiuiActivityController: MiuiLog-ActivityObserver: There was something wrong : null
12-03 15:33:25.089  1822  2642 E ProcessManager: error write exception log
12-03 15:33:33.231  1822  2088 E KernelCpuSpeedReader: Failed to read cpu-freq: /sys/devices/system/cpu/cpu0/cpufreq/stats/time_in_state: open failed: ENOENT (No such file or directory)
12-03 15:33:33.232  1822  2088 E KernelCpuSpeedReader: Failed to read cpu-freq: /sys/devices/system/cpu/cpu1190400/cpufreq/stats/time_in_state: open failed: ENOENT (No such file or directory)
12-03 15:33:33.233  1822  2088 E KernelCpuSpeedReader: Failed to read cpu-freq: /sys/devices/system/cpu/cpu2707200/cpufreq/stats/time_in_state: open failed: ENOENT (No such file or directory)
12-03 15:33:33.234  1822  2088 E KernelCpuSpeedReader: Failed to read cpu-freq: /sys/devices/system/cpu/cpu4512000/cpufreq/stats/time_in_state: open failed: ENOENT (No such file or directory)
12-03 15:33:33.697  1822  2642 E ProcessManager: error write exception log
12-03 15:33:43.273  7107  7397 E KernelRpmStatsReader: Failure in reading rpm stats
12-03 15:33:43.273  7107  7397 E KernelRpmStatsReader: java.io.FileNotFoundException: /sys/power/system_sleep/stats: open failed: EACCES (Permission denied)
12-03 15:33:43.273  7107  7397 E KernelRpmStatsReader: 	at libcore.io.IoBridge.open(IoBridge.java:574)
12-03 15:33:43.273  7107  7397 E KernelRpmStatsReader: 	at java.io.FileInputStream.<init>(FileInputStream.java:179)
12-03 15:33:43.273  7107  7397 E KernelRpmStatsReader: 	at java.io.FileInputStream.<init>(FileInputStream.java:133)
12-03 15:33:43.273  7107  7397 E KernelRpmStatsReader: 	at com.miui.powerkeeper.utils.KernelRpmStatsReader.readRpmStatsType1(Unknown Source:19)
12-03 15:33:43.273  7107  7397 E KernelRpmStatsReader: 	at com.miui.powerkeeper.utils.KernelRpmStatsReader.readRpmStats(Unknown Source:63)
12-03 15:33:43.273  7107  7397 E KernelRpmStatsReader: 	at com.miui.powerkeeper.powerchecker.PowerCheckerService.requestKernelRpmStatsUpdate(Unknown Source:4)
12-03 15:33:43.273  7107  7397 E KernelRpmStatsReader: 	at com.miui.powerkeeper.powerchecker.PowerCheckerService.addBatteryHistoryRecord(Unknown Source:32)
12-03 15:33:43.273  7107  7397 E KernelRpmStatsReader: 	at com.miui.powerkeeper.powerchecker.PowerCheckerService.updateBatteryLevelChanged(Unknown Source:8)
12-03 15:33:43.273  7107  7397 E KernelRpmStatsReader: 	at com.miui.powerkeeper.powerchecker.PowerCheckerService.access$2700(Unknown Source:0)
12-03 15:33:43.273  7107  7397 E KernelRpmStatsReader: 	at com.miui.powerkeeper.powerchecker.PowerCheckerService$PowerCheckHandler.handleMessage(Unknown Source:124)
12-03 15:33:43.273  7107  7397 E KernelRpmStatsReader: 	at android.os.Handler.dispatchMessage(Handler.java:106)
12-03 15:33:43.273  7107  7397 E KernelRpmStatsReader: 	at android.os.Looper.loopOnce(Looper.java:211)
12-03 15:33:43.273  7107  7397 E KernelRpmStatsReader: 	at android.os.Looper.loop(Looper.java:300)
12-03 15:33:43.273  7107  7397 E KernelRpmStatsReader: 	at android.os.HandlerThread.run(HandlerThread.java:67)
12-03 15:33:43.273  7107  7397 E KernelRpmStatsReader: Caused by: android.system.ErrnoException: open failed: EACCES (Permission denied)
12-03 15:33:43.273  7107  7397 E KernelRpmStatsReader: 	at libcore.io.Linux.open(Native Method)
12-03 15:33:43.273  7107  7397 E KernelRpmStatsReader: 	at libcore.io.ForwardingOs.open(ForwardingOs.java:568)
12-03 15:33:43.273  7107  7397 E KernelRpmStatsReader: 	at libcore.io.BlockGuardOs.open(BlockGuardOs.java:274)
12-03 15:33:43.273  7107  7397 E KernelRpmStatsReader: 	at libcore.io.ForwardingOs.open(ForwardingOs.java:568)
12-03 15:33:43.273  7107  7397 E KernelRpmStatsReader: 	at android.app.ActivityThread$AndroidOs.open(ActivityThread.java:8381)
12-03 15:33:43.273  7107  7397 E KernelRpmStatsReader: 	at libcore.io.IoBridge.open(IoBridge.java:560)
12-03 15:33:43.273  7107  7397 E KernelRpmStatsReader: 	... 13 more
12-03 15:34:41.482  2965  2965 E miui_face: start face unlock fail, mKeyguardShowing =false;isDeviceInteractive =false;isSwitchingUser =false;isKeyguardGoingAway =false
12-03 15:34:41.546  1822  2642 E ProcessManager: error write exception log
12-03 15:34:41.712  1822  2438 E MiuiActivityController: MiuiLog-ActivityObserver: There was something wrong : null
12-03 15:34:41.714  1822  2377 E AppOps  : attributionTag  not declared in manifest of android
12-03 15:34:41.717  1822  2377 E AppOps  : attributionTag  not declared in manifest of android
12-03 15:34:41.720  1822  2377 E AppOps  : attributionTag  not declared in manifest of android
12-03 15:34:41.723  1822  2377 E AppOps  : attributionTag  not declared in manifest of android
12-03 15:34:41.727  1822  2377 E AppOps  : attributionTag  not declared in manifest of android
12-03 15:34:41.729  1822  2377 E AppOps  : attributionTag  not declared in manifest of android
12-03 15:34:41.759  1822  2088 E KernelCpuSpeedReader: Failed to read cpu-freq: /sys/devices/system/cpu/cpu0/cpufreq/stats/time_in_state: open failed: ENOENT (No such file or directory)
12-03 15:34:41.759  1822  2088 E KernelCpuSpeedReader: Failed to read cpu-freq: /sys/devices/system/cpu/cpu1190400/cpufreq/stats/time_in_state: open failed: ENOENT (No such file or directory)
12-03 15:34:41.759  1822  2088 E KernelCpuSpeedReader: Failed to read cpu-freq: /sys/devices/system/cpu/cpu2707200/cpufreq/stats/time_in_state: open failed: ENOENT (No such file or directory)
12-03 15:34:41.760  1822  2088 E KernelCpuSpeedReader: Failed to read cpu-freq: /sys/devices/system/cpu/cpu4512000/cpufreq/stats/time_in_state: open failed: ENOENT (No such file or directory)
12-03 15:34:41.816  1822  2438 E MiuiActivityController: MiuiLog-ActivityObserver: There was something wrong : null
12-03 15:34:42.112  1822  2642 E ProcessManager: error write exception log
12-03 15:34:42.184  2965  2965 E miui_face: start face unlock fail, mKeyguardShowing =true;isDeviceInteractive =false;isSwitchingUser =false;isKeyguardGoingAway =false
12-03 15:34:42.185  2965  2965 E miui_face: start face unlock fail, mKeyguardShowing =true;isDeviceInteractive =false;isSwitchingUser =false;isKeyguardGoingAway =false
12-03 15:34:42.188  2965  2965 E miui_face: start face unlock fail, mKeyguardShowing =true;isDeviceInteractive =false;isSwitchingUser =false;isKeyguardGoingAway =false
12-03 15:34:42.435  2965  2965 E miui_face: start face unlock fail, mKeyguardShowing =true;isDeviceInteractive =false;isSwitchingUser =false;isKeyguardGoingAway =false
12-03 15:34:42.711  1822  4602 E AppOps  : Bad call made by uid 10269. Package "com.miui.weather2" does not belong to uid 1000.
12-03 15:34:42.720  1822  3953 E AppOps  : Bad call made by uid 10269. Package "com.miui.weather2" does not belong to uid 1000.
12-03 15:34:42.721  1822  6207 E AppOps  : Bad call made by uid 10269. Package "com.miui.weather2" does not belong to uid 1000.
12-03 15:34:42.723  1822  6207 E AppOps  : Bad call made by uid 10269. Package "com.miui.weather2" does not belong to uid 1000.
12-03 15:34:42.724  1822  6300 E AppOps  : Bad call made by uid 10269. Package "com.miui.weather2" does not belong to uid 1000.
12-03 15:35:07.686  1822  2088 E KernelCpuSpeedReader: Failed to read cpu-freq: /sys/devices/system/cpu/cpu0/cpufreq/stats/time_in_state: open failed: ENOENT (No such file or directory)
12-03 15:35:07.686  1822  2088 E KernelCpuSpeedReader: Failed to read cpu-freq: /sys/devices/system/cpu/cpu1190400/cpufreq/stats/time_in_state: open failed: ENOENT (No such file or directory)
12-03 15:35:07.686  1822  2088 E KernelCpuSpeedReader: Failed to read cpu-freq: /sys/devices/system/cpu/cpu2707200/cpufreq/stats/time_in_state: open failed: ENOENT (No such file or directory)
12-03 15:35:07.687  1822  2088 E KernelCpuSpeedReader: Failed to read cpu-freq: /sys/devices/system/cpu/cpu4512000/cpufreq/stats/time_in_state: open failed: ENOENT (No such file or directory)
12-03 15:35:07.785  1822 24238 E VibratorManagerService: Vibrate ignored, not vibrating for ringtones or notify for MIUI
12-03 15:35:09.832  1822  1822 E ActivityManager: Cancel pending or running compactions as system is awake
12-03 15:35:09.895  1822  2088 E KernelCpuSpeedReader: Failed to read cpu-freq: /sys/devices/system/cpu/cpu0/cpufreq/stats/time_in_state: open failed: ENOENT (No such file or directory)
12-03 15:35:09.896  1822  2088 E KernelCpuSpeedReader: Failed to read cpu-freq: /sys/devices/system/cpu/cpu1190400/cpufreq/stats/time_in_state: open failed: ENOENT (No such file or directory)
12-03 15:35:09.896  1822  2088 E KernelCpuSpeedReader: Failed to read cpu-freq: /sys/devices/system/cpu/cpu2707200/cpufreq/stats/time_in_state: open failed: ENOENT (No such file or directory)
12-03 15:35:09.896  1822  2088 E KernelCpuSpeedReader: Failed to read cpu-freq: /sys/devices/system/cpu/cpu4512000/cpufreq/stats/time_in_state: open failed: ENOENT (No such file or directory)
12-03 15:35:09.901  1822  5599 E AppOps  : Bad call made by uid 10269. Package "com.miui.weather2" does not belong to uid 1000.
12-03 15:35:09.909  1822  5599 E AppOps  : Bad call made by uid 10269. Package "com.miui.weather2" does not belong to uid 1000.
12-03 15:35:09.912  1822  6300 E AppOps  : Bad call made by uid 10269. Package "com.miui.weather2" does not belong to uid 1000.
12-03 15:35:09.915  1822  6277 E AppOps  : Bad call made by uid 10269. Package "com.miui.weather2" does not belong to uid 1000.
12-03 15:35:09.921  1822  6277 E AppOps  : Bad call made by uid 10269. Package "com.miui.weather2" does not belong to uid 1000.
12-03 15:35:10.018  1822  6277 E AppOps  : Bad call made by uid 1002. Package "com.google.android.gms" does not belong to uid 1002.
12-03 15:35:21.031  1822  2438 E MiuiActivityController: MiuiLog-ActivityObserver: There was something wrong : null
12-03 15:35:21.173  1822  2438 E MiuiActivityController: MiuiLog-ActivityObserver: There was something wrong : null
12-03 15:35:21.368  1822  2438 E MiuiActivityController: MiuiLog-ActivityObserver: There was something wrong : null
12-03 15:35:21.369  1822  2438 E MiuiActivityController: MiuiLog-ActivityObserver: There was something wrong : null
12-03 15:35:21.438  1822  2088 E KernelCpuSpeedReader: Failed to read cpu-freq: /sys/devices/system/cpu/cpu0/cpufreq/stats/time_in_state: open failed: ENOENT (No such file or directory)
12-03 15:35:21.439  1822  2088 E KernelCpuSpeedReader: Failed to read cpu-freq: /sys/devices/system/cpu/cpu1190400/cpufreq/stats/time_in_state: open failed: ENOENT (No such file or directory)
12-03 15:35:21.439  1822  2088 E KernelCpuSpeedReader: Failed to read cpu-freq: /sys/devices/system/cpu/cpu2707200/cpufreq/stats/time_in_state: open failed: ENOENT (No such file or directory)
12-03 15:35:21.439  1822  2088 E KernelCpuSpeedReader: Failed to read cpu-freq: /sys/devices/system/cpu/cpu4512000/cpufreq/stats/time_in_state: open failed: ENOENT (No such file or directory)
12-03 15:35:21.548  1822  2438 E MiuiActivityController: MiuiLog-ActivityObserver: There was something wrong : null
12-03 15:35:21.708  1822  5599 E AppOps  : Bad call made by uid 1002. Package "com.google.android.gms" does not belong to uid 1002.
12-03 15:35:21.792   607 27575 E keystore2: keystore2::error: In create_operation.
12-03 15:35:21.792   607 27575 E keystore2: 
12-03 15:35:21.792   607 27575 E keystore2: Caused by:
12-03 15:35:21.792   607 27575 E keystore2:     0: In authorize_create: matching auth token is expired.
12-03 15:35:21.792   607 27575 E keystore2:     1: Error::Km(ErrorCode(-26))
12-03 15:35:41.487  1822  2642 E ProcessManager: error write exception log
12-03 15:36:40.451  1822  2394 E AlarmManager: Attempt to decrement existing alarm count 0 by 1 for uid 1000
12-03 15:36:40.478  1822  2394 E AlarmManager: Attempt to decrement existing alarm count 0 by 1 for uid 1000
12-03 15:37:00.437  1822  2642 E ProcessManager: error write exception log
12-03 15:37:00.499  1822  2438 E MiuiActivityController: MiuiLog-ActivityObserver: There was something wrong : null
12-03 15:37:00.936  1822  2438 E MiuiActivityController: MiuiLog-ActivityObserver: There was something wrong : null
12-03 15:37:01.391  1822  2438 E MiuiActivityController: MiuiLog-ActivityObserver: There was something wrong : null
12-03 15:37:01.427 24525 24573 E ActivityThread: Failed to find provider info for com.facebook.appmanager.nekodirect
12-03 15:37:02.124  1822  2642 E ProcessManager: error write exception log
12-03 15:37:02.142  1822  2438 E MiuiActivityController: MiuiLog-ActivityObserver: There was something wrong : null
12-03 15:37:02.207  1822  2642 E ProcessManager: error write exception log
12-03 15:37:02.538  1822  2438 E MiuiActivityController: MiuiLog-ActivityObserver: There was something wrong : null
12-03 15:37:02.574  1822  2438 E MiuiActivityController: MiuiLog-ActivityObserver: There was something wrong : null
12-03 15:37:02.577  1822  2438 E MiuiActivityController: MiuiLog-ActivityObserver: There was something wrong : null
12-03 15:37:02.764  1822  2642 E ProcessManager: error write exception log
12-03 15:37:03.050  1822  2438 E MiuiActivityController: MiuiLog-ActivityObserver: There was something wrong : null
12-03 15:37:03.755  1822  1822 E Fingerprint21: onAcquired for non-acquisition client: null
12-03 15:37:04.122  1822  2438 E MiuiActivityController: MiuiLog-ActivityObserver: There was something wrong : null
12-03 15:37:04.206  1822  2438 E MiuiActivityController: MiuiLog-ActivityObserver: There was something wrong : null
12-03 15:37:04.728  1822  2438 E MiuiActivityController: MiuiLog-ActivityObserver: There was something wrong : null
12-03 15:37:06.387  1822  2438 E MiuiActivityController: MiuiLog-ActivityObserver: There was something wrong : null
12-03 15:37:06.968  1822  2438 E MiuiActivityController: MiuiLog-ActivityObserver: There was something wrong : null
12-03 15:37:07.153  1822  2438 E MiuiActivityController: MiuiLog-ActivityObserver: There was something wrong : null
12-03 15:37:07.233  1822  2438 E MiuiActivityController: MiuiLog-ActivityObserver: There was something wrong : null
12-03 15:37:07.747  1822  2438 E MiuiActivityController: MiuiLog-ActivityObserver: There was something wrong : null
12-03 15:37:20.445  1822  2377 E AppOps  : attributionTag  not declared in manifest of android
12-03 15:37:20.448  1822  2377 E AppOps  : attributionTag  not declared in manifest of android
12-03 15:37:20.450  1822  2377 E AppOps  : attributionTag  not declared in manifest of android
12-03 15:37:56.699  1822  3083 E ShortcutService: Invalid icon type in shortcut 120363423903274953@g.us. Bitmaps are not allowed in long-lived shortcuts. Use Resource icons, or Uri-based icons instead.
12-03 15:38:25.696  1822  2642 E ProcessManager: error write exception log
12-03 15:39:32.991  1822  2438 E MiuiActivityController: MiuiLog-ActivityObserver: There was something wrong : null
12-03 15:39:33.415  1822  2438 E MiuiActivityController: MiuiLog-ActivityObserver: There was something wrong : null
12-03 15:39:36.369  1822  2438 E MiuiActivityController: MiuiLog-ActivityObserver: There was something wrong : null
12-03 15:39:36.854  1822  2438 E MiuiActivityController: MiuiLog-ActivityObserver: There was something wrong : null
12-03 15:39:37.151  1822  2438 E MiuiActivityController: MiuiLog-ActivityObserver: There was something wrong : null
12-03 15:39:37.156  1822  2438 E MiuiActivityController: MiuiLog-ActivityObserver: There was something wrong : null
12-03 15:39:37.159  1822  2438 E MiuiActivityController: MiuiLog-ActivityObserver: There was something wrong : null
12-03 15:39:37.565  1822  2438 E MiuiActivityController: MiuiLog-ActivityObserver: There was something wrong : null
12-03 15:39:38.543  1822  1822 E Fingerprint21: onAcquired for non-acquisition client: null
12-03 15:39:38.991  1822  2438 E MiuiActivityController: MiuiLog-ActivityObserver: There was something wrong : null
12-03 15:39:39.072  1822  2438 E MiuiActivityController: MiuiLog-ActivityObserver: There was something wrong : null
12-03 15:39:39.582  1822  2438 E MiuiActivityController: MiuiLog-ActivityObserver: There was something wrong : null
12-03 15:39:44.875 23222 23222 E GlobalScreenshot: jumpProcess: enter  mIsInOutAnimating:false jumpType:send
12-03 15:39:44.975  1822  2438 E MiuiActivityController: MiuiLog-ActivityObserver: There was something wrong : null
12-03 15:39:44.979  1822  2764 E WindowManager: setOnBackInvokedCallback(): No window state for package:com.miui.screenshot
12-03 15:39:44.985  1822  2438 E MiuiActivityController: MiuiLog-ActivityObserver: There was something wrong : null
12-03 15:39:45.310  1822  2438 E MiuiActivityController: MiuiLog-ActivityObserver: There was something wrong : null
12-03 15:39:45.347  1822  6277 E PackageDexUsage: Unsupported context?
12-03 15:39:45.597  1822  2642 E ProcessManager: error write exception log
12-03 15:39:48.563  1822  2438 E MiuiActivityController: MiuiLog-ActivityObserver: There was something wrong : null
12-03 15:39:48.582  1822  2438 E MiuiActivityController: MiuiLog-ActivityObserver: There was something wrong : null
12-03 15:39:48.982  1822  2438 E MiuiActivityController: MiuiLog-ActivityObserver: There was something wrong : null
12-03 15:39:49.368  1822  2438 E MiuiActivityController: MiuiLog-ActivityObserver: There was something wrong : null
12-03 15:39:49.680  1822  2438 E MiuiActivityController: MiuiLog-ActivityObserver: There was something wrong : null
12-03 15:39:50.757  1822  2642 E ProcessManager: error write exception log
12-03 15:39:53.047  1822  2642 E ProcessManager: error write exception log
12-03 15:39:53.084  1822  2438 E MiuiActivityController: MiuiLog-ActivityObserver: There was something wrong : null
12-03 15:39:53.101  1822  2438 E MiuiActivityController: MiuiLog-ActivityObserver: There was something wrong : null
12-03 15:39:53.102  1822  1854 E WindowManager: setOnBackInvokedCallback(): No window state for package:com.whatsapp.w4b
12-03 15:39:53.374  1822  2438 E MiuiActivityController: MiuiLog-ActivityObserver: There was something wrong : null
12-03 15:39:54.140  1822  2438 E MiuiActivityController: MiuiLog-ActivityObserver: There was something wrong : null
12-03 15:39:54.166  1822  2438 E MiuiActivityController: MiuiLog-ActivityObserver: There was something wrong : null
12-03 15:39:54.660  1822  2642 E ProcessManager: error write exception log
12-03 15:39:54.997  1822  4636 E AppOps  : Bad call made by uid 10227. Package "com.google.android.gms" does not belong to uid 10227.
12-03 15:39:55.013  1822  5604 E AppOps  : Bad call made by uid 10227. Package "com.google.android.gms" does not belong to uid 10227.
12-03 15:39:55.052  1822  2642 E ProcessManager: error write exception log
12-03 15:39:55.075  1822  4605 E AppOps  : Bad call made by uid 10200. Package "com.google.android.gms" does not belong to uid 10200.
12-03 15:39:55.082  1822  4605 E AppOps  : Bad call made by uid 10200. Package "com.google.android.gms" does not belong to uid 10200.
12-03 15:39:56.552  1822  2438 E MiuiActivityController: MiuiLog-ActivityObserver: There was something wrong : null
12-03 15:39:56.554  1822  2438 E MiuiActivityController: MiuiLog-ActivityObserver: There was something wrong : null
12-03 15:40:02.948  1822  2088 E KernelCpuSpeedReader: Failed to read cpu-freq: /sys/devices/system/cpu/cpu0/cpufreq/stats/time_in_state: open failed: ENOENT (No such file or directory)
12-03 15:40:02.948  1822  2088 E KernelCpuSpeedReader: Failed to read cpu-freq: /sys/devices/system/cpu/cpu1190400/cpufreq/stats/time_in_state: open failed: ENOENT (No such file or directory)
12-03 15:40:02.949  1822  2088 E KernelCpuSpeedReader: Failed to read cpu-freq: /sys/devices/system/cpu/cpu2707200/cpufreq/stats/time_in_state: open failed: ENOENT (No such file or directory)
12-03 15:40:02.949  1822  2088 E KernelCpuSpeedReader: Failed to read cpu-freq: /sys/devices/system/cpu/cpu4512000/cpufreq/stats/time_in_state: open failed: ENOENT (No such file or directory)
12-03 15:40:03.361  1822  2642 E ProcessManager: error write exception log
12-03 15:40:11.583  1822  2642 E ProcessManager: error write exception log
12-03 15:40:12.973  7107  7397 E KernelRpmStatsReader: Failure in reading rpm stats
12-03 15:40:12.973  7107  7397 E KernelRpmStatsReader: java.io.FileNotFoundException: /sys/power/system_sleep/stats: open failed: EACCES (Permission denied)
12-03 15:40:12.973  7107  7397 E KernelRpmStatsReader: 	at libcore.io.IoBridge.open(IoBridge.java:574)
12-03 15:40:12.973  7107  7397 E KernelRpmStatsReader: 	at java.io.FileInputStream.<init>(FileInputStream.java:179)
12-03 15:40:12.973  7107  7397 E KernelRpmStatsReader: 	at java.io.FileInputStream.<init>(FileInputStream.java:133)
12-03 15:40:12.973  7107  7397 E KernelRpmStatsReader: 	at com.miui.powerkeeper.utils.KernelRpmStatsReader.readRpmStatsType1(Unknown Source:19)
12-03 15:40:12.973  7107  7397 E KernelRpmStatsReader: 	at com.miui.powerkeeper.utils.KernelRpmStatsReader.readRpmStats(Unknown Source:63)
12-03 15:40:12.973  7107  7397 E KernelRpmStatsReader: 	at com.miui.powerkeeper.powerchecker.PowerCheckerService.requestKernelRpmStatsUpdate(Unknown Source:4)
12-03 15:40:12.973  7107  7397 E KernelRpmStatsReader: 	at com.miui.powerkeeper.powerchecker.PowerCheckerService.addBatteryHistoryRecord(Unknown Source:32)
12-03 15:40:12.973  7107  7397 E KernelRpmStatsReader: 	at com.miui.powerkeeper.powerchecker.PowerCheckerService.updateBatteryLevelChanged(Unknown Source:8)
12-03 15:40:12.973  7107  7397 E KernelRpmStatsReader: 	at com.miui.powerkeeper.powerchecker.PowerCheckerService.access$2700(Unknown Source:0)
12-03 15:40:12.973  7107  7397 E KernelRpmStatsReader: 	at com.miui.powerkeeper.powerchecker.PowerCheckerService$PowerCheckHandler.handleMessage(Unknown Source:124)
12-03 15:40:12.973  7107  7397 E KernelRpmStatsReader: 	at android.os.Handler.dispatchMessage(Handler.java:106)
12-03 15:40:12.973  7107  7397 E KernelRpmStatsReader: 	at android.os.Looper.loopOnce(Looper.java:211)
12-03 15:40:12.973  7107  7397 E KernelRpmStatsReader: 	at android.os.Looper.loop(Looper.java:300)
12-03 15:40:12.973  7107  7397 E KernelRpmStatsReader: 	at android.os.HandlerThread.run(HandlerThread.java:67)
12-03 15:40:12.973  7107  7397 E KernelRpmStatsReader: Caused by: android.system.ErrnoException: open failed: EACCES (Permission denied)
12-03 15:40:12.973  7107  7397 E KernelRpmStatsReader: 	at libcore.io.Linux.open(Native Method)
12-03 15:40:12.973  7107  7397 E KernelRpmStatsReader: 	at libcore.io.ForwardingOs.open(ForwardingOs.java:568)
12-03 15:40:12.973  7107  7397 E KernelRpmStatsReader: 	at libcore.io.BlockGuardOs.open(BlockGuardOs.java:274)
12-03 15:40:12.973  7107  7397 E KernelRpmStatsReader: 	at libcore.io.ForwardingOs.open(ForwardingOs.java:568)
12-03 15:40:12.973  7107  7397 E KernelRpmStatsReader: 	at android.app.ActivityThread$AndroidOs.open(ActivityThread.java:8381)
12-03 15:40:12.973  7107  7397 E KernelRpmStatsReader: 	at libcore.io.IoBridge.open(IoBridge.java:560)
12-03 15:40:12.973  7107  7397 E KernelRpmStatsReader: 	... 13 more
12-03 15:40:26.349  1822  2438 E MiuiActivityController: MiuiLog-ActivityObserver: There was something wrong : null
12-03 15:40:27.013  1822  2438 E MiuiActivityController: MiuiLog-ActivityObserver: There was something wrong : null
12-03 15:40:27.037  1822  2438 E MiuiActivityController: MiuiLog-ActivityObserver: There was something wrong : null
12-03 15:40:27.087  1822  2642 E ProcessManager: error write exception log
12-03 15:40:27.094  1822  2642 E ProcessManager: error write exception log
12-03 15:40:27.780  1822  3953 E ShortcutService: Invalid icon type in shortcut 120363423903274953@g.us. Bitmaps are not allowed in long-lived shortcuts. Use Resource icons, or Uri-based icons instead.
12-03 15:40:36.975  1822  2438 E MiuiActivityController: MiuiLog-ActivityObserver: There was something wrong : null
12-03 15:40:38.012  1822  2438 E MiuiActivityController: MiuiLog-ActivityObserver: There was something wrong : null
12-03 15:40:39.644  1822  2438 E MiuiActivityController: MiuiLog-ActivityObserver: There was something wrong : null
12-03 15:40:39.659  1822  2088 E KernelCpuSpeedReader: Failed to read cpu-freq: /sys/devices/system/cpu/cpu0/cpufreq/stats/time_in_state: open failed: ENOENT (No such file or directory)
12-03 15:40:39.659  1822  2088 E KernelCpuSpeedReader: Failed to read cpu-freq: /sys/devices/system/cpu/cpu1190400/cpufreq/stats/time_in_state: open failed: ENOENT (No such file or directory)
12-03 15:40:39.659  1822  2088 E KernelCpuSpeedReader: Failed to read cpu-freq: /sys/devices/system/cpu/cpu2707200/cpufreq/stats/time_in_state: open failed: ENOENT (No such file or directory)
12-03 15:40:39.659  1822  2088 E KernelCpuSpeedReader: Failed to read cpu-freq: /sys/devices/system/cpu/cpu4512000/cpufreq/stats/time_in_state: open failed: ENOENT (No such file or directory)
12-03 15:40:40.136  1822  2438 E MiuiActivityController: MiuiLog-ActivityObserver: There was something wrong : null
12-03 15:40:40.139  1822  2438 E MiuiActivityController: MiuiLog-ActivityObserver: There was something wrong : null
12-03 15:40:40.706  1822  2438 E MiuiActivityController: MiuiLog-ActivityObserver: There was something wrong : null
12-03 15:40:41.023  1822  2438 E MiuiActivityController: MiuiLog-ActivityObserver: There was something wrong : null
