12-03 15:40:41.515  1822  2438 E MiuiActivityController: MiuiLog-ActivityObserver: There was something wrong : null
12-03 15:40:48.970  1822  2438 E MiuiActivityController: MiuiLog-ActivityObserver: There was something wrong : null
12-03 15:40:49.527  1822  2438 E MiuiActivityController: MiuiLog-ActivityObserver: There was something wrong : null
12-03 15:40:54.931  1822  2416 E MiuiInputKeyEventLog: before go to home
12-03 15:40:55.132  1822  2438 E MiuiActivityController: MiuiLog-ActivityObserver: There was something wrong : null
12-03 15:40:57.179  1822  2438 E MiuiActivityController: MiuiLog-ActivityObserver: There was something wrong : null
12-03 15:41:00.710  1822  2438 E MiuiActivityController: MiuiLog-ActivityObserver: There was something wrong : null
12-03 15:41:00.884  1822  2438 E MiuiActivityController: MiuiLog-ActivityObserver: There was something wrong : null
12-03 15:41:00.916  1822  2642 E ProcessManager: error write exception log
12-03 15:41:00.942  1822  2642 E ProcessManager: error write exception log
12-03 15:41:00.954  1822  2438 E MiuiActivityController: MiuiLog-ActivityObserver: There was something wrong : null
12-03 15:41:01.376  1822  2438 E MiuiActivityController: MiuiLog-ActivityObserver: There was something wrong : null
12-03 15:41:01.444  1822  2438 E MiuiActivityController: MiuiLog-ActivityObserver: There was something wrong : null
12-03 15:41:01.453  1822  2642 E ProcessManager: error write exception log
12-03 15:41:01.456  1822  2438 E MiuiActivityController: MiuiLog-ActivityObserver: There was something wrong : null
12-03 15:41:01.593  1822  2438 E MiuiActivityController: MiuiLog-ActivityObserver: There was something wrong : null
12-03 15:41:01.770  1822  2438 E MiuiActivityController: MiuiLog-ActivityObserver: There was something wrong : null
12-03 15:41:01.922  1822  2642 E ProcessManager: error write exception log
12-03 15:41:02.125  1822  4605 E AppOps  : Bad call made by uid 10200. Package "com.google.android.gms" does not belong to uid 10200.
12-03 15:41:02.136  1822  4605 E AppOps  : Bad call made by uid 10200. Package "com.google.android.gms" does not belong to uid 10200.
12-03 15:41:02.646  1822  2642 E ProcessManager: error write exception log
12-03 15:41:04.262  1822  2642 E ProcessManager: error write exception log
12-03 15:41:04.821  1822  2438 E MiuiActivityController: MiuiLog-ActivityObserver: There was something wrong : null
12-03 15:41:04.879  1822  2642 E ProcessManager: error write exception log
12-03 15:41:05.203 26498 26498 E ForceDarkHelperStubImpl: getForceDarkOriginState transact failed , mService: null
12-03 15:41:06.487  1822  2438 E MiuiActivityController: MiuiLog-ActivityObserver: There was something wrong : null
12-03 15:41:06.751  1822  2642 E ProcessManager: error write exception log
12-03 15:41:06.774  1822  2642 E ProcessManager: error write exception log
12-03 15:41:06.821  1822  2642 E ProcessManager: error write exception log
12-03 15:41:07.649  1822  2438 E MiuiActivityController: MiuiLog-ActivityObserver: There was something wrong : null
12-03 15:41:07.668  1822  2438 E MiuiActivityController: MiuiLog-ActivityObserver: There was something wrong : null
12-03 15:41:07.684  1822  2438 E MiuiActivityController: MiuiLog-ActivityObserver: There was something wrong : null
12-03 15:41:07.686  1822  2438 E MiuiActivityController: MiuiLog-ActivityObserver: There was something wrong : null
12-03 15:41:10.451  1822  2438 E MiuiActivityController: MiuiLog-ActivityObserver: There was something wrong : null
12-03 15:41:10.723  1822  2438 E MiuiActivityController: MiuiLog-ActivityObserver: There was something wrong : null
12-03 15:41:10.757  1822  2642 E ProcessManager: error write exception log
12-03 15:41:11.339  1822  2438 E MiuiActivityController: MiuiLog-ActivityObserver: There was something wrong : null
12-03 15:41:30.919  1822  6207 E ClipboardService: Denying clipboard access to com.defi.wallet, application is not in focus nor is it a system service for user 0
12-03 15:41:30.937  1822  6207 E ClipboardService: Denying clipboard access to com.brave.browser, application is not in focus nor is it a system service for user 0
12-03 15:41:30.937  1822  6207 E ClipboardService: Denying clipboard access to com.google.android.gms, application is not in focus nor is it a system service for user 0
12-03 15:41:31.071  1822  2697 E ClipboardService: Denying clipboard access to com.defi.wallet, application is not in focus nor is it a system service for user 0
12-03 15:41:31.071  1822  2697 E ClipboardService: Denying clipboard access to com.brave.browser, application is not in focus nor is it a system service for user 0
12-03 15:41:31.071  1822  2697 E ClipboardService: Denying clipboard access to com.google.android.gms, application is not in focus nor is it a system service for user 0
12-03 15:41:31.103  1822  2642 E ProcessManager: error write exception log
12-03 15:41:38.719  1822 26886 E VibratorManagerService: Vibrate ignored, not vibrating for ringtones or notify for MIUI
12-03 15:41:40.135  1822  2438 E MiuiActivityController: MiuiLog-ActivityObserver: There was something wrong : null
12-03 15:41:40.139  1822  4595 E WindowManager: setOnBackInvokedCallback(): No window state for package:com.whatsapp.w4b
12-03 15:41:40.215  1822  2438 E MiuiActivityController: MiuiLog-ActivityObserver: There was something wrong : null
12-03 15:41:40.268  1822  2438 E MiuiActivityController: MiuiLog-ActivityObserver: There was something wrong : null
12-03 15:41:41.052  1822  2438 E MiuiActivityController: MiuiLog-ActivityObserver: There was something wrong : null
12-03 15:41:41.166  1822  2438 E MiuiActivityController: MiuiLog-ActivityObserver: There was something wrong : null
12-03 15:41:41.786  1822  2642 E ProcessManager: error write exception log
12-03 15:41:42.697  1822  2642 E ProcessManager: error write exception log
12-03 15:41:43.788  1822  2088 E KernelCpuSpeedReader: Failed to read cpu-freq: /sys/devices/system/cpu/cpu0/cpufreq/stats/time_in_state: open failed: ENOENT (No such file or directory)
12-03 15:41:43.788  1822  2088 E KernelCpuSpeedReader: Failed to read cpu-freq: /sys/devices/system/cpu/cpu1190400/cpufreq/stats/time_in_state: open failed: ENOENT (No such file or directory)
12-03 15:41:43.788  1822  2088 E KernelCpuSpeedReader: Failed to read cpu-freq: /sys/devices/system/cpu/cpu2707200/cpufreq/stats/time_in_state: open failed: ENOENT (No such file or directory)
12-03 15:41:43.788  1822  2088 E KernelCpuSpeedReader: Failed to read cpu-freq: /sys/devices/system/cpu/cpu4512000/cpufreq/stats/time_in_state: open failed: ENOENT (No such file or directory)
12-03 15:41:44.232  1822  2438 E MiuiActivityController: MiuiLog-ActivityObserver: There was something wrong : null
12-03 15:41:44.342  1822  2642 E ProcessManager: error write exception log
12-03 15:41:44.693  1822  2438 E MiuiActivityController: MiuiLog-ActivityObserver: There was something wrong : null
12-03 15:41:45.131  1822  2438 E MiuiActivityController: MiuiLog-ActivityObserver: There was something wrong : null
12-03 15:41:45.878  1822  2669 E RTMode  : Error: package name null
12-03 15:41:46.125  1822  2438 E MiuiActivityController: MiuiLog-ActivityObserver: There was something wrong : null
12-03 15:41:47.376  1822  2438 E MiuiActivityController: MiuiLog-ActivityObserver: There was something wrong : null
12-03 15:41:48.233  1822  2655 E NotificationManagerServiceImpl: Cancel the recent frequently vibration in 15s 0|com.whatsapp.w4b|1|null|10311
12-03 15:41:48.306  1822  2438 E MiuiActivityController: MiuiLog-ActivityObserver: There was something wrong : null
12-03 15:41:48.684  1822  2438 E MiuiActivityController: MiuiLog-ActivityObserver: There was something wrong : null
12-03 15:41:49.236  1822  2438 E MiuiActivityController: MiuiLog-ActivityObserver: There was something wrong : null
12-03 15:41:50.106  1822  2438 E MiuiActivityController: MiuiLog-ActivityObserver: There was something wrong : null
12-03 15:41:50.118  1822  2438 E MiuiActivityController: MiuiLog-ActivityObserver: There was something wrong : null
12-03 15:41:50.123  1822  2438 E MiuiActivityController: MiuiLog-ActivityObserver: There was something wrong : null
12-03 15:41:50.123  1822  2438 E MiuiActivityController: MiuiLog-ActivityObserver: There was something wrong : null
12-03 15:41:53.432  1822  2438 E MiuiActivityController: MiuiLog-ActivityObserver: There was something wrong : null
12-03 15:41:53.938  1822  2438 E MiuiActivityController: MiuiLog-ActivityObserver: There was something wrong : null
12-03 15:41:55.800  1822  2438 E MiuiActivityController: MiuiLog-ActivityObserver: There was something wrong : null
12-03 15:41:56.161  1822  5605 E AppOps  : Bad call made by uid 10227. Package "com.google.android.gms" does not belong to uid 10227.
12-03 15:41:56.170  1822  5605 E AppOps  : Bad call made by uid 10227. Package "com.google.android.gms" does not belong to uid 10227.
12-03 15:41:56.286  1822  2642 E ProcessManager: error write exception log
12-03 15:41:56.441  1822  2438 E MiuiActivityController: MiuiLog-ActivityObserver: There was something wrong : null
12-03 15:41:56.811  1822  2438 E MiuiActivityController: MiuiLog-ActivityObserver: There was something wrong : null
12-03 15:41:56.832  1822  2438 E MiuiActivityController: MiuiLog-ActivityObserver: There was something wrong : null
12-03 15:41:56.837  1822  2438 E MiuiActivityController: MiuiLog-ActivityObserver: There was something wrong : null
12-03 15:41:57.333  1822  2438 E MiuiActivityController: MiuiLog-ActivityObserver: There was something wrong : null
12-03 15:41:57.829  1822  1822 E Fingerprint21: onAcquired for non-acquisition client: null
12-03 15:41:58.247  1822  5594 E WindowManager: setOnBackInvokedCallback(): No window state for package:com.android.systemui
12-03 15:41:58.267  1822  2438 E MiuiActivityController: MiuiLog-ActivityObserver: There was something wrong : null
12-03 15:41:58.340  1822  2438 E MiuiActivityController: MiuiLog-ActivityObserver: There was something wrong : null
12-03 15:41:58.883  1822  2438 E MiuiActivityController: MiuiLog-ActivityObserver: There was something wrong : null
12-03 15:42:04.046  1822  2438 E MiuiActivityController: MiuiLog-ActivityObserver: There was something wrong : null
12-03 15:42:04.615  1822  2438 E MiuiActivityController: MiuiLog-ActivityObserver: There was something wrong : null
12-03 15:42:09.304  1822  2438 E MiuiActivityController: MiuiLog-ActivityObserver: There was something wrong : null
12-03 15:42:09.429  1822  2438 E MiuiActivityController: MiuiLog-ActivityObserver: There was something wrong : null
12-03 15:42:09.896  1822  2438 E MiuiActivityController: MiuiLog-ActivityObserver: There was something wrong : null
12-03 15:42:54.339  1822  2642 E ProcessManager: error write exception log
12-03 15:43:02.992  1822  2377 E AppOps  : attributionTag  not declared in manifest of android
12-03 15:43:02.996  1822  2377 E AppOps  : attributionTag  not declared in manifest of android
12-03 15:43:03.000  1822  2377 E AppOps  : attributionTag  not declared in manifest of android
12-03 15:43:03.004  1822  2377 E AppOps  : attributionTag  not declared in manifest of android
12-03 15:43:03.009  1822  2377 E AppOps  : attributionTag  not declared in manifest of android
12-03 15:43:03.014  1822  2377 E AppOps  : attributionTag  not declared in manifest of android
12-03 15:43:03.018  1822  2377 E AppOps  : attributionTag  not declared in manifest of android
12-03 15:43:03.022  1822  2377 E AppOps  : attributionTag  not declared in manifest of android
12-03 15:43:03.027  1822  2377 E AppOps  : attributionTag  not declared in manifest of android
12-03 15:43:03.031  1822  2377 E AppOps  : attributionTag  not declared in manifest of android
12-03 15:43:03.035  1822  2377 E AppOps  : attributionTag  not declared in manifest of android
12-03 15:43:03.038  1822  2377 E AppOps  : attributionTag  not declared in manifest of android
12-03 15:43:03.043  1822  2377 E AppOps  : attributionTag  not declared in manifest of android
12-03 15:43:03.047  1822  2377 E AppOps  : attributionTag  not declared in manifest of android
12-03 15:43:03.051  1822  2377 E AppOps  : attributionTag  not declared in manifest of android
12-03 15:43:09.919  1822  2438 E MiuiActivityController: MiuiLog-ActivityObserver: There was something wrong : null
12-03 15:43:10.065  1822  2438 E MiuiActivityController: MiuiLog-ActivityObserver: There was something wrong : null
12-03 15:43:10.165  1822  2409 E WindowManager: setOnBackInvokedCallback(): No window state for package:com.whatsapp.w4b
12-03 15:43:17.025  1822  2438 E MiuiActivityController: MiuiLog-ActivityObserver: There was something wrong : null
12-03 15:43:17.095  1822  2438 E MiuiActivityController: MiuiLog-ActivityObserver: There was something wrong : null
12-03 15:43:17.121  1822  2438 E MiuiActivityController: MiuiLog-ActivityObserver: There was something wrong : null
12-03 15:43:40.944  1822  2642 E ProcessManager: error write exception log
12-03 15:43:40.977  1822  2438 E MiuiActivityController: MiuiLog-ActivityObserver: There was something wrong : null
12-03 15:43:41.394  1822  2438 E MiuiActivityController: MiuiLog-ActivityObserver: There was something wrong : null
12-03 15:44:04.747  1822 27505 E VibratorManagerService: Vibrate ignored, not vibrating for ringtones or notify for MIUI
12-03 15:44:08.054  1822  2438 E MiuiActivityController: MiuiLog-ActivityObserver: There was something wrong : null
12-03 15:44:08.076  1822  2438 E MiuiActivityController: MiuiLog-ActivityObserver: There was something wrong : null
12-03 15:44:08.737  1822  2438 E MiuiActivityController: MiuiLog-ActivityObserver: There was something wrong : null
12-03 15:44:08.748  1822  2438 E MiuiActivityController: MiuiLog-ActivityObserver: There was something wrong : null
12-03 15:44:08.877  1822  2642 E ProcessManager: error write exception log
12-03 15:44:12.818  1822  2438 E MiuiActivityController: MiuiLog-ActivityObserver: There was something wrong : null
12-03 15:44:13.248  1822  2438 E MiuiActivityController: MiuiLog-ActivityObserver: There was something wrong : null
12-03 15:44:16.651  1822  2438 E MiuiActivityController: MiuiLog-ActivityObserver: There was something wrong : null
12-03 15:44:17.164  1822  2438 E MiuiActivityController: MiuiLog-ActivityObserver: There was something wrong : null
12-03 15:44:17.520  1822  2438 E MiuiActivityController: MiuiLog-ActivityObserver: There was something wrong : null
12-03 15:44:21.831  1822  2438 E MiuiActivityController: MiuiLog-ActivityObserver: There was something wrong : null
12-03 15:44:23.235  1822  2438 E MiuiActivityController: MiuiLog-ActivityObserver: There was something wrong : null
12-03 15:44:23.516  1822  2438 E MiuiActivityController: MiuiLog-ActivityObserver: There was something wrong : null
12-03 15:44:24.826  1822  3549 E ClipboardService: Denying clipboard access to com.defi.wallet, application is not in focus nor is it a system service for user 0
12-03 15:44:24.826  1822  3549 E ClipboardService: Denying clipboard access to com.brave.browser, application is not in focus nor is it a system service for user 0
12-03 15:44:24.827  1822  3549 E ClipboardService: Denying clipboard access to com.google.android.gms, application is not in focus nor is it a system service for user 0
12-03 15:44:24.842  1822  2697 E ClipboardService: Denying clipboard access to com.defi.wallet, application is not in focus nor is it a system service for user 0
12-03 15:44:24.844  1822  2697 E ClipboardService: Denying clipboard access to com.brave.browser, application is not in focus nor is it a system service for user 0
12-03 15:44:24.844  1822  2697 E ClipboardService: Denying clipboard access to com.google.android.gms, application is not in focus nor is it a system service for user 0
12-03 15:44:25.943  1822  2438 E MiuiActivityController: MiuiLog-ActivityObserver: There was something wrong : null
12-03 15:44:26.842  1822  2438 E MiuiActivityController: MiuiLog-ActivityObserver: There was something wrong : null
12-03 15:44:28.038  1822  2438 E MiuiActivityController: MiuiLog-ActivityObserver: There was something wrong : null
12-03 15:44:28.139  1822  2438 E MiuiActivityController: MiuiLog-ActivityObserver: There was something wrong : null
12-03 15:44:28.639  1822  2438 E MiuiActivityController: MiuiLog-ActivityObserver: There was something wrong : null
12-03 15:44:29.085  1822  2438 E MiuiActivityController: MiuiLog-ActivityObserver: There was something wrong : null
12-03 15:44:29.595  1822  2438 E MiuiActivityController: MiuiLog-ActivityObserver: There was something wrong : null
12-03 15:44:30.594  1822  2438 E MiuiActivityController: MiuiLog-ActivityObserver: There was something wrong : null
12-03 15:44:31.069  1822  2438 E MiuiActivityController: MiuiLog-ActivityObserver: There was something wrong : null
12-03 15:44:31.397  1822  2438 E MiuiActivityController: MiuiLog-ActivityObserver: There was something wrong : null
12-03 15:44:31.401  1822  2438 E MiuiActivityController: MiuiLog-ActivityObserver: There was something wrong : null
12-03 15:44:31.412  1822  2438 E MiuiActivityController: MiuiLog-ActivityObserver: There was something wrong : null
12-03 15:44:31.867  1822  2438 E MiuiActivityController: MiuiLog-ActivityObserver: There was something wrong : null
12-03 15:44:32.609  1822  1822 E Fingerprint21: onAcquired for non-acquisition client: null
12-03 15:44:33.062  1822  2438 E MiuiActivityController: MiuiLog-ActivityObserver: There was something wrong : null
12-03 15:44:33.146  1822  2438 E MiuiActivityController: MiuiLog-ActivityObserver: There was something wrong : null
12-03 15:44:33.671  1822  2438 E MiuiActivityController: MiuiLog-ActivityObserver: There was something wrong : null
12-03 15:44:39.414  1822  2088 E KernelCpuSpeedReader: Failed to read cpu-freq: /sys/devices/system/cpu/cpu0/cpufreq/stats/time_in_state: open failed: ENOENT (No such file or directory)
12-03 15:44:39.414  1822  2088 E KernelCpuSpeedReader: Failed to read cpu-freq: /sys/devices/system/cpu/cpu1190400/cpufreq/stats/time_in_state: open failed: ENOENT (No such file or directory)
12-03 15:44:39.414  1822  2088 E KernelCpuSpeedReader: Failed to read cpu-freq: /sys/devices/system/cpu/cpu2707200/cpufreq/stats/time_in_state: open failed: ENOENT (No such file or directory)
12-03 15:44:39.414  1822  2088 E KernelCpuSpeedReader: Failed to read cpu-freq: /sys/devices/system/cpu/cpu4512000/cpufreq/stats/time_in_state: open failed: ENOENT (No such file or directory)
12-03 15:44:47.633  1822 27900 E VibratorManagerService: Vibrate ignored, not vibrating for ringtones or notify for MIUI
12-03 15:44:48.143  1822  2642 E ProcessManager: error write exception log
12-03 15:44:48.604  1822  2642 E ProcessManager: error write exception log
12-03 15:44:48.689  1822  3549 E AppOps  : Bad call made by uid 10200. Package "com.google.android.gms" does not belong to uid 10200.
12-03 15:44:48.695  1822  3549 E AppOps  : Bad call made by uid 10200. Package "com.google.android.gms" does not belong to uid 10200.
12-03 15:44:49.456  7107  7397 E KernelRpmStatsReader: Failure in reading rpm stats
12-03 15:44:49.456  7107  7397 E KernelRpmStatsReader: java.io.FileNotFoundException: /sys/power/system_sleep/stats: open failed: EACCES (Permission denied)
12-03 15:44:49.456  7107  7397 E KernelRpmStatsReader: 	at libcore.io.IoBridge.open(IoBridge.java:574)
12-03 15:44:49.456  7107  7397 E KernelRpmStatsReader: 	at java.io.FileInputStream.<init>(FileInputStream.java:179)
12-03 15:44:49.456  7107  7397 E KernelRpmStatsReader: 	at java.io.FileInputStream.<init>(FileInputStream.java:133)
12-03 15:44:49.456  7107  7397 E KernelRpmStatsReader: 	at com.miui.powerkeeper.utils.KernelRpmStatsReader.readRpmStatsType1(Unknown Source:19)
12-03 15:44:49.456  7107  7397 E KernelRpmStatsReader: 	at com.miui.powerkeeper.utils.KernelRpmStatsReader.readRpmStats(Unknown Source:63)
12-03 15:44:49.456  7107  7397 E KernelRpmStatsReader: 	at com.miui.powerkeeper.powerchecker.PowerCheckerService.requestKernelRpmStatsUpdate(Unknown Source:4)
12-03 15:44:49.456  7107  7397 E KernelRpmStatsReader: 	at com.miui.powerkeeper.powerchecker.PowerCheckerService.addBatteryHistoryRecord(Unknown Source:32)
12-03 15:44:49.456  7107  7397 E KernelRpmStatsReader: 	at com.miui.powerkeeper.powerchecker.PowerCheckerService.updateBatteryLevelChanged(Unknown Source:8)
12-03 15:44:49.456  7107  7397 E KernelRpmStatsReader: 	at com.miui.powerkeeper.powerchecker.PowerCheckerService.access$2700(Unknown Source:0)
12-03 15:44:49.456  7107  7397 E KernelRpmStatsReader: 	at com.miui.powerkeeper.powerchecker.PowerCheckerService$PowerCheckHandler.handleMessage(Unknown Source:124)
12-03 15:44:49.456  7107  7397 E KernelRpmStatsReader: 	at android.os.Handler.dispatchMessage(Handler.java:106)
12-03 15:44:49.456  7107  7397 E KernelRpmStatsReader: 	at android.os.Looper.loopOnce(Looper.java:211)
12-03 15:44:49.456  7107  7397 E KernelRpmStatsReader: 	at android.os.Looper.loop(Looper.java:300)
12-03 15:44:49.456  7107  7397 E KernelRpmStatsReader: 	at android.os.HandlerThread.run(HandlerThread.java:67)
12-03 15:44:49.456  7107  7397 E KernelRpmStatsReader: Caused by: android.system.ErrnoException: open failed: EACCES (Permission denied)
12-03 15:44:49.456  7107  7397 E KernelRpmStatsReader: 	at libcore.io.Linux.open(Native Method)
12-03 15:44:49.456  7107  7397 E KernelRpmStatsReader: 	at libcore.io.ForwardingOs.open(ForwardingOs.java:568)
12-03 15:44:49.456  7107  7397 E KernelRpmStatsReader: 	at libcore.io.BlockGuardOs.open(BlockGuardOs.java:274)
12-03 15:44:49.456  7107  7397 E KernelRpmStatsReader: 	at libcore.io.ForwardingOs.open(ForwardingOs.java:568)
12-03 15:44:49.456  7107  7397 E KernelRpmStatsReader: 	at android.app.ActivityThread$AndroidOs.open(ActivityThread.java:8381)
12-03 15:44:49.456  7107  7397 E KernelRpmStatsReader: 	at libcore.io.IoBridge.open(IoBridge.java:560)
12-03 15:44:49.456  7107  7397 E KernelRpmStatsReader: 	... 13 more
12-03 15:44:50.773  1822  2438 E MiuiActivityController: MiuiLog-ActivityObserver: There was something wrong : null
12-03 15:44:51.454  1822  2438 E MiuiActivityController: MiuiLog-ActivityObserver: There was something wrong : null
12-03 15:44:53.671  1822  2438 E MiuiActivityController: MiuiLog-ActivityObserver: There was something wrong : null
12-03 15:44:53.815  1822  2438 E MiuiActivityController: MiuiLog-ActivityObserver: There was something wrong : null
12-03 15:44:54.307  1822  2438 E MiuiActivityController: MiuiLog-ActivityObserver: There was something wrong : null
12-03 15:45:06.294  1822  2642 E ProcessManager: error write exception log
12-03 15:45:07.696  1822  2642 E ProcessManager: error write exception log
12-03 15:45:07.980  1822  5607 E ClipboardService: Denying clipboard access to co.mona.android, application is not in focus nor is it a system service for user 0
12-03 15:45:07.981  1822  5607 E ClipboardService: Denying clipboard access to com.brave.browser, application is not in focus nor is it a system service for user 0
12-03 15:45:07.981  1822  5607 E ClipboardService: Denying clipboard access to com.google.android.gms, application is not in focus nor is it a system service for user 0
12-03 15:45:08.003  1822  2697 E ClipboardService: Denying clipboard access to co.mona.android, application is not in focus nor is it a system service for user 0
12-03 15:45:08.003  1822  2697 E ClipboardService: Denying clipboard access to com.brave.browser, application is not in focus nor is it a system service for user 0
12-03 15:45:08.004  1822  2697 E ClipboardService: Denying clipboard access to com.google.android.gms, application is not in focus nor is it a system service for user 0
12-03 15:45:08.718  1822  5607 E ClipboardService: Denying clipboard access to co.mona.android, application is not in focus nor is it a system service for user 0
12-03 15:45:08.719  1822  5607 E ClipboardService: Denying clipboard access to com.brave.browser, application is not in focus nor is it a system service for user 0
12-03 15:45:08.719  1822  5607 E ClipboardService: Denying clipboard access to com.google.android.gms, application is not in focus nor is it a system service for user 0
12-03 15:45:08.736  1822  2697 E ClipboardService: Denying clipboard access to co.mona.android, application is not in focus nor is it a system service for user 0
12-03 15:45:08.736  1822  2697 E ClipboardService: Denying clipboard access to com.brave.browser, application is not in focus nor is it a system service for user 0
12-03 15:45:08.737  1822  2697 E ClipboardService: Denying clipboard access to com.google.android.gms, application is not in focus nor is it a system service for user 0
12-03 15:45:10.068  1822  2642 E ProcessManager: error write exception log
12-03 15:45:10.234  1822  2642 E ProcessManager: error write exception log
12-03 15:45:10.392  1822  2642 E ProcessManager: error write exception log
12-03 15:45:16.630  1822 28111 E VibratorManagerService: Vibrate ignored, not vibrating for ringtones or notify for MIUI
12-03 15:45:43.553 28163 28163 E GlobalScreenshot: jumpProcess: enter  mIsInOutAnimating:false jumpType:send
12-03 15:45:43.667  1822  2438 E MiuiActivityController: MiuiLog-ActivityObserver: There was something wrong : null
12-03 15:45:44.045  1822  1854 E PackageDexUsage: Unsupported context?
12-03 15:45:44.500  1822  2438 E MiuiActivityController: MiuiLog-ActivityObserver: There was something wrong : null
12-03 15:45:45.446  1822  2642 E ProcessManager: error write exception log
12-03 15:45:46.478  1822  2642 E ProcessManager: error write exception log
12-03 15:45:47.029  1822  2088 E KernelCpuSpeedReader: Failed to read cpu-freq: /sys/devices/system/cpu/cpu0/cpufreq/stats/time_in_state: open failed: ENOENT (No such file or directory)
12-03 15:45:47.030  1822  2088 E KernelCpuSpeedReader: Failed to read cpu-freq: /sys/devices/system/cpu/cpu1190400/cpufreq/stats/time_in_state: open failed: ENOENT (No such file or directory)
12-03 15:45:47.030  1822  2088 E KernelCpuSpeedReader: Failed to read cpu-freq: /sys/devices/system/cpu/cpu2707200/cpufreq/stats/time_in_state: open failed: ENOENT (No such file or directory)
12-03 15:45:47.030  1822  2088 E KernelCpuSpeedReader: Failed to read cpu-freq: /sys/devices/system/cpu/cpu4512000/cpufreq/stats/time_in_state: open failed: ENOENT (No such file or directory)
12-03 15:45:47.549  1822  2642 E ProcessManager: error write exception log
12-03 15:45:49.408  1822  2438 E MiuiActivityController: MiuiLog-ActivityObserver: There was something wrong : null
12-03 15:45:49.419  1822  2438 E MiuiActivityController: MiuiLog-ActivityObserver: There was something wrong : null
12-03 15:45:49.566  1822  2088 E KernelCpuSpeedReader: Failed to read cpu-freq: /sys/devices/system/cpu/cpu0/cpufreq/stats/time_in_state: open failed: ENOENT (No such file or directory)
12-03 15:45:49.566  1822  2088 E KernelCpuSpeedReader: Failed to read cpu-freq: /sys/devices/system/cpu/cpu1190400/cpufreq/stats/time_in_state: open failed: ENOENT (No such file or directory)
12-03 15:45:49.566  1822  2088 E KernelCpuSpeedReader: Failed to read cpu-freq: /sys/devices/system/cpu/cpu2707200/cpufreq/stats/time_in_state: open failed: ENOENT (No such file or directory)
12-03 15:45:49.566  1822  2088 E KernelCpuSpeedReader: Failed to read cpu-freq: /sys/devices/system/cpu/cpu4512000/cpufreq/stats/time_in_state: open failed: ENOENT (No such file or directory)
12-03 15:45:49.850  1822  2438 E MiuiActivityController: MiuiLog-ActivityObserver: There was something wrong : null
12-03 15:45:49.971  1822  4605 E AppOps  : Bad call made by uid 10205. Package "com.google.android.gms" does not belong to uid 10214.
12-03 15:45:50.267  1822  2438 E MiuiActivityController: MiuiLog-ActivityObserver: There was something wrong : null
12-03 15:45:50.443  1822  2438 E MiuiActivityController: MiuiLog-ActivityObserver: There was something wrong : null
12-03 15:45:50.912  1822  2642 E ProcessManager: error write exception log
12-03 15:45:51.160  1822  2642 E ProcessManager: error write exception log
12-03 15:45:52.899  1822  2438 E MiuiActivityController: MiuiLog-ActivityObserver: There was something wrong : null
12-03 15:45:52.936  1822  2438 E MiuiActivityController: MiuiLog-ActivityObserver: There was something wrong : null
12-03 15:45:53.429  1822  4601 E AppOps  : Bad call made by uid 10227. Package "com.google.android.gms" does not belong to uid 10227.
12-03 15:45:53.446  1822  4636 E AppOps  : Bad call made by uid 10227. Package "com.google.android.gms" does not belong to uid 10227.
12-03 15:45:53.516  1822  2438 E MiuiActivityController: MiuiLog-ActivityObserver: There was something wrong : null
12-03 15:45:53.886  1822  2642 E ProcessManager: error write exception log
12-03 15:45:53.963  1822  4648 E AppOps  : Bad call made by uid 10200. Package "com.google.android.gms" does not belong to uid 10200.
12-03 15:45:53.977  1822  6207 E AppOps  : Bad call made by uid 10200. Package "com.google.android.gms" does not belong to uid 10200.
12-03 15:45:54.426  1822  2438 E MiuiActivityController: MiuiLog-ActivityObserver: There was something wrong : null
12-03 15:45:54.444  1822  2438 E MiuiActivityController: MiuiLog-ActivityObserver: There was something wrong : null
12-03 15:45:54.988  1822  2642 E ProcessManager: error write exception log
12-03 15:45:58.091  1822  2438 E MiuiActivityController: MiuiLog-ActivityObserver: There was something wrong : null
12-03 15:45:58.785  1822  2438 E MiuiActivityController: MiuiLog-ActivityObserver: There was something wrong : null
12-03 15:45:58.877  1822  2438 E MiuiActivityController: MiuiLog-ActivityObserver: There was something wrong : null
12-03 15:45:58.880  1822  2438 E MiuiActivityController: MiuiLog-ActivityObserver: There was something wrong : null
12-03 15:45:59.625  1822  6207 E ShortcutService: Invalid icon type in shortcut 120363423903274953@g.us. Bitmaps are not allowed in long-lived shortcuts. Use Resource icons, or Uri-based icons instead.
12-03 15:46:00.020  1822  6219 E AppOps  : Bad call made by uid 10205. Package "com.google.android.gms" does not belong to uid 10214.
12-03 15:46:04.632  1822  2642 E ProcessManager: error write exception log
12-03 15:46:07.480  1822  2642 E ProcessManager: error write exception log
12-03 15:46:14.567  1822  2642 E ProcessManager: error write exception log
12-03 15:46:14.610  1822  2642 E ProcessManager: error write exception log
12-03 15:46:26.202  1822  2642 E ProcessManager: error write exception log
12-03 15:46:26.259  1822  2642 E ProcessManager: error write exception log
12-03 15:46:26.655  1822  2642 E ProcessManager: error write exception log
12-03 15:46:26.762  1822  2409 E AppOps  : Bad call made by uid 10200. Package "com.google.android.gms" does not belong to uid 10200.
12-03 15:46:26.776  1822  2409 E AppOps  : Bad call made by uid 10200. Package "com.google.android.gms" does not belong to uid 10200.
12-03 15:46:40.403  1822  2642 E ProcessManager: error write exception log
12-03 15:46:41.740  1822  2438 E MiuiActivityController: MiuiLog-ActivityObserver: There was something wrong : null
12-03 15:46:42.736  1822  2438 E MiuiActivityController: MiuiLog-ActivityObserver: There was something wrong : null
12-03 15:46:43.532  1822  2438 E MiuiActivityController: MiuiLog-ActivityObserver: There was something wrong : null
12-03 15:46:43.550  1822  2438 E MiuiActivityController: MiuiLog-ActivityObserver: There was something wrong : null
12-03 15:46:43.585  1822  2438 E MiuiActivityController: MiuiLog-ActivityObserver: There was something wrong : null
12-03 15:46:50.621  1822  2642 E ProcessManager: error write exception log
12-03 15:46:50.774  1822  2642 E ProcessManager: error write exception log
12-03 15:46:50.809  1822  4601 E AppOps  : Bad call made by uid 10227. Package "com.google.android.gms" does not belong to uid 10227.
12-03 15:46:50.813  1822  2642 E ProcessManager: error write exception log
12-03 15:46:50.834  1822  4601 E AppOps  : Bad call made by uid 10227. Package "com.google.android.gms" does not belong to uid 10227.
12-03 15:46:53.934  1822  2438 E MiuiActivityController: MiuiLog-ActivityObserver: There was something wrong : null
12-03 15:46:54.368  1822  2438 E MiuiActivityController: MiuiLog-ActivityObserver: There was something wrong : null
12-03 15:46:54.721  1822  2438 E MiuiActivityController: MiuiLog-ActivityObserver: There was something wrong : null
12-03 15:46:55.064  1822  2438 E MiuiActivityController: MiuiLog-ActivityObserver: There was something wrong : null
12-03 15:46:55.405  1822  2438 E MiuiActivityController: MiuiLog-ActivityObserver: There was something wrong : null
12-03 15:46:55.411  1822  2438 E MiuiActivityController: MiuiLog-ActivityObserver: There was something wrong : null
12-03 15:46:55.414  1822  2438 E MiuiActivityController: MiuiLog-ActivityObserver: There was something wrong : null
12-03 15:46:55.950  1822  2438 E MiuiActivityController: MiuiLog-ActivityObserver: There was something wrong : null
12-03 15:46:56.544  1822  1822 E Fingerprint21: onAcquired for non-acquisition client: null
12-03 15:46:57.027  1822  2438 E MiuiActivityController: MiuiLog-ActivityObserver: There was something wrong : null
12-03 15:46:57.104  1822  2438 E MiuiActivityController: MiuiLog-ActivityObserver: There was something wrong : null
12-03 15:46:57.616  1822  2438 E MiuiActivityController: MiuiLog-ActivityObserver: There was something wrong : null
12-03 15:47:02.401 28163 28163 E GlobalScreenshot: jumpProcess: enter  mIsInOutAnimating:false jumpType:send
12-03 15:47:02.481  1822  2438 E MiuiActivityController: MiuiLog-ActivityObserver: There was something wrong : null
12-03 15:47:02.494  1822  2438 E MiuiActivityController: MiuiLog-ActivityObserver: There was something wrong : null
12-03 15:47:02.694  1822  2438 E MiuiActivityController: MiuiLog-ActivityObserver: There was something wrong : null
12-03 15:47:02.854  1822  5594 E PackageDexUsage: Unsupported context?
12-03 15:47:03.182  1822  2642 E ProcessManager: error write exception log
12-03 15:47:06.738  1822  2438 E MiuiActivityController: MiuiLog-ActivityObserver: There was something wrong : null
12-03 15:47:06.741  1822  2438 E MiuiActivityController: MiuiLog-ActivityObserver: There was something wrong : null
12-03 15:47:06.951  1822  2438 E MiuiActivityController: MiuiLog-ActivityObserver: There was something wrong : null
12-03 15:47:07.549  1822  2438 E MiuiActivityController: MiuiLog-ActivityObserver: There was something wrong : null
12-03 15:47:07.747  1822  2438 E MiuiActivityController: MiuiLog-ActivityObserver: There was something wrong : null
12-03 15:47:09.330  1822  2438 E MiuiActivityController: MiuiLog-ActivityObserver: There was something wrong : null
12-03 15:47:09.360  1822  2438 E MiuiActivityController: MiuiLog-ActivityObserver: There was something wrong : null
12-03 15:47:09.645  1822  2438 E MiuiActivityController: MiuiLog-ActivityObserver: There was something wrong : null
12-03 15:47:10.390  1822  2438 E MiuiActivityController: MiuiLog-ActivityObserver: There was something wrong : null
12-03 15:47:10.417  1822  2438 E MiuiActivityController: MiuiLog-ActivityObserver: There was something wrong : null
12-03 15:47:10.690  1822  2377 E AppOps  : attributionTag  not declared in manifest of android
12-03 15:47:10.692  1822  2377 E AppOps  : attributionTag  not declared in manifest of android
12-03 15:47:10.694  1822  2377 E AppOps  : attributionTag  not declared in manifest of android
12-03 15:47:11.793  1822 29514 E VibratorManagerService: Vibrate ignored, not vibrating for ringtones or notify for MIUI
12-03 15:47:12.004  1822  2438 E MiuiActivityController: MiuiLog-ActivityObserver: There was something wrong : null
12-03 15:47:12.606  1822  2438 E MiuiActivityController: MiuiLog-ActivityObserver: There was something wrong : null
12-03 15:47:13.197  1822  2438 E MiuiActivityController: MiuiLog-ActivityObserver: There was something wrong : null
12-03 15:47:13.200  1822  2438 E MiuiActivityController: MiuiLog-ActivityObserver: There was something wrong : null
12-03 15:47:13.205  1822  5582 E ShortcutService: Invalid icon type in shortcut 120363423903274953@g.us. Bitmaps are not allowed in long-lived shortcuts. Use Resource icons, or Uri-based icons instead.
12-03 15:47:33.285  1822  2642 E ProcessManager: error write exception log
12-03 15:47:33.357  1822  2642 E ProcessManager: error write exception log
12-03 15:47:33.793  1822  2642 E ProcessManager: error write exception log
12-03 15:47:33.974  1822  5605 E AppOps  : Bad call made by uid 10200. Package "com.google.android.gms" does not belong to uid 10200.
12-03 15:47:33.982  1822  5605 E AppOps  : Bad call made by uid 10200. Package "com.google.android.gms" does not belong to uid 10200.
12-03 15:47:39.976  1822  2019 E AlarmManager: Attempt to decrement existing alarm count 0 by 1 for uid 1000
12-03 15:47:39.987  1822  2642 E ProcessManager: error write exception log
12-03 15:47:40.198  1822  2438 E MiuiActivityController: MiuiLog-ActivityObserver: There was something wrong : null
12-03 15:47:40.284  1822  2642 E ProcessManager: error write exception log
12-03 15:47:40.326  1822  2642 E ProcessManager: error write exception log
12-03 15:47:40.634  1822  2438 E MiuiActivityController: MiuiLog-ActivityObserver: There was something wrong : null
12-03 15:47:41.622  1822  2438 E MiuiActivityController: MiuiLog-ActivityObserver: There was something wrong : null
12-03 15:47:41.887  1822  2438 E MiuiActivityController: MiuiLog-ActivityObserver: There was something wrong : null
12-03 15:47:42.369  1822  2438 E MiuiActivityController: MiuiLog-ActivityObserver: There was something wrong : null
12-03 15:47:58.325  1822 29688 E VibratorManagerService: Vibrate ignored, not vibrating for ringtones or notify for MIUI
12-03 15:47:59.391  1822  2438 E MiuiActivityController: MiuiLog-ActivityObserver: There was something wrong : null
12-03 15:47:59.431  1822  2438 E MiuiActivityController: MiuiLog-ActivityObserver: There was something wrong : null
12-03 15:47:59.463  1822  4601 E ClipboardService: Denying clipboard access to com.defi.wallet, application is not in focus nor is it a system service for user 0
12-03 15:48:00.111  1822  2438 E MiuiActivityController: MiuiLog-ActivityObserver: There was something wrong : null
12-03 15:48:00.293  1822  2438 E MiuiActivityController: MiuiLog-ActivityObserver: There was something wrong : null
12-03 15:48:03.052  1822  2438 E MiuiActivityController: MiuiLog-ActivityObserver: There was something wrong : null
12-03 15:48:03.480  1822  2438 E MiuiActivityController: MiuiLog-ActivityObserver: There was something wrong : null
12-03 15:48:04.572  1822  2438 E MiuiActivityController: MiuiLog-ActivityObserver: There was something wrong : null
12-03 15:48:04.832  1822  2438 E MiuiActivityController: MiuiLog-ActivityObserver: There was something wrong : null
12-03 15:48:05.339  1822  2438 E MiuiActivityController: MiuiLog-ActivityObserver: There was something wrong : null
12-03 15:48:08.613 28163 28163 E GlobalScreenshot: jumpProcess: enter  mIsInOutAnimating:false jumpType:send
12-03 15:48:08.689  1822  2438 E MiuiActivityController: MiuiLog-ActivityObserver: There was something wrong : null
12-03 15:48:08.690  1822  2438 E MiuiActivityController: MiuiLog-ActivityObserver: There was something wrong : null
12-03 15:48:09.033  1822  3549 E PackageDexUsage: Unsupported context?
12-03 15:48:09.344  1822  2642 E ProcessManager: error write exception log
12-03 15:48:09.351  1822  2438 E MiuiActivityController: MiuiLog-ActivityObserver: There was something wrong : null
12-03 15:48:12.402  1822  2438 E MiuiActivityController: MiuiLog-ActivityObserver: There was something wrong : null
12-03 15:48:12.421  1822  2438 E MiuiActivityController: MiuiLog-ActivityObserver: There was something wrong : null
12-03 15:48:12.755  1822  2438 E MiuiActivityController: MiuiLog-ActivityObserver: There was something wrong : null
12-03 15:48:13.191  1822  2438 E MiuiActivityController: MiuiLog-ActivityObserver: There was something wrong : null
12-03 15:48:13.328  1822  2438 E MiuiActivityController: MiuiLog-ActivityObserver: There was something wrong : null
12-03 15:48:15.634  1822  2438 E MiuiActivityController: MiuiLog-ActivityObserver: There was something wrong : null
12-03 15:48:15.652  1822  2438 E MiuiActivityController: MiuiLog-ActivityObserver: There was something wrong : null
12-03 15:48:15.915  1822  2438 E MiuiActivityController: MiuiLog-ActivityObserver: There was something wrong : null
12-03 15:48:16.682  1822  2438 E MiuiActivityController: MiuiLog-ActivityObserver: There was something wrong : null
12-03 15:48:16.704  1822  2438 E MiuiActivityController: MiuiLog-ActivityObserver: There was something wrong : null
12-03 15:48:16.785  1822  2642 E ProcessManager: error write exception log
12-03 15:48:16.816  1822  2642 E ProcessManager: error write exception log
12-03 15:48:17.106  1822  2438 E MiuiActivityController: MiuiLog-ActivityObserver: There was something wrong : null
12-03 15:48:17.717  1822  6219 E WindowManager: setOnBackInvokedCallback(): No window state for package:com.whatsapp.w4b
12-03 15:48:17.718  1822  2438 E MiuiActivityController: MiuiLog-ActivityObserver: There was something wrong : null
12-03 15:48:18.356  1822  2642 E ProcessManager: error write exception log
12-03 15:48:18.362  1822  2642 E ProcessManager: error write exception log
12-03 15:48:18.437  1822  2642 E ProcessManager: error write exception log
12-03 15:48:18.519  1822  2438 E MiuiActivityController: MiuiLog-ActivityObserver: There was something wrong : null
12-03 15:48:18.520  1822  3429 E ShortcutService: Invalid icon type in shortcut 120363423903274953@g.us. Bitmaps are not allowed in long-lived shortcuts. Use Resource icons, or Uri-based icons instead.
12-03 15:48:18.523  1822  2438 E MiuiActivityController: MiuiLog-ActivityObserver: There was something wrong : null
12-03 15:48:18.631  1822  5607 E AppOps  : Bad call made by uid 10200. Package "com.google.android.gms" does not belong to uid 10200.
12-03 15:48:18.640  1822  3429 E AppOps  : Bad call made by uid 10200. Package "com.google.android.gms" does not belong to uid 10200.
12-03 15:48:19.194  1822  2438 E MiuiActivityController: MiuiLog-ActivityObserver: There was something wrong : null
12-03 15:48:19.222  1822  3429 E AppOps  : Bad call made by uid 10227. Package "com.google.android.gms" does not belong to uid 10227.
12-03 15:48:19.230  1822  5607 E AppOps  : Bad call made by uid 10227. Package "com.google.android.gms" does not belong to uid 10227.
12-03 15:48:19.360  1822  2438 E MiuiActivityController: MiuiLog-ActivityObserver: There was something wrong : null
12-03 15:48:22.612  1822  2377 E AppOps  : attributionTag  not declared in manifest of android
12-03 15:48:22.615  1822  2377 E AppOps  : attributionTag  not declared in manifest of android
12-03 15:48:23.776  1822  2438 E MiuiActivityController: MiuiLog-ActivityObserver: There was something wrong : null
12-03 15:48:24.221  1822  2438 E MiuiActivityController: MiuiLog-ActivityObserver: There was something wrong : null
12-03 15:48:24.230  1822  2438 E MiuiActivityController: MiuiLog-ActivityObserver: There was something wrong : null
12-03 15:48:24.697  1822  2438 E MiuiActivityController: MiuiLog-ActivityObserver: There was something wrong : null
12-03 15:48:24.890  1822  2438 E MiuiActivityController: MiuiLog-ActivityObserver: There was something wrong : null
12-03 15:48:25.385  1822  2438 E MiuiActivityController: MiuiLog-ActivityObserver: There was something wrong : null
12-03 15:48:36.775  1822  2642 E ProcessManager: error write exception log
12-03 15:48:39.973  1822  2438 E MiuiActivityController: MiuiLog-ActivityObserver: There was something wrong : null
12-03 15:48:40.013  1822  2642 E ProcessManager: error write exception log
12-03 15:48:40.537  1822  2438 E MiuiActivityController: MiuiLog-ActivityObserver: There was something wrong : null
12-03 15:48:41.963  1822  2438 E MiuiActivityController: MiuiLog-ActivityObserver: There was something wrong : null
12-03 15:48:42.437  1822  2438 E MiuiActivityController: MiuiLog-ActivityObserver: There was something wrong : null
12-03 15:48:42.610  1822  2438 E MiuiActivityController: MiuiLog-ActivityObserver: There was something wrong : null
12-03 15:48:44.315  1822  2438 E MiuiActivityController: MiuiLog-ActivityObserver: There was something wrong : null
12-03 15:48:44.362  1822  2438 E MiuiActivityController: MiuiLog-ActivityObserver: There was something wrong : null
12-03 15:48:44.380  1822  2438 E MiuiActivityController: MiuiLog-ActivityObserver: There was something wrong : null
12-03 15:48:48.081  1822  2438 E MiuiActivityController: MiuiLog-ActivityObserver: There was something wrong : null
12-03 15:48:48.560  1822  2438 E MiuiActivityController: MiuiLog-ActivityObserver: There was something wrong : null
12-03 15:48:48.715  1822  2438 E MiuiActivityController: MiuiLog-ActivityObserver: There was something wrong : null
12-03 15:48:49.609  1822  2438 E MiuiActivityController: MiuiLog-ActivityObserver: There was something wrong : null
12-03 15:48:50.101  1822  2438 E MiuiActivityController: MiuiLog-ActivityObserver: There was something wrong : null
12-03 15:48:53.844 28163 28163 E GlobalScreenshot: jumpProcess: enter  mIsInOutAnimating:false jumpType:send
12-03 15:48:53.912  1822  2438 E MiuiActivityController: MiuiLog-ActivityObserver: There was something wrong : null
12-03 15:48:53.923  1822  2438 E MiuiActivityController: MiuiLog-ActivityObserver: There was something wrong : null
12-03 15:48:54.215  1822  2438 E MiuiActivityController: MiuiLog-ActivityObserver: There was something wrong : null
12-03 15:48:55.039  1822 30406 E VibratorManagerService: Vibrate ignored, not vibrating for ringtones or notify for MIUI
12-03 15:48:58.971  1822  2438 E MiuiActivityController: MiuiLog-ActivityObserver: There was something wrong : null
12-03 15:48:58.983  1822  2438 E MiuiActivityController: MiuiLog-ActivityObserver: There was something wrong : null
12-03 15:48:59.264  1822  2438 E MiuiActivityController: MiuiLog-ActivityObserver: There was something wrong : null
12-03 15:48:59.773  1822  2438 E MiuiActivityController: MiuiLog-ActivityObserver: There was something wrong : null
12-03 15:48:59.951  1822  2438 E MiuiActivityController: MiuiLog-ActivityObserver: There was something wrong : null
12-03 15:49:01.644  1822  2438 E MiuiActivityController: MiuiLog-ActivityObserver: There was something wrong : null
12-03 15:49:01.657  1822  2438 E MiuiActivityController: MiuiLog-ActivityObserver: There was something wrong : null
12-03 15:49:01.883  1822  2438 E MiuiActivityController: MiuiLog-ActivityObserver: There was something wrong : null
12-03 15:49:02.605  1822  2438 E MiuiActivityController: MiuiLog-ActivityObserver: There was something wrong : null
12-03 15:49:02.633  1822  2438 E MiuiActivityController: MiuiLog-ActivityObserver: There was something wrong : null
12-03 15:49:03.167  1822  2438 E MiuiActivityController: MiuiLog-ActivityObserver: There was something wrong : null
12-03 15:49:03.775  1822  2438 E MiuiActivityController: MiuiLog-ActivityObserver: There was something wrong : null
12-03 15:49:03.783  1822  2438 E MiuiActivityController: MiuiLog-ActivityObserver: There was something wrong : null
12-03 15:49:03.788  1822  2438 E MiuiActivityController: MiuiLog-ActivityObserver: There was something wrong : null
12-03 15:49:04.398  1822  3083 E ShortcutService: Invalid icon type in shortcut 120363423903274953@g.us. Bitmaps are not allowed in long-lived shortcuts. Use Resource icons, or Uri-based icons instead.
12-03 15:49:11.964  1822  2438 E MiuiActivityController: MiuiLog-ActivityObserver: There was something wrong : null
12-03 15:49:12.384  1822  2438 E MiuiActivityController: MiuiLog-ActivityObserver: There was something wrong : null
12-03 15:49:12.901  1822  2438 E MiuiActivityController: MiuiLog-ActivityObserver: There was something wrong : null
12-03 15:49:13.133  1822  2438 E MiuiActivityController: MiuiLog-ActivityObserver: There was something wrong : null
12-03 15:49:13.635  1822  2438 E MiuiActivityController: MiuiLog-ActivityObserver: There was something wrong : null
12-03 15:49:15.071  1822  2642 E ProcessManager: error write exception log
12-03 15:49:22.801  1822  2642 E ProcessManager: error write exception log
12-03 15:49:22.903  1822  2642 E ProcessManager: error write exception log
12-03 15:49:25.000  1822  2642 E ProcessManager: error write exception log
12-03 15:49:26.660  1822 30559 E VibratorManagerService: Vibrate ignored, not vibrating for ringtones or notify for MIUI
12-03 15:49:29.026  1822  2438 E MiuiActivityController: MiuiLog-ActivityObserver: There was something wrong : null
12-03 15:49:29.029  1822  2438 E MiuiActivityController: MiuiLog-ActivityObserver: There was something wrong : null
12-03 15:49:29.681  1822  2438 E MiuiActivityController: MiuiLog-ActivityObserver: There was something wrong : null
12-03 15:49:29.807  1822  2438 E MiuiActivityController: MiuiLog-ActivityObserver: There was something wrong : null
12-03 15:49:31.920  1822  2438 E MiuiActivityController: MiuiLog-ActivityObserver: There was something wrong : null
12-03 15:49:32.364  1822  2438 E MiuiActivityController: MiuiLog-ActivityObserver: There was something wrong : null
12-03 15:49:32.834  1822  2438 E MiuiActivityController: MiuiLog-ActivityObserver: There was something wrong : null
12-03 15:49:33.009  1822  2438 E MiuiActivityController: MiuiLog-ActivityObserver: There was something wrong : null
12-03 15:49:33.502  1822  2438 E MiuiActivityController: MiuiLog-ActivityObserver: There was something wrong : null
12-03 15:49:56.877  1822  2088 E KernelCpuSpeedReader: Failed to read cpu-freq: /sys/devices/system/cpu/cpu0/cpufreq/stats/time_in_state: open failed: ENOENT (No such file or directory)
