12-03 15:13:26.073  7107  7397 E KernelRpmStatsReader: Caused by: android.system.ErrnoException: open failed: EACCES (Permission denied)
12-03 15:13:26.073  7107  7397 E KernelRpmStatsReader: 	at libcore.io.Linux.open(Native Method)
12-03 15:13:26.073  7107  7397 E KernelRpmStatsReader: 	at libcore.io.ForwardingOs.open(ForwardingOs.java:568)
12-03 15:13:26.073  7107  7397 E KernelRpmStatsReader: 	at libcore.io.BlockGuardOs.open(BlockGuardOs.java:274)
12-03 15:13:26.073  7107  7397 E KernelRpmStatsReader: 	at libcore.io.ForwardingOs.open(ForwardingOs.java:568)
12-03 15:13:26.073  7107  7397 E KernelRpmStatsReader: 	at android.app.ActivityThread$AndroidOs.open(ActivityThread.java:8381)
12-03 15:13:26.073  7107  7397 E KernelRpmStatsReader: 	at libcore.io.IoBridge.open(IoBridge.java:560)
12-03 15:13:26.073  7107  7397 E KernelRpmStatsReader: 	... 13 more
12-03 15:15:18.308  1822  2377 E AppOps  : attributionTag  not declared in manifest of android
12-03 15:15:18.312  1822  2377 E AppOps  : attributionTag  not declared in manifest of android
12-03 15:15:18.315  1822  2377 E AppOps  : attributionTag  not declared in manifest of android
12-03 15:15:18.319  1822  2377 E AppOps  : attributionTag  not declared in manifest of android
12-03 15:15:18.323  1822  2377 E AppOps  : attributionTag  not declared in manifest of android
12-03 15:16:23.889  1822  2642 E ProcessManager: error write exception log
12-03 15:16:36.934  2965  2965 E miui_face: start face unlock fail, mKeyguardShowing =false;isDeviceInteractive =false;isSwitchingUser =false;isKeyguardGoingAway =false
12-03 15:16:37.142  1822  2377 E AppOps  : attributionTag  not declared in manifest of android
12-03 15:16:37.145  1822  2377 E AppOps  : attributionTag  not declared in manifest of android
12-03 15:16:37.201  1822  2438 E MiuiActivityController: MiuiLog-ActivityObserver: There was something wrong : null
12-03 15:16:37.226  1822  2088 E KernelCpuSpeedReader: Failed to read cpu-freq: /sys/devices/system/cpu/cpu0/cpufreq/stats/time_in_state: open failed: ENOENT (No such file or directory)
12-03 15:16:37.227  1822  2088 E KernelCpuSpeedReader: Failed to read cpu-freq: /sys/devices/system/cpu/cpu1190400/cpufreq/stats/time_in_state: open failed: ENOENT (No such file or directory)
12-03 15:16:37.227  1822  2088 E KernelCpuSpeedReader: Failed to read cpu-freq: /sys/devices/system/cpu/cpu2707200/cpufreq/stats/time_in_state: open failed: ENOENT (No such file or directory)
12-03 15:16:37.227  1822  2088 E KernelCpuSpeedReader: Failed to read cpu-freq: /sys/devices/system/cpu/cpu4512000/cpufreq/stats/time_in_state: open failed: ENOENT (No such file or directory)
12-03 15:16:37.300  1822  2438 E MiuiActivityController: MiuiLog-ActivityObserver: There was something wrong : null
12-03 15:16:37.451  2965  2965 E miui_face: start face unlock fail, mKeyguardShowing =true;isDeviceInteractive =false;isSwitchingUser =false;isKeyguardGoingAway =false
12-03 15:16:37.453  2965  2965 E miui_face: start face unlock fail, mKeyguardShowing =true;isDeviceInteractive =false;isSwitchingUser =false;isKeyguardGoingAway =false
12-03 15:16:37.455  2965  2965 E miui_face: start face unlock fail, mKeyguardShowing =true;isDeviceInteractive =false;isSwitchingUser =false;isKeyguardGoingAway =false
12-03 15:16:37.608  2965  2965 E miui_face: start face unlock fail, mKeyguardShowing =true;isDeviceInteractive =false;isSwitchingUser =false;isKeyguardGoingAway =false
12-03 15:16:37.723  1822  3549 E AppOps  : Bad call made by uid 10269. Package "com.miui.weather2" does not belong to uid 1000.
12-03 15:16:37.736  1822  3549 E AppOps  : Bad call made by uid 10269. Package "com.miui.weather2" does not belong to uid 1000.
12-03 15:16:37.739  1822  4595 E AppOps  : Bad call made by uid 10269. Package "com.miui.weather2" does not belong to uid 1000.
12-03 15:16:37.741  1822  3549 E AppOps  : Bad call made by uid 10269. Package "com.miui.weather2" does not belong to uid 1000.
12-03 15:16:37.742  1822  4648 E AppOps  : Bad call made by uid 10269. Package "com.miui.weather2" does not belong to uid 1000.
12-03 15:17:39.030  1822  2642 E ProcessManager: error write exception log
12-03 15:18:18.672  1822  2642 E ProcessManager: error write exception log
12-03 15:18:19.671  1822  2088 E KernelCpuSpeedReader: Failed to read cpu-freq: /sys/devices/system/cpu/cpu0/cpufreq/stats/time_in_state: open failed: ENOENT (No such file or directory)
12-03 15:18:19.672  1822  2088 E KernelCpuSpeedReader: Failed to read cpu-freq: /sys/devices/system/cpu/cpu1190400/cpufreq/stats/time_in_state: open failed: ENOENT (No such file or directory)
12-03 15:18:19.672  1822  2088 E KernelCpuSpeedReader: Failed to read cpu-freq: /sys/devices/system/cpu/cpu2707200/cpufreq/stats/time_in_state: open failed: ENOENT (No such file or directory)
12-03 15:18:19.672  1822  2088 E KernelCpuSpeedReader: Failed to read cpu-freq: /sys/devices/system/cpu/cpu4512000/cpufreq/stats/time_in_state: open failed: ENOENT (No such file or directory)
12-03 15:18:19.761  1822 18217 E VibratorManagerService: Vibrate ignored, not vibrating for ringtones or notify for MIUI
12-03 15:18:21.729  1822  1822 E ActivityManager: Cancel pending or running compactions as system is awake
12-03 15:18:21.820  1822  6219 E AppOps  : Bad call made by uid 10269. Package "com.miui.weather2" does not belong to uid 1000.
12-03 15:18:21.829  1822  3549 E AppOps  : Bad call made by uid 10269. Package "com.miui.weather2" does not belong to uid 1000.
12-03 15:18:21.835  1822  3549 E AppOps  : Bad call made by uid 10269. Package "com.miui.weather2" does not belong to uid 1000.
12-03 15:18:21.849  1822  1853 E AppOps  : Bad call made by uid 10269. Package "com.miui.weather2" does not belong to uid 1000.
12-03 15:18:21.851  1822  1853 E AppOps  : Bad call made by uid 10269. Package "com.miui.weather2" does not belong to uid 1000.
12-03 15:18:21.858  1822  2088 E KernelCpuSpeedReader: Failed to read cpu-freq: /sys/devices/system/cpu/cpu0/cpufreq/stats/time_in_state: open failed: ENOENT (No such file or directory)
12-03 15:18:21.859  1822  2088 E KernelCpuSpeedReader: Failed to read cpu-freq: /sys/devices/system/cpu/cpu1190400/cpufreq/stats/time_in_state: open failed: ENOENT (No such file or directory)
12-03 15:18:21.859  1822  2088 E KernelCpuSpeedReader: Failed to read cpu-freq: /sys/devices/system/cpu/cpu2707200/cpufreq/stats/time_in_state: open failed: ENOENT (No such file or directory)
12-03 15:18:21.860  1822  2088 E KernelCpuSpeedReader: Failed to read cpu-freq: /sys/devices/system/cpu/cpu4512000/cpufreq/stats/time_in_state: open failed: ENOENT (No such file or directory)
12-03 15:18:21.939  1822  3549 E AppOps  : Bad call made by uid 1002. Package "com.google.android.gms" does not belong to uid 1002.
12-03 15:18:29.384  1822  2438 E MiuiActivityController: MiuiLog-ActivityObserver: There was something wrong : null
12-03 15:18:29.520  1822  2438 E MiuiActivityController: MiuiLog-ActivityObserver: There was something wrong : null
12-03 15:18:29.748  1822  2438 E MiuiActivityController: MiuiLog-ActivityObserver: There was something wrong : null
12-03 15:18:29.749  1822  2438 E MiuiActivityController: MiuiLog-ActivityObserver: There was something wrong : null
12-03 15:18:29.798  1822  2088 E KernelCpuSpeedReader: Failed to read cpu-freq: /sys/devices/system/cpu/cpu0/cpufreq/stats/time_in_state: open failed: ENOENT (No such file or directory)
12-03 15:18:29.798  1822  2088 E KernelCpuSpeedReader: Failed to read cpu-freq: /sys/devices/system/cpu/cpu1190400/cpufreq/stats/time_in_state: open failed: ENOENT (No such file or directory)
12-03 15:18:29.798  1822  2088 E KernelCpuSpeedReader: Failed to read cpu-freq: /sys/devices/system/cpu/cpu2707200/cpufreq/stats/time_in_state: open failed: ENOENT (No such file or directory)
12-03 15:18:29.798  1822  2088 E KernelCpuSpeedReader: Failed to read cpu-freq: /sys/devices/system/cpu/cpu4512000/cpufreq/stats/time_in_state: open failed: ENOENT (No such file or directory)
12-03 15:18:29.969  1822  5605 E AppOps  : Bad call made by uid 1002. Package "com.google.android.gms" does not belong to uid 1002.
12-03 15:18:30.062  1822  2438 E MiuiActivityController: MiuiLog-ActivityObserver: There was something wrong : null
12-03 15:18:30.084   607 12262 E keystore2: keystore2::error: In create_operation.
12-03 15:18:30.084   607 12262 E keystore2: 
12-03 15:18:30.084   607 12262 E keystore2: Caused by:
12-03 15:18:30.084   607 12262 E keystore2:     0: In authorize_create: matching auth token is expired.
12-03 15:18:30.084   607 12262 E keystore2:     1: Error::Km(ErrorCode(-26))
12-03 15:18:59.392  1822  2642 E ProcessManager: error write exception log
12-03 15:20:32.115  1822  2377 E AppOps  : attributionTag  not declared in manifest of android
12-03 15:20:32.121  1822  2377 E AppOps  : attributionTag  not declared in manifest of android
12-03 15:20:32.125  1822  2377 E AppOps  : attributionTag  not declared in manifest of android
12-03 15:20:32.129  1822  2377 E AppOps  : attributionTag  not declared in manifest of android
12-03 15:20:32.132  1822  2377 E AppOps  : attributionTag  not declared in manifest of android
12-03 15:20:32.136  1822  2377 E AppOps  : attributionTag  not declared in manifest of android
12-03 15:20:37.118  1822  3498 E ShortcutService: Invalid icon type in shortcut 120363423903274953@g.us. Bitmaps are not allowed in long-lived shortcuts. Use Resource icons, or Uri-based icons instead.
12-03 15:20:49.991  2965  2965 E miui_face: start face unlock fail, mKeyguardShowing =false;isDeviceInteractive =false;isSwitchingUser =false;isKeyguardGoingAway =false
12-03 15:20:50.181  1822  2438 E MiuiActivityController: MiuiLog-ActivityObserver: There was something wrong : null
12-03 15:20:50.249  1822  2088 E KernelCpuSpeedReader: Failed to read cpu-freq: /sys/devices/system/cpu/cpu0/cpufreq/stats/time_in_state: open failed: ENOENT (No such file or directory)
12-03 15:20:50.249  1822  2088 E KernelCpuSpeedReader: Failed to read cpu-freq: /sys/devices/system/cpu/cpu1190400/cpufreq/stats/time_in_state: open failed: ENOENT (No such file or directory)
12-03 15:20:50.249  1822  2088 E KernelCpuSpeedReader: Failed to read cpu-freq: /sys/devices/system/cpu/cpu2707200/cpufreq/stats/time_in_state: open failed: ENOENT (No such file or directory)
12-03 15:20:50.249  1822  2088 E KernelCpuSpeedReader: Failed to read cpu-freq: /sys/devices/system/cpu/cpu4512000/cpufreq/stats/time_in_state: open failed: ENOENT (No such file or directory)
12-03 15:20:50.295  1822  2438 E MiuiActivityController: MiuiLog-ActivityObserver: There was something wrong : null
12-03 15:20:50.497  2965  2965 E miui_face: start face unlock fail, mKeyguardShowing =true;isDeviceInteractive =false;isSwitchingUser =false;isKeyguardGoingAway =false
12-03 15:20:50.500  2965  2965 E miui_face: start face unlock fail, mKeyguardShowing =true;isDeviceInteractive =false;isSwitchingUser =false;isKeyguardGoingAway =false
12-03 15:20:50.502  2965  2965 E miui_face: start face unlock fail, mKeyguardShowing =true;isDeviceInteractive =false;isSwitchingUser =false;isKeyguardGoingAway =false
12-03 15:20:50.665  1822  4636 E AppOps  : Bad call made by uid 10269. Package "com.miui.weather2" does not belong to uid 1000.
12-03 15:20:50.669  1822  4636 E AppOps  : Bad call made by uid 10269. Package "com.miui.weather2" does not belong to uid 1000.
12-03 15:20:50.673  1822  1853 E AppOps  : Bad call made by uid 10269. Package "com.miui.weather2" does not belong to uid 1000.
12-03 15:20:50.674  1822  4595 E AppOps  : Bad call made by uid 10269. Package "com.miui.weather2" does not belong to uid 1000.
12-03 15:20:50.675  1822  4595 E AppOps  : Bad call made by uid 10269. Package "com.miui.weather2" does not belong to uid 1000.
12-03 15:20:50.680  2965  2965 E miui_face: start face unlock fail, mKeyguardShowing =true;isDeviceInteractive =false;isSwitchingUser =false;isKeyguardGoingAway =false
12-03 15:21:48.618  1822  2088 E KernelCpuSpeedReader: Failed to read cpu-freq: /sys/devices/system/cpu/cpu0/cpufreq/stats/time_in_state: open failed: ENOENT (No such file or directory)
12-03 15:21:48.618  1822  2088 E KernelCpuSpeedReader: Failed to read cpu-freq: /sys/devices/system/cpu/cpu1190400/cpufreq/stats/time_in_state: open failed: ENOENT (No such file or directory)
12-03 15:21:48.618  1822  2088 E KernelCpuSpeedReader: Failed to read cpu-freq: /sys/devices/system/cpu/cpu2707200/cpufreq/stats/time_in_state: open failed: ENOENT (No such file or directory)
12-03 15:21:48.618  1822  2088 E KernelCpuSpeedReader: Failed to read cpu-freq: /sys/devices/system/cpu/cpu4512000/cpufreq/stats/time_in_state: open failed: ENOENT (No such file or directory)
12-03 15:21:48.756 18476 18561 E ActivityThread: Failed to find provider info for com.facebook.appmanager.nekodirect
12-03 15:21:48.798  1822 18575 E VibratorManagerService: Vibrate ignored, not vibrating for ringtones or notify for MIUI
12-03 15:21:49.603  1822  2642 E ProcessManager: error write exception log
12-03 15:21:57.309  1822  2088 E KernelCpuSpeedReader: Failed to read cpu-freq: /sys/devices/system/cpu/cpu0/cpufreq/stats/time_in_state: open failed: ENOENT (No such file or directory)
12-03 15:21:57.310  1822  2088 E KernelCpuSpeedReader: Failed to read cpu-freq: /sys/devices/system/cpu/cpu1190400/cpufreq/stats/time_in_state: open failed: ENOENT (No such file or directory)
12-03 15:21:57.310  1822  2088 E KernelCpuSpeedReader: Failed to read cpu-freq: /sys/devices/system/cpu/cpu2707200/cpufreq/stats/time_in_state: open failed: ENOENT (No such file or directory)
12-03 15:21:57.310  1822  2088 E KernelCpuSpeedReader: Failed to read cpu-freq: /sys/devices/system/cpu/cpu4512000/cpufreq/stats/time_in_state: open failed: ENOENT (No such file or directory)
12-03 15:21:59.717  1822  1822 E ActivityManager: Cancel pending or running compactions as system is awake
12-03 15:21:59.799  1822  4648 E AppOps  : Bad call made by uid 1002. Package "com.google.android.gms" does not belong to uid 1002.
12-03 15:21:59.819  1822  2088 E KernelCpuSpeedReader: Failed to read cpu-freq: /sys/devices/system/cpu/cpu0/cpufreq/stats/time_in_state: open failed: ENOENT (No such file or directory)
12-03 15:21:59.819  1822  2088 E KernelCpuSpeedReader: Failed to read cpu-freq: /sys/devices/system/cpu/cpu1190400/cpufreq/stats/time_in_state: open failed: ENOENT (No such file or directory)
12-03 15:21:59.820  1822  2088 E KernelCpuSpeedReader: Failed to read cpu-freq: /sys/devices/system/cpu/cpu2707200/cpufreq/stats/time_in_state: open failed: ENOENT (No such file or directory)
12-03 15:21:59.820  1822  2088 E KernelCpuSpeedReader: Failed to read cpu-freq: /sys/devices/system/cpu/cpu4512000/cpufreq/stats/time_in_state: open failed: ENOENT (No such file or directory)
12-03 15:21:59.842  1822  2642 E ProcessManager: error write exception log
12-03 15:21:59.976  1822  1853 E AppOps  : Bad call made by uid 10269. Package "com.miui.weather2" does not belong to uid 1000.
12-03 15:21:59.979  1822  3953 E AppOps  : Bad call made by uid 10269. Package "com.miui.weather2" does not belong to uid 1000.
12-03 15:21:59.980  1822  3953 E AppOps  : Bad call made by uid 10269. Package "com.miui.weather2" does not belong to uid 1000.
12-03 15:21:59.981  1822  3953 E AppOps  : Bad call made by uid 10269. Package "com.miui.weather2" does not belong to uid 1000.
12-03 15:21:59.982  1822  3953 E AppOps  : Bad call made by uid 10269. Package "com.miui.weather2" does not belong to uid 1000.
12-03 15:22:10.967  1822  2088 E KernelCpuSpeedReader: Failed to read cpu-freq: /sys/devices/system/cpu/cpu0/cpufreq/stats/time_in_state: open failed: ENOENT (No such file or directory)
12-03 15:22:10.967  1822  2088 E KernelCpuSpeedReader: Failed to read cpu-freq: /sys/devices/system/cpu/cpu1190400/cpufreq/stats/time_in_state: open failed: ENOENT (No such file or directory)
12-03 15:22:10.968  1822  2088 E KernelCpuSpeedReader: Failed to read cpu-freq: /sys/devices/system/cpu/cpu2707200/cpufreq/stats/time_in_state: open failed: ENOENT (No such file or directory)
12-03 15:22:10.968  1822  2088 E KernelCpuSpeedReader: Failed to read cpu-freq: /sys/devices/system/cpu/cpu4512000/cpufreq/stats/time_in_state: open failed: ENOENT (No such file or directory)
12-03 15:22:15.620  1822  2642 E ProcessManager: error write exception log
12-03 15:22:15.898  1822  3549 E AppOps  : Bad call made by uid 1002. Package "com.google.android.gms" does not belong to uid 1002.
12-03 15:22:15.965   607 12262 E keystore2: keystore2::error: In create_operation.
12-03 15:22:15.965   607 12262 E keystore2: 
12-03 15:22:15.965   607 12262 E keystore2: Caused by:
12-03 15:22:15.965   607 12262 E keystore2:     0: In authorize_create: matching auth token is expired.
12-03 15:22:15.965   607 12262 E keystore2:     1: Error::Km(ErrorCode(-26))
12-03 15:22:15.985  1822  2438 E MiuiActivityController: MiuiLog-ActivityObserver: There was something wrong : null
12-03 15:22:16.476  1822  2642 E ProcessManager: error write exception log
12-03 15:22:16.912  1822  2416 E MiuiInputKeyEventLog: before go to home
12-03 15:22:17.317  1822  2438 E MiuiActivityController: MiuiLog-ActivityObserver: There was something wrong : null
12-03 15:22:17.988  1822  2438 E MiuiActivityController: MiuiLog-ActivityObserver: There was something wrong : null
12-03 15:22:19.054  1822  2438 E MiuiActivityController: MiuiLog-ActivityObserver: There was something wrong : null
12-03 15:22:19.301  1822  2642 E ProcessManager: error write exception log
12-03 15:22:20.734  1822  2438 E MiuiActivityController: MiuiLog-ActivityObserver: There was something wrong : null
12-03 15:22:20.806  1822  2438 E MiuiActivityController: MiuiLog-ActivityObserver: There was something wrong : null
12-03 15:22:21.038  7107  7397 E KernelRpmStatsReader: Failure in reading rpm stats
12-03 15:22:21.038  7107  7397 E KernelRpmStatsReader: java.io.FileNotFoundException: /sys/power/system_sleep/stats: open failed: EACCES (Permission denied)
12-03 15:22:21.038  7107  7397 E KernelRpmStatsReader: 	at libcore.io.IoBridge.open(IoBridge.java:574)
12-03 15:22:21.038  7107  7397 E KernelRpmStatsReader: 	at java.io.FileInputStream.<init>(FileInputStream.java:179)
12-03 15:22:21.038  7107  7397 E KernelRpmStatsReader: 	at java.io.FileInputStream.<init>(FileInputStream.java:133)
12-03 15:22:21.038  7107  7397 E KernelRpmStatsReader: 	at com.miui.powerkeeper.utils.KernelRpmStatsReader.readRpmStatsType1(Unknown Source:19)
12-03 15:22:21.038  7107  7397 E KernelRpmStatsReader: 	at com.miui.powerkeeper.utils.KernelRpmStatsReader.readRpmStats(Unknown Source:63)
12-03 15:22:21.038  7107  7397 E KernelRpmStatsReader: 	at com.miui.powerkeeper.powerchecker.PowerCheckerService.requestKernelRpmStatsUpdate(Unknown Source:4)
12-03 15:22:21.038  7107  7397 E KernelRpmStatsReader: 	at com.miui.powerkeeper.powerchecker.PowerCheckerService.addBatteryHistoryRecord(Unknown Source:32)
12-03 15:22:21.038  7107  7397 E KernelRpmStatsReader: 	at com.miui.powerkeeper.powerchecker.PowerCheckerService.updateBatteryLevelChanged(Unknown Source:8)
12-03 15:22:21.038  7107  7397 E KernelRpmStatsReader: 	at com.miui.powerkeeper.powerchecker.PowerCheckerService.access$2700(Unknown Source:0)
12-03 15:22:21.038  7107  7397 E KernelRpmStatsReader: 	at com.miui.powerkeeper.powerchecker.PowerCheckerService$PowerCheckHandler.handleMessage(Unknown Source:124)
12-03 15:22:21.038  7107  7397 E KernelRpmStatsReader: 	at android.os.Handler.dispatchMessage(Handler.java:106)
12-03 15:22:21.038  7107  7397 E KernelRpmStatsReader: 	at android.os.Looper.loopOnce(Looper.java:211)
12-03 15:22:21.038  7107  7397 E KernelRpmStatsReader: 	at android.os.Looper.loop(Looper.java:300)
12-03 15:22:21.038  7107  7397 E KernelRpmStatsReader: 	at android.os.HandlerThread.run(HandlerThread.java:67)
12-03 15:22:21.038  7107  7397 E KernelRpmStatsReader: Caused by: android.system.ErrnoException: open failed: EACCES (Permission denied)
12-03 15:22:21.038  7107  7397 E KernelRpmStatsReader: 	at libcore.io.Linux.open(Native Method)
12-03 15:22:21.038  7107  7397 E KernelRpmStatsReader: 	at libcore.io.ForwardingOs.open(ForwardingOs.java:568)
12-03 15:22:21.038  7107  7397 E KernelRpmStatsReader: 	at libcore.io.BlockGuardOs.open(BlockGuardOs.java:274)
12-03 15:22:21.038  7107  7397 E KernelRpmStatsReader: 	at libcore.io.ForwardingOs.open(ForwardingOs.java:568)
12-03 15:22:21.038  7107  7397 E KernelRpmStatsReader: 	at android.app.ActivityThread$AndroidOs.open(ActivityThread.java:8381)
12-03 15:22:21.038  7107  7397 E KernelRpmStatsReader: 	at libcore.io.IoBridge.open(IoBridge.java:560)
12-03 15:22:21.038  7107  7397 E KernelRpmStatsReader: 	... 13 more
12-03 15:22:21.382  1822  2642 E ProcessManager: error write exception log
12-03 15:22:22.705  1822  2438 E MiuiActivityController: MiuiLog-ActivityObserver: There was something wrong : null
12-03 15:22:24.346  1822  2438 E MiuiActivityController: MiuiLog-ActivityObserver: There was something wrong : null
12-03 15:22:24.949  1822  2438 E MiuiActivityController: MiuiLog-ActivityObserver: There was something wrong : null
12-03 15:22:24.991  1822  2438 E MiuiActivityController: MiuiLog-ActivityObserver: There was something wrong : null
12-03 15:22:24.995  1822  2438 E MiuiActivityController: MiuiLog-ActivityObserver: There was something wrong : null
12-03 15:22:25.513  1822  2438 E MiuiActivityController: MiuiLog-ActivityObserver: There was something wrong : null
12-03 15:22:25.857  1822  1822 E Fingerprint21: onAcquired for non-acquisition client: null
12-03 15:22:26.090  1822  2642 E ProcessManager: error write exception log
12-03 15:22:26.496  1822  2438 E MiuiActivityController: MiuiLog-ActivityObserver: There was something wrong : null
12-03 15:22:28.204  1822  2438 E MiuiActivityController: MiuiLog-ActivityObserver: There was something wrong : null
12-03 15:22:29.093  1822  2438 E MiuiActivityController: MiuiLog-ActivityObserver: There was something wrong : null
12-03 15:22:29.907  1822  2377 E AppOps  : attributionTag  not declared in manifest of android
12-03 15:22:29.910  1822  2377 E AppOps  : attributionTag  not declared in manifest of android
12-03 15:22:30.420 20119 20119 E ForceDarkHelperStubImpl: getForceDarkOriginState transact failed , mService: null
12-03 15:22:32.418  1822  2642 E ProcessManager: error write exception log
12-03 15:22:35.497  1822  2642 E ProcessManager: error write exception log
12-03 15:22:38.376  1822  2642 E ProcessManager: error write exception log
12-03 15:22:49.539  1822  2642 E ProcessManager: error write exception log
12-03 15:22:51.175 20506 20506 E GlobalScreenshot: jumpProcess: enter  mIsInOutAnimating:false jumpType:edit
12-03 15:22:51.294  1822  2438 E MiuiActivityController: MiuiLog-ActivityObserver: There was something wrong : null
12-03 15:22:51.537  1822  2642 E ProcessManager: error write exception log
12-03 15:22:51.632  1822  2438 E MiuiActivityController: MiuiLog-ActivityObserver: There was something wrong : null
12-03 15:22:51.703  1822  6219 E PackageDexUsage: Unsupported context?
12-03 15:22:52.348  1822  2642 E ProcessManager: error write exception log
12-03 15:22:53.626  1822  2642 E ProcessManager: error write exception log
12-03 15:22:54.583  1822  2642 E ProcessManager: error write exception log
12-03 15:22:55.234  1822  2642 E ProcessManager: error write exception log
12-03 15:23:01.058  1822  4595 E AppOps  : Bad call made by uid 10227. Package "com.google.android.gms" does not belong to uid 10227.
12-03 15:23:01.072  1822  4595 E AppOps  : Bad call made by uid 10227. Package "com.google.android.gms" does not belong to uid 10227.
12-03 15:23:01.127  1822  2642 E ProcessManager: error write exception log
12-03 15:23:01.246  1822  2642 E ProcessManager: error write exception log
12-03 15:23:01.258  1822  4602 E AppOps  : Bad call made by uid 10200. Package "com.google.android.gms" does not belong to uid 10200.
12-03 15:23:01.267  1822  5599 E AppOps  : Bad call made by uid 10200. Package "com.google.android.gms" does not belong to uid 10200.
12-03 15:23:04.803  1822  2642 E ProcessManager: error write exception log
12-03 15:23:16.064  1822  6539 E PackageDexUsage: Unsupported context?
12-03 15:23:16.262  1822  2438 E MiuiActivityController: MiuiLog-ActivityObserver: There was something wrong : null
12-03 15:23:16.290  1822  2438 E MiuiActivityController: MiuiLog-ActivityObserver: There was something wrong : null
12-03 15:23:16.480  1822  2642 E ProcessManager: error write exception log
12-03 15:23:16.886  1822  2438 E MiuiActivityController: MiuiLog-ActivityObserver: There was something wrong : null
12-03 15:23:17.072  1822  2642 E ProcessManager: error write exception log
12-03 15:23:17.160  1822  2438 E MiuiActivityController: MiuiLog-ActivityObserver: There was something wrong : null
12-03 15:23:17.589  1822  2438 E MiuiActivityController: MiuiLog-ActivityObserver: There was something wrong : null
12-03 15:23:20.856  1822  2438 E MiuiActivityController: MiuiLog-ActivityObserver: There was something wrong : null
12-03 15:23:20.886  1822  2438 E MiuiActivityController: MiuiLog-ActivityObserver: There was something wrong : null
12-03 15:23:21.271  1822  2438 E MiuiActivityController: MiuiLog-ActivityObserver: There was something wrong : null
12-03 15:23:22.127  1822  2642 E ProcessManager: error write exception log
12-03 15:23:22.144  1822  2438 E MiuiActivityController: MiuiLog-ActivityObserver: There was something wrong : null
12-03 15:23:22.181  1822  2438 E MiuiActivityController: MiuiLog-ActivityObserver: There was something wrong : null
12-03 15:23:23.829  1822  2438 E MiuiActivityController: MiuiLog-ActivityObserver: There was something wrong : null
12-03 15:23:23.836  1822  2438 E MiuiActivityController: MiuiLog-ActivityObserver: There was something wrong : null
12-03 15:23:34.883  1822  2438 E MiuiActivityController: MiuiLog-ActivityObserver: There was something wrong : null
12-03 15:23:35.577  1822  3498 E WindowManager: setOnBackInvokedCallback(): No window state for package:com.whatsapp.w4b
12-03 15:23:35.578  1822  2438 E MiuiActivityController: MiuiLog-ActivityObserver: There was something wrong : null
12-03 15:23:35.648  1822  2438 E MiuiActivityController: MiuiLog-ActivityObserver: There was something wrong : null
12-03 15:23:36.472  1822  3498 E ShortcutService: Invalid icon type in shortcut 120363423903274953@g.us. Bitmaps are not allowed in long-lived shortcuts. Use Resource icons, or Uri-based icons instead.
12-03 15:24:07.726  1822  2409 E AlarmManager: Attempt to decrement existing alarm count 0 by 1 for uid 1000
12-03 15:24:07.986  1822  2642 E ProcessManager: error write exception log
12-03 15:24:08.039  1822  2394 E AlarmManager: Attempt to decrement existing alarm count 0 by 1 for uid 1000
12-03 15:24:08.041  1822  2394 E AlarmManager: Attempt to decrement existing alarm count 0 by 1 for uid 1000
12-03 15:24:08.052  1822  2642 E ProcessManager: error write exception log
12-03 15:24:08.631  1822  2642 E ProcessManager: error write exception log
12-03 15:24:08.719  1822  6219 E AppOps  : Bad call made by uid 10200. Package "com.google.android.gms" does not belong to uid 10200.
12-03 15:24:08.730  1822  6219 E AppOps  : Bad call made by uid 10200. Package "com.google.android.gms" does not belong to uid 10200.
12-03 15:24:09.102  1822  2642 E ProcessManager: error write exception log
12-03 15:24:10.909  1822  2642 E ProcessManager: error write exception log
12-03 15:24:10.961  1822  2642 E ProcessManager: error write exception log
12-03 15:24:18.821  1822  2642 E ProcessManager: error write exception log
12-03 15:24:36.532  2965  2965 E miui_face: start face unlock fail, mKeyguardShowing =false;isDeviceInteractive =false;isSwitchingUser =false;isKeyguardGoingAway =false
12-03 15:24:36.749  1822  2438 E MiuiActivityController: MiuiLog-ActivityObserver: There was something wrong : null
12-03 15:24:36.765  1822  2377 E AppOps  : attributionTag  not declared in manifest of android
12-03 15:24:36.792  1822  2088 E KernelCpuSpeedReader: Failed to read cpu-freq: /sys/devices/system/cpu/cpu0/cpufreq/stats/time_in_state: open failed: ENOENT (No such file or directory)
12-03 15:24:36.793  1822  2088 E KernelCpuSpeedReader: Failed to read cpu-freq: /sys/devices/system/cpu/cpu1190400/cpufreq/stats/time_in_state: open failed: ENOENT (No such file or directory)
12-03 15:24:36.793  1822  2088 E KernelCpuSpeedReader: Failed to read cpu-freq: /sys/devices/system/cpu/cpu2707200/cpufreq/stats/time_in_state: open failed: ENOENT (No such file or directory)
12-03 15:24:36.793  1822  2088 E KernelCpuSpeedReader: Failed to read cpu-freq: /sys/devices/system/cpu/cpu4512000/cpufreq/stats/time_in_state: open failed: ENOENT (No such file or directory)
12-03 15:24:36.836  1822  2438 E MiuiActivityController: MiuiLog-ActivityObserver: There was something wrong : null
12-03 15:24:37.154  2965  2965 E miui_face: start face unlock fail, mKeyguardShowing =true;isDeviceInteractive =false;isSwitchingUser =false;isKeyguardGoingAway =false
12-03 15:24:37.156  2965  2965 E miui_face: start face unlock fail, mKeyguardShowing =true;isDeviceInteractive =false;isSwitchingUser =false;isKeyguardGoingAway =false
12-03 15:24:37.157  2965  2965 E miui_face: start face unlock fail, mKeyguardShowing =true;isDeviceInteractive =false;isSwitchingUser =false;isKeyguardGoingAway =false
12-03 15:24:37.422  2965  2965 E miui_face: start face unlock fail, mKeyguardShowing =true;isDeviceInteractive =false;isSwitchingUser =false;isKeyguardGoingAway =false
12-03 15:24:37.574  1822  4595 E AppOps  : Bad call made by uid 10269. Package "com.miui.weather2" does not belong to uid 1000.
12-03 15:24:37.588  1822  4595 E AppOps  : Bad call made by uid 10269. Package "com.miui.weather2" does not belong to uid 1000.
12-03 15:24:37.590  1822  2409 E AppOps  : Bad call made by uid 10269. Package "com.miui.weather2" does not belong to uid 1000.
12-03 15:24:37.591  1822  4595 E AppOps  : Bad call made by uid 10269. Package "com.miui.weather2" does not belong to uid 1000.
12-03 15:24:37.592  1822  4595 E AppOps  : Bad call made by uid 10269. Package "com.miui.weather2" does not belong to uid 1000.
12-03 15:24:41.880  1822  2088 E KernelCpuSpeedReader: Failed to read cpu-freq: /sys/devices/system/cpu/cpu0/cpufreq/stats/time_in_state: open failed: ENOENT (No such file or directory)
12-03 15:24:41.880  1822  2088 E KernelCpuSpeedReader: Failed to read cpu-freq: /sys/devices/system/cpu/cpu1190400/cpufreq/stats/time_in_state: open failed: ENOENT (No such file or directory)
12-03 15:24:41.880  1822  2088 E KernelCpuSpeedReader: Failed to read cpu-freq: /sys/devices/system/cpu/cpu2707200/cpufreq/stats/time_in_state: open failed: ENOENT (No such file or directory)
12-03 15:24:41.880  1822  2088 E KernelCpuSpeedReader: Failed to read cpu-freq: /sys/devices/system/cpu/cpu4512000/cpufreq/stats/time_in_state: open failed: ENOENT (No such file or directory)
12-03 15:24:52.022  1822  2377 E AppOps  : attributionTag  not declared in manifest of android
12-03 15:25:04.724  1822  1822 E ActivityManager: Cancel pending or running compactions as system is awake
12-03 15:25:04.821  1822  2088 E KernelCpuSpeedReader: Failed to read cpu-freq: /sys/devices/system/cpu/cpu0/cpufreq/stats/time_in_state: open failed: ENOENT (No such file or directory)
12-03 15:25:04.821  1822  2088 E KernelCpuSpeedReader: Failed to read cpu-freq: /sys/devices/system/cpu/cpu1190400/cpufreq/stats/time_in_state: open failed: ENOENT (No such file or directory)
12-03 15:25:04.821  1822  2088 E KernelCpuSpeedReader: Failed to read cpu-freq: /sys/devices/system/cpu/cpu2707200/cpufreq/stats/time_in_state: open failed: ENOENT (No such file or directory)
12-03 15:25:04.821  1822  2088 E KernelCpuSpeedReader: Failed to read cpu-freq: /sys/devices/system/cpu/cpu4512000/cpufreq/stats/time_in_state: open failed: ENOENT (No such file or directory)
12-03 15:25:04.873  1822  6207 E AppOps  : Bad call made by uid 10269. Package "com.miui.weather2" does not belong to uid 1000.
12-03 15:25:04.890  1822  5607 E AppOps  : Bad call made by uid 10269. Package "com.miui.weather2" does not belong to uid 1000.
12-03 15:25:04.896  1822  6536 E AppOps  : Bad call made by uid 10269. Package "com.miui.weather2" does not belong to uid 1000.
12-03 15:25:04.908  1822  6207 E AppOps  : Bad call made by uid 10269. Package "com.miui.weather2" does not belong to uid 1000.
12-03 15:25:04.913  1822  6277 E AppOps  : Bad call made by uid 10269. Package "com.miui.weather2" does not belong to uid 1000.
12-03 15:25:04.949  1822  2642 E ProcessManager: error write exception log
12-03 15:25:04.959  1822  6536 E AppOps  : Bad call made by uid 1002. Package "com.google.android.gms" does not belong to uid 1002.
12-03 15:25:12.499  1822 21715 E VibratorManagerService: Vibrate ignored, not vibrating for ringtones or notify for MIUI
12-03 15:25:14.724  2965  2965 E miui_face: start face unlock fail, mKeyguardShowing =true;isDeviceInteractive =false;isSwitchingUser =false;isKeyguardGoingAway =false
12-03 15:25:14.725  2965  2965 E miui_face: start face unlock fail, mKeyguardShowing =true;isDeviceInteractive =false;isSwitchingUser =false;isKeyguardGoingAway =false
12-03 15:25:14.991  1822  2088 E KernelCpuSpeedReader: Failed to read cpu-freq: /sys/devices/system/cpu/cpu0/cpufreq/stats/time_in_state: open failed: ENOENT (No such file or directory)
12-03 15:25:14.992  1822  2088 E KernelCpuSpeedReader: Failed to read cpu-freq: /sys/devices/system/cpu/cpu1190400/cpufreq/stats/time_in_state: open failed: ENOENT (No such file or directory)
12-03 15:25:14.992  1822  2088 E KernelCpuSpeedReader: Failed to read cpu-freq: /sys/devices/system/cpu/cpu2707200/cpufreq/stats/time_in_state: open failed: ENOENT (No such file or directory)
12-03 15:25:14.992  1822  2088 E KernelCpuSpeedReader: Failed to read cpu-freq: /sys/devices/system/cpu/cpu4512000/cpufreq/stats/time_in_state: open failed: ENOENT (No such file or directory)
12-03 15:25:15.191  2965  2965 E miui_face: start face unlock fail, mKeyguardShowing =true;isDeviceInteractive =false;isSwitchingUser =false;isKeyguardGoingAway =false
12-03 15:25:15.323  1822  3033 E AppOps  : Bad call made by uid 10269. Package "com.miui.weather2" does not belong to uid 1000.
12-03 15:25:15.324  1822  3033 E AppOps  : Bad call made by uid 10269. Package "com.miui.weather2" does not belong to uid 1000.
12-03 15:25:15.325  1822  4601 E AppOps  : Bad call made by uid 10269. Package "com.miui.weather2" does not belong to uid 1000.
12-03 15:25:15.325  1822  4601 E AppOps  : Bad call made by uid 10269. Package "com.miui.weather2" does not belong to uid 1000.
12-03 15:25:15.326  1822  3033 E AppOps  : Bad call made by uid 10269. Package "com.miui.weather2" does not belong to uid 1000.
12-03 15:25:15.363  2965  2965 E miui_face: start face unlock fail, mKeyguardShowing =true;isDeviceInteractive =false;isSwitchingUser =false;isKeyguardGoingAway =false
12-03 15:25:20.462  1822  2642 E ProcessManager: error write exception log
12-03 15:25:25.519  1822  1822 E Fingerprint21: onAuthenticated run delay, authenticate result: false
12-03 15:25:25.621  1822  1822 E ActivityManager: Cancel pending or running compactions as system is awake
12-03 15:25:25.678  1822  3953 E AppOps  : Bad call made by uid 1002. Package "com.google.android.gms" does not belong to uid 1002.
12-03 15:25:25.724  1822  6300 E AppOps  : Bad call made by uid 10269. Package "com.miui.weather2" does not belong to uid 1000.
12-03 15:25:25.737  1822  2088 E KernelCpuSpeedReader: Failed to read cpu-freq: /sys/devices/system/cpu/cpu0/cpufreq/stats/time_in_state: open failed: ENOENT (No such file or directory)
12-03 15:25:25.738  1822  2088 E KernelCpuSpeedReader: Failed to read cpu-freq: /sys/devices/system/cpu/cpu1190400/cpufreq/stats/time_in_state: open failed: ENOENT (No such file or directory)
12-03 15:25:25.738  1822  2088 E KernelCpuSpeedReader: Failed to read cpu-freq: /sys/devices/system/cpu/cpu2707200/cpufreq/stats/time_in_state: open failed: ENOENT (No such file or directory)
12-03 15:25:25.738  1822  2088 E KernelCpuSpeedReader: Failed to read cpu-freq: /sys/devices/system/cpu/cpu4512000/cpufreq/stats/time_in_state: open failed: ENOENT (No such file or directory)
12-03 15:25:25.743  1822  6300 E WindowManager: setOnBackInvokedCallback(): No window state for package:com.android.systemui
12-03 15:25:25.748  1822  5599 E AppOps  : Bad call made by uid 10269. Package "com.miui.weather2" does not belong to uid 1000.
12-03 15:25:25.760  1822  4601 E AppOps  : Bad call made by uid 10269. Package "com.miui.weather2" does not belong to uid 1000.
12-03 15:25:25.766  1822  3953 E AppOps  : Bad call made by uid 10269. Package "com.miui.weather2" does not belong to uid 1000.
12-03 15:25:25.767  1822  3953 E AppOps  : Bad call made by uid 10269. Package "com.miui.weather2" does not belong to uid 1000.
12-03 15:25:25.783  1822  2642 E ProcessManager: error write exception log
12-03 15:25:32.812  1822  2438 E MiuiActivityController: MiuiLog-ActivityObserver: There was something wrong : null
12-03 15:25:32.957  1822  2438 E MiuiActivityController: MiuiLog-ActivityObserver: There was something wrong : null
12-03 15:25:33.152  1822  2438 E MiuiActivityController: MiuiLog-ActivityObserver: There was something wrong : null
12-03 15:25:33.154  1822  2438 E MiuiActivityController: MiuiLog-ActivityObserver: There was something wrong : null
12-03 15:25:33.309  1822  2438 E MiuiActivityController: MiuiLog-ActivityObserver: There was something wrong : null
12-03 15:25:33.490  1822  4601 E AppOps  : Bad call made by uid 1002. Package "com.google.android.gms" does not belong to uid 1002.
12-03 15:25:33.557   607 27575 E keystore2: keystore2::error: In create_operation.
12-03 15:25:33.557   607 27575 E keystore2: 
12-03 15:25:33.557   607 27575 E keystore2: Caused by:
12-03 15:25:33.557   607 27575 E keystore2:     0: In authorize_create: matching auth token is expired.
12-03 15:25:33.557   607 27575 E keystore2:     1: Error::Km(ErrorCode(-26))
12-03 15:25:57.462  1822  2416 E MiuiInputKeyEventLog: before go to home
12-03 15:25:57.687  1822  2438 E MiuiActivityController: MiuiLog-ActivityObserver: There was something wrong : null
12-03 15:25:58.312  1822  2438 E MiuiActivityController: MiuiLog-ActivityObserver: There was something wrong : null
12-03 15:26:00.810  1822  2416 E MiuiInputKeyEventLog: before go to home
12-03 15:26:00.914  1822  2438 E MiuiActivityController: MiuiLog-ActivityObserver: There was something wrong : null
12-03 15:26:01.716  1822  2438 E MiuiActivityController: MiuiLog-ActivityObserver: There was something wrong : null
12-03 15:26:02.541 21966 21966 E ForceDarkHelperStubImpl: getForceDarkOriginState transact failed , mService: null
12-03 15:26:02.576  1822  2438 E MiuiActivityController: MiuiLog-ActivityObserver: There was something wrong : null
12-03 15:26:02.606  1822  2642 E ProcessManager: error write exception log
12-03 15:26:03.011 22012 22012 E ForceDarkHelperStubImpl: getForceDarkOriginState transact failed , mService: null
12-03 15:26:03.453 22066 22066 E ForceDarkHelperStubImpl: getForceDarkOriginState transact failed , mService: null
12-03 15:26:04.213  1822  2438 E MiuiActivityController: MiuiLog-ActivityObserver: There was something wrong : null
12-03 15:26:04.385  1822  2642 E ProcessManager: error write exception log
12-03 15:26:04.408  1822  2438 E MiuiActivityController: MiuiLog-ActivityObserver: There was something wrong : null
12-03 15:26:04.779 22237 22237 E ForceDarkHelperStubImpl: getForceDarkOriginState transact failed , mService: null
12-03 15:26:04.790 22240 22240 E ForceDarkHelperStubImpl: getForceDarkOriginState transact failed , mService: null
12-03 15:26:04.905 22260 22260 E ForceDarkHelperStubImpl: getForceDarkOriginState transact failed , mService: null
12-03 15:26:04.922 22266 22266 E ForceDarkHelperStubImpl: getForceDarkOriginState transact failed , mService: null
12-03 15:26:04.924 22275 22275 E ForceDarkHelperStubImpl: getForceDarkOriginState transact failed , mService: null
12-03 15:26:05.067  1822  2088 E KernelCpuSpeedReader: Failed to read cpu-freq: /sys/devices/system/cpu/cpu0/cpufreq/stats/time_in_state: open failed: ENOENT (No such file or directory)
12-03 15:26:05.068  1822  2088 E KernelCpuSpeedReader: Failed to read cpu-freq: /sys/devices/system/cpu/cpu1190400/cpufreq/stats/time_in_state: open failed: ENOENT (No such file or directory)
12-03 15:26:05.068  1822  2088 E KernelCpuSpeedReader: Failed to read cpu-freq: /sys/devices/system/cpu/cpu2707200/cpufreq/stats/time_in_state: open failed: ENOENT (No such file or directory)
12-03 15:26:05.068  1822  2088 E KernelCpuSpeedReader: Failed to read cpu-freq: /sys/devices/system/cpu/cpu4512000/cpufreq/stats/time_in_state: open failed: ENOENT (No such file or directory)
12-03 15:26:05.108  1822  2088 E KernelCpuSpeedReader: Failed to read cpu-freq: /sys/devices/system/cpu/cpu0/cpufreq/stats/time_in_state: open failed: ENOENT (No such file or directory)
12-03 15:26:05.108  1822  2088 E KernelCpuSpeedReader: Failed to read cpu-freq: /sys/devices/system/cpu/cpu1190400/cpufreq/stats/time_in_state: open failed: ENOENT (No such file or directory)
12-03 15:26:05.108  1822  2088 E KernelCpuSpeedReader: Failed to read cpu-freq: /sys/devices/system/cpu/cpu2707200/cpufreq/stats/time_in_state: open failed: ENOENT (No such file or directory)
12-03 15:26:05.110  1822  2088 E KernelCpuSpeedReader: Failed to read cpu-freq: /sys/devices/system/cpu/cpu4512000/cpufreq/stats/time_in_state: open failed: ENOENT (No such file or directory)
12-03 15:26:05.117  1822  2088 E KernelCpuSpeedReader: Failed to read cpu-freq: /sys/devices/system/cpu/cpu0/cpufreq/stats/time_in_state: open failed: ENOENT (No such file or directory)
12-03 15:26:05.117  1822  2088 E KernelCpuSpeedReader: Failed to read cpu-freq: /sys/devices/system/cpu/cpu1190400/cpufreq/stats/time_in_state: open failed: ENOENT (No such file or directory)
12-03 15:26:05.117  1822  2088 E KernelCpuSpeedReader: Failed to read cpu-freq: /sys/devices/system/cpu/cpu2707200/cpufreq/stats/time_in_state: open failed: ENOENT (No such file or directory)
12-03 15:26:05.118  1822  2088 E KernelCpuSpeedReader: Failed to read cpu-freq: /sys/devices/system/cpu/cpu4512000/cpufreq/stats/time_in_state: open failed: ENOENT (No such file or directory)
12-03 15:26:05.178 22332 22332 E ForceDarkHelperStubImpl: getForceDarkOriginState transact failed , mService: null
12-03 15:26:05.194 22334 22334 E ForceDarkHelperStubImpl: getForceDarkOriginState transact failed , mService: null
12-03 15:26:05.200  1822  2088 E KernelCpuSpeedReader: Failed to read cpu-freq: /sys/devices/system/cpu/cpu0/cpufreq/stats/time_in_state: open failed: ENOENT (No such file or directory)
12-03 15:26:05.201  1822  2088 E KernelCpuSpeedReader: Failed to read cpu-freq: /sys/devices/system/cpu/cpu1190400/cpufreq/stats/time_in_state: open failed: ENOENT (No such file or directory)
12-03 15:26:05.201  1822  2088 E KernelCpuSpeedReader: Failed to read cpu-freq: /sys/devices/system/cpu/cpu2707200/cpufreq/stats/time_in_state: open failed: ENOENT (No such file or directory)
12-03 15:26:05.202  1822  2088 E KernelCpuSpeedReader: Failed to read cpu-freq: /sys/devices/system/cpu/cpu4512000/cpufreq/stats/time_in_state: open failed: ENOENT (No such file or directory)
12-03 15:26:05.220  1822  2088 E KernelCpuSpeedReader: Failed to read cpu-freq: /sys/devices/system/cpu/cpu0/cpufreq/stats/time_in_state: open failed: ENOENT (No such file or directory)
12-03 15:26:05.220  1822  2088 E KernelCpuSpeedReader: Failed to read cpu-freq: /sys/devices/system/cpu/cpu1190400/cpufreq/stats/time_in_state: open failed: ENOENT (No such file or directory)
12-03 15:26:05.220  1822  2088 E KernelCpuSpeedReader: Failed to read cpu-freq: /sys/devices/system/cpu/cpu2707200/cpufreq/stats/time_in_state: open failed: ENOENT (No such file or directory)
12-03 15:26:05.220  1822  2088 E KernelCpuSpeedReader: Failed to read cpu-freq: /sys/devices/system/cpu/cpu4512000/cpufreq/stats/time_in_state: open failed: ENOENT (No such file or directory)
12-03 15:26:05.263  1822  2642 E ProcessManager: error write exception log
12-03 15:26:05.312 22360 22360 E ForceDarkHelperStubImpl: getForceDarkOriginState transact failed , mService: null
12-03 15:26:05.321  1822  2088 E KernelCpuSpeedReader: Failed to read cpu-freq: /sys/devices/system/cpu/cpu0/cpufreq/stats/time_in_state: open failed: ENOENT (No such file or directory)
12-03 15:26:05.321  1822  2088 E KernelCpuSpeedReader: Failed to read cpu-freq: /sys/devices/system/cpu/cpu1190400/cpufreq/stats/time_in_state: open failed: ENOENT (No such file or directory)
12-03 15:26:05.321  1822  2088 E KernelCpuSpeedReader: Failed to read cpu-freq: /sys/devices/system/cpu/cpu2707200/cpufreq/stats/time_in_state: open failed: ENOENT (No such file or directory)
12-03 15:26:05.321  1822  2088 E KernelCpuSpeedReader: Failed to read cpu-freq: /sys/devices/system/cpu/cpu4512000/cpufreq/stats/time_in_state: open failed: ENOENT (No such file or directory)
12-03 15:26:05.349  1822  2088 E KernelCpuSpeedReader: Failed to read cpu-freq: /sys/devices/system/cpu/cpu0/cpufreq/stats/time_in_state: open failed: ENOENT (No such file or directory)
12-03 15:26:05.349  1822  2088 E KernelCpuSpeedReader: Failed to read cpu-freq: /sys/devices/system/cpu/cpu1190400/cpufreq/stats/time_in_state: open failed: ENOENT (No such file or directory)
12-03 15:26:05.349  1822  2088 E KernelCpuSpeedReader: Failed to read cpu-freq: /sys/devices/system/cpu/cpu2707200/cpufreq/stats/time_in_state: open failed: ENOENT (No such file or directory)
12-03 15:26:05.349  1822  2088 E KernelCpuSpeedReader: Failed to read cpu-freq: /sys/devices/system/cpu/cpu4512000/cpufreq/stats/time_in_state: open failed: ENOENT (No such file or directory)
12-03 15:26:05.435  1822  2088 E KernelCpuSpeedReader: Failed to read cpu-freq: /sys/devices/system/cpu/cpu0/cpufreq/stats/time_in_state: open failed: ENOENT (No such file or directory)
12-03 15:26:05.435  1822  2088 E KernelCpuSpeedReader: Failed to read cpu-freq: /sys/devices/system/cpu/cpu1190400/cpufreq/stats/time_in_state: open failed: ENOENT (No such file or directory)
12-03 15:26:05.436  1822  2088 E KernelCpuSpeedReader: Failed to read cpu-freq: /sys/devices/system/cpu/cpu2707200/cpufreq/stats/time_in_state: open failed: ENOENT (No such file or directory)
12-03 15:26:05.436  1822  2088 E KernelCpuSpeedReader: Failed to read cpu-freq: /sys/devices/system/cpu/cpu4512000/cpufreq/stats/time_in_state: open failed: ENOENT (No such file or directory)
12-03 15:26:06.574  1822  2642 E ProcessManager: error write exception log
12-03 15:26:06.728 22392 22392 E ForceDarkHelperStubImpl: getForceDarkOriginState transact failed , mService: null
12-03 15:26:10.696  1822  2088 E KernelCpuSpeedReader: Failed to read cpu-freq: /sys/devices/system/cpu/cpu0/cpufreq/stats/time_in_state: open failed: ENOENT (No such file or directory)
12-03 15:26:10.696  1822  2088 E KernelCpuSpeedReader: Failed to read cpu-freq: /sys/devices/system/cpu/cpu1190400/cpufreq/stats/time_in_state: open failed: ENOENT (No such file or directory)
12-03 15:26:10.696  1822  2088 E KernelCpuSpeedReader: Failed to read cpu-freq: /sys/devices/system/cpu/cpu2707200/cpufreq/stats/time_in_state: open failed: ENOENT (No such file or directory)
12-03 15:26:10.697  1822  2088 E KernelCpuSpeedReader: Failed to read cpu-freq: /sys/devices/system/cpu/cpu4512000/cpufreq/stats/time_in_state: open failed: ENOENT (No such file or directory)
12-03 15:26:26.145  1822  2642 E ProcessManager: error write exception log
12-03 15:27:08.283 22468 22468 E ForceDarkHelperStubImpl: getForceDarkOriginState transact failed , mService: null
12-03 15:27:08.488  1822  2088 E KernelCpuSpeedReader: Failed to read cpu-freq: /sys/devices/system/cpu/cpu0/cpufreq/stats/time_in_state: open failed: ENOENT (No such file or directory)
12-03 15:27:08.488  1822  2088 E KernelCpuSpeedReader: Failed to read cpu-freq: /sys/devices/system/cpu/cpu1190400/cpufreq/stats/time_in_state: open failed: ENOENT (No such file or directory)
12-03 15:27:08.488  1822  2088 E KernelCpuSpeedReader: Failed to read cpu-freq: /sys/devices/system/cpu/cpu2707200/cpufreq/stats/time_in_state: open failed: ENOENT (No such file or directory)
12-03 15:27:08.488  1822  2088 E KernelCpuSpeedReader: Failed to read cpu-freq: /sys/devices/system/cpu/cpu4512000/cpufreq/stats/time_in_state: open failed: ENOENT (No such file or directory)
12-03 15:27:08.530 22485 22485 E ForceDarkHelperStubImpl: getForceDarkOriginState transact failed , mService: null
12-03 15:27:08.624  1822  2088 E KernelCpuSpeedReader: Failed to read cpu-freq: /sys/devices/system/cpu/cpu0/cpufreq/stats/time_in_state: open failed: ENOENT (No such file or directory)
12-03 15:27:08.624  1822  2088 E KernelCpuSpeedReader: Failed to read cpu-freq: /sys/devices/system/cpu/cpu1190400/cpufreq/stats/time_in_state: open failed: ENOENT (No such file or directory)
12-03 15:27:08.624  1822  2088 E KernelCpuSpeedReader: Failed to read cpu-freq: /sys/devices/system/cpu/cpu2707200/cpufreq/stats/time_in_state: open failed: ENOENT (No such file or directory)
12-03 15:27:08.625  1822  2088 E KernelCpuSpeedReader: Failed to read cpu-freq: /sys/devices/system/cpu/cpu4512000/cpufreq/stats/time_in_state: open failed: ENOENT (No such file or directory)
12-03 15:27:09.577 22502 22502 E ForceDarkHelperStubImpl: getForceDarkOriginState transact failed , mService: null
12-03 15:27:09.734  1822  2088 E KernelCpuSpeedReader: Failed to read cpu-freq: /sys/devices/system/cpu/cpu0/cpufreq/stats/time_in_state: open failed: ENOENT (No such file or directory)
12-03 15:27:09.734  1822  2088 E KernelCpuSpeedReader: Failed to read cpu-freq: /sys/devices/system/cpu/cpu1190400/cpufreq/stats/time_in_state: open failed: ENOENT (No such file or directory)
