3027-12-03 16:19:52.233  1822  6539 E AppOps  : Bad call made by uid 10269. Package "com.miui.weather2" does not belong to uid 1000.
3028-12-03 16:19:52.249  1822  2655 E AppOps  : Bad call made by uid 10269. Package "com.miui.weather2" does not belong to uid 1000.
3029-12-03 16:19:52.265  1822  6536 E AppOps  : Bad call made by uid 10269. Package "com.miui.weather2" does not belong to uid 1000.
3030-12-03 16:19:52.896  1822  2186 E VerityUtils: Failed to measure fs-verity, errno 1: /data/app/~~BJ4xOrFbYm4bgQXjqe7oHA==/com.wallapop-A7Us2DXgd-ud7S8iYvxAiQ==/base.apk
3031-12-03 16:19:54.301 10869 10869 E ForceDarkHelperStubImpl: getForceDarkOriginState transact failed , mService: null
3032-12-03 16:19:54.494  1822  2642 E ProcessManager: error write exception log
3033-12-03 16:19:55.235  1822  2642 E ProcessManager: error write exception log
3034-12-03 16:19:55.327  1822  2642 E ProcessManager: error write exception log
3035-12-03 16:19:55.421  1822  2642 E ProcessManager: error write exception log
3036-12-03 16:19:55.527  1822  2642 E ProcessManager: error write exception log
3037-12-03 16:19:56.701  1822  2642 E ProcessManager: error write exception log
3038-12-03 16:20:14.715  1822  2642 E ProcessManager: error write exception log
3039-12-03 16:20:14.835  1822  2642 E ProcessManager: error write exception log
3040-12-03 16:20:14.913  1822  2088 E KernelCpuSpeedReader: Failed to read cpu-freq: /sys/devices/system/cpu/cpu4512000/cpufreq/stats/time_in_state: open failed: ENOENT (No such file or directory)
3041-12-03 16:20:14.914  1822  2088 E KernelCpuSpeedReader: Failed to read cpu-freq: /sys/devices/system/cpu/cpu2707200/cpufreq/stats/time_in_state: open failed: ENOENT (No such file or directory)
3042-12-03 16:20:14.914  1822  2088 E KernelCpuSpeedReader: Failed to read cpu-freq: /sys/devices/system/cpu/cpu1190400/cpufreq/stats/time_in_state: open failed: ENOENT (No such file or directory)
3043-12-03 16:20:14.914  1822  2088 E KernelCpuSpeedReader: Failed to read cpu-freq: /sys/devices/system/cpu/cpu0/cpufreq/stats/time_in_state: open failed: ENOENT (No such file or directory)
3044-12-03 16:20:26.149  1822  1822 E Fingerprint21: onAuthenticated run delay, authenticate result: false
3045-12-03 16:20:26.690  1822  1822 E ActivityManager: Cancel pending or running compactions as system is awake
--
3071-12-03 16:21:31.222  1822  2088 E KernelCpuSpeedReader: Failed to read cpu-freq: /sys/devices/system/cpu/cpu1190400/cpufreq/stats/time_in_state: open failed: ENOENT (No such file or directory)
3072-12-03 16:21:31.223  1822  2088 E KernelCpuSpeedReader: Failed to read cpu-freq: /sys/devices/system/cpu/cpu0/cpufreq/stats/time_in_state: open failed: ENOENT (No such file or directory)
3073-12-03 16:21:31.260  1822  2438 E MiuiActivityController: MiuiLog-ActivityObserver: There was something wrong : null
3074-12-03 16:21:31.343  1822  2438 E MiuiActivityController: MiuiLog-ActivityObserver: There was something wrong : null
3075-12-03 16:21:31.561  2965  2965 E miui_face: start face unlock fail, mKeyguardShowing =true;isDeviceInteractive =false;isSwitchingUser =false;isKeyguardGoingAway =false
3076-12-03 16:21:31.562  2965  2965 E miui_face: start face unlock fail, mKeyguardShowing =true;isDeviceInteractive =false;isSwitchingUser =false;isKeyguardGoingAway =false
3077-12-03 16:21:31.564  2965  2965 E miui_face: start face unlock fail, mKeyguardShowing =true;isDeviceInteractive =false;isSwitchingUser =false;isKeyguardGoingAway =false
3078-12-03 16:21:31.667  1822  5604 E AppOps  : Bad call made by uid 10269. Package "com.miui.weather2" does not belong to uid 1000.
3079-12-03 16:21:31.668  1822  6300 E AppOps  : Bad call made by uid 10269. Package "com.miui.weather2" does not belong to uid 1000.
3080-12-03 16:21:31.669  1822  5604 E AppOps  : Bad call made by uid 10269. Package "com.miui.weather2" does not belong to uid 1000.
3081-12-03 16:21:31.671  1822  6300 E AppOps  : Bad call made by uid 10269. Package "com.miui.weather2" does not belong to uid 1000.
3082-12-03 16:21:31.672  1822  5604 E AppOps  : Bad call made by uid 10269. Package "com.miui.weather2" does not belong to uid 1000.
3083-12-03 16:21:31.694  2965  2965 E miui_face: start face unlock fail, mKeyguardShowing =true;isDeviceInteractive =false;isSwitchingUser =false;isKeyguardGoingAway =false
3084-12-03 16:22:08.222  1822  2642 E ProcessManager: error write exception log
3085-12-03 16:22:08.276  1822  2642 E ProcessManager: error write exception log
3086-12-03 16:22:12.512  1822  2088 E KernelCpuSpeedReader: Failed to read cpu-freq: /sys/devices/system/cpu/cpu4512000/cpufreq/stats/time_in_state: open failed: ENOENT (No such file or directory)
3087-12-03 16:22:12.512  1822  2088 E KernelCpuSpeedReader: Failed to read cpu-freq: /sys/devices/system/cpu/cpu2707200/cpufreq/stats/time_in_state: open failed: ENOENT (No such file or directory)
3088-12-03 16:22:12.512  1822  2088 E KernelCpuSpeedReader: Failed to read cpu-freq: /sys/devices/system/cpu/cpu1190400/cpufreq/stats/time_in_state: open failed: ENOENT (No such file or directory)
3089-12-03 16:22:12.513  1822  2088 E KernelCpuSpeedReader: Failed to read cpu-freq: /sys/devices/system/cpu/cpu0/cpufreq/stats/time_in_state: open failed: ENOENT (No such file or directory)
3090-12-03 16:22:17.847  7107  7397 E KernelRpmStatsReader: Failure in reading rpm stats
3091-12-03 16:22:17.847  7107  7397 E KernelRpmStatsReader: java.io.FileNotFoundException: /sys/power/system_sleep/stats: open failed: EACCES (Permission denied)
3092-12-03 16:22:17.847  7107  7397 E KernelRpmStatsReader: 	at libcore.io.IoBridge.open(IoBridge.java:574)
3093-12-03 16:22:17.847  7107  7397 E KernelRpmStatsReader: 	at java.io.FileInputStream.<init>(FileInputStream.java:179)
3094-12-03 16:22:17.847  7107  7397 E KernelRpmStatsReader: 	at java.io.FileInputStream.<init>(FileInputStream.java:133)
3095-12-03 16:22:17.847  7107  7397 E KernelRpmStatsReader: 	at com.miui.powerkeeper.utils.KernelRpmStatsReader.readRpmStatsType1(Unknown Source:19)
3096-12-03 16:22:17.847  7107  7397 E KernelRpmStatsReader: 	at com.miui.powerkeeper.utils.KernelRpmStatsReader.readRpmStats(Unknown Source:63)
3097-12-03 16:22:17.847  7107  7397 E KernelRpmStatsReader: 	at com.miui.powerkeeper.powerchecker.PowerCheckerService.requestKernelRpmStatsUpdate(Unknown Source:4)
3098-12-03 16:22:17.847  7107  7397 E KernelRpmStatsReader: 	at com.miui.powerkeeper.powerchecker.PowerCheckerService.addBatteryHistoryRecord(Unknown Source:32)
3099-12-03 16:22:17.847  7107  7397 E KernelRpmStatsReader: 	at com.miui.powerkeeper.powerchecker.PowerCheckerService.updateBatteryLevelChanged(Unknown Source:8)
3100-12-03 16:22:17.847  7107  7397 E KernelRpmStatsReader: 	at com.miui.powerkeeper.powerchecker.PowerCheckerService.access$2700(Unknown Source:0)
3101-12-03 16:22:17.847  7107  7397 E KernelRpmStatsReader: 	at com.miui.powerkeeper.powerchecker.PowerCheckerService$PowerCheckHandler.handleMessage(Unknown Source:124)
3102-12-03 16:22:17.847  7107  7397 E KernelRpmStatsReader: 	at android.os.Handler.dispatchMessage(Handler.java:106)
3103-12-03 16:22:17.847  7107  7397 E KernelRpmStatsReader: 	at android.os.Looper.loopOnce(Looper.java:211)
3104-12-03 16:22:17.847  7107  7397 E KernelRpmStatsReader: 	at android.os.Looper.loop(Looper.java:300)
3105-12-03 16:22:17.847  7107  7397 E KernelRpmStatsReader: 	at android.os.HandlerThread.run(HandlerThread.java:67)
3106-12-03 16:22:17.847  7107  7397 E KernelRpmStatsReader: Caused by: android.system.ErrnoException: open failed: EACCES (Permission denied)
3107-12-03 16:22:17.847  7107  7397 E KernelRpmStatsReader: 	at libcore.io.Linux.open(Native Method)
3108-12-03 16:22:17.847  7107  7397 E KernelRpmStatsReader: 	at libcore.io.ForwardingOs.open(ForwardingOs.java:568)
3109-12-03 16:22:17.847  7107  7397 E KernelRpmStatsReader: 	at libcore.io.BlockGuardOs.open(BlockGuardOs.java:274)
3110-12-03 16:22:17.847  7107  7397 E KernelRpmStatsReader: 	at libcore.io.ForwardingOs.open(ForwardingOs.java:568)
3111:12-03 16:22:17.847  7107  7397 E KernelRpmStatsReader: 	at android.app.ActivityThread$AndroidOs.open(ActivityThread.java:8381)
3112-12-03 16:22:17.847  7107  7397 E KernelRpmStatsReader: 	at libcore.io.IoBridge.open(IoBridge.java:560)
3113-12-03 16:22:17.847  7107  7397 E KernelRpmStatsReader: 	... 13 more
3114-12-03 16:24:01.164  1822  2088 E KernelCpuSpeedReader: Failed to read cpu-freq: /sys/devices/system/cpu/cpu4512000/cpufreq/stats/time_in_state: open failed: ENOENT (No such file or directory)
3115-12-03 16:24:01.164  1822  2088 E KernelCpuSpeedReader: Failed to read cpu-freq: /sys/devices/system/cpu/cpu2707200/cpufreq/stats/time_in_state: open failed: ENOENT (No such file or directory)
3116-12-03 16:24:01.164  1822  2088 E KernelCpuSpeedReader: Failed to read cpu-freq: /sys/devices/system/cpu/cpu1190400/cpufreq/stats/time_in_state: open failed: ENOENT (No such file or directory)
3117-12-03 16:24:01.165  1822  2088 E KernelCpuSpeedReader: Failed to read cpu-freq: /sys/devices/system/cpu/cpu0/cpufreq/stats/time_in_state: open failed: ENOENT (No such file or directory)
3118:12-03 16:24:01.547 11506 11591 E ActivityThread: Failed to find provider info for com.facebook.appmanager.nekodirect
3119-12-03 16:24:02.820  1822  2642 E ProcessManager: error write exception log
3120-12-03 16:24:02.943  1822  2642 E ProcessManager: error write exception log
3121-12-03 16:24:03.027  1822  2642 E ProcessManager: error write exception log
3122-12-03 16:24:20.933  1822  2642 E ProcessManager: error write exception log
3123-12-03 16:24:32.395  1822  2642 E ProcessManager: error write exception log
3124-12-03 16:24:33.047  1822  2642 E ProcessManager: error write exception log
3125-12-03 16:24:33.137  1822  2642 E ProcessManager: error write exception log
3126-12-03 16:24:33.882  1822  2642 E ProcessManager: error write exception log
3127-12-03 16:24:34.342  1822  2642 E ProcessManager: error write exception log
3128-12-03 16:25:33.203  1822  2189 E PackageManager: ERROR: could not load root hash from incremental install
3129-12-03 16:25:34.982 12175 12175 E ForceDarkHelperStubImpl: getForceDarkOriginState transact failed , mService: null
3130-12-03 16:25:37.397  1822  2088 E KernelCpuSpeedReader: Failed to read cpu-freq: /sys/devices/system/cpu/cpu4512000/cpufreq/stats/time_in_state: open failed: ENOENT (No such file or directory)
3131-12-03 16:25:37.397  1822  2088 E KernelCpuSpeedReader: Failed to read cpu-freq: /sys/devices/system/cpu/cpu2707200/cpufreq/stats/time_in_state: open failed: ENOENT (No such file or directory)
3132-12-03 16:25:37.397  1822  2088 E KernelCpuSpeedReader: Failed to read cpu-freq: /sys/devices/system/cpu/cpu1190400/cpufreq/stats/time_in_state: open failed: ENOENT (No such file or directory)
3133-12-03 16:25:37.397  1822  2088 E KernelCpuSpeedReader: Failed to read cpu-freq: /sys/devices/system/cpu/cpu0/cpufreq/stats/time_in_state: open failed: ENOENT (No such file or directory)
3134-12-03 16:25:38.439  1822  2642 E ProcessManager: error write exception log
3135-12-03 16:25:38.486  1822  2642 E ProcessManager: error write exception log
3136-12-03 16:25:39.039 12243 12243 E MiuiMultiWindowUtils: initFreeFormResolutionArgs failed, device is spesn
3137-12-03 16:25:39.285  1822  2438 E MiuiActivityController: MiuiLog-ActivityObserver: There was something wrong : null
3138-12-03 16:25:39.306  1822  2642 E ProcessManager: error write exception log
3139-12-03 16:25:39.375  1822  2438 E MiuiActivityController: MiuiLog-ActivityObserver: There was something wrong : null
3140-12-03 16:25:39.376  1822  2438 E MiuiActivityController: MiuiLog-ActivityObserver: There was something wrong : null
3141-12-03 16:25:39.393  1822  2438 E MiuiActivityController: MiuiLog-ActivityObserver: There was something wrong : null
3142-12-03 16:25:39.420  1822  2438 E MiuiActivityController: MiuiLog-ActivityObserver: There was something wrong : null
3143-12-03 16:25:39.442  1822  2642 E ProcessManager: error write exception log
3144-12-03 16:25:39.716  1822  5599 E WindowManager: setOnBackInvokedCallback(): No window state for package:com.miui.securitycenter
3145-12-03 16:25:40.356  1822  2186 E VerityUtils: Failed to measure fs-verity, errno 1: /data/app/~~vOvtXRt9WuygNSlU-f-oKQ==/com.albacontrol-SWumMY4jFZYym19FiOOOBA==/base.apk
3146-12-03 16:25:40.565  1822  2642 E ProcessManager: error write exception log
3147-12-03 16:25:40.569  1822  2186 E VerityUtils: Failed to measure fs-verity, errno 1: /data/app/~~vOvtXRt9WuygNSlU-f-oKQ==/com.albacontrol-SWumMY4jFZYym19FiOOOBA==/base.apk
3148-12-03 16:25:40.990  1822  2642 E ProcessManager: error write exception log
3149-12-03 16:25:41.340 12590 12590 E ForceDarkHelperStubImpl: getForceDarkOriginState transact failed , mService: null
3150-12-03 16:25:41.833  1822  2642 E ProcessManager: error write exception log
3151-12-03 16:25:41.887  1822  2642 E ProcessManager: error write exception log
3152-12-03 16:25:53.472  1822  2642 E ProcessManager: error write exception log
3153-12-03 16:25:57.246  1822  2438 E MiuiActivityController: MiuiLog-ActivityObserver: There was something wrong : null
3154-12-03 16:25:57.324  1822  2438 E MiuiActivityController: MiuiLog-ActivityObserver: There was something wrong : null
3155-12-03 16:25:57.327  1822  2438 E MiuiActivityController: MiuiLog-ActivityObserver: There was something wrong : null
3156-12-03 16:26:06.730  1822  2642 E ProcessManager: error write exception log
3157-12-03 16:26:12.242  1822  1822 E ActivityManager: Cancel pending or running compactions as system is awake
3158-12-03 16:26:12.286  1822  2088 E KernelCpuSpeedReader: Failed to read cpu-freq: /sys/devices/system/cpu/cpu4512000/cpufreq/stats/time_in_state: open failed: ENOENT (No such file or directory)
--
3171-12-03 16:26:13.005  1822  2088 E KernelCpuSpeedReader: Failed to read cpu-freq: /sys/devices/system/cpu/cpu1190400/cpufreq/stats/time_in_state: open failed: ENOENT (No such file or directory)
3172-12-03 16:26:13.009  1822  2088 E KernelCpuSpeedReader: Failed to read cpu-freq: /sys/devices/system/cpu/cpu0/cpufreq/stats/time_in_state: open failed: ENOENT (No such file or directory)
3173-12-03 16:26:14.321  1822  2438 E MiuiActivityController: MiuiLog-ActivityObserver: There was something wrong : null
3174-12-03 16:26:14.534  1822  2409 E AppOps  : Bad call made by uid 1002. Package "com.google.android.gms" does not belong to uid 1002.
3175-12-03 16:26:14.566   607 17720 E keystore2: keystore2::error: In create_operation.
3176-12-03 16:26:14.566   607 17720 E keystore2: 
3177-12-03 16:26:14.566   607 17720 E keystore2: Caused by:
3178-12-03 16:26:14.566   607 17720 E keystore2:     0: In authorize_create: matching auth token is expired.
3179-12-03 16:26:14.566   607 17720 E keystore2:     1: Error::Km(ErrorCode(-26))
3180-12-03 16:26:39.808  1822  2642 E ProcessManager: error write exception log
3181-12-03 16:26:39.878  1822  2642 E ProcessManager: error write exception log
3182-12-03 16:26:39.906  1822  2642 E ProcessManager: error write exception log
3183-12-03 16:27:00.024  1822  2642 E ProcessManager: error write exception log
3184-12-03 16:27:00.099  1822  2642 E ProcessManager: error write exception log
3185-12-03 16:27:02.939  1822  2088 E KernelCpuSpeedReader: Failed to read cpu-freq: /sys/devices/system/cpu/cpu4512000/cpufreq/stats/time_in_state: open failed: ENOENT (No such file or directory)
3186-12-03 16:27:02.940  1822  2088 E KernelCpuSpeedReader: Failed to read cpu-freq: /sys/devices/system/cpu/cpu2707200/cpufreq/stats/time_in_state: open failed: ENOENT (No such file or directory)
3187-12-03 16:27:02.940  1822  2088 E KernelCpuSpeedReader: Failed to read cpu-freq: /sys/devices/system/cpu/cpu1190400/cpufreq/stats/time_in_state: open failed: ENOENT (No such file or directory)
3188-12-03 16:27:02.940  1822  2088 E KernelCpuSpeedReader: Failed to read cpu-freq: /sys/devices/system/cpu/cpu0/cpufreq/stats/time_in_state: open failed: ENOENT (No such file or directory)
3189-12-03 16:27:03.526  1822  2642 E ProcessManager: error write exception log
3190-12-03 16:27:09.649  7107  7397 E KernelRpmStatsReader: Failure in reading rpm stats
3191-12-03 16:27:09.649  7107  7397 E KernelRpmStatsReader: java.io.FileNotFoundException: /sys/power/system_sleep/stats: open failed: EACCES (Permission denied)
3192-12-03 16:27:09.649  7107  7397 E KernelRpmStatsReader: 	at libcore.io.IoBridge.open(IoBridge.java:574)
3193-12-03 16:27:09.649  7107  7397 E KernelRpmStatsReader: 	at java.io.FileInputStream.<init>(FileInputStream.java:179)
3194-12-03 16:27:09.649  7107  7397 E KernelRpmStatsReader: 	at java.io.FileInputStream.<init>(FileInputStream.java:133)
3195-12-03 16:27:09.649  7107  7397 E KernelRpmStatsReader: 	at com.miui.powerkeeper.utils.KernelRpmStatsReader.readRpmStatsType1(Unknown Source:19)
3196-12-03 16:27:09.649  7107  7397 E KernelRpmStatsReader: 	at com.miui.powerkeeper.utils.KernelRpmStatsReader.readRpmStats(Unknown Source:63)
3197-12-03 16:27:09.649  7107  7397 E KernelRpmStatsReader: 	at com.miui.powerkeeper.powerchecker.PowerCheckerService.requestKernelRpmStatsUpdate(Unknown Source:4)
3198-12-03 16:27:09.649  7107  7397 E KernelRpmStatsReader: 	at com.miui.powerkeeper.powerchecker.PowerCheckerService.addBatteryHistoryRecord(Unknown Source:32)
3199-12-03 16:27:09.649  7107  7397 E KernelRpmStatsReader: 	at com.miui.powerkeeper.powerchecker.PowerCheckerService.updateBatteryLevelChanged(Unknown Source:8)
3200-12-03 16:27:09.649  7107  7397 E KernelRpmStatsReader: 	at com.miui.powerkeeper.powerchecker.PowerCheckerService.access$2700(Unknown Source:0)
3201-12-03 16:27:09.649  7107  7397 E KernelRpmStatsReader: 	at com.miui.powerkeeper.powerchecker.PowerCheckerService$PowerCheckHandler.handleMessage(Unknown Source:124)
3202-12-03 16:27:09.649  7107  7397 E KernelRpmStatsReader: 	at android.os.Handler.dispatchMessage(Handler.java:106)
3203-12-03 16:27:09.649  7107  7397 E KernelRpmStatsReader: 	at android.os.Looper.loopOnce(Looper.java:211)
3204-12-03 16:27:09.649  7107  7397 E KernelRpmStatsReader: 	at android.os.Looper.loop(Looper.java:300)
3205-12-03 16:27:09.649  7107  7397 E KernelRpmStatsReader: 	at android.os.HandlerThread.run(HandlerThread.java:67)
3206-12-03 16:27:09.649  7107  7397 E KernelRpmStatsReader: Caused by: android.system.ErrnoException: open failed: EACCES (Permission denied)
3207-12-03 16:27:09.649  7107  7397 E KernelRpmStatsReader: 	at libcore.io.Linux.open(Native Method)
3208-12-03 16:27:09.649  7107  7397 E KernelRpmStatsReader: 	at libcore.io.ForwardingOs.open(ForwardingOs.java:568)
3209-12-03 16:27:09.649  7107  7397 E KernelRpmStatsReader: 	at libcore.io.BlockGuardOs.open(BlockGuardOs.java:274)
3210-12-03 16:27:09.649  7107  7397 E KernelRpmStatsReader: 	at libcore.io.ForwardingOs.open(ForwardingOs.java:568)
3211:12-03 16:27:09.649  7107  7397 E KernelRpmStatsReader: 	at android.app.ActivityThread$AndroidOs.open(ActivityThread.java:8381)
3212-12-03 16:27:09.649  7107  7397 E KernelRpmStatsReader: 	at libcore.io.IoBridge.open(IoBridge.java:560)
3213-12-03 16:27:09.649  7107  7397 E KernelRpmStatsReader: 	... 13 more
3214-12-03 16:27:16.733  2965  2965 E miui_face: start face unlock fail, mKeyguardShowing =false;isDeviceInteractive =false;isSwitchingUser =false;isKeyguardGoingAway =false
3215-12-03 16:27:16.977  1822  2088 E KernelCpuSpeedReader: Failed to read cpu-freq: /sys/devices/system/cpu/cpu4512000/cpufreq/stats/time_in_state: open failed: ENOENT (No such file or directory)
3216-12-03 16:27:16.977  1822  2088 E KernelCpuSpeedReader: Failed to read cpu-freq: /sys/devices/system/cpu/cpu2707200/cpufreq/stats/time_in_state: open failed: ENOENT (No such file or directory)
3217-12-03 16:27:16.977  1822  2088 E KernelCpuSpeedReader: Failed to read cpu-freq: /sys/devices/system/cpu/cpu1190400/cpufreq/stats/time_in_state: open failed: ENOENT (No such file or directory)
3218-12-03 16:27:16.977  1822  2088 E KernelCpuSpeedReader: Failed to read cpu-freq: /sys/devices/system/cpu/cpu0/cpufreq/stats/time_in_state: open failed: ENOENT (No such file or directory)
3219-12-03 16:27:16.992  1822  2438 E MiuiActivityController: MiuiLog-ActivityObserver: There was something wrong : null
3220-12-03 16:27:17.057  1822  2438 E MiuiActivityController: MiuiLog-ActivityObserver: There was something wrong : null
3221-12-03 16:27:17.320  2965  2965 E miui_face: start face unlock fail, mKeyguardShowing =true;isDeviceInteractive =false;isSwitchingUser =false;isKeyguardGoingAway =false
3222-12-03 16:27:17.322  2965  2965 E miui_face: start face unlock fail, mKeyguardShowing =true;isDeviceInteractive =false;isSwitchingUser =false;isKeyguardGoingAway =false
3223-12-03 16:27:17.324  2965  2965 E miui_face: start face unlock fail, mKeyguardShowing =true;isDeviceInteractive =false;isSwitchingUser =false;isKeyguardGoingAway =false
3224-12-03 16:27:17.415  2965  2965 E miui_face: start face unlock fail, mKeyguardShowing =true;isDeviceInteractive =false;isSwitchingUser =false;isKeyguardGoingAway =false
3225-12-03 16:27:17.782  1822  2642 E ProcessManager: error write exception log
3226-12-03 16:27:17.793  1822  6536 E AppOps  : Bad call made by uid 10269. Package "com.miui.weather2" does not belong to uid 1000.
3227-12-03 16:27:17.800  1822  5607 E AppOps  : Bad call made by uid 10269. Package "com.miui.weather2" does not belong to uid 1000.
3228-12-03 16:27:17.801  1822  6536 E AppOps  : Bad call made by uid 10269. Package "com.miui.weather2" does not belong to uid 1000.
3229-12-03 16:27:17.809  1822  5582 E AppOps  : Bad call made by uid 10269. Package "com.miui.weather2" does not belong to uid 1000.
3230-12-03 16:27:17.817  1822  5582 E AppOps  : Bad call made by uid 10269. Package "com.miui.weather2" does not belong to uid 1000.
3231-12-03 16:27:18.425  1822  2642 E ProcessManager: error write exception log
3232-12-03 16:27:48.696  1822  2642 E ProcessManager: error write exception log
3233-12-03 16:27:48.754  1822  2642 E ProcessManager: error write exception log
3234-12-03 16:27:48.795  1822  2642 E ProcessManager: error write exception log
3235-12-03 16:29:12.931  1822  2642 E ProcessManager: error write exception log
3236-12-03 16:29:12.993  1822  2642 E ProcessManager: error write exception log
3237-12-03 16:29:28.475  1822  2642 E ProcessManager: error write exception log
3238-12-03 16:31:10.836  1822  2642 E ProcessManager: error write exception log
3239-12-03 16:31:20.537  7107  7397 E KernelRpmStatsReader: Failure in reading rpm stats
3240-12-03 16:31:20.537  7107  7397 E KernelRpmStatsReader: java.io.FileNotFoundException: /sys/power/system_sleep/stats: open failed: EACCES (Permission denied)
3241-12-03 16:31:20.537  7107  7397 E KernelRpmStatsReader: 	at libcore.io.IoBridge.open(IoBridge.java:574)
3242-12-03 16:31:20.537  7107  7397 E KernelRpmStatsReader: 	at java.io.FileInputStream.<init>(FileInputStream.java:179)
3243-12-03 16:31:20.537  7107  7397 E KernelRpmStatsReader: 	at java.io.FileInputStream.<init>(FileInputStream.java:133)
3244-12-03 16:31:20.537  7107  7397 E KernelRpmStatsReader: 	at com.miui.powerkeeper.utils.KernelRpmStatsReader.readRpmStatsType1(Unknown Source:19)
3245-12-03 16:31:20.537  7107  7397 E KernelRpmStatsReader: 	at com.miui.powerkeeper.utils.KernelRpmStatsReader.readRpmStats(Unknown Source:63)
3246-12-03 16:31:20.537  7107  7397 E KernelRpmStatsReader: 	at com.miui.powerkeeper.powerchecker.PowerCheckerService.requestKernelRpmStatsUpdate(Unknown Source:4)
3247-12-03 16:31:20.537  7107  7397 E KernelRpmStatsReader: 	at com.miui.powerkeeper.powerchecker.PowerCheckerService.addBatteryHistoryRecord(Unknown Source:32)
3248-12-03 16:31:20.537  7107  7397 E KernelRpmStatsReader: 	at com.miui.powerkeeper.powerchecker.PowerCheckerService.updateBatteryLevelChanged(Unknown Source:8)
3249-12-03 16:31:20.537  7107  7397 E KernelRpmStatsReader: 	at com.miui.powerkeeper.powerchecker.PowerCheckerService.access$2700(Unknown Source:0)
3250-12-03 16:31:20.537  7107  7397 E KernelRpmStatsReader: 	at com.miui.powerkeeper.powerchecker.PowerCheckerService$PowerCheckHandler.handleMessage(Unknown Source:124)
3251-12-03 16:31:20.537  7107  7397 E KernelRpmStatsReader: 	at android.os.Handler.dispatchMessage(Handler.java:106)
3252-12-03 16:31:20.537  7107  7397 E KernelRpmStatsReader: 	at android.os.Looper.loopOnce(Looper.java:211)
3253-12-03 16:31:20.537  7107  7397 E KernelRpmStatsReader: 	at android.os.Looper.loop(Looper.java:300)
3254-12-03 16:31:20.537  7107  7397 E KernelRpmStatsReader: 	at android.os.HandlerThread.run(HandlerThread.java:67)
3255-12-03 16:31:20.537  7107  7397 E KernelRpmStatsReader: Caused by: android.system.ErrnoException: open failed: EACCES (Permission denied)
3256-12-03 16:31:20.537  7107  7397 E KernelRpmStatsReader: 	at libcore.io.Linux.open(Native Method)
3257-12-03 16:31:20.537  7107  7397 E KernelRpmStatsReader: 	at libcore.io.ForwardingOs.open(ForwardingOs.java:568)
3258-12-03 16:31:20.537  7107  7397 E KernelRpmStatsReader: 	at libcore.io.BlockGuardOs.open(BlockGuardOs.java:274)
3259-12-03 16:31:20.537  7107  7397 E KernelRpmStatsReader: 	at libcore.io.ForwardingOs.open(ForwardingOs.java:568)
3260:12-03 16:31:20.537  7107  7397 E KernelRpmStatsReader: 	at android.app.ActivityThread$AndroidOs.open(ActivityThread.java:8381)
3261-12-03 16:31:20.537  7107  7397 E KernelRpmStatsReader: 	at libcore.io.IoBridge.open(IoBridge.java:560)
3262-12-03 16:31:20.537  7107  7397 E KernelRpmStatsReader: 	... 13 more
3263-12-03 16:31:54.936  1822  2088 E KernelCpuSpeedReader: Failed to read cpu-freq: /sys/devices/system/cpu/cpu4512000/cpufreq/stats/time_in_state: open failed: ENOENT (No such file or directory)
3264-12-03 16:31:54.936  1822  2088 E KernelCpuSpeedReader: Failed to read cpu-freq: /sys/devices/system/cpu/cpu2707200/cpufreq/stats/time_in_state: open failed: ENOENT (No such file or directory)
3265-12-03 16:31:54.936  1822  2088 E KernelCpuSpeedReader: Failed to read cpu-freq: /sys/devices/system/cpu/cpu1190400/cpufreq/stats/time_in_state: open failed: ENOENT (No such file or directory)
3266-12-03 16:31:54.936  1822  2088 E KernelCpuSpeedReader: Failed to read cpu-freq: /sys/devices/system/cpu/cpu0/cpufreq/stats/time_in_state: open failed: ENOENT (No such file or directory)
3267-12-03 16:31:59.719  1822  2088 E KernelCpuSpeedReader: Failed to read cpu-freq: /sys/devices/system/cpu/cpu4512000/cpufreq/stats/time_in_state: open failed: ENOENT (No such file or directory)
3268-12-03 16:31:59.719  1822  2088 E KernelCpuSpeedReader: Failed to read cpu-freq: /sys/devices/system/cpu/cpu2707200/cpufreq/stats/time_in_state: open failed: ENOENT (No such file or directory)
3269-12-03 16:31:59.719  1822  2088 E KernelCpuSpeedReader: Failed to read cpu-freq: /sys/devices/system/cpu/cpu1190400/cpufreq/stats/time_in_state: open failed: ENOENT (No such file or directory)
3270-12-03 16:31:59.720  1822  2088 E KernelCpuSpeedReader: Failed to read cpu-freq: /sys/devices/system/cpu/cpu0/cpufreq/stats/time_in_state: open failed: ENOENT (No such file or directory)
3271-12-03 16:34:13.946  1822  2088 E KernelCpuSpeedReader: Failed to read cpu-freq: /sys/devices/system/cpu/cpu4512000/cpufreq/stats/time_in_state: open failed: ENOENT (No such file or directory)
3272-12-03 16:34:13.947  1822  2088 E KernelCpuSpeedReader: Failed to read cpu-freq: /sys/devices/system/cpu/cpu2707200/cpufreq/stats/time_in_state: open failed: ENOENT (No such file or directory)
3273-12-03 16:34:13.947  1822  2088 E KernelCpuSpeedReader: Failed to read cpu-freq: /sys/devices/system/cpu/cpu1190400/cpufreq/stats/time_in_state: open failed: ENOENT (No such file or directory)
3274-12-03 16:34:13.947  1822  2088 E KernelCpuSpeedReader: Failed to read cpu-freq: /sys/devices/system/cpu/cpu0/cpufreq/stats/time_in_state: open failed: ENOENT (No such file or directory)
3275-12-03 16:34:46.865  1822  2189 E PackageManager: ERROR: could not load root hash from incremental install
3276-12-03 16:34:48.059 14175 14175 E ForceDarkHelperStubImpl: getForceDarkOriginState transact failed , mService: null
3277-12-03 16:34:50.396  1822  2088 E KernelCpuSpeedReader: Failed to read cpu-freq: /sys/devices/system/cpu/cpu4512000/cpufreq/stats/time_in_state: open failed: ENOENT (No such file or directory)
3278-12-03 16:34:50.397  1822  2088 E KernelCpuSpeedReader: Failed to read cpu-freq: /sys/devices/system/cpu/cpu2707200/cpufreq/stats/time_in_state: open failed: ENOENT (No such file or directory)
3279-12-03 16:34:50.397  1822  2088 E KernelCpuSpeedReader: Failed to read cpu-freq: /sys/devices/system/cpu/cpu1190400/cpufreq/stats/time_in_state: open failed: ENOENT (No such file or directory)
3280-12-03 16:34:50.397  1822  2088 E KernelCpuSpeedReader: Failed to read cpu-freq: /sys/devices/system/cpu/cpu0/cpufreq/stats/time_in_state: open failed: ENOENT (No such file or directory)
3281-12-03 16:34:51.820 14198 14198 E MiuiMultiWindowUtils: initFreeFormResolutionArgs failed, device is spesn
3282-12-03 16:34:52.026  1822  2438 E MiuiActivityController: MiuiLog-ActivityObserver: There was something wrong : null
3283-12-03 16:34:52.068  1822  2438 E MiuiActivityController: MiuiLog-ActivityObserver: There was something wrong : null
3284-12-03 16:34:52.109  1822  2438 E MiuiActivityController: MiuiLog-ActivityObserver: There was something wrong : null
3285-12-03 16:34:52.134  1822  2438 E MiuiActivityController: MiuiLog-ActivityObserver: There was something wrong : null
3286-12-03 16:34:52.136  1822  2438 E MiuiActivityController: MiuiLog-ActivityObserver: There was something wrong : null
3287-12-03 16:34:52.137  1822  2655 E WindowManager: setOnBackInvokedCallback(): No window state for package:com.miui.securitycenter
3288-12-03 16:34:52.139  1822  2642 E ProcessManager: error write exception log
3289-12-03 16:34:52.440  1822  2642 E ProcessManager: error write exception log
3290-12-03 16:34:52.721  1822  2186 E VerityUtils: Failed to measure fs-verity, errno 1: /data/app/~~srpaQRO88gkjeC70hvsp4g==/com.albacontrol-06V_DimpiaSUcX22rLlPIw==/base.apk
3291-12-03 16:34:53.024  1822  2186 E VerityUtils: Failed to measure fs-verity, errno 1: /data/app/~~srpaQRO88gkjeC70hvsp4g==/com.albacontrol-06V_DimpiaSUcX22rLlPIw==/base.apk
3292-12-03 16:34:53.394  1822  2642 E ProcessManager: error write exception log
3293-12-03 16:34:53.965  1822  2642 E ProcessManager: error write exception log
3294-12-03 16:34:54.497  1822  2438 E MiuiActivityController: MiuiLog-ActivityObserver: There was something wrong : null
3295-12-03 16:34:54.676  1822  2438 E MiuiActivityController: MiuiLog-ActivityObserver: There was something wrong : null
3296-12-03 16:34:54.676 14682 14682 E ForceDarkHelperStubImpl: getForceDarkOriginState transact failed , mService: null
3297-12-03 16:34:54.680  1822  2438 E MiuiActivityController: MiuiLog-ActivityObserver: There was something wrong : null
3298-12-03 16:34:55.798  1822  2642 E ProcessManager: error write exception log
3299-12-03 16:34:56.029  1822  2642 E ProcessManager: error write exception log
3300-12-03 16:34:56.429  1822  2642 E ProcessManager: error write exception log
3301-12-03 16:34:56.866  1822  2642 E ProcessManager: error write exception log
3302-12-03 16:34:57.092  1822  2642 E ProcessManager: error write exception log
3303-12-03 16:34:59.328  1822  2642 E ProcessManager: error write exception log
3304-12-03 16:35:04.885  1822  2642 E ProcessManager: error write exception log
3305-12-03 16:35:22.569  1822  2642 E ProcessManager: error write exception log
3306-12-03 16:36:06.319  1822  2642 E ProcessManager: error write exception log
3307-12-03 16:36:06.421  1822  2088 E KernelCpuSpeedReader: Failed to read cpu-freq: /sys/devices/system/cpu/cpu4512000/cpufreq/stats/time_in_state: open failed: ENOENT (No such file or directory)
3308-12-03 16:36:06.421  1822  2088 E KernelCpuSpeedReader: Failed to read cpu-freq: /sys/devices/system/cpu/cpu2707200/cpufreq/stats/time_in_state: open failed: ENOENT (No such file or directory)
3309-12-03 16:36:06.421  1822  2088 E KernelCpuSpeedReader: Failed to read cpu-freq: /sys/devices/system/cpu/cpu1190400/cpufreq/stats/time_in_state: open failed: ENOENT (No such file or directory)
3310-12-03 16:36:06.421  1822  2088 E KernelCpuSpeedReader: Failed to read cpu-freq: /sys/devices/system/cpu/cpu0/cpufreq/stats/time_in_state: open failed: ENOENT (No such file or directory)
3311-12-03 16:36:12.201  1822  2088 E KernelCpuSpeedReader: Failed to read cpu-freq: /sys/devices/system/cpu/cpu4512000/cpufreq/stats/time_in_state: open failed: ENOENT (No such file or directory)
3312-12-03 16:36:12.201  1822  2088 E KernelCpuSpeedReader: Failed to read cpu-freq: /sys/devices/system/cpu/cpu2707200/cpufreq/stats/time_in_state: open failed: ENOENT (No such file or directory)
3313-12-03 16:36:12.201  1822  2088 E KernelCpuSpeedReader: Failed to read cpu-freq: /sys/devices/system/cpu/cpu1190400/cpufreq/stats/time_in_state: open failed: ENOENT (No such file or directory)
3314-12-03 16:36:12.202  1822  2088 E KernelCpuSpeedReader: Failed to read cpu-freq: /sys/devices/system/cpu/cpu0/cpufreq/stats/time_in_state: open failed: ENOENT (No such file or directory)
3315-12-03 16:36:17.451  7107  7397 E KernelRpmStatsReader: Failure in reading rpm stats
3316-12-03 16:36:17.451  7107  7397 E KernelRpmStatsReader: java.io.FileNotFoundException: /sys/power/system_sleep/stats: open failed: EACCES (Permission denied)
3317-12-03 16:36:17.451  7107  7397 E KernelRpmStatsReader: 	at libcore.io.IoBridge.open(IoBridge.java:574)
3318-12-03 16:36:17.451  7107  7397 E KernelRpmStatsReader: 	at java.io.FileInputStream.<init>(FileInputStream.java:179)
3319-12-03 16:36:17.451  7107  7397 E KernelRpmStatsReader: 	at java.io.FileInputStream.<init>(FileInputStream.java:133)
3320-12-03 16:36:17.451  7107  7397 E KernelRpmStatsReader: 	at com.miui.powerkeeper.utils.KernelRpmStatsReader.readRpmStatsType1(Unknown Source:19)
3321-12-03 16:36:17.451  7107  7397 E KernelRpmStatsReader: 	at com.miui.powerkeeper.utils.KernelRpmStatsReader.readRpmStats(Unknown Source:63)
3322-12-03 16:36:17.451  7107  7397 E KernelRpmStatsReader: 	at com.miui.powerkeeper.powerchecker.PowerCheckerService.requestKernelRpmStatsUpdate(Unknown Source:4)
3323-12-03 16:36:17.451  7107  7397 E KernelRpmStatsReader: 	at com.miui.powerkeeper.powerchecker.PowerCheckerService.addBatteryHistoryRecord(Unknown Source:32)
3324-12-03 16:36:17.451  7107  7397 E KernelRpmStatsReader: 	at com.miui.powerkeeper.powerchecker.PowerCheckerService.updateBatteryLevelChanged(Unknown Source:8)
3325-12-03 16:36:17.451  7107  7397 E KernelRpmStatsReader: 	at com.miui.powerkeeper.powerchecker.PowerCheckerService.access$2700(Unknown Source:0)
3326-12-03 16:36:17.451  7107  7397 E KernelRpmStatsReader: 	at com.miui.powerkeeper.powerchecker.PowerCheckerService$PowerCheckHandler.handleMessage(Unknown Source:124)
3327-12-03 16:36:17.451  7107  7397 E KernelRpmStatsReader: 	at android.os.Handler.dispatchMessage(Handler.java:106)
3328-12-03 16:36:17.451  7107  7397 E KernelRpmStatsReader: 	at android.os.Looper.loopOnce(Looper.java:211)
3329-12-03 16:36:17.451  7107  7397 E KernelRpmStatsReader: 	at android.os.Looper.loop(Looper.java:300)
3330-12-03 16:36:17.451  7107  7397 E KernelRpmStatsReader: 	at android.os.HandlerThread.run(HandlerThread.java:67)
3331-12-03 16:36:17.451  7107  7397 E KernelRpmStatsReader: Caused by: android.system.ErrnoException: open failed: EACCES (Permission denied)
3332-12-03 16:36:17.451  7107  7397 E KernelRpmStatsReader: 	at libcore.io.Linux.open(Native Method)
3333-12-03 16:36:17.451  7107  7397 E KernelRpmStatsReader: 	at libcore.io.ForwardingOs.open(ForwardingOs.java:568)
3334-12-03 16:36:17.451  7107  7397 E KernelRpmStatsReader: 	at libcore.io.BlockGuardOs.open(BlockGuardOs.java:274)
3335-12-03 16:36:17.451  7107  7397 E KernelRpmStatsReader: 	at libcore.io.ForwardingOs.open(ForwardingOs.java:568)
3336:12-03 16:36:17.451  7107  7397 E KernelRpmStatsReader: 	at android.app.ActivityThread$AndroidOs.open(ActivityThread.java:8381)
3337-12-03 16:36:17.451  7107  7397 E KernelRpmStatsReader: 	at libcore.io.IoBridge.open(IoBridge.java:560)
3338-12-03 16:36:17.451  7107  7397 E KernelRpmStatsReader: 	... 13 more
3339-12-03 16:36:38.166  1822  2642 E ProcessManager: error write exception log
3340-12-03 16:37:09.136  1822  2642 E ProcessManager: error write exception log
3341-12-03 16:37:09.293  1822  2186 E VerityUtils: Failed to measure fs-verity, errno 1: /data/app/~~Oi6mtRxMjgXkYA_Y5s3szQ==/com.google.android.youtube-g-gVFp8DkkmUMVVyY9z08w==/base.apk
3342-12-03 16:37:09.330  1822  2642 E ProcessManager: error write exception log
3343-12-03 16:37:10.455  1822  2642 E ProcessManager: error write exception log
3344-12-03 16:37:11.794  1822  2642 E ProcessManager: error write exception log
3345-12-03 16:37:12.177  1822  2642 E ProcessManager: error write exception log
3346-12-03 16:37:12.782  1822  2642 E ProcessManager: error write exception log
3347-12-03 16:37:12.932  1822  4595 E AppOps  : Bad call made by uid 10200. Package "com.google.android.gms" does not belong to uid 10200.
3348-12-03 16:37:13.035  1822  5605 E AppOps  : Bad call made by uid 10200. Package "com.google.android.gms" does not belong to uid 10200.
3349-12-03 16:37:13.173  1822  5599 E AppOps  : Bad call made by uid 10227. Package "com.google.android.gms" does not belong to uid 10227.
3350-12-03 16:37:13.186  1822  5599 E AppOps  : Bad call made by uid 10227. Package "com.google.android.gms" does not belong to uid 10227.
3351-12-03 16:37:13.725  1822  2088 E KernelCpuSpeedReader: Failed to read cpu-freq: /sys/devices/system/cpu/cpu4512000/cpufreq/stats/time_in_state: open failed: ENOENT (No such file or directory)
3352-12-03 16:37:13.725  1822  2088 E KernelCpuSpeedReader: Failed to read cpu-freq: /sys/devices/system/cpu/cpu2707200/cpufreq/stats/time_in_state: open failed: ENOENT (No such file or directory)
3353-12-03 16:37:13.725  1822  2088 E KernelCpuSpeedReader: Failed to read cpu-freq: /sys/devices/system/cpu/cpu1190400/cpufreq/stats/time_in_state: open failed: ENOENT (No such file or directory)
3354-12-03 16:37:13.725  1822  2088 E KernelCpuSpeedReader: Failed to read cpu-freq: /sys/devices/system/cpu/cpu0/cpufreq/stats/time_in_state: open failed: ENOENT (No such file or directory)
3355-12-03 16:37:13.754  1822  4595 E AppOps  : Bad call made by uid 10205. Package "com.google.android.gms" does not belong to uid 10760.
3356-12-03 16:37:14.429  1822  2642 E ProcessManager: error write exception log
3357-12-03 16:37:15.551  1822  2642 E ProcessManager: error write exception log
3358-12-03 16:37:15.673  1822  2642 E ProcessManager: error write exception log
3359-12-03 16:37:16.297  1822  2642 E ProcessManager: error write exception log
3360-12-03 16:37:16.881  1822  6535 E AppOps  : Bad call made by uid 10205. Package "com.google.android.gms" does not belong to uid 10226.
3361-12-03 16:37:17.512  1822  2642 E ProcessManager: error write exception log
3362-12-03 16:37:18.619  1822  2642 E ProcessManager: error write exception log
3363-12-03 16:37:19.738 16932 16932 E ForceDarkHelperStubImpl: getForceDarkOriginState transact failed , mService: null
3364-12-03 16:37:22.211  1822  2642 E ProcessManager: error write exception log
3365-12-03 16:37:23.003 17103 17103 E ForceDarkHelperStubImpl: getForceDarkOriginState transact failed , mService: null
3366-12-03 16:37:23.148  1822  2642 E ProcessManager: error write exception log
3367-12-03 16:37:23.176  1822  2642 E ProcessManager: error write exception log
3368-12-03 16:37:25.428  1822  2642 E ProcessManager: error write exception log
3369-12-03 16:37:26.270  1822  6300 E AppOps  : Bad call made by uid 10205. Package "com.google.android.gms" does not belong to uid 10760.
3370-12-03 16:37:26.927  1822  5605 E AppOps  : Bad call made by uid 10205. Package "com.google.android.gms" does not belong to uid 10226.
3371-12-03 16:37:28.387  1822  2642 E ProcessManager: error write exception log
3372-12-03 16:37:28.523  1822  2642 E ProcessManager: error write exception log
3373:12-03 16:37:33.226 15519 15563 E ActivityThread: Failed to find provider info for android.media.tv
3374-12-03 16:37:34.059  1822  2642 E ProcessManager: error write exception log
3375-12-03 16:37:34.179  1822  2088 E KernelCpuSpeedReader: Failed to read cpu-freq: /sys/devices/system/cpu/cpu4512000/cpufreq/stats/time_in_state: open failed: ENOENT (No such file or directory)
3376-12-03 16:37:34.179  1822  2088 E KernelCpuSpeedReader: Failed to read cpu-freq: /sys/devices/system/cpu/cpu2707200/cpufreq/stats/time_in_state: open failed: ENOENT (No such file or directory)
3377-12-03 16:37:34.179  1822  2088 E KernelCpuSpeedReader: Failed to read cpu-freq: /sys/devices/system/cpu/cpu1190400/cpufreq/stats/time_in_state: open failed: ENOENT (No such file or directory)
3378-12-03 16:37:34.180  1822  2088 E KernelCpuSpeedReader: Failed to read cpu-freq: /sys/devices/system/cpu/cpu0/cpufreq/stats/time_in_state: open failed: ENOENT (No such file or directory)
3379-12-03 16:37:46.007  1822  2642 E ProcessManager: error write exception log
3380-12-03 16:37:46.064  1822  2642 E ProcessManager: error write exception log
3381-12-03 16:37:46.077  1822  2642 E ProcessManager: error write exception log
3382-12-03 16:38:21.743  1822  2642 E ProcessManager: error write exception log
3383-12-03 16:38:22.055  1822  2642 E ProcessManager: error write exception log
3384-12-03 16:40:41.977  1822  1822 E ActivityManager: Cancel pending or running compactions as system is awake
3385-12-03 16:40:42.014  1822  2088 E KernelCpuSpeedReader: Failed to read cpu-freq: /sys/devices/system/cpu/cpu4512000/cpufreq/stats/time_in_state: open failed: ENOENT (No such file or directory)
3386-12-03 16:40:42.014  1822  2088 E KernelCpuSpeedReader: Failed to read cpu-freq: /sys/devices/system/cpu/cpu2707200/cpufreq/stats/time_in_state: open failed: ENOENT (No such file or directory)
3387-12-03 16:40:42.014  1822  2088 E KernelCpuSpeedReader: Failed to read cpu-freq: /sys/devices/system/cpu/cpu1190400/cpufreq/stats/time_in_state: open failed: ENOENT (No such file or directory)
3388-12-03 16:40:42.014  1822  2088 E KernelCpuSpeedReader: Failed to read cpu-freq: /sys/devices/system/cpu/cpu0/cpufreq/stats/time_in_state: open failed: ENOENT (No such file or directory)
3389-12-03 16:40:42.108  1822  1822 E AlarmManager: Attempt to decrement existing alarm count 0 by 1 for uid 1000
3390-12-03 16:40:42.304  1822  1853 E AppOps  : Bad call made by uid 1002. Package "com.google.android.gms" does not belong to uid 1002.
3391-12-03 16:40:42.484  1822  2642 E ProcessManager: error write exception log
3392-12-03 16:40:42.789  1822  6535 E AppOps  : Bad call made by uid 10269. Package "com.miui.weather2" does not belong to uid 1000.
3393-12-03 16:40:42.813  1822  3953 E AppOps  : Bad call made by uid 10269. Package "com.miui.weather2" does not belong to uid 1000.
3394-12-03 16:40:42.815  1822  6539 E AppOps  : Bad call made by uid 10269. Package "com.miui.weather2" does not belong to uid 1000.
3395-12-03 16:40:42.818  1822  5607 E AppOps  : Bad call made by uid 10269. Package "com.miui.weather2" does not belong to uid 1000.
3396-12-03 16:40:42.820  1822  5607 E AppOps  : Bad call made by uid 10269. Package "com.miui.weather2" does not belong to uid 1000.
3397-12-03 16:40:43.047  1822  2642 E ProcessManager: error write exception log
3398:12-03 16:40:43.553 17574 17680 E ActivityThread: Failed to find provider info for com.facebook.appmanager.nekodirect
3399-12-03 16:40:44.401  1822  2438 E MiuiActivityController: MiuiLog-ActivityObserver: There was something wrong : null
3400-12-03 16:40:44.505  1822  2409 E AppOps  : Bad call made by uid 10205. Package "com.google.android.gms" does not belong to uid 10760.
3401-12-03 16:40:45.229   607   631 E keystore2: keystore2::error: In create_operation.
3402-12-03 16:40:45.229   607   631 E keystore2: 
3403-12-03 16:40:45.229   607   631 E keystore2: Caused by:
3404-12-03 16:40:45.229   607   631 E keystore2:     0: In authorize_create: matching auth token is expired.
3405-12-03 16:40:45.229   607   631 E keystore2:     1: Error::Km(ErrorCode(-26))
3406-12-03 16:40:45.329  1822  5605 E AppOps  : Bad call made by uid 1002. Package "com.google.android.gms" does not belong to uid 1002.
3407-12-03 16:40:46.494 18118 18118 E ForceDarkHelperStubImpl: getForceDarkOriginState transact failed , mService: null
3408-12-03 16:40:46.574  1822  2642 E ProcessManager: error write exception log
3409-12-03 16:40:46.615  1822  2642 E ProcessManager: error write exception log
3410-12-03 16:40:47.262  1822  2438 E MiuiActivityController: MiuiLog-ActivityObserver: There was something wrong : null
3411-12-03 16:40:47.372  1822  2642 E ProcessManager: error write exception log
3412-12-03 16:40:47.890  1822  2642 E ProcessManager: error write exception log
3413-12-03 16:40:48.142  1822  2438 E MiuiActivityController: MiuiLog-ActivityObserver: There was something wrong : null
3414-12-03 16:40:48.441  1822  2642 E ProcessManager: error write exception log
3415---------- beginning of main
3416-12-03 16:40:48.719   541   541 E SELinux : avc:  denied  { find } for interface=vendor.xiaomi.hardware.campostproc::IMiPostProcService sid=u:r:platform_app:s0:c512,c768 pid=18179 scontext=u:r:platform_app:s0:c512,c768 tcontext=u:object_r:default_android_hwservice:s0 tclass=hwservice_manager permissive=0
3417-12-03 16:40:49.024   934  1110 E ANDR-PERF-OPTSHANDLER: Min bounds check failed
3418-12-03 16:40:49.024   934  1110 E ANDR-PERF-OPTSHANDLER: Error! Perflock failed, invalid request value 255
3419-12-03 16:40:49.024   934  1110 E ANDR-PERF-RESOURCEQS: Failed to apply optimization [6, 6]
3420-12-03 16:40:49.026  1822  2642 E ProcessManager: error write exception log
3421-12-03 16:40:49.026   934  1110 E ANDR-PERF-UTIL: Failed to read /sys/class/devfreq/18321000.qcom,devfreq-l3:qcom,cpu0-cpu-l3-lat/max_freq
3422-12-03 16:40:49.027   934  1110 E ANDR-PERF-UTIL: Failed to read /sys/class/devfreq/18321000.qcom,devfreq-l3:qcom,cpu4-cpu-l3-lat/max_freq
3423-12-03 16:40:49.050  1822  2438 E MiuiActivityController: MiuiLog-ActivityObserver: There was something wrong : null
3424-12-03 16:40:49.062  1822  2438 E MiuiActivityController: MiuiLog-ActivityObserver: There was something wrong : null
3425-12-03 16:40:49.117  1822  2642 E ProcessManager: error write exception log
3426-12-03 16:40:49.138  3022  3512 E ActivityManagerWrapper: get all recent tasks force including 403
3427-12-03 16:40:49.146  1822  2438 E MiuiActivityController: MiuiLog-ActivityObserver: There was something wrong : null
3428-12-03 16:40:49.148  3022  3512 E ActivityManagerWrapper: getRecentTasks: size=9
3429-12-03 16:40:49.148  3022  3512 E ActivityManagerWrapper: getRecentTasks: mainTaskId=403   userId=0   baseIntent=Intent { act=null flag=268435456 cmp=ComponentInfo{com.albacontrol/com.albacontrol.MainActivity} }
3430-12-03 16:40:49.148  3022  3512 E ActivityManagerWrapper: getRecentTasks: mainTaskId=345   userId=0   baseIntent=Intent { act=android.intent.action.MAIN flag=270532608 cmp=ComponentInfo{com.whatsapp.w4b/com.whatsapp.Main} }
3431-12-03 16:40:49.148  3022  3512 E ActivityManagerWrapper: getRecentTasks: mainTaskId=383   userId=0   baseIntent=Intent { act=android.intent.action.MAIN flag=270532608 cmp=ComponentInfo{com.defi.wallet/com.defi.wallet.feature.SplashActivity} }
3432-12-03 16:40:49.148  3022  3512 E ActivityManagerWrapper: getRecentTasks: mainTaskId=391   userId=0   baseIntent=Intent { act=null flag=335577088 cmp=ComponentInfo{co.mona.android/co.mona.android.feature.home_legacy.impl.home.HomeActivity} }
3433-12-03 16:40:49.148  3022  3512 E ActivityManagerWrapper: getRecentTasks: mainTaskId=386   userId=0   baseIntent=Intent { act=android.intent.action.MAIN flag=270532608 cmp=ComponentInfo{com.brave.browser/com.google.android.apps.chrome.Main} }
3434-12-03 16:40:49.148  3022  3512 E ActivityManagerWrapper: getRecentTasks: mainTaskId=365   userId=0   baseIntent=Intent { act=android.intent.action.MAIN flag=270532608 cmp=ComponentInfo{com.netflix.mediaclient/com.netflix.mediaclient.ui.launch.UIWebViewActivity} }
3435-12-03 16:40:49.148  3022  3512 E ActivityManagerWrapper: getRecentTasks: mainTaskId=369   userId=0   baseIntent=Intent { act=android.intent.action.MAIN flag=335593473 cmp=ComponentInfo{com.google.android.apps.messaging/com.google.android.apps.messaging.ui.ConversationListActivity} }
3436-12-03 16:40:49.148  3022  3512 E ActivityManagerWrapper: getRecentTasks: mainTaskId=364   userId=0   baseIntent=Intent { act=android.intent.action.MAIN flag=270532608 cmp=ComponentInfo{com.instagram.android/com.instagram.android.activity.MainTabActivity} }
3437-12-03 16:40:49.148  3022  3512 E ActivityManagerWrapper: getRecentTasks: mainTaskId=363   userId=0   baseIntent=Intent { act=android.intent.action.MAIN flag=270532608 cmp=ComponentInfo{org.telegram.messenger/org.telegram.messenger.DefaultIcon} }
3438-12-03 16:40:49.166  3022  3512 E ActivityManagerWrapper: get all recent tasks force including 403
--
3444-12-03 16:40:49.170  3022  3512 E ActivityManagerWrapper: getRecentTasks: mainTaskId=386   userId=0   baseIntent=Intent { act=android.intent.action.MAIN flag=270532608 cmp=ComponentInfo{com.brave.browser/com.google.android.apps.chrome.Main} }
3445-12-03 16:40:49.170  3022  3512 E ActivityManagerWrapper: getRecentTasks: mainTaskId=365   userId=0   baseIntent=Intent { act=android.intent.action.MAIN flag=270532608 cmp=ComponentInfo{com.netflix.mediaclient/com.netflix.mediaclient.ui.launch.UIWebViewActivity} }
3446-12-03 16:40:49.170  3022  3512 E ActivityManagerWrapper: getRecentTasks: mainTaskId=369   userId=0   baseIntent=Intent { act=android.intent.action.MAIN flag=335593473 cmp=ComponentInfo{com.google.android.apps.messaging/com.google.android.apps.messaging.ui.ConversationListActivity} }
